Oct 30 10:10:14 syslogd started: BusyBox v1.35.0
Oct 30 10:10:14 kernel: klogd started: BusyBox v1.35.0 (Debian 1:1.35.0-4+b3)
Oct 30 10:10:14 kernel: [    0.000000] Linux version 6.1.0-22-686 (debian-kernel@lists.debian.org) (gcc-12 (Debian 12.2.0-14) 12.2.0, GNU ld (GNU Binutils for Debian) 2.40) #1 SMP PREEMPT_DYNAMIC Debian 6.1.94-1 (2024-06-21)
Oct 30 10:10:14 kernel: [    0.000000] BIOS-provided physical RAM map:
Oct 30 10:10:14 kernel: [    0.000000] BIOS-e820: [mem 0x0000000000000000-0x000000000009fbff] usable
Oct 30 10:10:14 kernel: [    0.000000] BIOS-e820: [mem 0x000000000009fc00-0x000000000009ffff] reserved
Oct 30 10:10:14 kernel: [    0.000000] BIOS-e820: [mem 0x00000000000f0000-0x00000000000fffff] reserved
Oct 30 10:10:14 kernel: [    0.000000] BIOS-e820: [mem 0x0000000000100000-0x0000000013fdffff] usable
Oct 30 10:10:14 kernel: [    0.000000] BIOS-e820: [mem 0x0000000013fe0000-0x0000000013ffffff] reserved
Oct 30 10:10:14 kernel: [    0.000000] BIOS-e820: [mem 0x00000000feffc000-0x00000000feffffff] reserved
Oct 30 10:10:14 kernel: [    0.000000] BIOS-e820: [mem 0x00000000fffc0000-0x00000000ffffffff] reserved
Oct 30 10:10:14 kernel: [    0.000000] Notice: NX (Execute Disable) protection cannot be enabled: non-PAE kernel!
Oct 30 10:10:14 kernel: [    0.000000] SMBIOS 3.0.0 present.
Oct 30 10:10:14 kernel: [    0.000000] DMI: QEMU Standard PC (i440FX + PIIX, 1996), BIOS 1.16.3-2.fc40 04/01/2014
Oct 30 10:10:14 kernel: [    0.000000] Hypervisor detected: KVM
Oct 30 10:10:14 kernel: [    0.000000] kvm-clock: Using msrs 4b564d01 and 4b564d00
Oct 30 10:10:14 kernel: [    0.000005] kvm-clock: using sched offset of 20244234279 cycles
Oct 30 10:10:14 kernel: [    0.000012] clocksource: kvm-clock: mask: 0xffffffffffffffff max_cycles: 0x1cd42e4dffb, max_idle_ns: 881590591483 ns
Oct 30 10:10:14 kernel: [    0.000022] tsc: Detected 2496.004 MHz processor
Oct 30 10:10:14 kernel: [    0.001904] e820: update [mem 0x00000000-0x00000fff] usable ==> reserved
Oct 30 10:10:14 kernel: [    0.001911] e820: remove [mem 0x000a0000-0x000fffff] usable
Oct 30 10:10:14 kernel: [    0.001922] last_pfn = 0x13fe0 max_arch_pfn = 0x100000
Oct 30 10:10:14 kernel: [    0.002018] x86/PAT: Configuration [0-7]: WB  WC  UC- UC  WB  WP  UC- WT  
Oct 30 10:10:14 kernel: [    0.010755] found SMP MP-table at [mem 0x000f53e0-0x000f53ef]
Oct 30 10:10:14 kernel: [    0.010774] initial memory mapped: [mem 0x00000000-0x093fffff]
Oct 30 10:10:14 kernel: [    0.010842] RAMDISK: [mem 0x12e62000-0x13fdffff]
Oct 30 10:10:14 kernel: [    0.010857] ACPI: Early table checksum verification disabled
Oct 30 10:10:14 kernel: [    0.010863] ACPI: RSDP 0x00000000000F5210 000014 (v00 BOCHS )
Oct 30 10:10:14 kernel: [    0.010877] ACPI: RSDT 0x0000000013FE1D5A 000030 (v01 BOCHS  BXPC     00000001 BXPC 00000001)
Oct 30 10:10:14 kernel: [    0.010890] ACPI: FACP 0x0000000013FE1C0E 000074 (v01 BOCHS  BXPC     00000001 BXPC 00000001)
Oct 30 10:10:14 kernel: [    0.010902] ACPI: DSDT 0x0000000013FE0040 001BCE (v01 BOCHS  BXPC     00000001 BXPC 00000001)
Oct 30 10:10:14 kernel: [    0.010911] ACPI: FACS 0x0000000013FE0000 000040
Oct 30 10:10:14 kernel: [    0.010918] ACPI: APIC 0x0000000013FE1C82 0000B0 (v03 BOCHS  BXPC     00000001 BXPC 00000001)
Oct 30 10:10:14 kernel: [    0.010926] ACPI: WAET 0x0000000013FE1D32 000028 (v01 BOCHS  BXPC     00000001 BXPC 00000001)
Oct 30 10:10:14 kernel: [    0.010933] ACPI: Reserving FACP table memory at [mem 0x13fe1c0e-0x13fe1c81]
Oct 30 10:10:14 kernel: [    0.010936] ACPI: Reserving DSDT table memory at [mem 0x13fe0040-0x13fe1c0d]
Oct 30 10:10:14 kernel: [    0.010939] ACPI: Reserving FACS table memory at [mem 0x13fe0000-0x13fe003f]
Oct 30 10:10:14 kernel: [    0.010941] ACPI: Reserving APIC table memory at [mem 0x13fe1c82-0x13fe1d31]
Oct 30 10:10:14 kernel: [    0.010943] ACPI: Reserving WAET table memory at [mem 0x13fe1d32-0x13fe1d59]
Oct 30 10:10:14 kernel: [    0.010976] 0MB HIGHMEM available.
Oct 30 10:10:14 kernel: [    0.010979] 319MB LOWMEM available.
Oct 30 10:10:14 kernel: [    0.010981]   mapped low ram: 0 - 13fe0000
Oct 30 10:10:14 kernel: [    0.010984]   low ram: 0 - 13fe0000
Oct 30 10:10:14 kernel: [    0.011002] Zone ranges:
Oct 30 10:10:14 kernel: [    0.011003]   DMA      [mem 0x0000000000001000-0x0000000000ffffff]
Oct 30 10:10:14 kernel: [    0.011010]   Normal   [mem 0x0000000001000000-0x0000000013fdffff]
Oct 30 10:10:14 kernel: [    0.011017]   HighMem  empty
Oct 30 10:10:14 kernel: [    0.011020] Movable zone start for each node
Oct 30 10:10:14 kernel: [    0.011022] Early memory node ranges
Oct 30 10:10:14 kernel: [    0.011024]   node   0: [mem 0x0000000000001000-0x000000000009efff]
Oct 30 10:10:14 kernel: [    0.011029]   node   0: [mem 0x0000000000100000-0x0000000013fdffff]
Oct 30 10:10:14 kernel: [    0.011035] Initmem setup node 0 [mem 0x0000000000001000-0x0000000013fdffff]
Oct 30 10:10:14 kernel: [    0.011514] On node 0, zone DMA: 1 pages in unavailable ranges
Oct 30 10:10:14 kernel: [    0.011637] On node 0, zone DMA: 97 pages in unavailable ranges
Oct 30 10:10:14 kernel: [    0.019131] Using APIC driver default
Oct 30 10:10:14 kernel: [    0.020177] ACPI: PM-Timer IO Port: 0x608
Oct 30 10:10:14 kernel: [    0.020201] ACPI: LAPIC_NMI (acpi_id[0xff] dfl dfl lint[0x1])
Oct 30 10:10:14 kernel: [    0.020294] IOAPIC[0]: apic_id 0, version 17, address 0xfec00000, GSI 0-23
Oct 30 10:10:14 kernel: [    0.020306] ACPI: INT_SRC_OVR (bus 0 bus_irq 0 global_irq 2 dfl dfl)
Oct 30 10:10:14 kernel: [    0.020312] ACPI: INT_SRC_OVR (bus 0 bus_irq 5 global_irq 5 high level)
Oct 30 10:10:14 kernel: [    0.020317] ACPI: INT_SRC_OVR (bus 0 bus_irq 9 global_irq 9 high level)
Oct 30 10:10:14 kernel: [    0.020321] ACPI: INT_SRC_OVR (bus 0 bus_irq 10 global_irq 10 high level)
Oct 30 10:10:14 kernel: [    0.020325] ACPI: INT_SRC_OVR (bus 0 bus_irq 11 global_irq 11 high level)
Oct 30 10:10:14 kernel: [    0.020337] ACPI: Using ACPI (MADT) for SMP configuration information
Oct 30 10:10:14 kernel: [    0.020342] TSC deadline timer available
Oct 30 10:10:14 kernel: [    0.020345] smpboot: Allowing 8 CPUs, 0 hotplug CPUs
Oct 30 10:10:14 kernel: [    0.020400] kvm-guest: KVM setup pv remote TLB flush
Oct 30 10:10:14 kernel: [    0.020430] kvm-guest: setup PV sched yield
Oct 30 10:10:14 kernel: [    0.020448] PM: hibernation: Registered nosave memory: [mem 0x00000000-0x00000fff]
Oct 30 10:10:14 kernel: [    0.020453] PM: hibernation: Registered nosave memory: [mem 0x0009f000-0x0009ffff]
Oct 30 10:10:14 kernel: [    0.020457] PM: hibernation: Registered nosave memory: [mem 0x000a0000-0x000effff]
Oct 30 10:10:14 kernel: [    0.020459] PM: hibernation: Registered nosave memory: [mem 0x000f0000-0x000fffff]
Oct 30 10:10:14 kernel: [    0.020465] [mem 0x14000000-0xfeffbfff] available for PCI devices
Oct 30 10:10:14 kernel: [    0.020469] Booting paravirtualized kernel on KVM
Oct 30 10:10:14 kernel: [    0.020474] clocksource: refined-jiffies: mask: 0xffffffff max_cycles: 0xffffffff, max_idle_ns: 7645519600211568 ns
Oct 30 10:10:14 kernel: [    0.020487] setup_percpu: NR_CPUS:32 nr_cpumask_bits:8 nr_cpu_ids:8 nr_node_ids:1
Oct 30 10:10:14 kernel: [    0.020699] percpu: Embedded 33 pages/cpu s102804 r0 d32364 u135168
Oct 30 10:10:14 kernel: [    0.020713] pcpu-alloc: s102804 r0 d32364 u135168 alloc=33*4096
Oct 30 10:10:14 kernel: [    0.020721] pcpu-alloc: [0] 0 [0] 1 [0] 2 [0] 3 [0] 4 [0] 5 [0] 6 [0] 7 
Oct 30 10:10:14 kernel: [    0.020812] kvm-guest: PV spinlocks enabled
Oct 30 10:10:14 kernel: [    0.020817] PV qspinlock hash table entries: 512 (order: 0, 4096 bytes, linear)
Oct 30 10:10:14 kernel: [    0.020830] Built 1 zonelists, mobility grouping on.  Total pages: 80990
Oct 30 10:10:14 kernel: [    0.020835] Kernel command line: BOOT_IMAGE=/install.386/vmlinuz preseed/file=/cdrom/simple-cdd/default.preseed vga=788 initrd=/install.386/initrd.gz quiet 
Oct 30 10:10:14 kernel: [    0.021192] Unknown kernel command line parameters "BOOT_IMAGE=/install.386/vmlinuz preseed/file=/cdrom/simple-cdd/default.preseed vga=788", will be passed to user space.
Oct 30 10:10:14 kernel: [    0.021299] random: crng init done
Oct 30 10:10:14 kernel: [    0.021939] Dentry cache hash table entries: 65536 (order: 6, 262144 bytes, linear)
Oct 30 10:10:14 kernel: [    0.021959] Inode-cache hash table entries: 32768 (order: 5, 131072 bytes, linear)
Oct 30 10:10:14 kernel: [    0.022162] mem auto-init: stack:all(zero), heap alloc:on, heap free:off
Oct 30 10:10:14 kernel: [    0.022168] Initializing HighMem for node 0 (00000000:00000000)
Oct 30 10:10:14 kernel: [    0.023449] Checking if this processor honours the WP bit even in supervisor mode...Ok.
Oct 30 10:10:14 kernel: [    0.023463] Memory: 288628K/327160K available (9268K kernel code, 1239K rwdata, 3168K rodata, 896K init, 464K bss, 38532K reserved, 0K cma-reserved, 0K highmem)
Oct 30 10:10:14 kernel: [    0.023895] SLUB: HWalign=64, Order=0-3, MinObjects=0, CPUs=8, Nodes=1
Oct 30 10:10:14 kernel: [    0.023939] ftrace: allocating 36779 entries in 72 pages
Oct 30 10:10:14 kernel: [    0.036219] ftrace: allocated 72 pages with 2 groups
Oct 30 10:10:14 kernel: [    0.036338] trace event string verifier disabled
Oct 30 10:10:14 kernel: [    0.036400] Dynamic Preempt: voluntary
Oct 30 10:10:14 kernel: [    0.036518] rcu: Preemptible hierarchical RCU implementation.
Oct 30 10:10:14 kernel: [    0.036520] rcu: 	RCU restricting CPUs from NR_CPUS=32 to nr_cpu_ids=8.
Oct 30 10:10:14 kernel: [    0.036524] 	Trampoline variant of Tasks RCU enabled.
Oct 30 10:10:14 kernel: [    0.036525] 	Rude variant of Tasks RCU enabled.
Oct 30 10:10:14 kernel: [    0.036526] 	Tracing variant of Tasks RCU enabled.
Oct 30 10:10:14 kernel: [    0.036528] rcu: RCU calculated value of scheduler-enlistment delay is 25 jiffies.
Oct 30 10:10:14 kernel: [    0.036530] rcu: Adjusting geometry for rcu_fanout_leaf=16, nr_cpu_ids=8
Oct 30 10:10:14 kernel: [    0.055433] NR_IRQS: 2304, nr_irqs: 488, preallocated irqs: 16
Oct 30 10:10:14 kernel: [    0.055708] rcu: srcu_init: Setting srcu_struct sizes based on contention.
Oct 30 10:10:14 kernel: [    0.055906] Console: colour dummy device 80x25
Oct 30 10:10:14 kernel: [    0.055959] printk: console [tty0] enabled
Oct 30 10:10:14 kernel: [    0.055980] ACPI: Core revision 20220331
Oct 30 10:10:14 kernel: [    0.056087] APIC: Switch to symmetric I/O mode setup
Oct 30 10:10:14 kernel: [    0.056095] Enabling APIC mode:  Flat.  Using 1 I/O APICs
Oct 30 10:10:14 kernel: [    0.056108] kvm-guest: setup PV IPIs
Oct 30 10:10:14 kernel: [    0.058897] clocksource: tsc-early: mask: 0xffffffffffffffff max_cycles: 0x23fa7af7c80, max_idle_ns: 440795241955 ns
Oct 30 10:10:14 kernel: [    0.058923] Calibrating delay loop (skipped) preset value.. 4992.00 BogoMIPS (lpj=9984016)
Oct 30 10:10:14 kernel: [    0.059236] x86/cpu: User Mode Instruction Prevention (UMIP) activated
Oct 30 10:10:14 kernel: [    0.059452] Last level iTLB entries: 4KB 0, 2MB 0, 4MB 0
Oct 30 10:10:14 kernel: [    0.059457] Last level dTLB entries: 4KB 0, 2MB 0, 4MB 0, 1GB 0
Oct 30 10:10:14 kernel: [    0.059472] Spectre V1 : Mitigation: usercopy/swapgs barriers and __user pointer sanitization
Oct 30 10:10:14 kernel: [    0.059481] Spectre V2 : Mitigation: Enhanced / Automatic IBRS
Oct 30 10:10:14 kernel: [    0.059482] Spectre V2 : Spectre v2 / SpectreRSB mitigation: Filling RSB on context switch
Oct 30 10:10:14 kernel: [    0.059484] Spectre V2 : Spectre v2 / PBRSB-eIBRS: Retire a single CALL on VMEXIT
Oct 30 10:10:14 kernel: [    0.059486] RETBleed: Mitigation: Enhanced IBRS
Oct 30 10:10:14 kernel: [    0.059489] Spectre V2 : mitigation: Enabling conditional Indirect Branch Prediction Barrier
Oct 30 10:10:14 kernel: [    0.059492] Speculative Store Bypass: Mitigation: Speculative Store Bypass disabled via prctl
Oct 30 10:10:14 kernel: [    0.059504] MMIO Stale Data: Mitigation: Clear CPU buffers
Oct 30 10:10:14 kernel: [    0.059506] SRBDS: Unknown: Dependent on hypervisor status
Oct 30 10:10:14 kernel: [    0.059558] x86/fpu: Supporting XSAVE feature 0x001: 'x87 floating point registers'
Oct 30 10:10:14 kernel: [    0.059562] x86/fpu: Supporting XSAVE feature 0x002: 'SSE registers'
Oct 30 10:10:14 kernel: [    0.059564] x86/fpu: Supporting XSAVE feature 0x004: 'AVX registers'
Oct 30 10:10:14 kernel: [    0.059566] x86/fpu: Supporting XSAVE feature 0x008: 'MPX bounds registers'
Oct 30 10:10:14 kernel: [    0.059568] x86/fpu: Supporting XSAVE feature 0x010: 'MPX CSR'
Oct 30 10:10:14 kernel: [    0.059570] x86/fpu: Supporting XSAVE feature 0x200: 'Protection Keys User registers'
Oct 30 10:10:14 kernel: [    0.059573] x86/fpu: xstate_offset[2]:  576, xstate_sizes[2]:  256
Oct 30 10:10:14 kernel: [    0.059577] x86/fpu: xstate_offset[3]:  832, xstate_sizes[3]:   64
Oct 30 10:10:14 kernel: [    0.059580] x86/fpu: xstate_offset[4]:  896, xstate_sizes[4]:   64
Oct 30 10:10:14 kernel: [    0.059583] x86/fpu: xstate_offset[9]:  960, xstate_sizes[9]:    8
Oct 30 10:10:14 kernel: [    0.059585] x86/fpu: Enabled xstate features 0x21f, context size is 968 bytes, using 'compacted' format.
Oct 30 10:10:14 kernel: [    0.060249] Freeing SMP alternatives memory: 32K
Oct 30 10:10:14 kernel: [    0.060253] pid_max: default: 32768 minimum: 301
Oct 30 10:10:14 kernel: [    0.060314] LSM: Security Framework initializing
Oct 30 10:10:14 kernel: [    0.060338] landlock: Up and running.
Oct 30 10:10:14 kernel: [    0.060339] Yama: disabled by default; enable with sysctl kernel.yama.*
Oct 30 10:10:14 kernel: [    0.060379] AppArmor: AppArmor initialized
Oct 30 10:10:14 kernel: [    0.060384] TOMOYO Linux initialized
Oct 30 10:10:14 kernel: [    0.060393] LSM support for eBPF active
Oct 30 10:10:14 kernel: [    0.060445] Mount-cache hash table entries: 1024 (order: 0, 4096 bytes, linear)
Oct 30 10:10:14 kernel: [    0.060451] Mountpoint-cache hash table entries: 1024 (order: 0, 4096 bytes, linear)
Oct 30 10:10:14 kernel: [    0.060988] smpboot: CPU0: Intel(R) Core(TM) i5-10300H CPU @ 2.50GHz (family: 0x6, model: 0xa5, stepping: 0x2)
Oct 30 10:10:14 kernel: [    0.061251] cblist_init_generic: Setting adjustable number of callback queues.
Oct 30 10:10:14 kernel: [    0.061254] cblist_init_generic: Setting shift to 3 and lim to 1.
Oct 30 10:10:14 kernel: [    0.061279] cblist_init_generic: Setting adjustable number of callback queues.
Oct 30 10:10:14 kernel: [    0.061281] cblist_init_generic: Setting shift to 3 and lim to 1.
Oct 30 10:10:14 kernel: [    0.061304] cblist_init_generic: Setting adjustable number of callback queues.
Oct 30 10:10:14 kernel: [    0.061305] cblist_init_generic: Setting shift to 3 and lim to 1.
Oct 30 10:10:14 kernel: [    0.061326] Performance Events: Skylake events, full-width counters, Intel PMU driver.
Oct 30 10:10:14 kernel: [    0.061402] ... version:                2
Oct 30 10:10:14 kernel: [    0.061404] ... bit width:              48
Oct 30 10:10:14 kernel: [    0.061406] ... generic registers:      4
Oct 30 10:10:14 kernel: [    0.061408] ... value mask:             0000ffffffffffff
Oct 30 10:10:14 kernel: [    0.061411] ... max period:             00007fffffffffff
Oct 30 10:10:14 kernel: [    0.061549] ... fixed-purpose events:   3
Oct 30 10:10:14 kernel: [    0.061552] ... event mask:             000000070000000f
Oct 30 10:10:14 kernel: [    0.061668] signal: max sigframe size: 3632
Oct 30 10:10:14 kernel: [    0.061720] rcu: Hierarchical SRCU implementation.
Oct 30 10:10:14 kernel: [    0.061722] rcu: 	Max phase no-delay instances is 1000.
Oct 30 10:10:14 kernel: [    0.062212] smp: Bringing up secondary CPUs ...
Oct 30 10:10:14 kernel: [    0.062386] x86: Booting SMP configuration:
Oct 30 10:10:14 kernel: [    0.062388] .... node  #0, CPUs:      #1
Oct 30 10:10:14 kernel: [    0.062917] MMIO Stale Data CPU bug present and SMT on, data leak possible. See https://www.kernel.org/doc/html/latest/admin-guide/hw-vuln/processor_mmio_stale_data.html for more details.
Oct 30 10:10:14 kernel: [    0.062917]  #2 #3 #4 #5 #6 #7
Oct 30 10:10:14 kernel: [    0.068661] smp: Brought up 1 node, 8 CPUs
Oct 30 10:10:14 kernel: [    0.068670] smpboot: Max logical packages: 1
Oct 30 10:10:14 kernel: [    0.068674] smpboot: Total of 8 processors activated (39936.06 BogoMIPS)
Oct 30 10:10:14 kernel: [    0.075598] devtmpfs: initialized
Oct 30 10:10:14 kernel: [    0.076522] clocksource: jiffies: mask: 0xffffffff max_cycles: 0xffffffff, max_idle_ns: 7645041785100000 ns
Oct 30 10:10:14 kernel: [    0.076555] futex hash table entries: 2048 (order: 5, 131072 bytes, linear)
Oct 30 10:10:14 kernel: [    0.076646] pinctrl core: initialized pinctrl subsystem
Oct 30 10:10:14 kernel: [    0.077158] NET: Registered PF_NETLINK/PF_ROUTE protocol family
Oct 30 10:10:14 kernel: [    0.077385] audit: initializing netlink subsys (disabled)
Oct 30 10:10:14 kernel: [    0.077603] audit: type=2000 audit(1730268610.868:1): state=initialized audit_enabled=0 res=1
Oct 30 10:10:14 kernel: [    0.077814] thermal_sys: Registered thermal governor 'fair_share'
Oct 30 10:10:14 kernel: [    0.077818] thermal_sys: Registered thermal governor 'bang_bang'
Oct 30 10:10:14 kernel: [    0.077820] thermal_sys: Registered thermal governor 'step_wise'
Oct 30 10:10:14 kernel: [    0.077822] thermal_sys: Registered thermal governor 'user_space'
Oct 30 10:10:14 kernel: [    0.077824] thermal_sys: Registered thermal governor 'power_allocator'
Oct 30 10:10:14 kernel: [    0.077850] cpuidle: using governor ladder
Oct 30 10:10:14 kernel: [    0.078322] acpiphp: ACPI Hot Plug PCI Controller Driver version: 0.5
Oct 30 10:10:14 kernel: [    0.078672] PCI: PCI BIOS revision 2.10 entry at 0xfd1a2, last bus=0
Oct 30 10:10:14 kernel: [    0.078678] PCI: Using configuration type 1 for base access
Oct 30 10:10:14 kernel: [    0.082669] kprobes: kprobe jump-optimization is enabled. All kprobes are optimized if possible.
Oct 30 10:10:14 kernel: [    0.083543] HugeTLB: registered 4.00 MiB page size, pre-allocated 0 pages
Oct 30 10:10:14 kernel: [    0.083550] HugeTLB: 0 KiB vmemmap can be freed for a 4.00 MiB page
Oct 30 10:10:14 kernel: [    0.084811] ACPI: Added _OSI(Module Device)
Oct 30 10:10:14 kernel: [    0.084817] ACPI: Added _OSI(Processor Device)
Oct 30 10:10:14 kernel: [    0.084821] ACPI: Added _OSI(3.0 _SCP Extensions)
Oct 30 10:10:14 kernel: [    0.084826] ACPI: Added _OSI(Processor Aggregator Device)
Oct 30 10:10:14 kernel: [    0.086863] ACPI: 1 ACPI AML tables successfully acquired and loaded
Oct 30 10:10:14 kernel: [    0.089029] ACPI: Interpreter enabled
Oct 30 10:10:14 kernel: [    0.089056] ACPI: PM: (supports S0 S5)
Oct 30 10:10:14 kernel: [    0.089059] ACPI: Using IOAPIC for interrupt routing
Oct 30 10:10:14 kernel: [    0.089087] PCI: Using host bridge windows from ACPI; if necessary, use "pci=nocrs" and report a bug
Oct 30 10:10:14 kernel: [    0.089090] PCI: Using E820 reservations for host bridge windows
Oct 30 10:10:14 kernel: [    0.089300] ACPI: Enabled 2 GPEs in block 00 to 0F
Oct 30 10:10:14 kernel: [    0.094957] ACPI: PCI Root Bridge [PCI0] (domain 0000 [bus 00-ff])
Oct 30 10:10:14 kernel: [    0.094971] acpi PNP0A03:00: _OSC: OS supports [ASPM ClockPM Segments MSI HPX-Type3]
Oct 30 10:10:14 kernel: [    0.094978] acpi PNP0A03:00: _OSC: not requesting OS control; OS requires [ExtendedConfig ASPM ClockPM MSI]
Oct 30 10:10:14 kernel: [    0.094991] acpi PNP0A03:00: fail to add MMCONFIG information, can't access extended PCI configuration space under this bridge.
Oct 30 10:10:14 kernel: [    0.095005] acpi resource window ([0x100000000-0x17fffffff] ignored, not CPU addressable)
Oct 30 10:10:14 kernel: [    0.095914] acpiphp: Slot [3] registered
Oct 30 10:10:14 kernel: [    0.095971] acpiphp: Slot [4] registered
Oct 30 10:10:14 kernel: [    0.096121] acpiphp: Slot [6] registered
Oct 30 10:10:14 kernel: [    0.096178] acpiphp: Slot [7] registered
Oct 30 10:10:14 kernel: [    0.096226] acpiphp: Slot [8] registered
Oct 30 10:10:14 kernel: [    0.096276] acpiphp: Slot [9] registered
Oct 30 10:10:14 kernel: [    0.096327] acpiphp: Slot [10] registered
Oct 30 10:10:14 kernel: [    0.096380] acpiphp: Slot [11] registered
Oct 30 10:10:14 kernel: [    0.096433] acpiphp: Slot [12] registered
Oct 30 10:10:14 kernel: [    0.096486] acpiphp: Slot [13] registered
Oct 30 10:10:14 kernel: [    0.096537] acpiphp: Slot [14] registered
Oct 30 10:10:14 kernel: [    0.096600] acpiphp: Slot [15] registered
Oct 30 10:10:14 kernel: [    0.096653] acpiphp: Slot [16] registered
Oct 30 10:10:14 kernel: [    0.096728] acpiphp: Slot [17] registered
Oct 30 10:10:14 kernel: [    0.096785] acpiphp: Slot [18] registered
Oct 30 10:10:14 kernel: [    0.096840] acpiphp: Slot [19] registered
Oct 30 10:10:14 kernel: [    0.096892] acpiphp: Slot [20] registered
Oct 30 10:10:14 kernel: [    0.096945] acpiphp: Slot [21] registered
Oct 30 10:10:14 kernel: [    0.097003] acpiphp: Slot [22] registered
Oct 30 10:10:14 kernel: [    0.097059] acpiphp: Slot [23] registered
Oct 30 10:10:14 kernel: [    0.097113] acpiphp: Slot [24] registered
Oct 30 10:10:14 kernel: [    0.097167] acpiphp: Slot [25] registered
Oct 30 10:10:14 kernel: [    0.097225] acpiphp: Slot [26] registered
Oct 30 10:10:14 kernel: [    0.097278] acpiphp: Slot [27] registered
Oct 30 10:10:14 kernel: [    0.097330] acpiphp: Slot [28] registered
Oct 30 10:10:14 kernel: [    0.097382] acpiphp: Slot [29] registered
Oct 30 10:10:14 kernel: [    0.097439] acpiphp: Slot [30] registered
Oct 30 10:10:14 kernel: [    0.097493] acpiphp: Slot [31] registered
Oct 30 10:10:14 kernel: [    0.097529] PCI host bridge to bus 0000:00
Oct 30 10:10:14 kernel: [    0.097536] pci_bus 0000:00: root bus resource [io  0x0000-0x0cf7 window]
Oct 30 10:10:14 kernel: [    0.097546] pci_bus 0000:00: root bus resource [io  0x0d00-0xffff window]
Oct 30 10:10:14 kernel: [    0.097553] pci_bus 0000:00: root bus resource [mem 0x000a0000-0x000bffff window]
Oct 30 10:10:14 kernel: [    0.097559] pci_bus 0000:00: root bus resource [mem 0x14000000-0xfebfffff window]
Oct 30 10:10:14 kernel: [    0.097566] pci_bus 0000:00: root bus resource [bus 00-ff]
Oct 30 10:10:14 kernel: [    0.097721] pci 0000:00:00.0: [8086:1237] type 00 class 0x060000
Oct 30 10:10:14 kernel: [    0.099012] pci 0000:00:01.0: [8086:7000] type 00 class 0x060100
Oct 30 10:10:14 kernel: [    0.100710] pci 0000:00:01.1: [8086:7010] type 00 class 0x010180
Oct 30 10:10:14 kernel: [    0.107504] pci 0000:00:01.1: reg 0x20: [io  0xc200-0xc20f]
Oct 30 10:10:14 kernel: [    0.110285] pci 0000:00:01.1: legacy IDE quirk: reg 0x10: [io  0x01f0-0x01f7]
Oct 30 10:10:14 kernel: [    0.110294] pci 0000:00:01.1: legacy IDE quirk: reg 0x14: [io  0x03f6]
Oct 30 10:10:14 kernel: [    0.110298] pci 0000:00:01.1: legacy IDE quirk: reg 0x18: [io  0x0170-0x0177]
Oct 30 10:10:14 kernel: [    0.110302] pci 0000:00:01.1: legacy IDE quirk: reg 0x1c: [io  0x0376]
Oct 30 10:10:14 kernel: [    0.110725] pci 0000:00:01.3: [8086:7113] type 00 class 0x068000
Oct 30 10:10:14 kernel: [    0.111647] pci 0000:00:01.3: quirk: [io  0x0600-0x063f] claimed by PIIX4 ACPI
Oct 30 10:10:14 kernel: [    0.111675] pci 0000:00:01.3: quirk: [io  0x0700-0x070f] claimed by PIIX4 SMB
Oct 30 10:10:14 kernel: [    0.112153] pci 0000:00:02.0: [1b36:0100] type 00 class 0x030000
Oct 30 10:10:14 kernel: [    0.117356] pci 0000:00:02.0: reg 0x10: [mem 0xf4000000-0xf7ffffff]
Oct 30 10:10:14 kernel: [    0.121904] pci 0000:00:02.0: reg 0x14: [mem 0xf8000000-0xfbffffff]
Oct 30 10:10:14 kernel: [    0.125953] pci 0000:00:02.0: reg 0x18: [mem 0xfc054000-0xfc055fff]
Oct 30 10:10:14 kernel: [    0.130993] pci 0000:00:02.0: reg 0x1c: [io  0xc180-0xc19f]
Oct 30 10:10:14 kernel: [    0.141436] pci 0000:00:02.0: reg 0x30: [mem 0xfc040000-0xfc04ffff pref]
Oct 30 10:10:14 kernel: [    0.141770] pci 0000:00:02.0: Video device with shadowed ROM at [mem 0x000c0000-0x000dffff]
Oct 30 10:10:14 kernel: [    0.142550] pci 0000:00:03.0: [10ec:8139] type 00 class 0x020000
Oct 30 10:10:14 kernel: [    0.143435] pci 0000:00:03.0: reg 0x10: [io  0xc000-0xc0ff]
Oct 30 10:10:14 kernel: [    0.144427] pci 0000:00:03.0: reg 0x14: [mem 0xfc056000-0xfc0560ff]
Oct 30 10:10:14 kernel: [    0.152821] pci 0000:00:03.0: reg 0x30: [mem 0xfc000000-0xfc03ffff pref]
Oct 30 10:10:14 kernel: [    0.154333] pci 0000:00:04.0: [8086:2668] type 00 class 0x040300
Oct 30 10:10:14 kernel: [    0.154929] pci 0000:00:04.0: reg 0x10: [mem 0xfc050000-0xfc053fff]
Oct 30 10:10:14 kernel: [    0.165202] pci 0000:00:05.0: [8086:2934] type 00 class 0x0c0300
Oct 30 10:10:14 kernel: [    0.168345] pci 0000:00:05.0: reg 0x20: [io  0xc1a0-0xc1bf]
Oct 30 10:10:14 kernel: [    0.170061] pci 0000:00:05.1: [8086:2935] type 00 class 0x0c0300
Oct 30 10:10:14 kernel: [    0.174901] pci 0000:00:05.1: reg 0x20: [io  0xc1c0-0xc1df]
Oct 30 10:10:14 kernel: [    0.176566] pci 0000:00:05.2: [8086:2936] type 00 class 0x0c0300
Oct 30 10:10:14 kernel: [    0.179639] pci 0000:00:05.2: reg 0x20: [io  0xc1e0-0xc1ff]
Oct 30 10:10:14 kernel: [    0.181589] pci 0000:00:05.7: [8086:293a] type 00 class 0x0c0320
Oct 30 10:10:14 kernel: [    0.182691] pci 0000:00:05.7: reg 0x10: [mem 0xfc057000-0xfc057fff]
Oct 30 10:10:14 kernel: [    0.188199] pci 0000:00:06.0: [1af4:1003] type 00 class 0x078000
Oct 30 10:10:14 kernel: [    0.189999] pci 0000:00:06.0: reg 0x10: [io  0xc100-0xc13f]
Oct 30 10:10:14 kernel: [    0.191685] pci 0000:00:06.0: reg 0x14: [mem 0xfc058000-0xfc058fff]
Oct 30 10:10:14 kernel: [    0.196579] pci 0000:00:06.0: reg 0x20: [mem 0xfebf8000-0xfebfbfff 64bit pref]
Oct 30 10:10:14 kernel: [    0.200399] pci 0000:00:07.0: [1af4:1002] type 00 class 0x00ff00
Oct 30 10:10:14 kernel: [    0.201522] pci 0000:00:07.0: reg 0x10: [io  0xc140-0xc17f]
Oct 30 10:10:14 kernel: [    0.206929] pci 0000:00:07.0: reg 0x20: [mem 0xfebfc000-0xfebfffff 64bit pref]
Oct 30 10:10:14 kernel: [    0.209957] pci_bus 0000:00: on NUMA node 0
Oct 30 10:10:14 kernel: [    0.210572] ACPI: PCI: Interrupt link LNKA configured for IRQ 10
Oct 30 10:10:14 kernel: [    0.210794] ACPI: PCI: Interrupt link LNKB configured for IRQ 10
Oct 30 10:10:14 kernel: [    0.211012] ACPI: PCI: Interrupt link LNKC configured for IRQ 11
Oct 30 10:10:14 kernel: [    0.211211] ACPI: PCI: Interrupt link LNKD configured for IRQ 11
Oct 30 10:10:14 kernel: [    0.211327] ACPI: PCI: Interrupt link LNKS configured for IRQ 9
Oct 30 10:10:14 kernel: [    0.212845] iommu: Default domain type: Translated 
Oct 30 10:10:14 kernel: [    0.212849] iommu: DMA domain TLB invalidation policy: lazy mode 
Oct 30 10:10:14 kernel: [    0.213073] pps_core: LinuxPPS API ver. 1 registered
Oct 30 10:10:14 kernel: [    0.213076] pps_core: Software ver. 5.3.6 - Copyright 2005-2007 Rodolfo Giometti <giometti@linux.it>
Oct 30 10:10:14 kernel: [    0.213091] PTP clock support registered
Oct 30 10:10:14 kernel: [    0.213110] EDAC MC: Ver: 3.0.0
Oct 30 10:10:14 kernel: [    0.214617] NetLabel: Initializing
Oct 30 10:10:14 kernel: [    0.214620] NetLabel:  domain hash size = 128
Oct 30 10:10:14 kernel: [    0.214623] NetLabel:  protocols = UNLABELED CIPSOv4 CALIPSO
Oct 30 10:10:14 kernel: [    0.214669] NetLabel:  unlabeled traffic allowed by default
Oct 30 10:10:14 kernel: [    0.214673] PCI: Using ACPI for IRQ routing
Oct 30 10:10:14 kernel: [    0.214676] PCI: pci_cache_line_size set to 64 bytes
Oct 30 10:10:14 kernel: [    0.215911] e820: reserve RAM buffer [mem 0x0009fc00-0x0009ffff]
Oct 30 10:10:14 kernel: [    0.215919] e820: reserve RAM buffer [mem 0x13fe0000-0x13ffffff]
Oct 30 10:10:14 kernel: [    0.216373] pci 0000:00:02.0: vgaarb: setting as boot VGA device
Oct 30 10:10:14 kernel: [    0.216380] pci 0000:00:02.0: vgaarb: bridge control possible
Oct 30 10:10:14 kernel: [    0.216384] pci 0000:00:02.0: vgaarb: VGA device added: decodes=io+mem,owns=io+mem,locks=none
Oct 30 10:10:14 kernel: [    0.216391] vgaarb: loaded
Oct 30 10:10:14 kernel: [    0.216875] clocksource: Switched to clocksource kvm-clock
Oct 30 10:10:14 kernel: [    0.217165] VFS: Disk quotas dquot_6.6.0
Oct 30 10:10:14 kernel: [    0.217210] VFS: Dquot-cache hash table entries: 1024 (order 0, 4096 bytes)
Oct 30 10:10:14 kernel: [    0.217527] AppArmor: AppArmor Filesystem Enabled
Oct 30 10:10:14 kernel: [    0.217567] pnp: PnP ACPI init
Oct 30 10:10:14 kernel: [    0.217915] pnp 00:03: [dma 2]
Oct 30 10:10:14 kernel: [    0.218252] pnp: PnP ACPI: found 5 devices
Oct 30 10:10:14 kernel: [    0.218258] PnPBIOS: Disabled
Oct 30 10:10:14 kernel: [    0.256077] clocksource: acpi_pm: mask: 0xffffff max_cycles: 0xffffff, max_idle_ns: 2085701024 ns
Oct 30 10:10:14 kernel: [    0.256371] NET: Registered PF_INET protocol family
Oct 30 10:10:14 kernel: [    0.256525] IP idents hash table entries: 8192 (order: 4, 65536 bytes, linear)
Oct 30 10:10:14 kernel: [    0.257324] tcp_listen_portaddr_hash hash table entries: 512 (order: 0, 4096 bytes, linear)
Oct 30 10:10:14 kernel: [    0.257374] Table-perturb hash table entries: 65536 (order: 6, 262144 bytes, linear)
Oct 30 10:10:14 kernel: [    0.257384] TCP established hash table entries: 4096 (order: 2, 16384 bytes, linear)
Oct 30 10:10:14 kernel: [    0.257415] TCP bind hash table entries: 4096 (order: 4, 65536 bytes, linear)
Oct 30 10:10:14 kernel: [    0.257442] TCP: Hash tables configured (established 4096 bind 4096)
Oct 30 10:10:14 kernel: [    0.257619] MPTCP token hash table entries: 512 (order: 1, 8192 bytes, linear)
Oct 30 10:10:14 kernel: [    0.257655] UDP hash table entries: 256 (order: 1, 8192 bytes, linear)
Oct 30 10:10:14 kernel: [    0.257687] UDP-Lite hash table entries: 256 (order: 1, 8192 bytes, linear)
Oct 30 10:10:14 kernel: [    0.257814] NET: Registered PF_UNIX/PF_LOCAL protocol family
Oct 30 10:10:14 kernel: [    0.257847] NET: Registered PF_XDP protocol family
Oct 30 10:10:14 kernel: [    0.257885] pci_bus 0000:00: resource 4 [io  0x0000-0x0cf7 window]
Oct 30 10:10:14 kernel: [    0.257893] pci_bus 0000:00: resource 5 [io  0x0d00-0xffff window]
Oct 30 10:10:14 kernel: [    0.257897] pci_bus 0000:00: resource 6 [mem 0x000a0000-0x000bffff window]
Oct 30 10:10:14 kernel: [    0.257902] pci_bus 0000:00: resource 7 [mem 0x14000000-0xfebfffff window]
Oct 30 10:10:14 kernel: [    0.258015] pci 0000:00:01.0: PIIX3: Enabling Passive Release
Oct 30 10:10:14 kernel: [    0.258052] pci 0000:00:00.0: Limiting direct PCI/PCI transfers
Oct 30 10:10:14 kernel: [    0.258076] pci 0000:00:01.0: Activating ISA DMA hang workarounds
Oct 30 10:10:14 kernel: [    0.306372] ACPI: \_SB_.LNKA: Enabled at IRQ 10
Oct 30 10:10:14 kernel: [    0.354535] pci 0000:00:05.0: quirk_usb_early_handoff+0x0/0x6f0 took 94067 usecs
Oct 30 10:10:14 kernel: [    0.401944] ACPI: \_SB_.LNKB: Enabled at IRQ 11
Oct 30 10:10:14 kernel: [    0.447928] pci 0000:00:05.1: quirk_usb_early_handoff+0x0/0x6f0 took 91113 usecs
Oct 30 10:10:14 kernel: [    0.494279] ACPI: \_SB_.LNKC: Enabled at IRQ 11
Oct 30 10:10:14 kernel: [    0.540126] pci 0000:00:05.2: quirk_usb_early_handoff+0x0/0x6f0 took 89971 usecs
Oct 30 10:10:14 kernel: [    0.584214] ACPI: \_SB_.LNKD: Enabled at IRQ 10
Oct 30 10:10:14 kernel: [    0.627119] pci 0000:00:05.7: quirk_usb_early_handoff+0x0/0x6f0 took 84893 usecs
Oct 30 10:10:14 kernel: [    0.627231] PCI: CLS 0 bytes, default 64
Oct 30 10:10:14 kernel: [    0.627429] clocksource: tsc: mask: 0xffffffffffffffff max_cycles: 0x23fa7af7c80, max_idle_ns: 440795241955 ns
Oct 30 10:10:14 kernel: [    0.627458] Trying to unpack rootfs image as initramfs...
Oct 30 10:10:14 kernel: [    0.628240] Initialise system trusted keyrings
Oct 30 10:10:14 kernel: [    0.628275] Key type blacklist registered
Oct 30 10:10:14 kernel: [    0.628502] workingset: timestamp_bits=14 max_order=17 bucket_order=3
Oct 30 10:10:14 kernel: [    0.631253] zbud: loaded
Oct 30 10:10:14 kernel: [    0.631968] integrity: Platform Keyring initialized
Oct 30 10:10:14 kernel: [    0.631979] integrity: Machine keyring initialized
Oct 30 10:10:14 kernel: [    0.631983] Key type asymmetric registered
Oct 30 10:10:14 kernel: [    0.631998] Asymmetric key parser 'x509' registered
Oct 30 10:10:14 kernel: [    1.653441] Freeing initrd memory: 17912K
Oct 30 10:10:14 kernel: [    1.663858] alg: self-tests for CTR-KDF (hmac(sha256)) passed
Oct 30 10:10:14 kernel: [    1.663972] Block layer SCSI generic (bsg) driver version 0.4 loaded (major 249)
Oct 30 10:10:14 kernel: [    1.664247] io scheduler mq-deadline registered
Oct 30 10:10:14 kernel: [    1.667866] shpchp: Standard Hot Plug PCI Controller Driver version: 0.4
Oct 30 10:10:14 kernel: [    1.669149] isapnp: Scanning for PnP cards...
Oct 30 10:10:14 kernel: [    2.047800] isapnp: No Plug & Play device found
Oct 30 10:10:14 kernel: [    2.048136] Serial: 8250/16550 driver, 4 ports, IRQ sharing enabled
Oct 30 10:10:14 kernel: [    2.048784] 00:00: ttyS0 at I/O 0x3f8 (irq = 4, base_baud = 115200) is a 16550A
Oct 30 10:10:14 kernel: [    2.050412] Linux agpgart interface v0.103
Oct 30 10:10:14 kernel: [    2.052168] i8042: PNP: PS/2 Controller [PNP0303:KBD,PNP0f13:MOU] at 0x60,0x64 irq 1,12
Oct 30 10:10:14 kernel: [    2.053530] serio: i8042 KBD port at 0x60,0x64 irq 1
Oct 30 10:10:14 kernel: [    2.053544] serio: i8042 AUX port at 0x60,0x64 irq 12
Oct 30 10:10:14 kernel: [    2.053960] mousedev: PS/2 mouse device common for all mice
Oct 30 10:10:14 kernel: [    2.054760] input: AT Translated Set 2 keyboard as /devices/platform/i8042/serio0/input/input0
Oct 30 10:10:14 kernel: [    2.054971] rtc_cmos 00:04: RTC can wake from S4
Oct 30 10:10:14 kernel: [    2.056111] rtc_cmos 00:04: registered as rtc0
Oct 30 10:10:14 kernel: [    2.056250] rtc_cmos 00:04: setting system clock to 2024-10-30T10:10:12 UTC (1730283012)
Oct 30 10:10:14 kernel: [    2.056408] rtc_cmos 00:04: alarms up to one day, y3k, 242 bytes nvram
Oct 30 10:10:14 kernel: [    2.056444] intel_pstate: CPU model not supported
Oct 30 10:10:14 kernel: [    2.057148] ledtrig-cpu: registered to indicate activity on CPUs
Oct 30 10:10:14 kernel: [    2.057333] vesafb: mode is 800x600x16, linelength=1600, pages=16
Oct 30 10:10:14 kernel: [    2.057338] vesafb: scrolling: redraw
Oct 30 10:10:14 kernel: [    2.057339] vesafb: Truecolor: size=0:5:6:5, shift=0:11:5:0
Oct 30 10:10:14 kernel: [    2.057391] vesafb: framebuffer at 0xf4000000, mapped to 0x18351872, using 1875k, total 16384k
Oct 30 10:10:14 kernel: [    2.057741] Console: switching to colour frame buffer device 100x37
Oct 30 10:10:14 kernel: [    2.059108] fb0: VESA VGA frame buffer device
Oct 30 10:10:14 kernel: [    2.059582] NET: Registered PF_INET6 protocol family
Oct 30 10:10:14 kernel: [    2.066363] Segment Routing with IPv6
Oct 30 10:10:14 kernel: [    2.066410] In-situ OAM (IOAM) with IPv6
Oct 30 10:10:14 kernel: [    2.066495] mip6: Mobile IPv6
Oct 30 10:10:14 kernel: [    2.066519] NET: Registered PF_PACKET protocol family
Oct 30 10:10:14 kernel: [    2.066715] mpls_gso: MPLS GSO support
Oct 30 10:10:14 kernel: [    2.068530] IPI shorthand broadcast: enabled
Oct 30 10:10:14 kernel: [    2.068584] sched_clock: Marking stable (2064042528, 3193398)->(2098982359, -31746433)
Oct 30 10:10:14 kernel: [    2.069395] registered taskstats version 1
Oct 30 10:10:14 kernel: [    2.069417] Loading compiled-in X.509 certificates
Oct 30 10:10:14 kernel: [    2.222986] Loaded X.509 cert 'Debian Secure Boot CA: 6ccece7e4c6c0d1f6149f3dd27dfcc5cbb419ea1'
Oct 30 10:10:14 kernel: [    2.223037] Loaded X.509 cert 'Debian Secure Boot Signer 2022 - linux: 14011249c2675ea8e5148542202005810584b25f'
Oct 30 10:10:14 kernel: [    2.224698] zswap: loaded using pool lzo/zbud
Oct 30 10:10:14 kernel: [    2.225635] Key type .fscrypt registered
Oct 30 10:10:14 kernel: [    2.225665] Key type fscrypt-provisioning registered
Oct 30 10:10:14 kernel: [    2.230198] Key type encrypted registered
Oct 30 10:10:14 kernel: [    2.230208] AppArmor: AppArmor sha1 policy hashing enabled
Oct 30 10:10:14 kernel: [    2.230244] ima: No TPM chip found, activating TPM-bypass!
Oct 30 10:10:14 kernel: [    2.230248] ima: Allocated hash algorithm: sha256
Oct 30 10:10:14 kernel: [    2.230281] ima: No architecture policies found
Oct 30 10:10:14 kernel: [    2.230307] evm: Initialising EVM extended attributes:
Oct 30 10:10:14 kernel: [    2.230309] evm: security.selinux
Oct 30 10:10:14 kernel: [    2.230311] evm: security.SMACK64 (disabled)
Oct 30 10:10:14 kernel: [    2.230313] evm: security.SMACK64EXEC (disabled)
Oct 30 10:10:14 kernel: [    2.230315] evm: security.SMACK64TRANSMUTE (disabled)
Oct 30 10:10:14 kernel: [    2.230317] evm: security.SMACK64MMAP (disabled)
Oct 30 10:10:14 kernel: [    2.230319] evm: security.apparmor
Oct 30 10:10:14 kernel: [    2.230320] evm: security.ima
Oct 30 10:10:14 kernel: [    2.230322] evm: security.capability
Oct 30 10:10:14 kernel: [    2.230324] evm: HMAC attrs: 0x1
Oct 30 10:10:14 kernel: [    3.133030] clk: Disabling unused clocks
Oct 30 10:10:14 kernel: [    3.136385] Freeing unused kernel image (initmem) memory: 896K
Oct 30 10:10:14 kernel: [    3.136503] Write protecting kernel text and read-only data: 12440k
Oct 30 10:10:14 kernel: [    3.136513] Run /init as init process
Oct 30 10:10:14 kernel: [    3.136515]   with arguments:
Oct 30 10:10:14 kernel: [    3.136518]     /init
Oct 30 10:10:14 kernel: [    3.136520]   with environment:
Oct 30 10:10:14 kernel: [    3.136522]     HOME=/
Oct 30 10:10:14 kernel: [    3.136524]     TERM=linux
Oct 30 10:10:14 kernel: [    3.136526]     BOOT_IMAGE=/install.386/vmlinuz
Oct 30 10:10:14 kernel: [    3.136528]     preseed/file=/cdrom/simple-cdd/default.preseed
Oct 30 10:10:14 kernel: [    3.136530]     vga=788
Oct 30 10:10:14 kernel: [    3.273428] SCSI subsystem initialized
Oct 30 10:10:14 kernel: [    3.285452] ACPI: bus type USB registered
Oct 30 10:10:14 kernel: [    3.285928] usbcore: registered new interface driver usbfs
Oct 30 10:10:14 kernel: [    3.285965] usbcore: registered new interface driver hub
Oct 30 10:10:14 kernel: [    3.286001] usbcore: registered new device driver usb
Oct 30 10:10:14 kernel: [    3.340186] libata version 3.00 loaded.
Oct 30 10:10:14 kernel: [    3.347298] ata_piix 0000:00:01.1: version 2.13
Oct 30 10:10:14 kernel: [    3.385972] scsi host0: ata_piix
Oct 30 10:10:14 kernel: [    3.386624] scsi host1: ata_piix
Oct 30 10:10:14 kernel: [    3.386740] ata1: PATA max MWDMA2 cmd 0x1f0 ctl 0x3f6 bmdma 0xc200 irq 14
Oct 30 10:10:14 kernel: [    3.386745] ata2: PATA max MWDMA2 cmd 0x170 ctl 0x376 bmdma 0xc208 irq 15
Oct 30 10:10:14 kernel: [    3.477772] ehci-pci 0000:00:05.7: EHCI Host Controller
Oct 30 10:10:14 kernel: [    3.477796] ehci-pci 0000:00:05.7: new USB bus registered, assigned bus number 1
Oct 30 10:10:14 kernel: [    3.478877] ehci-pci 0000:00:05.7: irq 10, io mem 0xfc057000
Oct 30 10:10:14 kernel: [    3.495416] ehci-pci 0000:00:05.7: USB 2.0 started, EHCI 1.00
Oct 30 10:10:14 kernel: [    3.495578] usb usb1: New USB device found, idVendor=1d6b, idProduct=0002, bcdDevice= 6.01
Oct 30 10:10:14 kernel: [    3.495586] usb usb1: New USB device strings: Mfr=3, Product=2, SerialNumber=1
Oct 30 10:10:14 kernel: [    3.495591] usb usb1: Product: EHCI Host Controller
Oct 30 10:10:14 kernel: [    3.495595] usb usb1: Manufacturer: Linux 6.1.0-22-686 ehci_hcd
Oct 30 10:10:14 kernel: [    3.495598] usb usb1: SerialNumber: 0000:00:05.7
Oct 30 10:10:14 kernel: [    3.496081] hub 1-0:1.0: USB hub found
Oct 30 10:10:14 kernel: [    3.496098] hub 1-0:1.0: 6 ports detected
Oct 30 10:10:14 kernel: [    3.496604] uhci_hcd 0000:00:05.0: UHCI Host Controller
Oct 30 10:10:14 kernel: [    3.496644] uhci_hcd 0000:00:05.0: new USB bus registered, assigned bus number 2
Oct 30 10:10:14 kernel: [    3.496699] uhci_hcd 0000:00:05.0: detected 2 ports
Oct 30 10:10:14 kernel: [    3.496847] uhci_hcd 0000:00:05.0: irq 10, io port 0x0000c1a0
Oct 30 10:10:14 kernel: [    3.497015] usb usb2: New USB device found, idVendor=1d6b, idProduct=0001, bcdDevice= 6.01
Oct 30 10:10:14 kernel: [    3.497023] usb usb2: New USB device strings: Mfr=3, Product=2, SerialNumber=1
Oct 30 10:10:14 kernel: [    3.497027] usb usb2: Product: UHCI Host Controller
Oct 30 10:10:14 kernel: [    3.497031] usb usb2: Manufacturer: Linux 6.1.0-22-686 uhci_hcd
Oct 30 10:10:14 kernel: [    3.497034] usb usb2: SerialNumber: 0000:00:05.0
Oct 30 10:10:14 kernel: [    3.497382] hub 2-0:1.0: USB hub found
Oct 30 10:10:14 kernel: [    3.497396] hub 2-0:1.0: 2 ports detected
Oct 30 10:10:14 kernel: [    3.545550] uhci_hcd 0000:00:05.1: UHCI Host Controller
Oct 30 10:10:14 kernel: [    3.545573] uhci_hcd 0000:00:05.1: new USB bus registered, assigned bus number 3
Oct 30 10:10:14 kernel: [    3.545612] uhci_hcd 0000:00:05.1: detected 2 ports
Oct 30 10:10:14 kernel: [    3.545898] uhci_hcd 0000:00:05.1: irq 11, io port 0x0000c1c0
Oct 30 10:10:14 kernel: [    3.546093] usb usb3: New USB device found, idVendor=1d6b, idProduct=0001, bcdDevice= 6.01
Oct 30 10:10:14 kernel: [    3.546101] usb usb3: New USB device strings: Mfr=3, Product=2, SerialNumber=1
Oct 30 10:10:14 kernel: [    3.546105] usb usb3: Product: UHCI Host Controller
Oct 30 10:10:14 kernel: [    3.546109] usb usb3: Manufacturer: Linux 6.1.0-22-686 uhci_hcd
Oct 30 10:10:14 kernel: [    3.546113] usb usb3: SerialNumber: 0000:00:05.1
Oct 30 10:10:14 kernel: [    3.546448] hub 3-0:1.0: USB hub found
Oct 30 10:10:14 kernel: [    3.546461] hub 3-0:1.0: 2 ports detected
Oct 30 10:10:14 kernel: [    3.547522] ata1: found unknown device (class 0)
Oct 30 10:10:14 kernel: [    3.548159] ata2: found unknown device (class 0)
Oct 30 10:10:14 kernel: [    3.549347] ata1.00: ATA-7: QEMU HARDDISK, 2.5+, max UDMA/100
Oct 30 10:10:14 kernel: [    3.549355] ata1.00: 41943040 sectors, multi 16: LBA48 
Oct 30 10:10:14 kernel: [    3.549830] ata2.00: ATAPI: QEMU DVD-ROM, 2.5+, max UDMA/100
Oct 30 10:10:14 kernel: [    3.551889] scsi 0:0:0:0: Direct-Access     ATA      QEMU HARDDISK    2.5+ PQ: 0 ANSI: 5
Oct 30 10:10:14 kernel: [    3.554064] scsi 1:0:0:0: CD-ROM            QEMU     QEMU DVD-ROM     2.5+ PQ: 0 ANSI: 5
Oct 30 10:10:14 kernel: [    3.595378] uhci_hcd 0000:00:05.2: UHCI Host Controller
Oct 30 10:10:14 kernel: [    3.595402] uhci_hcd 0000:00:05.2: new USB bus registered, assigned bus number 4
Oct 30 10:10:14 kernel: [    3.595441] uhci_hcd 0000:00:05.2: detected 2 ports
Oct 30 10:10:14 kernel: [    3.595586] uhci_hcd 0000:00:05.2: irq 11, io port 0x0000c1e0
Oct 30 10:10:14 kernel: [    3.595791] usb usb4: New USB device found, idVendor=1d6b, idProduct=0001, bcdDevice= 6.01
Oct 30 10:10:14 kernel: [    3.595798] usb usb4: New USB device strings: Mfr=3, Product=2, SerialNumber=1
Oct 30 10:10:14 kernel: [    3.595802] usb usb4: Product: UHCI Host Controller
Oct 30 10:10:14 kernel: [    3.595806] usb usb4: Manufacturer: Linux 6.1.0-22-686 uhci_hcd
Oct 30 10:10:14 kernel: [    3.595809] usb usb4: SerialNumber: 0000:00:05.2
Oct 30 10:10:14 kernel: [    3.596185] hub 4-0:1.0: USB hub found
Oct 30 10:10:14 kernel: [    3.596199] hub 4-0:1.0: 2 ports detected
Oct 30 10:10:14 kernel: [    3.644662] sr 1:0:0:0: [sr0] scsi3-mmc drive: 4x/4x cd/rw xa/form2 tray
Oct 30 10:10:14 kernel: [    3.644673] cdrom: Uniform CD-ROM driver Revision: 3.20
Oct 30 10:10:14 kernel: [    3.689020] sd 0:0:0:0: [sda] 41943040 512-byte logical blocks: (21.5 GB/20.0 GiB)
Oct 30 10:10:14 kernel: [    3.689120] sd 0:0:0:0: [sda] Write Protect is off
Oct 30 10:10:14 kernel: [    3.689126] sd 0:0:0:0: [sda] Mode Sense: 00 3a 00 00
Oct 30 10:10:14 kernel: [    3.689267] sd 0:0:0:0: [sda] Write cache: enabled, read cache: enabled, doesn't support DPO or FUA
Oct 30 10:10:14 kernel: [    3.689440] sd 0:0:0:0: [sda] Preferred minimum I/O size 512 bytes
Oct 30 10:10:14 kernel: [    3.693105] sd 0:0:0:0: [sda] Attached SCSI disk
Oct 30 10:10:14 kernel: [    3.734046] sr 1:0:0:0: Attached scsi CD-ROM sr0
Oct 30 10:10:14 kernel: [    3.959326] usb 2-1: new full-speed USB device number 2 using uhci_hcd
Oct 30 10:10:14 kernel: [    4.137801] usb 2-1: New USB device found, idVendor=08e6, idProduct=4433, bcdDevice= 0.00
Oct 30 10:10:14 kernel: [    4.137816] usb 2-1: New USB device strings: Mfr=1, Product=2, SerialNumber=3
Oct 30 10:10:14 kernel: [    4.137824] usb 2-1: Product: QEMU USB CCID
Oct 30 10:10:14 kernel: [    4.137829] usb 2-1: Manufacturer: QEMU
Oct 30 10:10:14 kernel: [    4.137834] usb 2-1: SerialNumber: 1-0000:00:05.7-1
Oct 30 10:10:15 entropy-source: haveged not needed: rdrand CPU flag detected
Oct 30 10:10:15 reopen-console: Looking at console tty1 from /proc/consoles
Oct 30 10:10:15 reopen-console:    Adding tty0 to possible consoles list
Oct 30 10:10:15 reopen-console: Found no preferred console. Picking tty1
Oct 30 10:10:15 reopen-console: Adding inittab entry for tty1
Oct 30 10:10:15 reopen-console: Restarting init to start d-i on the console(s) we found
Oct 30 10:10:15 init: reloading /etc/inittab
Oct 30 10:10:15 init: starting pid 288, tty '/dev/tty4': '/usr/bin/tail -f /var/log/syslog'
Oct 30 10:10:15 init: starting pid 289, tty '/dev/tty1': '/sbin/debian-installer'
Oct 30 10:10:15 debconf: Setting debconf/language to en
Oct 30 10:10:15 main-menu[306]: INFO: Falling back to the package description for brltty-udeb
Oct 30 10:10:15 main-menu[306]: INFO: Menu item 'localechooser' selected
Oct 30 10:10:16 debconf: Setting debconf/language to en
Oct 30 10:10:20 localechooser: info: Language = 'en'
Oct 30 10:10:20 localechooser: info: line=en;0;US;en_US.UTF-8;;console-setup
Oct 30 10:10:20 localechooser: info: Set debian-installer/language = 'en'
Oct 30 10:10:20 localechooser: info: Default country = 'US'
Oct 30 10:10:20 localechooser: info: Default locale = 'en_US.UTF-8'
Oct 30 10:10:20 localechooser: info: Set debian-installer/consoledisplay = 'console-setup'
Oct 30 10:10:20 debconf: Setting debconf/language to en
Oct 30 10:10:40 localechooser: info: Set debian-installer/country = 'RU'
Oct 30 10:10:40 localechooser: info: Falling back to locale 'en_US.UTF-8'
Oct 30 10:10:45 localechooser: info: Set debian-installer/locale = 'en_US.UTF-8'
Oct 30 10:10:45 localechooser: info: System locale (debian-installer/locale) = 'en_US.UTF-8'
Oct 30 10:10:45 localechooser: info: Set debian-installer/language = 'en_US:en'
Oct 30 10:10:45 debconf: Setting debconf/language to en_US:en
Oct 30 10:10:45 main-menu[306]: INFO: Falling back to the package description for brltty-udeb
Oct 30 10:10:45 main-menu[306]: INFO: Falling back to the package description for brltty-udeb
Oct 30 10:10:45 main-menu[306]: INFO: Falling back to the package description for brltty-udeb
Oct 30 10:10:45 main-menu[306]: INFO: Menu item 'brltty-udeb' selected
Oct 30 10:10:45 main-menu[306]: WARNING **: Unable to set title for brltty-udeb.
Oct 30 10:10:45 main-menu[306]: INFO: Falling back to the package description for brltty-udeb
Oct 30 10:10:45 main-menu[306]: INFO: Falling back to the package description for brltty-udeb
Oct 30 10:10:45 main-menu[306]: INFO: Menu item 'console-setup-udeb' selected
Oct 30 10:10:55 main-menu[306]: (process:1341): setupcon: gzip is not accessible. Will not save cached keyboard map.
Oct 30 10:10:55 main-menu[306]: (process:1341): setupcon: gzip is not accessible. Will not save cached keyboard map.
Oct 30 10:10:55 main-menu[306]: (process:1341): setupcon: gzip is not accessible. Will not save cached keyboard map.
Oct 30 10:10:55 main-menu[306]: (process:1341): setupcon: gzip is not accessible. Will not save cached keyboard map.
Oct 30 10:10:55 main-menu[306]: (process:1341): /bin/setupcon: line 757: can't create /etc/console-setup/cached_setup_keyboard.sh: nonexistent directory
Oct 30 10:10:55 main-menu[306]: (process:1341): /bin/setupcon: line 765: can't create /etc/console-setup/cached_setup_font.sh: nonexistent directory
Oct 30 10:10:55 main-menu[306]: (process:1341): /bin/setupcon: line 783: can't create /etc/console-setup/cached_setup_terminal.sh: nonexistent directory
Oct 30 10:10:55 main-menu[306]: (process:1341): chmod: /etc/console-setup/cached_setup_keyboard.sh: No such file or directory
Oct 30 10:10:55 main-menu[306]: (process:1341): chmod: /etc/console-setup/cached_setup_font.sh: No such file or directory
Oct 30 10:10:55 main-menu[306]: (process:1341): chmod: /etc/console-setup/cached_setup_terminal.sh: No such file or directory
Oct 30 10:10:55 main-menu[306]: INFO: Falling back to the package description for brltty-udeb
Oct 30 10:10:55 main-menu[306]: INFO: Falling back to the package description for brltty-udeb
Oct 30 10:10:55 main-menu[306]: INFO: Menu item 'cdrom-detect' selected
Oct 30 10:10:56 net/hw-detect.hotplug: Detected hotpluggable network interface lo
Oct 30 10:10:56 hw-detect: Detected module 'usb-storage' for 'USB storage'
Oct 30 10:10:56 hw-detect: insmod /lib/modules/6.1.0-22-686/kernel/drivers/usb/storage/usb-storage.ko 
Oct 30 10:10:56 kernel: [   46.051900] usbcore: registered new interface driver usb-storage
Oct 30 10:10:56 apt-install: Queueing package udev for later installation
Oct 30 10:10:56 apt-install: Queueing package pciutils for later installation
Oct 30 10:10:56 apt-install: Queueing package usbutils for later installation
Oct 30 10:10:56 apt-install: Queueing package eject for later installation
Oct 30 10:10:56 hw-detect: skipping check-missing-firmware as requested by the caller
Oct 30 10:10:56 cdrom-detect: Searching for Debian installation media...
Oct 30 10:10:56 cdrom-detect: Devices: '/dev/sr0'
Oct 30 10:10:56 kernel: [   46.446273] ISO 9660 Extensions: Microsoft Joliet Level 3
Oct 30 10:10:56 cdrom-detect: CD-ROM mount succeeded: device=/dev/sr0 fstype=iso9660
Oct 30 10:10:56 kernel: [   46.448056] ISO 9660 Extensions: RRIP_1991A
Oct 30 10:10:56 cdrom-detect: Detected CD 'Q4OS 5.5 "Aquarius" - Release i386 (20240707)'
Oct 30 10:10:58 cdrom-detect: Detected CD with 'stable' (bookworm) distribution
Oct 30 10:10:58 anna-install: Queueing udeb eject-udeb for later installation
Oct 30 10:10:58 anna-install: Queueing udeb apt-mirror-setup for later installation
Oct 30 10:10:58 anna-install: Queueing udeb apt-cdrom-setup for later installation
Oct 30 10:10:58 anna-install: Queueing udeb bookworm-support for later installation
Oct 30 10:10:58 main-menu[306]: INFO: Falling back to the package description for brltty-udeb
Oct 30 10:10:58 main-menu[306]: INFO: Falling back to the package description for brltty-udeb
Oct 30 10:10:58 main-menu[306]: INFO: Menu item 'file-preseed' selected
Oct 30 10:11:04 preseed: successfully loaded preseed file from file:///cdrom/simple-cdd/default.preseed
Oct 30 10:11:04 main-menu[306]: (process:2082): mount: mounting /dev/sda on /media failed: Invalid argument
Oct 30 10:11:04 main-menu[306]: (process:2082): umount: can't unmount /media: Invalid argument
Oct 30 10:11:04 main-menu[306]: (process:2082): mount: mounting /dev/sda on /media failed: Invalid argument
Oct 30 10:11:04 main-menu[306]: (process:2082): mount: mounting /dev/sda on /media failed: Invalid argument
Oct 30 10:11:04 main-menu[306]: (process:2082): umount: can't unmount /media: Invalid argument
Oct 30 10:11:04 main-menu[306]: (process:2082): mount: mounting /dev/sda on /media failed: Invalid argument
Oct 30 10:11:04 main-menu[306]: (process:2082): mount: mounting /dev/fd0 on /media failed: No such file or directory
Oct 30 10:11:04 main-menu[306]: (process:2082): umount: can't unmount /media: Invalid argument
Oct 30 10:11:04 main-menu[306]: (process:2082): mount: mounting /dev/fd0 on /media failed: No such file or directory
Oct 30 10:11:04 main-menu[306]: INFO: Falling back to the package description for brltty-udeb
Oct 30 10:11:04 main-menu[306]: INFO: Falling back to the package description for brltty-udeb
Oct 30 10:11:04 main-menu[306]: INFO: Menu item 'load-cdrom' selected
Oct 30 10:11:04 cdrom-retriever: warning: File /cdrom/dists/bookworm/main/debian-installer/binary-i386/Packages does not exist.
Oct 30 10:11:05 anna[3286]: DEBUG: resolver (fat-modules): package doesn't exist (ignored)
Oct 30 10:11:05 anna[3286]: DEBUG: resolver (wpasupplicant-udeb): package doesn't exist (ignored)
Oct 30 10:11:05 anna[3286]: DEBUG: resolver (wide-dhcpv6-client-udeb): package doesn't exist (ignored)
Oct 30 10:11:05 anna[3286]: DEBUG: resolver (scsi-modules): package doesn't exist (ignored)
Oct 30 10:11:05 anna[3286]: DEBUG: resolver (fat-modules): package doesn't exist (ignored)
Oct 30 10:11:05 anna[3286]: DEBUG: resolver (wpasupplicant-udeb): package doesn't exist (ignored)
Oct 30 10:11:05 anna[3286]: DEBUG: resolver (wide-dhcpv6-client-udeb): package doesn't exist (ignored)
Oct 30 10:11:05 anna[3286]: DEBUG: resolver (scsi-modules): package doesn't exist (ignored)
Oct 30 10:11:05 anna[3286]: DEBUG: retrieving apt-cdrom-setup 1:0.182
Oct 30 10:11:05 anna[3286]: DEBUG: retrieving apt-mirror-setup 1:0.182
Oct 30 10:11:05 anna[3286]: DEBUG: retrieving apt-setup-udeb 1:0.182
Oct 30 10:11:05 anna[3286]: DEBUG: retrieving base-installer 1.213
Oct 30 10:11:05 anna[3286]: DEBUG: retrieving bootstrap-base 1.213
Oct 30 10:11:06 anna[3286]: DEBUG: retrieving btrfs-modules-6.1.0-22-686-di 6.1.94-1
Oct 30 10:11:06 anna[3286]: DEBUG: retrieving btrfs-progs-udeb 6.2-1
Oct 30 10:11:06 anna[3286]: DEBUG: retrieving choose-mirror-bin 2.123
Oct 30 10:11:07 anna[3286]: DEBUG: retrieving clock-setup 0.161
Oct 30 10:11:07 anna[3286]: DEBUG: retrieving crypto-modules-6.1.0-22-686-di 6.1.94-1
Oct 30 10:11:07 anna[3286]: DEBUG: retrieving debian-archive-keyring-udeb 2023.3+deb12u1
Oct 30 10:11:07 anna[3286]: DEBUG: retrieving debootstrap-udeb 1.0.128+nmu2+deb12u1
Oct 30 10:11:07 anna[3286]: DEBUG: retrieving depthcharge-tools-installer 2
Oct 30 10:11:07 anna[3286]: DEBUG: retrieving di-utils-mapdevfs 1.146
Oct 30 10:11:07 anna[3286]: DEBUG: retrieving disk-detect 1.159
Oct 30 10:11:08 anna[3286]: DEBUG: retrieving dmidecode-udeb 3.4-1
Oct 30 10:11:08 anna[3286]: DEBUG: retrieving dosfstools-udeb 4.2-1
Oct 30 10:11:08 anna[3286]: DEBUG: retrieving e2fsprogs-udeb 1.47.0-2
Oct 30 10:11:08 anna[3286]: DEBUG: retrieving efi-modules-6.1.0-22-686-di 6.1.94-1
Oct 30 10:11:08 anna[3286]: DEBUG: retrieving eject-udeb 2.38.1-5+deb12u1
Oct 30 10:11:08 anna[3286]: DEBUG: retrieving ethdetect 1.159
Oct 30 10:11:09 anna[3286]: DEBUG: retrieving ext4-modules-6.1.0-22-686-di 6.1.94-1
Oct 30 10:11:09 anna[3286]: DEBUG: retrieving finish-install 2.117
Oct 30 10:11:09 anna[3286]: DEBUG: retrieving fuse3-udeb 3.14.0-4
Oct 30 10:11:09 anna[3286]: DEBUG: retrieving gpgv-udeb 2.2.40-1.1
Oct 30 10:11:09 anna[3286]: DEBUG: retrieving grub-installer 1.194
Oct 30 10:11:10 anna[3286]: DEBUG: retrieving grub-mount-udeb 2.06-13+deb12u1
Oct 30 10:11:10 anna[3286]: DEBUG: retrieving jfs-modules-6.1.0-22-686-di 6.1.94-1
Oct 30 10:11:10 anna[3286]: DEBUG: retrieving jfsutils-udeb 1.1.15-5
Oct 30 10:11:10 anna[3286]: DEBUG: retrieving kickseed-common 0.63
Oct 30 10:11:10 anna[3286]: DEBUG: retrieving libbsd0-udeb 0.11.7-2
Oct 30 10:11:10 anna[3286]: DEBUG: retrieving libdevmapper1.02.1-udeb 2:1.02.185-2
Oct 30 10:11:11 anna[3286]: DEBUG: retrieving libfuse2-udeb 2.9.9-6+b1
Oct 30 10:11:11 anna[3286]: DEBUG: retrieving libfuse3-3-udeb 3.14.0-4
Oct 30 10:11:11 anna[3286]: DEBUG: retrieving libgcrypt20-udeb 1.10.1-3
Oct 30 10:11:11 anna[3286]: DEBUG: retrieving libgpg-error0-udeb 1.46-1
Oct 30 10:11:11 anna[3286]: DEBUG: retrieving libinih1-udeb 55-1
Oct 30 10:11:11 anna[3286]: DEBUG: retrieving libisns-udeb 0.101-0.2+b1
Oct 30 10:11:11 anna[3286]: DEBUG: retrieving libiw30-udeb 30~pre9-14
Oct 30 10:11:11 anna[3286]: DEBUG: retrieving liblzo2-2-udeb 2.10-2
Oct 30 10:11:11 anna[3286]: DEBUG: retrieving libmd0-udeb 1.0.4-2
Oct 30 10:11:11 anna[3286]: DEBUG: retrieving libmount1-udeb 2.38.1-5+deb12u1
Oct 30 10:11:11 anna[3286]: DEBUG: retrieving libparted-fs-resize0-udeb 3.5-3
Oct 30 10:11:11 anna[3286]: DEBUG: retrieving libparted2-udeb 3.5-3
Oct 30 10:11:12 anna[3286]: DEBUG: retrieving liburcu8-udeb 0.13.2-1
Oct 30 10:11:12 anna[3286]: DEBUG: retrieving libzstd1-udeb 1.5.4+dfsg2-5
Oct 30 10:11:12 anna[3286]: DEBUG: retrieving loop-modules-6.1.0-22-686-di 6.1.94-1
Oct 30 10:11:12 anna[3286]: DEBUG: retrieving md-modules-6.1.0-22-686-di 6.1.94-1
Oct 30 10:11:12 anna[3286]: DEBUG: retrieving mdadm-udeb 4.2-5
Oct 30 10:11:12 anna[3286]: DEBUG: retrieving ndisc6-udeb 1.0.5-1+b2
Oct 30 10:11:12 anna[3286]: DEBUG: retrieving netcfg 1.187+deb12u1
Oct 30 10:11:13 anna[3286]: DEBUG: retrieving network-preseed 1.117
Oct 30 10:11:13 anna[3286]: DEBUG: retrieving nobootloader 1.67
Oct 30 10:11:14 anna[3286]: DEBUG: retrieving ntfs-3g-udeb 1:2022.10.3-1+b1
Oct 30 10:11:14 anna[3286]: DEBUG: retrieving open-iscsi-udeb 2.1.8-1
Oct 30 10:11:14 anna[3286]: DEBUG: retrieving os-prober-udeb 1.81
Oct 30 10:11:14 anna[3286]: DEBUG: retrieving partman-auto 162
Oct 30 10:11:15 anna[3286]: DEBUG: retrieving partman-auto-raid 51
Oct 30 10:11:15 anna[3286]: DEBUG: retrieving partman-base 226
Oct 30 10:11:16 anna[3286]: DEBUG: retrieving partman-basicfilesystems 164
Oct 30 10:11:16 anna[3286]: DEBUG: retrieving partman-basicmethods 74
Oct 30 10:11:17 anna[3286]: DEBUG: retrieving partman-btrfs 59
Oct 30 10:11:17 anna[3286]: DEBUG: retrieving partman-cros 3
Oct 30 10:11:18 anna[3286]: DEBUG: retrieving partman-efi 101
Oct 30 10:11:18 anna[3286]: DEBUG: retrieving partman-ext3 112
Oct 30 10:11:19 anna[3286]: DEBUG: retrieving partman-iscsi 76
Oct 30 10:11:19 anna[3286]: DEBUG: retrieving partman-jfs 62
Oct 30 10:11:20 anna[3286]: DEBUG: retrieving partman-md 106
Oct 30 10:11:21 anna[3286]: DEBUG: retrieving partman-partitioning 147
Oct 30 10:11:21 anna[3286]: DEBUG: retrieving partman-target 127
Oct 30 10:11:22 anna[3286]: DEBUG: retrieving partman-utils 226
Oct 30 10:11:22 anna[3286]: DEBUG: retrieving partman-xfs 68
Oct 30 10:11:23 anna[3286]: DEBUG: retrieving pkgsel 0.79
Oct 30 10:11:24 anna[3286]: DEBUG: retrieving rdate-udeb 1:1.11-3
Oct 30 10:11:24 anna[3286]: DEBUG: retrieving rdnssd-udeb 1.0.5-1+b2
Oct 30 10:11:24 anna[3286]: DEBUG: retrieving tzsetup-udeb 1:0.122
Oct 30 10:11:24 anna[3286]: DEBUG: retrieving user-setup-udeb 1.95
Oct 30 10:11:25 anna[3286]: DEBUG: retrieving xfs-modules-6.1.0-22-686-di 6.1.94-1
Oct 30 10:11:25 anna[3286]: DEBUG: retrieving xfsprogs-udeb 6.1.0-1
Oct 30 10:11:27 main-menu[306]: DEBUG: resolver (wpasupplicant-udeb): package doesn't exist (ignored)
Oct 30 10:11:27 main-menu[306]: DEBUG: resolver (wide-dhcpv6-client-udeb): package doesn't exist (ignored)
Oct 30 10:11:27 main-menu[306]: INFO: Falling back to the package description for brltty-udeb
Oct 30 10:11:27 depthcharge-tools-installer: Not installing to non-ChromeOS board.
Oct 30 10:11:27 main-menu[306]: INFO: Falling back to the package description for brltty-udeb
Oct 30 10:11:27 main-menu[306]: INFO: Menu item 'ethdetect' selected
Oct 30 10:11:27 net/hw-detect.hotplug: Detected hotpluggable network interface lo
Oct 30 10:11:29 check-missing-firmware: looking at dmesg for the first time
Oct 30 10:11:29 check-missing-firmware: saving timestamp for a later use: [   46.448056]
Oct 30 10:11:29 check-missing-firmware: no missing firmware in loaded kernel modules
Oct 30 10:11:30 check-missing-firmware: looking at dmesg again, restarting from timestamp: [   46.448056]
Oct 30 10:11:30 check-missing-firmware: timestamp found, truncating dmesg accordingly
Oct 30 10:11:30 check-missing-firmware: keeping timestamp (no new lines): [   46.448056]
Oct 30 10:11:30 check-missing-firmware: no missing firmware in loaded kernel modules
Oct 30 10:11:30 main-menu[306]: DEBUG: resolver (wpasupplicant-udeb): package doesn't exist (ignored)
Oct 30 10:11:30 main-menu[306]: DEBUG: resolver (wide-dhcpv6-client-udeb): package doesn't exist (ignored)
Oct 30 10:11:30 main-menu[306]: INFO: Falling back to the package description for brltty-udeb
Oct 30 10:11:31 depthcharge-tools-installer: Not installing to non-ChromeOS board.
Oct 30 10:11:31 main-menu[306]: INFO: Falling back to the package description for brltty-udeb
Oct 30 10:11:31 main-menu[306]: INFO: Menu item 'netcfg' selected
Oct 30 10:11:31 netcfg[5027]: INFO: Starting netcfg v.1.187+deb12u1
Oct 30 10:11:31 main-menu[306]: DEBUG: resolver (wpasupplicant-udeb): package doesn't exist (ignored)
Oct 30 10:11:31 main-menu[306]: DEBUG: resolver (wide-dhcpv6-client-udeb): package doesn't exist (ignored)
Oct 30 10:11:31 main-menu[306]: INFO: Falling back to the package description for brltty-udeb
Oct 30 10:11:31 depthcharge-tools-installer: Not installing to non-ChromeOS board.
Oct 30 10:11:31 main-menu[306]: INFO: Falling back to the package description for brltty-udeb
Oct 30 10:11:31 main-menu[306]: INFO: Menu item 'user-setup-udeb' selected
Oct 30 10:12:16 main-menu[306]: DEBUG: resolver (wpasupplicant-udeb): package doesn't exist (ignored)
Oct 30 10:12:16 main-menu[306]: DEBUG: resolver (wide-dhcpv6-client-udeb): package doesn't exist (ignored)
Oct 30 10:12:16 main-menu[306]: INFO: Falling back to the package description for brltty-udeb
Oct 30 10:12:16 depthcharge-tools-installer: Not installing to non-ChromeOS board.
Oct 30 10:12:16 main-menu[306]: INFO: Falling back to the package description for brltty-udeb
Oct 30 10:12:16 main-menu[306]: INFO: Menu item 'clock-setup' selected
Oct 30 10:12:16 clock-setup: rdate called using NTP server 0.debian.pool.ntp.org.
Oct 30 10:12:16 clock-setup: rdate: 0.debian.pool.ntp.org: Temporary failure in name resolution
Oct 30 10:12:20 main-menu[306]: DEBUG: resolver (wpasupplicant-udeb): package doesn't exist (ignored)
Oct 30 10:12:20 main-menu[306]: DEBUG: resolver (wide-dhcpv6-client-udeb): package doesn't exist (ignored)
Oct 30 10:12:20 main-menu[306]: INFO: Falling back to the package description for brltty-udeb
Oct 30 10:12:20 depthcharge-tools-installer: Not installing to non-ChromeOS board.
Oct 30 10:12:20 main-menu[306]: INFO: Falling back to the package description for brltty-udeb
Oct 30 10:12:20 main-menu[306]: INFO: Menu item 'disk-detect' selected
Oct 30 10:12:20 net/hw-detect.hotplug: Detected hotpluggable network interface lo
Oct 30 10:12:22 check-missing-firmware: looking at dmesg again, restarting from timestamp: [   46.448056]
Oct 30 10:12:22 check-missing-firmware: timestamp found, truncating dmesg accordingly
Oct 30 10:12:22 check-missing-firmware: keeping timestamp (no new lines): [   46.448056]
Oct 30 10:12:22 check-missing-firmware: no missing firmware in loaded kernel modules
Oct 30 10:12:23 check-missing-firmware: looking at dmesg again, restarting from timestamp: [   46.448056]
Oct 30 10:12:23 check-missing-firmware: timestamp found, truncating dmesg accordingly
Oct 30 10:12:23 check-missing-firmware: keeping timestamp (no new lines): [   46.448056]
Oct 30 10:12:23 check-missing-firmware: no missing firmware in loaded kernel modules
Oct 30 10:12:24 main-menu[306]: DEBUG: resolver (wpasupplicant-udeb): package doesn't exist (ignored)
Oct 30 10:12:24 main-menu[306]: DEBUG: resolver (wide-dhcpv6-client-udeb): package doesn't exist (ignored)
Oct 30 10:12:24 main-menu[306]: INFO: Falling back to the package description for brltty-udeb
Oct 30 10:12:24 depthcharge-tools-installer: Not installing to non-ChromeOS board.
Oct 30 10:12:24 main-menu[306]: INFO: Falling back to the package description for brltty-udeb
Oct 30 10:12:24 main-menu[306]: INFO: Menu item 'partman-base' selected
Oct 30 10:12:24 anna-install: Installing partman-auto-lvm
Oct 30 10:12:24 anna[5343]: DEBUG: resolver (cdebconf-udeb): package doesn't exist (ignored)
Oct 30 10:12:24 anna[5343]: DEBUG: resolver (di-utils): package doesn't exist (ignored)
Oct 30 10:12:24 anna[5343]: DEBUG: resolver (kernel-image-6.1.0-22-686-di): package doesn't exist (ignored)
Oct 30 10:12:24 anna[5343]: DEBUG: resolver (fat-modules): package doesn't exist (ignored)
Oct 30 10:12:24 anna[5343]: DEBUG: resolver (libdebian-installer4-udeb): package doesn't exist (ignored)
Oct 30 10:12:24 anna[5343]: DEBUG: resolver (archdetect): package doesn't exist (ignored)
Oct 30 10:12:24 anna[5343]: DEBUG: resolver (hw-detect): package doesn't exist (ignored)
Oct 30 10:12:24 anna[5343]: DEBUG: retrieving libaio1-udeb 0.3.113-4
Oct 30 10:12:24 anna[5343]: DEBUG: retrieving lvm2-udeb 2.03.16-2
Oct 30 10:12:24 anna[5343]: DEBUG: retrieving partman-auto-lvm 91
Oct 30 10:12:25 anna[5343]: DEBUG: retrieving partman-lvm 146
Oct 30 10:12:26 anna-install: Installing partman-auto-crypto
Oct 30 10:12:26 anna[5437]: DEBUG: resolver (cdebconf-udeb): package doesn't exist (ignored)
Oct 30 10:12:26 anna[5437]: DEBUG: resolver (di-utils): package doesn't exist (ignored)
Oct 30 10:12:26 anna[5437]: DEBUG: resolver (kernel-image-6.1.0-22-686-di): package doesn't exist (ignored)
Oct 30 10:12:26 anna[5437]: DEBUG: resolver (fat-modules): package doesn't exist (ignored)
Oct 30 10:12:26 anna[5437]: DEBUG: resolver (libdebian-installer4-udeb): package doesn't exist (ignored)
Oct 30 10:12:26 anna[5437]: DEBUG: resolver (archdetect): package doesn't exist (ignored)
Oct 30 10:12:26 anna[5437]: DEBUG: resolver (hw-detect): package doesn't exist (ignored)
Oct 30 10:12:26 anna[5437]: DEBUG: retrieving partman-auto-crypto 34
Oct 30 10:12:27 anna[5437]: DEBUG: retrieving partman-crypto 121
Oct 30 10:12:28 preseed: running preseed command partman/early_command: umount /media || true
Oct 30 10:12:28 log-output: umount: can't unmount /media: Invalid argument
Oct 30 10:12:28 kernel: [  137.987243] raid6: avx2x2   gen() 11165 MB/s
Oct 30 10:12:28 kernel: [  138.055235] raid6: avx2x1   gen()  9273 MB/s
Oct 30 10:12:28 kernel: [  138.055248] raid6: using algorithm avx2x2 gen() 11165 MB/s
Oct 30 10:12:28 kernel: [  138.123233] raid6: .... xor() 6156 MB/s, rmw enabled
Oct 30 10:12:28 kernel: [  138.123246] raid6: using avx2x1 recovery algorithm
Oct 30 10:12:28 kernel: [  138.127958] xor: automatically using best checksumming function   avx       
Oct 30 10:12:28 kernel: [  138.334791] Btrfs loaded, crc32c=crc32c-generic, zoned=yes, fsverity=yes
Oct 30 10:12:28 kernel: [  138.382525] JFS: nTxBlock = 2402, nTxLock = 19216
Oct 30 10:12:29 kernel: [  138.786890] SGI XFS with ACLs, security attributes, realtime, quota, no debug enabled
Oct 30 10:12:29 md-devices: mdadm: No arrays found in config file or automatically
Oct 30 10:12:29 kernel: [  139.372492] device-mapper: core: CONFIG_IMA_DISABLE_HTABLE is disabled. Duplicate IMA measurements will not be recorded in the IMA log.
Oct 30 10:12:29 kernel: [  139.372557] device-mapper: uevent: version 1.0.3
Oct 30 10:12:29 kernel: [  139.372796] device-mapper: ioctl: 4.47.0-ioctl (2022-07-28) initialised: dm-devel@redhat.com
Oct 30 10:12:29 partman:   No matching physical volumes found
Oct 30 10:12:56 kernel: [  165.612113]  sda: sda1 sda2 < sda5 >
Oct 30 10:12:56 net/hw-detect.hotplug: Detected hotpluggable network interface lo
Oct 30 10:12:56 kernel: [  166.018381] Adding 526332k swap on /dev/sda5.  Priority:-2 extents:1 across:526332k FS
Oct 30 10:12:56 partman: mke2fs 1.47.0 (5-Feb-2023)
Oct 30 10:12:57 kernel: [  167.123076] EXT4-fs (sda1): mounted filesystem with ordered data mode. Quota mode: none.
Oct 30 10:12:58 apt-install: Queueing package e2fsprogs for later installation
Oct 30 10:12:58 main-menu[306]: (process:5329): depmod: WARNING: could not open modules.builtin.modinfo at /lib/modules/6.1.0-22-686: No such file or directory
Oct 30 10:12:58 main-menu[306]: (process:5329): mount: mounting none on /sys/firmware/efi/efivars failed: No such file or directory
Oct 30 10:12:58 main-menu[306]: (process:5329): File descriptor 3 (pipe:[15392]) leaked on pvs invocation. Parent PID 7299: /bin/sh
Oct 30 10:12:58 main-menu[306]: (process:5329): File descriptor 4 (/dev/pts/0) leaked on pvs invocation. Parent PID 7299: /bin/sh
Oct 30 10:12:58 main-menu[306]: (process:5329): File descriptor 5 (/dev/pts/0) leaked on pvs invocation. Parent PID 7299: /bin/sh
Oct 30 10:12:58 main-menu[306]: (process:5329): File descriptor 3 (pipe:[15392]) leaked on pvs invocation. Parent PID 7338: /bin/sh
Oct 30 10:12:58 main-menu[306]: (process:5329): File descriptor 4 (/dev/pts/0) leaked on pvs invocation. Parent PID 7338: /bin/sh
Oct 30 10:12:58 main-menu[306]: (process:5329): File descriptor 5 (/dev/pts/0) leaked on pvs invocation. Parent PID 7338: /bin/sh
Oct 30 10:12:59 main-menu[306]: DEBUG: resolver (wpasupplicant-udeb): package doesn't exist (ignored)
Oct 30 10:12:59 main-menu[306]: DEBUG: resolver (wide-dhcpv6-client-udeb): package doesn't exist (ignored)
Oct 30 10:12:59 main-menu[306]: INFO: Falling back to the package description for brltty-udeb
Oct 30 10:12:59 depthcharge-tools-installer: Not installing to non-ChromeOS board.
Oct 30 10:12:59 main-menu[306]: INFO: Falling back to the package description for brltty-udeb
Oct 30 10:12:59 main-menu[306]: INFO: Menu item 'bootstrap-base' selected
Oct 30 10:12:59 debootstrap: /usr/sbin/debootstrap --components=main --debian-installer --resolve-deps --no-check-gpg bookworm /target file:///cdrom/
Oct 30 10:13:19 debootstrap: dpkg: warning: parsing file '/var/lib/dpkg/status' near line 5 package 'dpkg':
Oct 30 10:13:19 debootstrap:  missing 'Description' field
Oct 30 10:13:19 debootstrap: dpkg: warning: parsing file '/var/lib/dpkg/status' near line 5 package 'dpkg':
Oct 30 10:13:19 debootstrap:  missing 'Architecture' field
Oct 30 10:13:20 debootstrap: Selecting previously unselected package base-passwd.
Oct 30 10:13:20 debootstrap: (Reading database ... 0 files and directories currently installed.)
Oct 30 10:13:20 debootstrap: Preparing to unpack .../base-passwd_3.6.1_i386.deb ...
Oct 30 10:13:20 debootstrap: Unpacking base-passwd (3.6.1) ...
Oct 30 10:13:20 debootstrap: Setting up base-passwd (3.6.1) ...
Oct 30 10:13:20 debootstrap: dpkg: base-passwd: dependency problems, but configuring anyway as you requested:
Oct 30 10:13:20 debootstrap:  base-passwd depends on libc6 (>= 2.34); however:
Oct 30 10:13:20 debootstrap:   Package libc6 is not installed.
Oct 30 10:13:20 debootstrap:  base-passwd depends on libdebconfclient0 (>= 0.145); however:
Oct 30 10:13:20 debootstrap:   Package libdebconfclient0 is not installed.
Oct 30 10:13:20 debootstrap:  base-passwd depends on libselinux1 (>= 3.1~); however:
Oct 30 10:13:20 debootstrap:   Package libselinux1 is not installed.
Oct 30 10:13:20 debootstrap: 
Oct 30 10:13:20 debootstrap: dpkg: warning: parsing file '/var/lib/dpkg/status' near line 24 package 'dpkg':
Oct 30 10:13:20 debootstrap:  missing 'Description' field
Oct 30 10:13:20 debootstrap: dpkg: warning: parsing file '/var/lib/dpkg/status' near line 24 package 'dpkg':
Oct 30 10:13:20 debootstrap:  missing 'Architecture' field
Oct 30 10:13:20 debootstrap: Selecting previously unselected package base-files.
Oct 30 10:13:20 debootstrap: dpkg: regarding .../base-files_12.4+deb12u6_i386.deb containing base-files, pre-dependency problem:
Oct 30 10:13:20 debootstrap:  base-files pre-depends on awk
Oct 30 10:13:20 debootstrap:   awk is not installed.
Oct 30 10:13:20 debootstrap: 
Oct 30 10:13:20 debootstrap: dpkg: warning: ignoring pre-dependency problem!
Oct 30 10:13:20 debootstrap: (Reading database ... 41 files and directories currently installed.)
Oct 30 10:13:20 debootstrap: Preparing to unpack .../base-files_12.4+deb12u6_i386.deb ...
Oct 30 10:13:20 debootstrap: Unpacking base-files (12.4+deb12u6) ...
Oct 30 10:13:20 debootstrap: Setting up base-files (12.4+deb12u6) ...
Oct 30 10:13:20 debootstrap: dpkg: base-files: dependency problems, but configuring anyway as you requested:
Oct 30 10:13:20 debootstrap:  base-files depends on awk; however:
Oct 30 10:13:20 debootstrap:   Package awk is not installed.
Oct 30 10:13:20 debootstrap: 
Oct 30 10:13:21 debootstrap: dpkg: warning: parsing file '/var/lib/dpkg/status' near line 51 package 'dpkg':
Oct 30 10:13:21 debootstrap:  missing 'Description' field
Oct 30 10:13:21 debootstrap: dpkg: warning: parsing file '/var/lib/dpkg/status' near line 51 package 'dpkg':
Oct 30 10:13:21 debootstrap:  missing 'Architecture' field
Oct 30 10:13:21 debootstrap: dpkg: regarding .../archives/dpkg_1.21.22_i386.deb containing dpkg, pre-dependency problem:
Oct 30 10:13:21 debootstrap:  dpkg pre-depends on libbz2-1.0
Oct 30 10:13:21 debootstrap:   libbz2-1.0 is not installed.
Oct 30 10:13:21 debootstrap: 
Oct 30 10:13:21 debootstrap: dpkg: warning: ignoring pre-dependency problem!
Oct 30 10:13:21 debootstrap: dpkg: regarding .../archives/dpkg_1.21.22_i386.deb containing dpkg, pre-dependency problem:
Oct 30 10:13:21 debootstrap:  dpkg pre-depends on libc6 (>= 2.34)
Oct 30 10:13:21 debootstrap:   libc6 is not installed.
Oct 30 10:13:21 debootstrap: 
Oct 30 10:13:21 debootstrap: dpkg: warning: ignoring pre-dependency problem!
Oct 30 10:13:21 debootstrap: dpkg: regarding .../archives/dpkg_1.21.22_i386.deb containing dpkg, pre-dependency problem:
Oct 30 10:13:21 debootstrap:  dpkg pre-depends on liblzma5 (>= 5.4.0)
Oct 30 10:13:21 debootstrap:   liblzma5 is not installed.
Oct 30 10:13:21 debootstrap: 
Oct 30 10:13:21 debootstrap: dpkg: warning: ignoring pre-dependency problem!
Oct 30 10:13:21 debootstrap: dpkg: regarding .../archives/dpkg_1.21.22_i386.deb containing dpkg, pre-dependency problem:
Oct 30 10:13:21 debootstrap:  dpkg pre-depends on libmd0 (>= 0.0.0)
Oct 30 10:13:21 debootstrap:   libmd0 is not installed.
Oct 30 10:13:21 debootstrap: 
Oct 30 10:13:21 debootstrap: dpkg: warning: ignoring pre-dependency problem!
Oct 30 10:13:21 debootstrap: dpkg: regarding .../archives/dpkg_1.21.22_i386.deb containing dpkg, pre-dependency problem:
Oct 30 10:13:21 debootstrap:  dpkg pre-depends on libselinux1 (>= 3.1~)
Oct 30 10:13:21 debootstrap:   libselinux1 is not installed.
Oct 30 10:13:21 debootstrap: 
Oct 30 10:13:21 debootstrap: dpkg: warning: ignoring pre-dependency problem!
Oct 30 10:13:21 debootstrap: dpkg: regarding .../archives/dpkg_1.21.22_i386.deb containing dpkg, pre-dependency problem:
Oct 30 10:13:21 debootstrap:  dpkg pre-depends on libzstd1 (>= 1.5.2)
Oct 30 10:13:21 debootstrap:   libzstd1 is not installed.
Oct 30 10:13:21 debootstrap: 
Oct 30 10:13:21 debootstrap: dpkg: warning: ignoring pre-dependency problem!
Oct 30 10:13:21 debootstrap: dpkg: regarding .../archives/dpkg_1.21.22_i386.deb containing dpkg, pre-dependency problem:
Oct 30 10:13:21 debootstrap:  dpkg pre-depends on zlib1g (>= 1:1.1.4)
Oct 30 10:13:21 debootstrap:   zlib1g is not installed.
Oct 30 10:13:21 debootstrap: 
Oct 30 10:13:21 debootstrap: dpkg: warning: ignoring pre-dependency problem!
Oct 30 10:13:21 debootstrap: (Reading database ... 121 files and directories currently installed.)
Oct 30 10:13:21 debootstrap: Preparing to unpack .../archives/dpkg_1.21.22_i386.deb ...
Oct 30 10:13:21 debootstrap: Unpacking dpkg (1.21.22) over (1.21.22) ...
Oct 30 10:13:21 debootstrap: Setting up dpkg (1.21.22) ...
Oct 30 10:13:21 debootstrap: dpkg: dpkg: dependency problems, but configuring anyway as you requested:
Oct 30 10:13:21 debootstrap:  dpkg depends on libbz2-1.0; however:
Oct 30 10:13:21 debootstrap:   Package libbz2-1.0 is not installed.
Oct 30 10:13:21 debootstrap:  dpkg depends on libc6 (>= 2.34); however:
Oct 30 10:13:21 debootstrap:   Package libc6 is not installed.
Oct 30 10:13:21 debootstrap:  dpkg depends on liblzma5 (>= 5.4.0); however:
Oct 30 10:13:21 debootstrap:   Package liblzma5 is not installed.
Oct 30 10:13:21 debootstrap:  dpkg depends on libmd0 (>= 0.0.0); however:
Oct 30 10:13:21 debootstrap:   Package libmd0 is not installed.
Oct 30 10:13:21 debootstrap:  dpkg depends on libselinux1 (>= 3.1~); however:
Oct 30 10:13:21 debootstrap:   Package libselinux1 is not installed.
Oct 30 10:13:21 debootstrap:  dpkg depends on libzstd1 (>= 1.5.2); however:
Oct 30 10:13:21 debootstrap:   Package libzstd1 is not installed.
Oct 30 10:13:21 debootstrap:  dpkg depends on zlib1g (>= 1:1.1.4); however:
Oct 30 10:13:21 debootstrap:   Package zlib1g is not installed.
Oct 30 10:13:21 debootstrap:  dpkg depends on tar (>= 1.28-1); however:
Oct 30 10:13:21 debootstrap:   Package tar is not installed.
Oct 30 10:13:21 debootstrap: 
Oct 30 10:13:22 debootstrap: Selecting previously unselected package libc6:i386.
Oct 30 10:13:22 debootstrap: (Reading database ... 420 files and directories currently installed.)
Oct 30 10:13:22 debootstrap: Preparing to unpack .../libc6_2.36-9+deb12u7_i386.deb ...
Oct 30 10:13:22 debootstrap: Unpacking libc6:i386 (2.36-9+deb12u7) ...
Oct 30 10:13:23 debootstrap: Setting up libc6:i386 (2.36-9+deb12u7) ...
Oct 30 10:13:23 debootstrap: dpkg: libc6:i386: dependency problems, but configuring anyway as you requested:
Oct 30 10:13:23 debootstrap:  libc6:i386 depends on libgcc-s1; however:
Oct 30 10:13:23 debootstrap:   Package libgcc-s1 is not installed.
Oct 30 10:13:23 debootstrap: 
Oct 30 10:13:24 debootstrap: Selecting previously unselected package perl-base.
Oct 30 10:13:24 debootstrap: dpkg: regarding .../perl-base_5.36.0-7+deb12u1_i386.deb containing perl-base, pre-dependency problem:
Oct 30 10:13:24 debootstrap:  perl-base pre-depends on libcrypt1 (>= 1:4.1.0)
Oct 30 10:13:24 debootstrap:   libcrypt1 is not installed.
Oct 30 10:13:24 debootstrap: 
Oct 30 10:13:24 debootstrap: dpkg: warning: ignoring pre-dependency problem!
Oct 30 10:13:24 debootstrap: (Reading database ... 711 files and directories currently installed.)
Oct 30 10:13:24 debootstrap: Preparing to unpack .../perl-base_5.36.0-7+deb12u1_i386.deb ...
Oct 30 10:13:24 debootstrap: Unpacking perl-base (5.36.0-7+deb12u1) ...
Oct 30 10:13:25 debootstrap: Setting up perl-base (5.36.0-7+deb12u1) ...
Oct 30 10:13:25 debootstrap: dpkg: perl-base: dependency problems, but configuring anyway as you requested:
Oct 30 10:13:25 debootstrap:  perl-base depends on libcrypt1 (>= 1:4.1.0); however:
Oct 30 10:13:25 debootstrap:   Package libcrypt1 is not installed.
Oct 30 10:13:25 debootstrap: 
Oct 30 10:13:26 debootstrap: Selecting previously unselected package mawk.
Oct 30 10:13:26 debootstrap: (Reading database ... 1439 files and directories currently installed.)
Oct 30 10:13:26 debootstrap: Preparing to unpack .../mawk_1.3.4.20200120-3.1_i386.deb ...
Oct 30 10:13:26 debootstrap: Unpacking mawk (1.3.4.20200120-3.1) ...
Oct 30 10:13:26 debootstrap: Setting up mawk (1.3.4.20200120-3.1) ...
Oct 30 10:13:26 debootstrap: update-alternatives: using /usr/bin/mawk to provide /usr/bin/awk (awk) in auto mode
Oct 30 10:13:26 debootstrap: Selecting previously unselected package debconf.
Oct 30 10:13:26 debootstrap: (Reading database ... 1458 files and directories currently installed.)
Oct 30 10:13:26 debootstrap: Preparing to unpack .../debconf_1.5.82_all.deb ...
Oct 30 10:13:26 debootstrap: Unpacking debconf (1.5.82) ...
Oct 30 10:13:26 debootstrap: Setting up debconf (1.5.82) ...
Oct 30 10:13:27 debootstrap: (Reading database ... 1618 files and directories currently installed.)
Oct 30 10:13:27 debootstrap: Preparing to unpack .../base-files_12.4+deb12u6_i386.deb ...
Oct 30 10:13:27 debootstrap: Unpacking base-files (12.4+deb12u6) over (12.4+deb12u6) ...
Oct 30 10:13:27 debootstrap: Preparing to unpack .../base-passwd_3.6.1_i386.deb ...
Oct 30 10:13:27 debootstrap: Unpacking base-passwd (3.6.1) over (3.6.1) ...
Oct 30 10:13:27 debootstrap: Selecting previously unselected package bash.
Oct 30 10:13:27 debootstrap: dpkg: regarding .../bash_5.2.15-2+b7_i386.deb containing bash, pre-dependency problem:
Oct 30 10:13:27 debootstrap:  bash pre-depends on libtinfo6 (>= 6)
Oct 30 10:13:27 debootstrap:   libtinfo6 is not installed.
Oct 30 10:13:27 debootstrap: 
Oct 30 10:13:27 debootstrap: dpkg: warning: ignoring pre-dependency problem!
Oct 30 10:13:27 debootstrap: Preparing to unpack .../bash_5.2.15-2+b7_i386.deb ...
Oct 30 10:13:27 debootstrap: Unpacking bash (5.2.15-2+b7) ...
Oct 30 10:13:28 debootstrap: Selecting previously unselected package bsdutils.
Oct 30 10:13:28 debootstrap: dpkg: regarding .../bsdutils_1%3a2.38.1-5+deb12u1_i386.deb containing bsdutils, pre-dependency problem:
Oct 30 10:13:28 debootstrap:  bsdutils pre-depends on libsystemd0
Oct 30 10:13:28 debootstrap:   libsystemd0 is not installed.
Oct 30 10:13:28 debootstrap: 
Oct 30 10:13:28 debootstrap: dpkg: warning: ignoring pre-dependency problem!
Oct 30 10:13:28 debootstrap: Preparing to unpack .../bsdutils_1%3a2.38.1-5+deb12u1_i386.deb ...
Oct 30 10:13:28 debootstrap: Unpacking bsdutils (1:2.38.1-5+deb12u1) ...
Oct 30 10:13:28 debootstrap: Selecting previously unselected package coreutils.
Oct 30 10:13:28 debootstrap: dpkg: regarding .../coreutils_9.1-1_i386.deb containing coreutils, pre-dependency problem:
Oct 30 10:13:28 debootstrap:  coreutils pre-depends on libacl1 (>= 2.2.23)
Oct 30 10:13:28 debootstrap:   libacl1 is not installed.
Oct 30 10:13:28 debootstrap: 
Oct 30 10:13:28 debootstrap: dpkg: warning: ignoring pre-dependency problem!
Oct 30 10:13:28 debootstrap: dpkg: regarding .../coreutils_9.1-1_i386.deb containing coreutils, pre-dependency problem:
Oct 30 10:13:28 debootstrap:  coreutils pre-depends on libattr1 (>= 1:2.4.44)
Oct 30 10:13:28 debootstrap:   libattr1 is not installed.
Oct 30 10:13:28 debootstrap: 
Oct 30 10:13:28 debootstrap: dpkg: warning: ignoring pre-dependency problem!
Oct 30 10:13:28 debootstrap: dpkg: regarding .../coreutils_9.1-1_i386.deb containing coreutils, pre-dependency problem:
Oct 30 10:13:28 debootstrap:  coreutils pre-depends on libgmp10 (>= 2:6.2.1+dfsg1)
Oct 30 10:13:28 debootstrap:   libgmp10 is not installed.
Oct 30 10:13:28 debootstrap: 
Oct 30 10:13:28 debootstrap: dpkg: warning: ignoring pre-dependency problem!
Oct 30 10:13:28 debootstrap: dpkg: regarding .../coreutils_9.1-1_i386.deb containing coreutils, pre-dependency problem:
Oct 30 10:13:28 debootstrap:  coreutils pre-depends on libselinux1 (>= 3.1~)
Oct 30 10:13:28 debootstrap:   libselinux1 is not installed.
Oct 30 10:13:28 debootstrap: 
Oct 30 10:13:28 debootstrap: dpkg: warning: ignoring pre-dependency problem!
Oct 30 10:13:28 debootstrap: Preparing to unpack .../coreutils_9.1-1_i386.deb ...
Oct 30 10:13:28 debootstrap: Unpacking coreutils (9.1-1) ...
Oct 30 10:13:29 debootstrap: Selecting previously unselected package dash.
Oct 30 10:13:29 debootstrap: Preparing to unpack .../dash_0.5.12-2_i386.deb ...
Oct 30 10:13:29 debootstrap: Unpacking dash (0.5.12-2) ...
Oct 30 10:13:29 debootstrap: Preparing to unpack .../debconf_1.5.82_all.deb ...
Oct 30 10:13:29 debootstrap: Unpacking debconf (1.5.82) over (1.5.82) ...
Oct 30 10:13:30 debootstrap: Selecting previously unselected package debianutils.
Oct 30 10:13:30 debootstrap: Preparing to unpack .../debianutils_5.7-0.5~deb12u1_i386.deb ...
Oct 30 10:13:30 debootstrap: Unpacking debianutils (5.7-0.5~deb12u1) ...
Oct 30 10:13:30 debootstrap: Selecting previously unselected package diffutils.
Oct 30 10:13:30 debootstrap: Preparing to unpack .../diffutils_1%3a3.8-4_i386.deb ...
Oct 30 10:13:30 debootstrap: Unpacking diffutils (1:3.8-4) ...
Oct 30 10:13:30 debootstrap: dpkg: regarding .../archives/dpkg_1.21.22_i386.deb containing dpkg, pre-dependency problem:
Oct 30 10:13:30 debootstrap:  dpkg pre-depends on libbz2-1.0
Oct 30 10:13:30 debootstrap:   libbz2-1.0 is not installed.
Oct 30 10:13:30 debootstrap: 
Oct 30 10:13:30 debootstrap: dpkg: warning: ignoring pre-dependency problem!
Oct 30 10:13:30 debootstrap: dpkg: regarding .../archives/dpkg_1.21.22_i386.deb containing dpkg, pre-dependency problem:
Oct 30 10:13:30 debootstrap:  dpkg pre-depends on liblzma5 (>= 5.4.0)
Oct 30 10:13:30 debootstrap:   liblzma5 is not installed.
Oct 30 10:13:30 debootstrap: 
Oct 30 10:13:30 debootstrap: dpkg: warning: ignoring pre-dependency problem!
Oct 30 10:13:30 debootstrap: dpkg: regarding .../archives/dpkg_1.21.22_i386.deb containing dpkg, pre-dependency problem:
Oct 30 10:13:30 debootstrap:  dpkg pre-depends on libmd0 (>= 0.0.0)
Oct 30 10:13:30 debootstrap:   libmd0 is not installed.
Oct 30 10:13:30 debootstrap: 
Oct 30 10:13:30 debootstrap: dpkg: warning: ignoring pre-dependency problem!
Oct 30 10:13:30 debootstrap: dpkg: regarding .../archives/dpkg_1.21.22_i386.deb containing dpkg, pre-dependency problem:
Oct 30 10:13:30 debootstrap:  dpkg pre-depends on libselinux1 (>= 3.1~)
Oct 30 10:13:30 debootstrap:   libselinux1 is not installed.
Oct 30 10:13:30 debootstrap: 
Oct 30 10:13:30 debootstrap: dpkg: warning: ignoring pre-dependency problem!
Oct 30 10:13:30 debootstrap: dpkg: regarding .../archives/dpkg_1.21.22_i386.deb containing dpkg, pre-dependency problem:
Oct 30 10:13:30 debootstrap:  dpkg pre-depends on libzstd1 (>= 1.5.2)
Oct 30 10:13:30 debootstrap:   libzstd1 is not installed.
Oct 30 10:13:30 debootstrap: 
Oct 30 10:13:30 debootstrap: dpkg: warning: ignoring pre-dependency problem!
Oct 30 10:13:30 debootstrap: dpkg: regarding .../archives/dpkg_1.21.22_i386.deb containing dpkg, pre-dependency problem:
Oct 30 10:13:30 debootstrap:  dpkg pre-depends on zlib1g (>= 1:1.1.4)
Oct 30 10:13:30 debootstrap:   zlib1g is not installed.
Oct 30 10:13:30 debootstrap: 
Oct 30 10:13:30 debootstrap: dpkg: warning: ignoring pre-dependency problem!
Oct 30 10:13:30 debootstrap: Preparing to unpack .../archives/dpkg_1.21.22_i386.deb ...
Oct 30 10:13:30 debootstrap: Unpacking dpkg (1.21.22) over (1.21.22) ...
Oct 30 10:13:31 debootstrap: Selecting previously unselected package e2fsprogs.
Oct 30 10:13:31 debootstrap: dpkg: regarding .../e2fsprogs_1.47.0-2_i386.deb containing e2fsprogs, pre-dependency problem:
Oct 30 10:13:31 debootstrap:  e2fsprogs pre-depends on libblkid1 (>= 2.36)
Oct 30 10:13:31 debootstrap:   libblkid1 is not installed.
Oct 30 10:13:31 debootstrap: 
Oct 30 10:13:31 debootstrap: dpkg: warning: ignoring pre-dependency problem!
Oct 30 10:13:31 debootstrap: dpkg: regarding .../e2fsprogs_1.47.0-2_i386.deb containing e2fsprogs, pre-dependency problem:
Oct 30 10:13:31 debootstrap:  e2fsprogs pre-depends on libcom-err2 (>= 1.43.9)
Oct 30 10:13:31 debootstrap:   libcom-err2 is not installed.
Oct 30 10:13:31 debootstrap: 
Oct 30 10:13:31 debootstrap: dpkg: warning: ignoring pre-dependency problem!
Oct 30 10:13:31 debootstrap: dpkg: regarding .../e2fsprogs_1.47.0-2_i386.deb containing e2fsprogs, pre-dependency problem:
Oct 30 10:13:31 debootstrap:  e2fsprogs pre-depends on libext2fs2 (= 1.47.0-2)
Oct 30 10:13:31 debootstrap:   libext2fs2 is not installed.
Oct 30 10:13:31 debootstrap: 
Oct 30 10:13:31 debootstrap: dpkg: warning: ignoring pre-dependency problem!
Oct 30 10:13:31 debootstrap: dpkg: regarding .../e2fsprogs_1.47.0-2_i386.deb containing e2fsprogs, pre-dependency problem:
Oct 30 10:13:31 debootstrap:  e2fsprogs pre-depends on libss2 (>= 1.38)
Oct 30 10:13:31 debootstrap:   libss2 is not installed.
Oct 30 10:13:31 debootstrap: 
Oct 30 10:13:31 debootstrap: dpkg: warning: ignoring pre-dependency problem!
Oct 30 10:13:31 debootstrap: dpkg: regarding .../e2fsprogs_1.47.0-2_i386.deb containing e2fsprogs, pre-dependency problem:
Oct 30 10:13:31 debootstrap:  e2fsprogs pre-depends on libuuid1 (>= 2.16)
Oct 30 10:13:31 debootstrap:   libuuid1 is not installed.
Oct 30 10:13:31 debootstrap: 
Oct 30 10:13:31 debootstrap: dpkg: warning: ignoring pre-dependency problem!
Oct 30 10:13:31 debootstrap: Preparing to unpack .../e2fsprogs_1.47.0-2_i386.deb ...
Oct 30 10:13:31 debootstrap: Unpacking e2fsprogs (1.47.0-2) ...
Oct 30 10:13:31 debootstrap: Selecting previously unselected package findutils.
Oct 30 10:13:31 debootstrap: dpkg: regarding .../findutils_4.9.0-4_i386.deb containing findutils, pre-dependency problem:
Oct 30 10:13:31 debootstrap:  findutils pre-depends on libselinux1 (>= 3.1~)
Oct 30 10:13:31 debootstrap:   libselinux1 is not installed.
Oct 30 10:13:31 debootstrap: 
Oct 30 10:13:31 debootstrap: dpkg: warning: ignoring pre-dependency problem!
Oct 30 10:13:31 debootstrap: Preparing to unpack .../findutils_4.9.0-4_i386.deb ...
Oct 30 10:13:31 debootstrap: Unpacking findutils (4.9.0-4) ...
Oct 30 10:13:32 debootstrap: Selecting previously unselected package gcc-12-base:i386.
Oct 30 10:13:32 debootstrap: Preparing to unpack .../gcc-12-base_12.2.0-14_i386.deb ...
Oct 30 10:13:32 debootstrap: Unpacking gcc-12-base:i386 (12.2.0-14) ...
Oct 30 10:13:32 debootstrap: Selecting previously unselected package grep.
Oct 30 10:13:32 debootstrap: dpkg: regarding .../archives/grep_3.8-5_i386.deb containing grep, pre-dependency problem:
Oct 30 10:13:32 debootstrap:  grep pre-depends on libpcre2-8-0 (>= 10.32)
Oct 30 10:13:32 debootstrap:   libpcre2-8-0 is not installed.
Oct 30 10:13:32 debootstrap: 
Oct 30 10:13:32 debootstrap: dpkg: warning: ignoring pre-dependency problem!
Oct 30 10:13:32 debootstrap: Preparing to unpack .../archives/grep_3.8-5_i386.deb ...
Oct 30 10:13:32 debootstrap: Unpacking grep (3.8-5) ...
Oct 30 10:13:32 debootstrap: Selecting previously unselected package gzip.
Oct 30 10:13:32 debootstrap: Preparing to unpack .../archives/gzip_1.12-1_i386.deb ...
Oct 30 10:13:32 debootstrap: Unpacking gzip (1.12-1) ...
Oct 30 10:13:32 debootstrap: Selecting previously unselected package hostname.
Oct 30 10:13:32 debootstrap: Preparing to unpack .../hostname_3.23+nmu1_i386.deb ...
Oct 30 10:13:32 debootstrap: Unpacking hostname (3.23+nmu1) ...
Oct 30 10:13:32 debootstrap: Selecting previously unselected package init-system-helpers.
Oct 30 10:13:32 debootstrap: Preparing to unpack .../init-system-helpers_1.65.2_all.deb ...
Oct 30 10:13:32 debootstrap: Unpacking init-system-helpers (1.65.2) ...
Oct 30 10:13:32 debootstrap: Selecting previously unselected package libacl1:i386.
Oct 30 10:13:32 debootstrap: Preparing to unpack .../libacl1_2.3.1-3_i386.deb ...
Oct 30 10:13:32 debootstrap: Unpacking libacl1:i386 (2.3.1-3) ...
Oct 30 10:13:32 debootstrap: Selecting previously unselected package libattr1:i386.
Oct 30 10:13:32 debootstrap: Preparing to unpack .../libattr1_1%3a2.5.1-4_i386.deb ...
Oct 30 10:13:32 debootstrap: Unpacking libattr1:i386 (1:2.5.1-4) ...
Oct 30 10:13:33 debootstrap: Selecting previously unselected package libaudit-common.
Oct 30 10:13:33 debootstrap: Preparing to unpack .../libaudit-common_1%3a3.0.9-1_all.deb ...
Oct 30 10:13:33 debootstrap: Unpacking libaudit-common (1:3.0.9-1) ...
Oct 30 10:13:33 debootstrap: Selecting previously unselected package libaudit1:i386.
Oct 30 10:13:33 debootstrap: Preparing to unpack .../libaudit1_1%3a3.0.9-1_i386.deb ...
Oct 30 10:13:33 debootstrap: Unpacking libaudit1:i386 (1:3.0.9-1) ...
Oct 30 10:13:33 debootstrap: Selecting previously unselected package libblkid1:i386.
Oct 30 10:13:33 debootstrap: Preparing to unpack .../libblkid1_2.38.1-5+deb12u1_i386.deb ...
Oct 30 10:13:33 debootstrap: Unpacking libblkid1:i386 (2.38.1-5+deb12u1) ...
Oct 30 10:13:33 debootstrap: Selecting previously unselected package libbz2-1.0:i386.
Oct 30 10:13:33 debootstrap: Preparing to unpack .../libbz2-1.0_1.0.8-5+b1_i386.deb ...
Oct 30 10:13:33 debootstrap: Unpacking libbz2-1.0:i386 (1.0.8-5+b1) ...
Oct 30 10:13:33 debootstrap: Selecting previously unselected package libc-bin.
Oct 30 10:13:33 debootstrap: Preparing to unpack .../libc-bin_2.36-9+deb12u7_i386.deb ...
Oct 30 10:13:33 debootstrap: Unpacking libc-bin (2.36-9+deb12u7) ...
Oct 30 10:13:34 debootstrap: Preparing to unpack .../libc6_2.36-9+deb12u7_i386.deb ...
Oct 30 10:13:34 debootstrap: Unpacking libc6:i386 (2.36-9+deb12u7) over (2.36-9+deb12u7) ...
Oct 30 10:13:35 debootstrap: Selecting previously unselected package libcap-ng0:i386.
Oct 30 10:13:35 debootstrap: Preparing to unpack .../libcap-ng0_0.8.3-1+b3_i386.deb ...
Oct 30 10:13:35 debootstrap: Unpacking libcap-ng0:i386 (0.8.3-1+b3) ...
Oct 30 10:13:35 debootstrap: Selecting previously unselected package libcap2:i386.
Oct 30 10:13:35 debootstrap: Preparing to unpack .../libcap2_1%3a2.66-4_i386.deb ...
Oct 30 10:13:35 debootstrap: Unpacking libcap2:i386 (1:2.66-4) ...
Oct 30 10:13:35 debootstrap: Selecting previously unselected package libcom-err2:i386.
Oct 30 10:13:35 debootstrap: Preparing to unpack .../libcom-err2_1.47.0-2_i386.deb ...
Oct 30 10:13:35 debootstrap: Unpacking libcom-err2:i386 (1.47.0-2) ...
Oct 30 10:13:36 debootstrap: Selecting previously unselected package libcrypt1:i386.
Oct 30 10:13:36 debootstrap: Preparing to unpack .../libcrypt1_1%3a4.4.33-2_i386.deb ...
Oct 30 10:13:36 debootstrap: Unpacking libcrypt1:i386 (1:4.4.33-2) ...
Oct 30 10:13:36 debootstrap: Selecting previously unselected package libdb5.3:i386.
Oct 30 10:13:36 debootstrap: Preparing to unpack .../libdb5.3_5.3.28+dfsg2-1_i386.deb ...
Oct 30 10:13:36 debootstrap: Unpacking libdb5.3:i386 (5.3.28+dfsg2-1) ...
Oct 30 10:13:36 debootstrap: Selecting previously unselected package libdebconfclient0:i386.
Oct 30 10:13:36 debootstrap: Preparing to unpack .../libdebconfclient0_0.270_i386.deb ...
Oct 30 10:13:36 debootstrap: Unpacking libdebconfclient0:i386 (0.270) ...
Oct 30 10:13:36 debootstrap: Selecting previously unselected package libext2fs2:i386.
Oct 30 10:13:36 debootstrap: Preparing to unpack .../libext2fs2_1.47.0-2_i386.deb ...
Oct 30 10:13:36 debootstrap: Unpacking libext2fs2:i386 (1.47.0-2) ...
Oct 30 10:13:36 debootstrap: Selecting previously unselected package libgcc-s1:i386.
Oct 30 10:13:36 debootstrap: Preparing to unpack .../libgcc-s1_12.2.0-14_i386.deb ...
Oct 30 10:13:36 debootstrap: Unpacking libgcc-s1:i386 (12.2.0-14) ...
Oct 30 10:13:36 debootstrap: Selecting previously unselected package libgcrypt20:i386.
Oct 30 10:13:36 debootstrap: Preparing to unpack .../libgcrypt20_1.10.1-3_i386.deb ...
Oct 30 10:13:37 debootstrap: Unpacking libgcrypt20:i386 (1.10.1-3) ...
Oct 30 10:13:37 debootstrap: Selecting previously unselected package libgmp10:i386.
Oct 30 10:13:37 debootstrap: Preparing to unpack .../libgmp10_2%3a6.2.1+dfsg1-1.1_i386.deb ...
Oct 30 10:13:37 debootstrap: Unpacking libgmp10:i386 (2:6.2.1+dfsg1-1.1) ...
Oct 30 10:13:37 debootstrap: Selecting previously unselected package libgpg-error0:i386.
Oct 30 10:13:37 debootstrap: Preparing to unpack .../libgpg-error0_1.46-1_i386.deb ...
Oct 30 10:13:37 debootstrap: Unpacking libgpg-error0:i386 (1.46-1) ...
Oct 30 10:13:37 debootstrap: Selecting previously unselected package liblocale-gettext-perl.
Oct 30 10:13:37 debootstrap: Preparing to unpack .../liblocale-gettext-perl_1.07-5_i386.deb ...
Oct 30 10:13:37 debootstrap: Unpacking liblocale-gettext-perl (1.07-5) ...
Oct 30 10:13:37 debootstrap: Selecting previously unselected package liblz4-1:i386.
Oct 30 10:13:37 debootstrap: Preparing to unpack .../liblz4-1_1.9.4-1_i386.deb ...
Oct 30 10:13:37 debootstrap: Unpacking liblz4-1:i386 (1.9.4-1) ...
Oct 30 10:13:37 debootstrap: Selecting previously unselected package liblzma5:i386.
Oct 30 10:13:37 debootstrap: Preparing to unpack .../liblzma5_5.4.1-0.2_i386.deb ...
Oct 30 10:13:37 debootstrap: Unpacking liblzma5:i386 (5.4.1-0.2) ...
Oct 30 10:13:38 debootstrap: Selecting previously unselected package libmd0:i386.
Oct 30 10:13:38 debootstrap: Preparing to unpack .../libmd0_1.0.4-2_i386.deb ...
Oct 30 10:13:38 debootstrap: Unpacking libmd0:i386 (1.0.4-2) ...
Oct 30 10:13:38 debootstrap: Selecting previously unselected package libmount1:i386.
Oct 30 10:13:38 debootstrap: Preparing to unpack .../libmount1_2.38.1-5+deb12u1_i386.deb ...
Oct 30 10:13:38 debootstrap: Unpacking libmount1:i386 (2.38.1-5+deb12u1) ...
Oct 30 10:13:38 debootstrap: Selecting previously unselected package libpam-modules:i386.
Oct 30 10:13:38 debootstrap: dpkg: regarding .../libpam-modules_1.5.2-6+deb12u1_i386.deb containing libpam-modules:i386, pre-dependency problem:
Oct 30 10:13:38 debootstrap:  libpam-modules pre-depends on libaudit1 (>= 1:2.2.1)
Oct 30 10:13:38 debootstrap:   libaudit1:i386 is unpacked, but has never been configured.
Oct 30 10:13:38 debootstrap: 
Oct 30 10:13:38 debootstrap: dpkg: warning: ignoring pre-dependency problem!
Oct 30 10:13:38 debootstrap: dpkg: regarding .../libpam-modules_1.5.2-6+deb12u1_i386.deb containing libpam-modules:i386, pre-dependency problem:
Oct 30 10:13:38 debootstrap:  libpam-modules pre-depends on libcrypt1 (>= 1:4.3.0)
Oct 30 10:13:38 debootstrap:   libcrypt1:i386 is unpacked, but has never been configured.
Oct 30 10:13:38 debootstrap: 
Oct 30 10:13:38 debootstrap: dpkg: warning: ignoring pre-dependency problem!
Oct 30 10:13:38 debootstrap: dpkg: regarding .../libpam-modules_1.5.2-6+deb12u1_i386.deb containing libpam-modules:i386, pre-dependency problem:
Oct 30 10:13:38 debootstrap:  libpam-modules pre-depends on libdb5.3
Oct 30 10:13:38 debootstrap:   libdb5.3:i386 is unpacked, but has never been configured.
Oct 30 10:13:38 debootstrap: 
Oct 30 10:13:38 debootstrap: dpkg: warning: ignoring pre-dependency problem!
Oct 30 10:13:38 debootstrap: dpkg: regarding .../libpam-modules_1.5.2-6+deb12u1_i386.deb containing libpam-modules:i386, pre-dependency problem:
Oct 30 10:13:38 debootstrap:  libpam-modules pre-depends on libpam0g (>= 1.4.1)
Oct 30 10:13:38 debootstrap:   libpam0g is not installed.
Oct 30 10:13:38 debootstrap: 
Oct 30 10:13:38 debootstrap: dpkg: warning: ignoring pre-dependency problem!
Oct 30 10:13:38 debootstrap: dpkg: regarding .../libpam-modules_1.5.2-6+deb12u1_i386.deb containing libpam-modules:i386, pre-dependency problem:
Oct 30 10:13:38 debootstrap:  libpam-modules pre-depends on libselinux1 (>= 3.1~)
Oct 30 10:13:38 debootstrap:   libselinux1 is not installed.
Oct 30 10:13:38 debootstrap: 
Oct 30 10:13:38 debootstrap: dpkg: warning: ignoring pre-dependency problem!
Oct 30 10:13:38 debootstrap: dpkg: regarding .../libpam-modules_1.5.2-6+deb12u1_i386.deb containing libpam-modules:i386, pre-dependency problem:
Oct 30 10:13:38 debootstrap:  libpam-modules pre-depends on libpam-modules-bin (= 1.5.2-6+deb12u1)
Oct 30 10:13:38 debootstrap:   libpam-modules-bin is not installed.
Oct 30 10:13:38 debootstrap: 
Oct 30 10:13:38 debootstrap: dpkg: warning: ignoring pre-dependency problem!
Oct 30 10:13:38 debootstrap: Preparing to unpack .../libpam-modules_1.5.2-6+deb12u1_i386.deb ...
Oct 30 10:13:38 debootstrap: Unpacking libpam-modules:i386 (1.5.2-6+deb12u1) ...
Oct 30 10:13:38 debootstrap: Selecting previously unselected package libpam-modules-bin.
Oct 30 10:13:38 debootstrap: Preparing to unpack .../libpam-modules-bin_1.5.2-6+deb12u1_i386.deb ...
Oct 30 10:13:38 debootstrap: Unpacking libpam-modules-bin (1.5.2-6+deb12u1) ...
Oct 30 10:13:39 debootstrap: Selecting previously unselected package libpam-runtime.
Oct 30 10:13:39 debootstrap: Preparing to unpack .../libpam-runtime_1.5.2-6+deb12u1_all.deb ...
Oct 30 10:13:39 debootstrap: Unpacking libpam-runtime (1.5.2-6+deb12u1) ...
Oct 30 10:13:39 debootstrap: Selecting previously unselected package libpam0g:i386.
Oct 30 10:13:39 debootstrap: Preparing to unpack .../libpam0g_1.5.2-6+deb12u1_i386.deb ...
Oct 30 10:13:39 debootstrap: Unpacking libpam0g:i386 (1.5.2-6+deb12u1) ...
Oct 30 10:13:39 debootstrap: Selecting previously unselected package libpcre2-8-0:i386.
Oct 30 10:13:39 debootstrap: Preparing to unpack .../libpcre2-8-0_10.42-1_i386.deb ...
Oct 30 10:13:39 debootstrap: Unpacking libpcre2-8-0:i386 (10.42-1) ...
Oct 30 10:13:39 debootstrap: Selecting previously unselected package libselinux1:i386.
Oct 30 10:13:39 debootstrap: Preparing to unpack .../libselinux1_3.4-1+b6_i386.deb ...
Oct 30 10:13:39 debootstrap: Unpacking libselinux1:i386 (3.4-1+b6) ...
Oct 30 10:13:39 debootstrap: Selecting previously unselected package libsemanage-common.
Oct 30 10:13:39 debootstrap: Preparing to unpack .../libsemanage-common_3.4-1_all.deb ...
Oct 30 10:13:39 debootstrap: Unpacking libsemanage-common (3.4-1) ...
Oct 30 10:13:40 debootstrap: Selecting previously unselected package libsemanage2:i386.
Oct 30 10:13:40 debootstrap: Preparing to unpack .../libsemanage2_3.4-1+b5_i386.deb ...
Oct 30 10:13:40 debootstrap: Unpacking libsemanage2:i386 (3.4-1+b5) ...
Oct 30 10:13:40 debootstrap: Selecting previously unselected package libsepol2:i386.
Oct 30 10:13:40 debootstrap: Preparing to unpack .../libsepol2_3.4-2.1_i386.deb ...
Oct 30 10:13:40 debootstrap: Unpacking libsepol2:i386 (3.4-2.1) ...
Oct 30 10:13:40 debootstrap: Selecting previously unselected package libsmartcols1:i386.
Oct 30 10:13:40 debootstrap: Preparing to unpack .../libsmartcols1_2.38.1-5+deb12u1_i386.deb ...
Oct 30 10:13:40 debootstrap: Unpacking libsmartcols1:i386 (2.38.1-5+deb12u1) ...
Oct 30 10:13:40 debootstrap: Selecting previously unselected package libss2:i386.
