2024-10-30T14:28:29.194030+04:00 q4os-desktop kernel: [    0.000000] Linux version 6.1.0-22-686-pae (debian-kernel@lists.debian.org) (gcc-12 (Debian 12.2.0-14) 12.2.0, GNU ld (GNU Binutils for Debian) 2.40) #1 SMP PREEMPT_DYNAMIC Debian 6.1.94-1 (2024-06-21)
2024-10-30T14:28:29.194899+04:00 q4os-desktop kernel: [    0.000000] BIOS-provided physical RAM map:
2024-10-30T14:28:29.194916+04:00 q4os-desktop kernel: [    0.000000] BIOS-e820: [mem 0x0000000000000000-0x000000000009fbff] usable
2024-10-30T14:28:29.194921+04:00 q4os-desktop kernel: [    0.000000] BIOS-e820: [mem 0x000000000009fc00-0x000000000009ffff] reserved
2024-10-30T14:28:29.195017+04:00 q4os-desktop kernel: [    0.000000] BIOS-e820: [mem 0x00000000000f0000-0x00000000000fffff] reserved
2024-10-30T14:28:29.195026+04:00 q4os-desktop kernel: [    0.000000] BIOS-e820: [mem 0x0000000000100000-0x0000000013fdffff] usable
2024-10-30T14:28:29.195030+04:00 q4os-desktop kernel: [    0.000000] BIOS-e820: [mem 0x0000000013fe0000-0x0000000013ffffff] reserved
2024-10-30T14:28:29.195034+04:00 q4os-desktop kernel: [    0.000000] BIOS-e820: [mem 0x00000000feffc000-0x00000000feffffff] reserved
2024-10-30T14:28:29.195038+04:00 q4os-desktop kernel: [    0.000000] BIOS-e820: [mem 0x00000000fffc0000-0x00000000ffffffff] reserved
2024-10-30T14:28:29.195042+04:00 q4os-desktop kernel: [    0.000000] NX (Execute Disable) protection: active
2024-10-30T14:28:29.195045+04:00 q4os-desktop kernel: [    0.000000] SMBIOS 3.0.0 present.
2024-10-30T14:28:29.195049+04:00 q4os-desktop kernel: [    0.000000] DMI: QEMU Standard PC (i440FX + PIIX, 1996), BIOS 1.16.3-2.fc40 04/01/2014
2024-10-30T14:28:29.195074+04:00 q4os-desktop kernel: [    0.000000] Hypervisor detected: KVM
2024-10-30T14:28:29.195080+04:00 q4os-desktop kernel: [    0.000000] kvm-clock: Using msrs 4b564d01 and 4b564d00
2024-10-30T14:28:29.195084+04:00 q4os-desktop kernel: [    0.000006] kvm-clock: using sched offset of 28334365066 cycles
2024-10-30T14:28:29.195088+04:00 q4os-desktop kernel: [    0.000011] clocksource: kvm-clock: mask: 0xffffffffffffffff max_cycles: 0x1cd42e4dffb, max_idle_ns: 881590591483 ns
2024-10-30T14:28:29.195093+04:00 q4os-desktop kernel: [    0.000022] tsc: Detected 2496.004 MHz processor
2024-10-30T14:28:29.195097+04:00 q4os-desktop kernel: [    0.001884] e820: update [mem 0x00000000-0x00000fff] usable ==> reserved
2024-10-30T14:28:29.195101+04:00 q4os-desktop kernel: [    0.001891] e820: remove [mem 0x000a0000-0x000fffff] usable
2024-10-30T14:28:29.195125+04:00 q4os-desktop kernel: [    0.001921] last_pfn = 0x13fe0 max_arch_pfn = 0x1000000
2024-10-30T14:28:29.195130+04:00 q4os-desktop kernel: [    0.002035] x86/PAT: Configuration [0-7]: WB  WC  UC- UC  WB  WP  UC- WT  
2024-10-30T14:28:29.195134+04:00 q4os-desktop kernel: [    0.010535] found SMP MP-table at [mem 0x000f53e0-0x000f53ef]
2024-10-30T14:28:29.195138+04:00 q4os-desktop kernel: [    0.010563] initial memory mapped: [mem 0x00000000-0x063fffff]
2024-10-30T14:28:29.195142+04:00 q4os-desktop kernel: [    0.010667] RAMDISK: [mem 0x10cf7000-0x13801fff]
2024-10-30T14:28:29.195146+04:00 q4os-desktop kernel: [    0.010679] ACPI: Early table checksum verification disabled
2024-10-30T14:28:29.195150+04:00 q4os-desktop kernel: [    0.010686] ACPI: RSDP 0x00000000000F5210 000014 (v00 BOCHS )
2024-10-30T14:28:29.195154+04:00 q4os-desktop kernel: [    0.010699] ACPI: RSDT 0x0000000013FE1D5A 000030 (v01 BOCHS  BXPC     00000001 BXPC 00000001)
2024-10-30T14:28:29.195176+04:00 q4os-desktop kernel: [    0.010714] ACPI: FACP 0x0000000013FE1C0E 000074 (v01 BOCHS  BXPC     00000001 BXPC 00000001)
2024-10-30T14:28:29.195181+04:00 q4os-desktop kernel: [    0.010729] ACPI: DSDT 0x0000000013FE0040 001BCE (v01 BOCHS  BXPC     00000001 BXPC 00000001)
2024-10-30T14:28:29.195185+04:00 q4os-desktop kernel: [    0.010739] ACPI: FACS 0x0000000013FE0000 000040
2024-10-30T14:28:29.195189+04:00 q4os-desktop kernel: [    0.010748] ACPI: APIC 0x0000000013FE1C82 0000B0 (v03 BOCHS  BXPC     00000001 BXPC 00000001)
2024-10-30T14:28:29.195193+04:00 q4os-desktop kernel: [    0.010758] ACPI: WAET 0x0000000013FE1D32 000028 (v01 BOCHS  BXPC     00000001 BXPC 00000001)
2024-10-30T14:28:29.195197+04:00 q4os-desktop kernel: [    0.010765] ACPI: Reserving FACP table memory at [mem 0x13fe1c0e-0x13fe1c81]
2024-10-30T14:28:29.195200+04:00 q4os-desktop kernel: [    0.010770] ACPI: Reserving DSDT table memory at [mem 0x13fe0040-0x13fe1c0d]
2024-10-30T14:28:29.195204+04:00 q4os-desktop kernel: [    0.010772] ACPI: Reserving FACS table memory at [mem 0x13fe0000-0x13fe003f]
2024-10-30T14:28:29.195228+04:00 q4os-desktop kernel: [    0.010775] ACPI: Reserving APIC table memory at [mem 0x13fe1c82-0x13fe1d31]
2024-10-30T14:28:29.195234+04:00 q4os-desktop kernel: [    0.010777] ACPI: Reserving WAET table memory at [mem 0x13fe1d32-0x13fe1d59]
2024-10-30T14:28:29.195237+04:00 q4os-desktop kernel: [    0.010826] 0MB HIGHMEM available.
2024-10-30T14:28:29.195241+04:00 q4os-desktop kernel: [    0.010829] 319MB LOWMEM available.
2024-10-30T14:28:29.195244+04:00 q4os-desktop kernel: [    0.010832]   mapped low ram: 0 - 13fe0000
2024-10-30T14:28:29.195248+04:00 q4os-desktop kernel: [    0.010835]   low ram: 0 - 13fe0000
2024-10-30T14:28:29.195252+04:00 q4os-desktop kernel: [    0.010857] Zone ranges:
2024-10-30T14:28:29.195256+04:00 q4os-desktop kernel: [    0.010859]   DMA      [mem 0x0000000000001000-0x0000000000ffffff]
2024-10-30T14:28:29.195279+04:00 q4os-desktop kernel: [    0.010867]   Normal   [mem 0x0000000001000000-0x0000000013fdffff]
2024-10-30T14:28:29.195285+04:00 q4os-desktop kernel: [    0.010874]   HighMem  empty
2024-10-30T14:28:29.195288+04:00 q4os-desktop kernel: [    0.010877] Movable zone start for each node
2024-10-30T14:28:29.195292+04:00 q4os-desktop kernel: [    0.010879] Early memory node ranges
2024-10-30T14:28:29.195296+04:00 q4os-desktop kernel: [    0.010881]   node   0: [mem 0x0000000000001000-0x000000000009efff]
2024-10-30T14:28:29.195300+04:00 q4os-desktop kernel: [    0.010887]   node   0: [mem 0x0000000000100000-0x0000000013fdffff]
2024-10-30T14:28:29.195304+04:00 q4os-desktop kernel: [    0.010911] Initmem setup node 0 [mem 0x0000000000001000-0x0000000013fdffff]
2024-10-30T14:28:29.195308+04:00 q4os-desktop kernel: [    0.010931] On node 0, zone DMA: 1 pages in unavailable ranges
2024-10-30T14:28:29.195331+04:00 q4os-desktop kernel: [    0.011067] On node 0, zone DMA: 97 pages in unavailable ranges
2024-10-30T14:28:29.195337+04:00 q4os-desktop kernel: [    0.013977] Using APIC driver default
2024-10-30T14:28:29.195341+04:00 q4os-desktop kernel: [    0.015003] ACPI: PM-Timer IO Port: 0x608
2024-10-30T14:28:29.195345+04:00 q4os-desktop kernel: [    0.015028] ACPI: LAPIC_NMI (acpi_id[0xff] dfl dfl lint[0x1])
2024-10-30T14:28:29.195348+04:00 q4os-desktop kernel: [    0.015114] IOAPIC[0]: apic_id 0, version 17, address 0xfec00000, GSI 0-23
2024-10-30T14:28:29.195352+04:00 q4os-desktop kernel: [    0.015125] ACPI: INT_SRC_OVR (bus 0 bus_irq 0 global_irq 2 dfl dfl)
2024-10-30T14:28:29.195356+04:00 q4os-desktop kernel: [    0.015130] ACPI: INT_SRC_OVR (bus 0 bus_irq 5 global_irq 5 high level)
2024-10-30T14:28:29.195360+04:00 q4os-desktop kernel: [    0.015133] ACPI: INT_SRC_OVR (bus 0 bus_irq 9 global_irq 9 high level)
2024-10-30T14:28:29.195382+04:00 q4os-desktop kernel: [    0.015137] ACPI: INT_SRC_OVR (bus 0 bus_irq 10 global_irq 10 high level)
2024-10-30T14:28:29.195387+04:00 q4os-desktop kernel: [    0.015140] ACPI: INT_SRC_OVR (bus 0 bus_irq 11 global_irq 11 high level)
2024-10-30T14:28:29.195391+04:00 q4os-desktop kernel: [    0.015151] ACPI: Using ACPI (MADT) for SMP configuration information
2024-10-30T14:28:29.195395+04:00 q4os-desktop kernel: [    0.015154] TSC deadline timer available
2024-10-30T14:28:29.195399+04:00 q4os-desktop kernel: [    0.015157] smpboot: Allowing 8 CPUs, 0 hotplug CPUs
2024-10-30T14:28:29.195402+04:00 q4os-desktop kernel: [    0.015203] kvm-guest: KVM setup pv remote TLB flush
2024-10-30T14:28:29.195406+04:00 q4os-desktop kernel: [    0.015215] kvm-guest: setup PV sched yield
2024-10-30T14:28:29.195410+04:00 q4os-desktop kernel: [    0.015242] PM: hibernation: Registered nosave memory: [mem 0x00000000-0x00000fff]
2024-10-30T14:28:29.195437+04:00 q4os-desktop kernel: [    0.015250] PM: hibernation: Registered nosave memory: [mem 0x0009f000-0x0009ffff]
2024-10-30T14:28:29.195443+04:00 q4os-desktop kernel: [    0.015255] PM: hibernation: Registered nosave memory: [mem 0x000a0000-0x000effff]
2024-10-30T14:28:29.195447+04:00 q4os-desktop kernel: [    0.015260] PM: hibernation: Registered nosave memory: [mem 0x000f0000-0x000fffff]
2024-10-30T14:28:29.195451+04:00 q4os-desktop kernel: [    0.015267] [mem 0x14000000-0xfeffbfff] available for PCI devices
2024-10-30T14:28:29.195455+04:00 q4os-desktop kernel: [    0.015272] Booting paravirtualized kernel on KVM
2024-10-30T14:28:29.195459+04:00 q4os-desktop kernel: [    0.015278] clocksource: refined-jiffies: mask: 0xffffffff max_cycles: 0xffffffff, max_idle_ns: 7645519600211568 ns
2024-10-30T14:28:29.195464+04:00 q4os-desktop kernel: [    0.015296] setup_percpu: NR_CPUS:32 nr_cpumask_bits:8 nr_cpu_ids:8 nr_node_ids:1
2024-10-30T14:28:29.195469+04:00 q4os-desktop kernel: [    0.015543] percpu: Embedded 33 pages/cpu s103764 r0 d31404 u135168
2024-10-30T14:28:29.195503+04:00 q4os-desktop kernel: [    0.015565] pcpu-alloc: s103764 r0 d31404 u135168 alloc=33*4096
2024-10-30T14:28:29.195511+04:00 q4os-desktop kernel: [    0.015575] pcpu-alloc: [0] 0 [0] 1 [0] 2 [0] 3 [0] 4 [0] 5 [0] 6 [0] 7 
2024-10-30T14:28:29.195515+04:00 q4os-desktop kernel: [    0.015689] kvm-guest: PV spinlocks enabled
2024-10-30T14:28:29.195534+04:00 q4os-desktop kernel: [    0.015693] PV qspinlock hash table entries: 512 (order: 0, 4096 bytes, linear)
2024-10-30T14:28:29.195539+04:00 q4os-desktop kernel: [    0.015704] Built 1 zonelists, mobility grouping on.  Total pages: 80990
2024-10-30T14:28:29.195544+04:00 q4os-desktop kernel: [    0.015708] Kernel command line: BOOT_IMAGE=/boot/vmlinuz-6.1.0-22-686-pae root=UUID=04f82e4e-8c23-4584-b801-8717dced8964 ro quiet loglevel=3 systemd.log_color=0 systemd.show_status=1
2024-10-30T14:28:29.195549+04:00 q4os-desktop kernel: [    0.016063] Unknown kernel command line parameters "BOOT_IMAGE=/boot/vmlinuz-6.1.0-22-686-pae", will be passed to user space.
2024-10-30T14:28:29.195553+04:00 q4os-desktop kernel: [    0.016217] random: crng init done
2024-10-30T14:28:29.195582+04:00 q4os-desktop kernel: [    0.016258] Dentry cache hash table entries: 65536 (order: 6, 262144 bytes, linear)
2024-10-30T14:28:29.195587+04:00 q4os-desktop kernel: [    0.016282] Inode-cache hash table entries: 32768 (order: 5, 131072 bytes, linear)
2024-10-30T14:28:29.195590+04:00 q4os-desktop kernel: [    0.016520] mem auto-init: stack:all(zero), heap alloc:on, heap free:off
2024-10-30T14:28:29.195594+04:00 q4os-desktop kernel: [    0.016525] Initializing HighMem for node 0 (00000000:00000000)
2024-10-30T14:28:29.195597+04:00 q4os-desktop kernel: [    0.017535] Checking if this processor honours the WP bit even in supervisor mode...Ok.
2024-10-30T14:28:29.195601+04:00 q4os-desktop kernel: [    0.017548] Memory: 262240K/327160K available (9368K kernel code, 1261K rwdata, 3168K rodata, 920K init, 476K bss, 64920K reserved, 0K cma-reserved, 0K highmem)
2024-10-30T14:28:29.195605+04:00 q4os-desktop kernel: [    0.017851] SLUB: HWalign=64, Order=0-3, MinObjects=0, CPUs=8, Nodes=1
2024-10-30T14:28:29.195630+04:00 q4os-desktop kernel: [    0.017891] ftrace: allocating 36938 entries in 73 pages
2024-10-30T14:28:29.195636+04:00 q4os-desktop kernel: [    0.031258] ftrace: allocated 73 pages with 3 groups
2024-10-30T14:28:29.195640+04:00 q4os-desktop kernel: [    0.031363] trace event string verifier disabled
2024-10-30T14:28:29.195644+04:00 q4os-desktop kernel: [    0.031416] Dynamic Preempt: voluntary
2024-10-30T14:28:29.195647+04:00 q4os-desktop kernel: [    0.031485] rcu: Preemptible hierarchical RCU implementation.
2024-10-30T14:28:29.195650+04:00 q4os-desktop kernel: [    0.031486] rcu: 	RCU restricting CPUs from NR_CPUS=32 to nr_cpu_ids=8.
2024-10-30T14:28:29.195653+04:00 q4os-desktop kernel: [    0.031489] 	Trampoline variant of Tasks RCU enabled.
2024-10-30T14:28:29.195657+04:00 q4os-desktop kernel: [    0.031490] 	Rude variant of Tasks RCU enabled.
2024-10-30T14:28:29.195682+04:00 q4os-desktop kernel: [    0.031491] 	Tracing variant of Tasks RCU enabled.
2024-10-30T14:28:29.195688+04:00 q4os-desktop kernel: [    0.031493] rcu: RCU calculated value of scheduler-enlistment delay is 25 jiffies.
2024-10-30T14:28:29.195692+04:00 q4os-desktop kernel: [    0.031495] rcu: Adjusting geometry for rcu_fanout_leaf=16, nr_cpu_ids=8
2024-10-30T14:28:29.195696+04:00 q4os-desktop kernel: [    0.048000] NR_IRQS: 2304, nr_irqs: 488, preallocated irqs: 16
2024-10-30T14:28:29.195700+04:00 q4os-desktop kernel: [    0.048250] rcu: srcu_init: Setting srcu_struct sizes based on contention.
2024-10-30T14:28:29.195704+04:00 q4os-desktop kernel: [    0.072720] Console: colour VGA+ 80x25
2024-10-30T14:28:29.195708+04:00 q4os-desktop kernel: [    0.072757] printk: console [tty0] enabled
2024-10-30T14:28:29.195711+04:00 q4os-desktop kernel: [    0.072780] ACPI: Core revision 20220331
2024-10-30T14:28:29.195739+04:00 q4os-desktop kernel: [    0.072855] APIC: Switch to symmetric I/O mode setup
2024-10-30T14:28:29.195744+04:00 q4os-desktop kernel: [    0.072860] Enabling APIC mode:  Flat.  Using 1 I/O APICs
2024-10-30T14:28:29.195748+04:00 q4os-desktop kernel: [    0.072870] kvm-guest: setup PV IPIs
2024-10-30T14:28:29.196107+04:00 q4os-desktop kernel: [    0.074975] clocksource: tsc-early: mask: 0xffffffffffffffff max_cycles: 0x23fa7af7c80, max_idle_ns: 440795241955 ns
2024-10-30T14:28:29.196120+04:00 q4os-desktop kernel: [    0.074993] Calibrating delay loop (skipped) preset value.. 4992.00 BogoMIPS (lpj=9984016)
2024-10-30T14:28:29.196123+04:00 q4os-desktop kernel: [    0.075251] x86/cpu: User Mode Instruction Prevention (UMIP) activated
2024-10-30T14:28:29.196126+04:00 q4os-desktop kernel: [    0.075464] Last level iTLB entries: 4KB 0, 2MB 0, 4MB 0
2024-10-30T14:28:29.196130+04:00 q4os-desktop kernel: [    0.075470] Last level dTLB entries: 4KB 0, 2MB 0, 4MB 0, 1GB 0
2024-10-30T14:28:29.196182+04:00 q4os-desktop kernel: [    0.075491] Spectre V1 : Mitigation: usercopy/swapgs barriers and __user pointer sanitization
2024-10-30T14:28:29.196188+04:00 q4os-desktop kernel: [    0.075505] Spectre V2 : Mitigation: Enhanced / Automatic IBRS
2024-10-30T14:28:29.196192+04:00 q4os-desktop kernel: [    0.075509] Spectre V2 : Spectre v2 / SpectreRSB mitigation: Filling RSB on context switch
2024-10-30T14:28:29.196196+04:00 q4os-desktop kernel: [    0.075513] Spectre V2 : Spectre v2 / PBRSB-eIBRS: Retire a single CALL on VMEXIT
2024-10-30T14:28:29.196201+04:00 q4os-desktop kernel: [    0.075516] RETBleed: Mitigation: Enhanced IBRS
2024-10-30T14:28:29.196205+04:00 q4os-desktop kernel: [    0.075523] Spectre V2 : mitigation: Enabling conditional Indirect Branch Prediction Barrier
2024-10-30T14:28:29.196209+04:00 q4os-desktop kernel: [    0.075532] Speculative Store Bypass: Mitigation: Speculative Store Bypass disabled via prctl
2024-10-30T14:28:29.196212+04:00 q4os-desktop kernel: [    0.075551] MMIO Stale Data: Mitigation: Clear CPU buffers
2024-10-30T14:28:29.196239+04:00 q4os-desktop kernel: [    0.075555] SRBDS: Unknown: Dependent on hypervisor status
2024-10-30T14:28:29.196244+04:00 q4os-desktop kernel: [    0.075609] x86/fpu: Supporting XSAVE feature 0x001: 'x87 floating point registers'
2024-10-30T14:28:29.196248+04:00 q4os-desktop kernel: [    0.075612] x86/fpu: Supporting XSAVE feature 0x002: 'SSE registers'
2024-10-30T14:28:29.196923+04:00 q4os-desktop kernel: [    0.075614] x86/fpu: Supporting XSAVE feature 0x004: 'AVX registers'
2024-10-30T14:28:29.196929+04:00 q4os-desktop kernel: [    0.075616] x86/fpu: Supporting XSAVE feature 0x008: 'MPX bounds registers'
2024-10-30T14:28:29.196933+04:00 q4os-desktop kernel: [    0.075618] x86/fpu: Supporting XSAVE feature 0x010: 'MPX CSR'
2024-10-30T14:28:29.196937+04:00 q4os-desktop kernel: [    0.075621] x86/fpu: Supporting XSAVE feature 0x200: 'Protection Keys User registers'
2024-10-30T14:28:29.196940+04:00 q4os-desktop kernel: [    0.075623] x86/fpu: xstate_offset[2]:  576, xstate_sizes[2]:  256
2024-10-30T14:28:29.197018+04:00 q4os-desktop kernel: [    0.075627] x86/fpu: xstate_offset[3]:  832, xstate_sizes[3]:   64
2024-10-30T14:28:29.197024+04:00 q4os-desktop kernel: [    0.075630] x86/fpu: xstate_offset[4]:  896, xstate_sizes[4]:   64
2024-10-30T14:28:29.197032+04:00 q4os-desktop kernel: [    0.075633] x86/fpu: xstate_offset[9]:  960, xstate_sizes[9]:    8
2024-10-30T14:28:29.197036+04:00 q4os-desktop kernel: [    0.075636] x86/fpu: Enabled xstate features 0x21f, context size is 968 bytes, using 'compacted' format.
2024-10-30T14:28:29.197041+04:00 q4os-desktop kernel: [    0.076387] Freeing SMP alternatives memory: 32K
2024-10-30T14:28:29.197045+04:00 q4os-desktop kernel: [    0.076393] pid_max: default: 32768 minimum: 301
2024-10-30T14:28:29.197049+04:00 q4os-desktop kernel: [    0.076461] LSM: Security Framework initializing
2024-10-30T14:28:29.197053+04:00 q4os-desktop kernel: [    0.076486] landlock: Up and running.
2024-10-30T14:28:29.197083+04:00 q4os-desktop kernel: [    0.076488] Yama: disabled by default; enable with sysctl kernel.yama.*
2024-10-30T14:28:29.197090+04:00 q4os-desktop kernel: [    0.076532] AppArmor: AppArmor initialized
2024-10-30T14:28:29.197094+04:00 q4os-desktop kernel: [    0.076537] TOMOYO Linux initialized
2024-10-30T14:28:29.197098+04:00 q4os-desktop kernel: [    0.076547] LSM support for eBPF active
2024-10-30T14:28:29.197102+04:00 q4os-desktop kernel: [    0.076582] Mount-cache hash table entries: 1024 (order: 0, 4096 bytes, linear)
2024-10-30T14:28:29.197106+04:00 q4os-desktop kernel: [    0.076588] Mountpoint-cache hash table entries: 1024 (order: 0, 4096 bytes, linear)
2024-10-30T14:28:29.197110+04:00 q4os-desktop kernel: [    0.077163] smpboot: CPU0: Intel(R) Core(TM) i5-10300H CPU @ 2.50GHz (family: 0x6, model: 0xa5, stepping: 0x2)
2024-10-30T14:28:29.197145+04:00 q4os-desktop kernel: [    0.077489] cblist_init_generic: Setting adjustable number of callback queues.
2024-10-30T14:28:29.197151+04:00 q4os-desktop kernel: [    0.077494] cblist_init_generic: Setting shift to 3 and lim to 1.
2024-10-30T14:28:29.197156+04:00 q4os-desktop kernel: [    0.077529] cblist_init_generic: Setting adjustable number of callback queues.
2024-10-30T14:28:29.197160+04:00 q4os-desktop kernel: [    0.077531] cblist_init_generic: Setting shift to 3 and lim to 1.
2024-10-30T14:28:29.197163+04:00 q4os-desktop kernel: [    0.077554] cblist_init_generic: Setting adjustable number of callback queues.
2024-10-30T14:28:29.197172+04:00 q4os-desktop kernel: [    0.077556] cblist_init_generic: Setting shift to 3 and lim to 1.
2024-10-30T14:28:29.197176+04:00 q4os-desktop kernel: [    0.077577] Performance Events: Skylake events, full-width counters, Intel PMU driver.
2024-10-30T14:28:29.197180+04:00 q4os-desktop kernel: [    0.077656] ... version:                2
2024-10-30T14:28:29.197205+04:00 q4os-desktop kernel: [    0.077658] ... bit width:              48
2024-10-30T14:28:29.197211+04:00 q4os-desktop kernel: [    0.077660] ... generic registers:      4
2024-10-30T14:28:29.197215+04:00 q4os-desktop kernel: [    0.077662] ... value mask:             0000ffffffffffff
2024-10-30T14:28:29.197218+04:00 q4os-desktop kernel: [    0.077665] ... max period:             00007fffffffffff
2024-10-30T14:28:29.197222+04:00 q4os-desktop kernel: [    0.077667] ... fixed-purpose events:   3
2024-10-30T14:28:29.197226+04:00 q4os-desktop kernel: [    0.077669] ... event mask:             000000070000000f
2024-10-30T14:28:29.197230+04:00 q4os-desktop kernel: [    0.077827] signal: max sigframe size: 3632
2024-10-30T14:28:29.197234+04:00 q4os-desktop kernel: [    0.077876] rcu: Hierarchical SRCU implementation.
2024-10-30T14:28:29.197262+04:00 q4os-desktop kernel: [    0.077878] rcu: 	Max phase no-delay instances is 1000.
2024-10-30T14:28:29.197268+04:00 q4os-desktop kernel: [    0.078419] smp: Bringing up secondary CPUs ...
2024-10-30T14:28:29.197273+04:00 q4os-desktop kernel: [    0.078594] x86: Booting SMP configuration:
2024-10-30T14:28:29.197278+04:00 q4os-desktop kernel: [    0.078597] .... node  #0, CPUs:      #1
2024-10-30T14:28:29.197282+04:00 q4os-desktop kernel: [    0.078985] MMIO Stale Data CPU bug present and SMT on, data leak possible. See https://www.kernel.org/doc/html/latest/admin-guide/hw-vuln/processor_mmio_stale_data.html for more details.
2024-10-30T14:28:29.197286+04:00 q4os-desktop kernel: [    0.078985]  #2 #3 #4 #5 #6 #7
2024-10-30T14:28:29.197290+04:00 q4os-desktop kernel: [    0.084945] smp: Brought up 1 node, 8 CPUs
2024-10-30T14:28:29.197294+04:00 q4os-desktop kernel: [    0.084955] smpboot: Max logical packages: 1
2024-10-30T14:28:29.197317+04:00 q4os-desktop kernel: [    0.084958] smpboot: Total of 8 processors activated (39936.06 BogoMIPS)
2024-10-30T14:28:29.197323+04:00 q4os-desktop kernel: [    0.086439] devtmpfs: initialized
2024-10-30T14:28:29.197327+04:00 q4os-desktop kernel: [    0.087186] clocksource: jiffies: mask: 0xffffffff max_cycles: 0xffffffff, max_idle_ns: 7645041785100000 ns
2024-10-30T14:28:29.197330+04:00 q4os-desktop kernel: [    0.087212] futex hash table entries: 2048 (order: 5, 131072 bytes, linear)
2024-10-30T14:28:29.197334+04:00 q4os-desktop kernel: [    0.087293] pinctrl core: initialized pinctrl subsystem
2024-10-30T14:28:29.197338+04:00 q4os-desktop kernel: [    0.087690] NET: Registered PF_NETLINK/PF_ROUTE protocol family
2024-10-30T14:28:29.197341+04:00 q4os-desktop kernel: [    0.087936] audit: initializing netlink subsys (disabled)
2024-10-30T14:28:29.197345+04:00 q4os-desktop kernel: [    0.088078] audit: type=2000 audit(1730269700.071:1): state=initialized audit_enabled=0 res=1
2024-10-30T14:28:29.197375+04:00 q4os-desktop kernel: [    0.088271] thermal_sys: Registered thermal governor 'fair_share'
2024-10-30T14:28:29.197381+04:00 q4os-desktop kernel: [    0.088274] thermal_sys: Registered thermal governor 'bang_bang'
2024-10-30T14:28:29.197385+04:00 q4os-desktop kernel: [    0.088277] thermal_sys: Registered thermal governor 'step_wise'
2024-10-30T14:28:29.197389+04:00 q4os-desktop kernel: [    0.088278] thermal_sys: Registered thermal governor 'user_space'
2024-10-30T14:28:29.197393+04:00 q4os-desktop kernel: [    0.088280] thermal_sys: Registered thermal governor 'power_allocator'
2024-10-30T14:28:29.197404+04:00 q4os-desktop kernel: [    0.088300] cpuidle: using governor ladder
2024-10-30T14:28:29.197408+04:00 q4os-desktop kernel: [    0.088787] acpiphp: ACPI Hot Plug PCI Controller Driver version: 0.5
2024-10-30T14:28:29.197415+04:00 q4os-desktop kernel: [    0.089015] PCI: Using configuration type 1 for base access
2024-10-30T14:28:29.197446+04:00 q4os-desktop kernel: [    0.091691] kprobes: kprobe jump-optimization is enabled. All kprobes are optimized if possible.
2024-10-30T14:28:29.197452+04:00 q4os-desktop kernel: [    0.092444] HugeTLB: registered 2.00 MiB page size, pre-allocated 0 pages
2024-10-30T14:28:29.197455+04:00 q4os-desktop kernel: [    0.092448] HugeTLB: 0 KiB vmemmap can be freed for a 2.00 MiB page
2024-10-30T14:28:29.197462+04:00 q4os-desktop kernel: [    0.093068] ACPI: Added _OSI(Module Device)
2024-10-30T14:28:29.197466+04:00 q4os-desktop kernel: [    0.093072] ACPI: Added _OSI(Processor Device)
2024-10-30T14:28:29.197470+04:00 q4os-desktop kernel: [    0.093074] ACPI: Added _OSI(3.0 _SCP Extensions)
2024-10-30T14:28:29.197474+04:00 q4os-desktop kernel: [    0.093077] ACPI: Added _OSI(Processor Aggregator Device)
2024-10-30T14:28:29.197477+04:00 q4os-desktop kernel: [    0.094265] ACPI: 1 ACPI AML tables successfully acquired and loaded
2024-10-30T14:28:29.197507+04:00 q4os-desktop kernel: [    0.095332] ACPI: Interpreter enabled
2024-10-30T14:28:29.197514+04:00 q4os-desktop kernel: [    0.095355] ACPI: PM: (supports S0 S5)
2024-10-30T14:28:29.197520+04:00 q4os-desktop kernel: [    0.095359] ACPI: Using IOAPIC for interrupt routing
2024-10-30T14:28:29.197525+04:00 q4os-desktop kernel: [    0.095383] PCI: Using host bridge windows from ACPI; if necessary, use "pci=nocrs" and report a bug
2024-10-30T14:28:29.197529+04:00 q4os-desktop kernel: [    0.095386] PCI: Using E820 reservations for host bridge windows
2024-10-30T14:28:29.197533+04:00 q4os-desktop kernel: [    0.095583] ACPI: Enabled 2 GPEs in block 00 to 0F
2024-10-30T14:28:29.197537+04:00 q4os-desktop kernel: [    0.101370] ACPI: PCI Root Bridge [PCI0] (domain 0000 [bus 00-ff])
2024-10-30T14:28:29.197540+04:00 q4os-desktop kernel: [    0.101387] acpi PNP0A03:00: _OSC: OS supports [ASPM ClockPM Segments MSI HPX-Type3]
2024-10-30T14:28:29.197566+04:00 q4os-desktop kernel: [    0.101394] acpi PNP0A03:00: _OSC: not requesting OS control; OS requires [ExtendedConfig ASPM ClockPM MSI]
2024-10-30T14:28:29.197574+04:00 q4os-desktop kernel: [    0.101407] acpi PNP0A03:00: fail to add MMCONFIG information, can't access extended PCI configuration space under this bridge.
2024-10-30T14:28:29.197579+04:00 q4os-desktop kernel: [    0.102231] acpiphp: Slot [3] registered
2024-10-30T14:28:29.197583+04:00 q4os-desktop kernel: [    0.102268] acpiphp: Slot [4] registered
2024-10-30T14:28:29.197587+04:00 q4os-desktop kernel: [    0.102387] acpiphp: Slot [6] registered
2024-10-30T14:28:29.197590+04:00 q4os-desktop kernel: [    0.102422] acpiphp: Slot [7] registered
2024-10-30T14:28:29.197594+04:00 q4os-desktop kernel: [    0.102458] acpiphp: Slot [8] registered
2024-10-30T14:28:29.197633+04:00 q4os-desktop kernel: [    0.102491] acpiphp: Slot [9] registered
2024-10-30T14:28:29.197639+04:00 q4os-desktop kernel: [    0.102528] acpiphp: Slot [10] registered
2024-10-30T14:28:29.197642+04:00 q4os-desktop kernel: [    0.102567] acpiphp: Slot [11] registered
2024-10-30T14:28:29.197646+04:00 q4os-desktop kernel: [    0.102601] acpiphp: Slot [12] registered
2024-10-30T14:28:29.197649+04:00 q4os-desktop kernel: [    0.102637] acpiphp: Slot [13] registered
2024-10-30T14:28:29.197653+04:00 q4os-desktop kernel: [    0.102671] acpiphp: Slot [14] registered
2024-10-30T14:28:29.197657+04:00 q4os-desktop kernel: [    0.102705] acpiphp: Slot [15] registered
2024-10-30T14:28:29.197661+04:00 q4os-desktop kernel: [    0.102772] acpiphp: Slot [16] registered
2024-10-30T14:28:29.197687+04:00 q4os-desktop kernel: [    0.102813] acpiphp: Slot [17] registered
2024-10-30T14:28:29.197696+04:00 q4os-desktop kernel: [    0.102865] acpiphp: Slot [18] registered
2024-10-30T14:28:29.197700+04:00 q4os-desktop kernel: [    0.102901] acpiphp: Slot [19] registered
2024-10-30T14:28:29.197704+04:00 q4os-desktop kernel: [    0.102935] acpiphp: Slot [20] registered
2024-10-30T14:28:29.197709+04:00 q4os-desktop kernel: [    0.102968] acpiphp: Slot [21] registered
2024-10-30T14:28:29.197712+04:00 q4os-desktop kernel: [    0.103027] acpiphp: Slot [22] registered
2024-10-30T14:28:29.197716+04:00 q4os-desktop kernel: [    0.103068] acpiphp: Slot [23] registered
2024-10-30T14:28:29.197720+04:00 q4os-desktop kernel: [    0.103107] acpiphp: Slot [24] registered
2024-10-30T14:28:29.197747+04:00 q4os-desktop kernel: [    0.103147] acpiphp: Slot [25] registered
2024-10-30T14:28:29.197752+04:00 q4os-desktop kernel: [    0.103182] acpiphp: Slot [26] registered
2024-10-30T14:28:29.197756+04:00 q4os-desktop kernel: [    0.103216] acpiphp: Slot [27] registered
2024-10-30T14:28:29.197759+04:00 q4os-desktop kernel: [    0.103249] acpiphp: Slot [28] registered
2024-10-30T14:28:29.198120+04:00 q4os-desktop kernel: [    0.103281] acpiphp: Slot [29] registered
2024-10-30T14:28:29.198128+04:00 q4os-desktop kernel: [    0.103315] acpiphp: Slot [30] registered
2024-10-30T14:28:29.198132+04:00 q4os-desktop kernel: [    0.103349] acpiphp: Slot [31] registered
2024-10-30T14:28:29.198135+04:00 q4os-desktop kernel: [    0.103377] PCI host bridge to bus 0000:00
2024-10-30T14:28:29.198176+04:00 q4os-desktop kernel: [    0.103382] pci_bus 0000:00: root bus resource [io  0x0000-0x0cf7 window]
2024-10-30T14:28:29.198182+04:00 q4os-desktop kernel: [    0.103389] pci_bus 0000:00: root bus resource [io  0x0d00-0xffff window]
2024-10-30T14:28:29.198185+04:00 q4os-desktop kernel: [    0.103393] pci_bus 0000:00: root bus resource [mem 0x000a0000-0x000bffff window]
2024-10-30T14:28:29.198188+04:00 q4os-desktop kernel: [    0.103398] pci_bus 0000:00: root bus resource [mem 0x14000000-0xfebfffff window]
2024-10-30T14:28:29.198191+04:00 q4os-desktop kernel: [    0.103402] pci_bus 0000:00: root bus resource [mem 0x100000000-0x17fffffff window]
2024-10-30T14:28:29.198195+04:00 q4os-desktop kernel: [    0.103406] pci_bus 0000:00: root bus resource [bus 00-ff]
2024-10-30T14:28:29.198198+04:00 q4os-desktop kernel: [    0.103507] pci 0000:00:00.0: [8086:1237] type 00 class 0x060000
2024-10-30T14:28:29.198202+04:00 q4os-desktop kernel: [    0.104428] pci 0000:00:01.0: [8086:7000] type 00 class 0x060100
2024-10-30T14:28:29.198225+04:00 q4os-desktop kernel: [    0.105676] pci 0000:00:01.1: [8086:7010] type 00 class 0x010180
2024-10-30T14:28:29.198229+04:00 q4os-desktop kernel: [    0.110563] pci 0000:00:01.1: reg 0x20: [io  0xc200-0xc20f]
2024-10-30T14:28:29.198233+04:00 q4os-desktop kernel: [    0.112825] pci 0000:00:01.1: legacy IDE quirk: reg 0x10: [io  0x01f0-0x01f7]
2024-10-30T14:28:29.198241+04:00 q4os-desktop kernel: [    0.112832] pci 0000:00:01.1: legacy IDE quirk: reg 0x14: [io  0x03f6]
2024-10-30T14:28:29.198245+04:00 q4os-desktop kernel: [    0.112836] pci 0000:00:01.1: legacy IDE quirk: reg 0x18: [io  0x0170-0x0177]
2024-10-30T14:28:29.198250+04:00 q4os-desktop kernel: [    0.112839] pci 0000:00:01.1: legacy IDE quirk: reg 0x1c: [io  0x0376]
2024-10-30T14:28:29.198253+04:00 q4os-desktop kernel: [    0.113268] pci 0000:00:01.3: [8086:7113] type 00 class 0x068000
2024-10-30T14:28:29.198257+04:00 q4os-desktop kernel: [    0.114166] pci 0000:00:01.3: quirk: [io  0x0600-0x063f] claimed by PIIX4 ACPI
2024-10-30T14:28:29.198281+04:00 q4os-desktop kernel: [    0.114187] pci 0000:00:01.3: quirk: [io  0x0700-0x070f] claimed by PIIX4 SMB
2024-10-30T14:28:29.198286+04:00 q4os-desktop kernel: [    0.115418] pci 0000:00:02.0: [1b36:0100] type 00 class 0x030000
2024-10-30T14:28:29.198290+04:00 q4os-desktop kernel: [    0.121339] pci 0000:00:02.0: reg 0x10: [mem 0xf4000000-0xf7ffffff]
2024-10-30T14:28:29.198293+04:00 q4os-desktop kernel: [    0.125220] pci 0000:00:02.0: reg 0x14: [mem 0xf8000000-0xfbffffff]
2024-10-30T14:28:29.198297+04:00 q4os-desktop kernel: [    0.128948] pci 0000:00:02.0: reg 0x18: [mem 0xfc054000-0xfc055fff]
2024-10-30T14:28:29.198300+04:00 q4os-desktop kernel: [    0.132965] pci 0000:00:02.0: reg 0x1c: [io  0xc180-0xc19f]
2024-10-30T14:28:29.198304+04:00 q4os-desktop kernel: [    0.144613] pci 0000:00:02.0: reg 0x30: [mem 0xfc040000-0xfc04ffff pref]
2024-10-30T14:28:29.198308+04:00 q4os-desktop kernel: [    0.145054] pci 0000:00:02.0: Video device with shadowed ROM at [mem 0x000c0000-0x000dffff]
2024-10-30T14:28:29.198358+04:00 q4os-desktop kernel: [    0.146046] pci 0000:00:03.0: [10ec:8139] type 00 class 0x020000
2024-10-30T14:28:29.198365+04:00 q4os-desktop kernel: [    0.146995] pci 0000:00:03.0: reg 0x10: [io  0xc000-0xc0ff]
2024-10-30T14:28:29.198369+04:00 q4os-desktop kernel: [    0.149208] pci 0000:00:03.0: reg 0x14: [mem 0xfc056000-0xfc0560ff]
2024-10-30T14:28:29.198373+04:00 q4os-desktop kernel: [    0.154998] pci 0000:00:03.0: reg 0x30: [mem 0xfc000000-0xfc03ffff pref]
2024-10-30T14:28:29.198376+04:00 q4os-desktop kernel: [    0.156535] pci 0000:00:04.0: [8086:2668] type 00 class 0x040300
2024-10-30T14:28:29.198380+04:00 q4os-desktop kernel: [    0.157403] pci 0000:00:04.0: reg 0x10: [mem 0xfc050000-0xfc053fff]
2024-10-30T14:28:29.198384+04:00 q4os-desktop kernel: [    0.165091] pci 0000:00:05.0: [8086:2934] type 00 class 0x0c0300
2024-10-30T14:28:29.198392+04:00 q4os-desktop kernel: [    0.168190] pci 0000:00:05.0: reg 0x20: [io  0xc1a0-0xc1bf]
2024-10-30T14:28:29.198427+04:00 q4os-desktop kernel: [    0.169966] pci 0000:00:05.1: [8086:2935] type 00 class 0x0c0300
2024-10-30T14:28:29.198432+04:00 q4os-desktop kernel: [    0.174355] pci 0000:00:05.1: reg 0x20: [io  0xc1c0-0xc1df]
2024-10-30T14:28:29.198436+04:00 q4os-desktop kernel: [    0.175752] pci 0000:00:05.2: [8086:2936] type 00 class 0x0c0300
2024-10-30T14:28:29.198440+04:00 q4os-desktop kernel: [    0.178620] pci 0000:00:05.2: reg 0x20: [io  0xc1e0-0xc1ff]
2024-10-30T14:28:29.198443+04:00 q4os-desktop kernel: [    0.181154] pci 0000:00:05.7: [8086:293a] type 00 class 0x0c0320
2024-10-30T14:28:29.198447+04:00 q4os-desktop kernel: [    0.182313] pci 0000:00:05.7: reg 0x10: [mem 0xfc057000-0xfc057fff]
2024-10-30T14:28:29.198451+04:00 q4os-desktop kernel: [    0.187764] pci 0000:00:06.0: [1af4:1003] type 00 class 0x078000
2024-10-30T14:28:29.198455+04:00 q4os-desktop kernel: [    0.189507] pci 0000:00:06.0: reg 0x10: [io  0xc100-0xc13f]
2024-10-30T14:28:29.198484+04:00 q4os-desktop kernel: [    0.191002] pci 0000:00:06.0: reg 0x14: [mem 0xfc058000-0xfc058fff]
2024-10-30T14:28:29.198490+04:00 q4os-desktop kernel: [    0.197468] pci 0000:00:06.0: reg 0x20: [mem 0xfebf8000-0xfebfbfff 64bit pref]
2024-10-30T14:28:29.198493+04:00 q4os-desktop kernel: [    0.201181] pci 0000:00:07.0: [1af4:1002] type 00 class 0x00ff00
2024-10-30T14:28:29.198496+04:00 q4os-desktop kernel: [    0.202402] pci 0000:00:07.0: reg 0x10: [io  0xc140-0xc17f]
2024-10-30T14:28:29.198500+04:00 q4os-desktop kernel: [    0.206739] pci 0000:00:07.0: reg 0x20: [mem 0xfebfc000-0xfebfffff 64bit pref]
2024-10-30T14:28:29.198504+04:00 q4os-desktop kernel: [    0.209980] pci_bus 0000:00: on NUMA node 0
2024-10-30T14:28:29.198507+04:00 q4os-desktop kernel: [    0.210873] ACPI: PCI: Interrupt link LNKA configured for IRQ 10
2024-10-30T14:28:29.198510+04:00 q4os-desktop kernel: [    0.211148] ACPI: PCI: Interrupt link LNKB configured for IRQ 10
2024-10-30T14:28:29.198534+04:00 q4os-desktop kernel: [    0.211412] ACPI: PCI: Interrupt link LNKC configured for IRQ 11
2024-10-30T14:28:29.198538+04:00 q4os-desktop kernel: [    0.211711] ACPI: PCI: Interrupt link LNKD configured for IRQ 11
2024-10-30T14:28:29.198540+04:00 q4os-desktop kernel: [    0.211874] ACPI: PCI: Interrupt link LNKS configured for IRQ 9
2024-10-30T14:28:29.198543+04:00 q4os-desktop kernel: [    0.214064] iommu: Default domain type: Translated 
2024-10-30T14:28:29.198545+04:00 q4os-desktop kernel: [    0.214079] iommu: DMA domain TLB invalidation policy: lazy mode 
2024-10-30T14:28:29.198548+04:00 q4os-desktop kernel: [    0.214454] pps_core: LinuxPPS API ver. 1 registered
2024-10-30T14:28:29.198550+04:00 q4os-desktop kernel: [    0.214458] pps_core: Software ver. 5.3.6 - Copyright 2005-2007 Rodolfo Giometti <giometti@linux.it>
2024-10-30T14:28:29.198554+04:00 q4os-desktop kernel: [    0.214475] PTP clock support registered
2024-10-30T14:28:29.198582+04:00 q4os-desktop kernel: [    0.214501] EDAC MC: Ver: 3.0.0
2024-10-30T14:28:29.198588+04:00 q4os-desktop kernel: [    0.216404] NetLabel: Initializing
2024-10-30T14:28:29.198592+04:00 q4os-desktop kernel: [    0.216412] NetLabel:  domain hash size = 128
2024-10-30T14:28:29.198595+04:00 q4os-desktop kernel: [    0.216414] NetLabel:  protocols = UNLABELED CIPSOv4 CALIPSO
2024-10-30T14:28:29.198598+04:00 q4os-desktop kernel: [    0.216473] NetLabel:  unlabeled traffic allowed by default
2024-10-30T14:28:29.198601+04:00 q4os-desktop kernel: [    0.216484] PCI: Using ACPI for IRQ routing
2024-10-30T14:28:29.198605+04:00 q4os-desktop kernel: [    0.216487] PCI: pci_cache_line_size set to 64 bytes
2024-10-30T14:28:29.198608+04:00 q4os-desktop kernel: [    0.216970] e820: reserve RAM buffer [mem 0x0009fc00-0x0009ffff]
2024-10-30T14:28:29.198642+04:00 q4os-desktop kernel: [    0.216980] e820: reserve RAM buffer [mem 0x13fe0000-0x13ffffff]
2024-10-30T14:28:29.198648+04:00 q4os-desktop kernel: [    0.217358] pci 0000:00:02.0: vgaarb: setting as boot VGA device
2024-10-30T14:28:29.198652+04:00 q4os-desktop kernel: [    0.217366] pci 0000:00:02.0: vgaarb: bridge control possible
2024-10-30T14:28:29.198660+04:00 q4os-desktop kernel: [    0.217369] pci 0000:00:02.0: vgaarb: VGA device added: decodes=io+mem,owns=io+mem,locks=none
2024-10-30T14:28:29.198664+04:00 q4os-desktop kernel: [    0.217376] vgaarb: loaded
2024-10-30T14:28:29.198668+04:00 q4os-desktop kernel: [    0.220529] clocksource: Switched to clocksource kvm-clock
2024-10-30T14:28:29.198672+04:00 q4os-desktop kernel: [    0.249263] VFS: Disk quotas dquot_6.6.0
2024-10-30T14:28:29.198675+04:00 q4os-desktop kernel: [    0.249321] VFS: Dquot-cache hash table entries: 1024 (order 0, 4096 bytes)
2024-10-30T14:28:29.198740+04:00 q4os-desktop kernel: [    0.249767] AppArmor: AppArmor Filesystem Enabled
2024-10-30T14:28:29.198747+04:00 q4os-desktop kernel: [    0.249821] pnp: PnP ACPI init
2024-10-30T14:28:29.198751+04:00 q4os-desktop kernel: [    0.250203] pnp 00:03: [dma 2]
2024-10-30T14:28:29.198754+04:00 q4os-desktop kernel: [    0.250581] pnp: PnP ACPI: found 5 devices
2024-10-30T14:28:29.198757+04:00 q4os-desktop kernel: [    0.250600] PnPBIOS: Disabled
2024-10-30T14:28:29.198760+04:00 q4os-desktop kernel: [    0.292461] clocksource: acpi_pm: mask: 0xffffff max_cycles: 0xffffff, max_idle_ns: 2085701024 ns
2024-10-30T14:28:29.198763+04:00 q4os-desktop kernel: [    0.292804] NET: Registered PF_INET protocol family
2024-10-30T14:28:29.198766+04:00 q4os-desktop kernel: [    0.293058] IP idents hash table entries: 8192 (order: 4, 65536 bytes, linear)
2024-10-30T14:28:29.198807+04:00 q4os-desktop kernel: [    0.293862] tcp_listen_portaddr_hash hash table entries: 512 (order: 0, 4096 bytes, linear)
2024-10-30T14:28:29.198812+04:00 q4os-desktop kernel: [    0.294178] Table-perturb hash table entries: 65536 (order: 6, 262144 bytes, linear)
2024-10-30T14:28:29.198816+04:00 q4os-desktop kernel: [    0.294256] TCP established hash table entries: 4096 (order: 2, 16384 bytes, linear)
2024-10-30T14:28:29.198819+04:00 q4os-desktop kernel: [    0.294343] TCP bind hash table entries: 4096 (order: 4, 65536 bytes, linear)
2024-10-30T14:28:29.198822+04:00 q4os-desktop kernel: [    0.294367] TCP: Hash tables configured (established 4096 bind 4096)
2024-10-30T14:28:29.198825+04:00 q4os-desktop kernel: [    0.294561] MPTCP token hash table entries: 512 (order: 1, 8192 bytes, linear)
2024-10-30T14:28:29.198828+04:00 q4os-desktop kernel: [    0.294590] UDP hash table entries: 256 (order: 1, 8192 bytes, linear)
2024-10-30T14:28:29.198831+04:00 q4os-desktop kernel: [    0.294598] UDP-Lite hash table entries: 256 (order: 1, 8192 bytes, linear)
2024-10-30T14:28:29.198860+04:00 q4os-desktop kernel: [    0.294698] NET: Registered PF_UNIX/PF_LOCAL protocol family
2024-10-30T14:28:29.198866+04:00 q4os-desktop kernel: [    0.294751] NET: Registered PF_XDP protocol family
2024-10-30T14:28:29.198869+04:00 q4os-desktop kernel: [    0.294809] pci_bus 0000:00: resource 4 [io  0x0000-0x0cf7 window]
2024-10-30T14:28:29.198873+04:00 q4os-desktop kernel: [    0.294818] pci_bus 0000:00: resource 5 [io  0x0d00-0xffff window]
2024-10-30T14:28:29.198876+04:00 q4os-desktop kernel: [    0.294822] pci_bus 0000:00: resource 6 [mem 0x000a0000-0x000bffff window]
2024-10-30T14:28:29.198880+04:00 q4os-desktop kernel: [    0.294827] pci_bus 0000:00: resource 7 [mem 0x14000000-0xfebfffff window]
2024-10-30T14:28:29.198883+04:00 q4os-desktop kernel: [    0.294830] pci_bus 0000:00: resource 8 [mem 0x100000000-0x17fffffff window]
2024-10-30T14:28:29.198887+04:00 q4os-desktop kernel: [    0.294942] pci 0000:00:01.0: PIIX3: Enabling Passive Release
2024-10-30T14:28:29.198923+04:00 q4os-desktop kernel: [    0.294977] pci 0000:00:00.0: Limiting direct PCI/PCI transfers
2024-10-30T14:28:29.198929+04:00 q4os-desktop kernel: [    0.295005] pci 0000:00:01.0: Activating ISA DMA hang workarounds
2024-10-30T14:28:29.198933+04:00 q4os-desktop kernel: [    0.342301] ACPI: \_SB_.LNKA: Enabled at IRQ 10
2024-10-30T14:28:29.198936+04:00 q4os-desktop kernel: [    0.385587] pci 0000:00:05.0: quirk_usb_early_handoff+0x0/0x6e0 took 88332 usecs
2024-10-30T14:28:29.198941+04:00 q4os-desktop kernel: [    0.429805] ACPI: \_SB_.LNKB: Enabled at IRQ 11
2024-10-30T14:28:29.198945+04:00 q4os-desktop kernel: [    0.476051] pci 0000:00:05.1: quirk_usb_early_handoff+0x0/0x6e0 took 88228 usecs
2024-10-30T14:28:29.198969+04:00 q4os-desktop kernel: [    0.519497] ACPI: \_SB_.LNKC: Enabled at IRQ 11
2024-10-30T14:28:29.198975+04:00 q4os-desktop kernel: [    0.562080] pci 0000:00:05.2: quirk_usb_early_handoff+0x0/0x6e0 took 83922 usecs
2024-10-30T14:28:29.199019+04:00 q4os-desktop kernel: [    0.605321] ACPI: \_SB_.LNKD: Enabled at IRQ 10
2024-10-30T14:28:29.199025+04:00 q4os-desktop kernel: [    0.649781] pci 0000:00:05.7: quirk_usb_early_handoff+0x0/0x6e0 took 85558 usecs
2024-10-30T14:28:29.199029+04:00 q4os-desktop kernel: [    0.649882] PCI: CLS 0 bytes, default 64
2024-10-30T14:28:29.199032+04:00 q4os-desktop kernel: [    0.650163] clocksource: tsc: mask: 0xffffffffffffffff max_cycles: 0x23fa7af7c80, max_idle_ns: 440795241955 ns
2024-10-30T14:28:29.199035+04:00 q4os-desktop kernel: [    0.650268] Trying to unpack rootfs image as initramfs...
2024-10-30T14:28:29.199039+04:00 q4os-desktop kernel: [    0.651201] Initialise system trusted keyrings
2024-10-30T14:28:29.199042+04:00 q4os-desktop kernel: [    0.651248] Key type blacklist registered
2024-10-30T14:28:29.199379+04:00 q4os-desktop kernel: [    0.651578] workingset: timestamp_bits=14 max_order=17 bucket_order=3
2024-10-30T14:28:29.199447+04:00 q4os-desktop kernel: [    0.654648] zbud: loaded
2024-10-30T14:28:29.199456+04:00 q4os-desktop kernel: [    0.655722] integrity: Platform Keyring initialized
2024-10-30T14:28:29.199461+04:00 q4os-desktop kernel: [    0.655735] integrity: Machine keyring initialized
2024-10-30T14:28:29.199464+04:00 q4os-desktop kernel: [    0.655744] Key type asymmetric registered
2024-10-30T14:28:29.199467+04:00 q4os-desktop kernel: [    0.655759] Asymmetric key parser 'x509' registered
2024-10-30T14:28:29.199471+04:00 q4os-desktop kernel: [    2.048444] Freeing initrd memory: 44076K
2024-10-30T14:28:29.199475+04:00 q4os-desktop kernel: [    2.062686] alg: self-tests for CTR-KDF (hmac(sha256)) passed
2024-10-30T14:28:29.199478+04:00 q4os-desktop kernel: [    2.063048] Block layer SCSI generic (bsg) driver version 0.4 loaded (major 249)
2024-10-30T14:28:29.199520+04:00 q4os-desktop kernel: [    2.063375] io scheduler mq-deadline registered
2024-10-30T14:28:29.199527+04:00 q4os-desktop kernel: [    2.067493] shpchp: Standard Hot Plug PCI Controller Driver version: 0.4
2024-10-30T14:28:29.199531+04:00 q4os-desktop kernel: [    2.069151] isapnp: Scanning for PnP cards...
2024-10-30T14:28:29.199534+04:00 q4os-desktop kernel: [    2.437975] isapnp: No Plug & Play device found
2024-10-30T14:28:29.199537+04:00 q4os-desktop kernel: [    2.438360] Serial: 8250/16550 driver, 4 ports, IRQ sharing enabled
2024-10-30T14:28:29.199541+04:00 q4os-desktop kernel: [    2.439265] 00:00: ttyS0 at I/O 0x3f8 (irq = 4, base_baud = 115200) is a 16550A
2024-10-30T14:28:29.199544+04:00 q4os-desktop kernel: [    2.440790] Linux agpgart interface v0.103
2024-10-30T14:28:29.199547+04:00 q4os-desktop kernel: [    2.443345] i8042: PNP: PS/2 Controller [PNP0303:KBD,PNP0f13:MOU] at 0x60,0x64 irq 1,12
2024-10-30T14:28:29.199590+04:00 q4os-desktop kernel: [    2.444905] serio: i8042 KBD port at 0x60,0x64 irq 1
2024-10-30T14:28:29.199597+04:00 q4os-desktop kernel: [    2.444928] serio: i8042 AUX port at 0x60,0x64 irq 12
2024-10-30T14:28:29.199601+04:00 q4os-desktop kernel: [    2.445512] mousedev: PS/2 mouse device common for all mice
2024-10-30T14:28:29.199610+04:00 q4os-desktop kernel: [    2.446503] input: AT Translated Set 2 keyboard as /devices/platform/i8042/serio0/input/input0
2024-10-30T14:28:29.199615+04:00 q4os-desktop kernel: [    2.446742] rtc_cmos 00:04: RTC can wake from S4
2024-10-30T14:28:29.199618+04:00 q4os-desktop kernel: [    2.447895] rtc_cmos 00:04: registered as rtc0
2024-10-30T14:28:29.199621+04:00 q4os-desktop kernel: [    2.448032] rtc_cmos 00:04: setting system clock to 2024-10-30T10:28:21 UTC (1730284101)
2024-10-30T14:28:29.199623+04:00 q4os-desktop kernel: [    2.448213] rtc_cmos 00:04: alarms up to one day, y3k, 242 bytes nvram
2024-10-30T14:28:29.199802+04:00 q4os-desktop kernel: [    2.448238] intel_pstate: CPU model not supported
2024-10-30T14:28:29.199812+04:00 q4os-desktop kernel: [    2.448838] ledtrig-cpu: registered to indicate activity on CPUs
2024-10-30T14:28:29.199816+04:00 q4os-desktop kernel: [    2.449611] NET: Registered PF_INET6 protocol family
2024-10-30T14:28:29.199819+04:00 q4os-desktop kernel: [    2.461617] Segment Routing with IPv6
2024-10-30T14:28:29.199823+04:00 q4os-desktop kernel: [    2.461648] In-situ OAM (IOAM) with IPv6
2024-10-30T14:28:29.199826+04:00 q4os-desktop kernel: [    2.461711] mip6: Mobile IPv6
2024-10-30T14:28:29.199830+04:00 q4os-desktop kernel: [    2.461732] NET: Registered PF_PACKET protocol family
2024-10-30T14:28:29.199834+04:00 q4os-desktop kernel: [    2.462034] mpls_gso: MPLS GSO support
2024-10-30T14:28:29.199874+04:00 q4os-desktop kernel: [    2.463867] IPI shorthand broadcast: enabled
2024-10-30T14:28:29.199881+04:00 q4os-desktop kernel: [    2.463950] sched_clock: Marking stable (2436021834, 26719929)->(2495545016, -32803253)
2024-10-30T14:28:29.199885+04:00 q4os-desktop kernel: [    2.464854] registered taskstats version 1
2024-10-30T14:28:29.199889+04:00 q4os-desktop kernel: [    2.464878] Loading compiled-in X.509 certificates
2024-10-30T14:28:29.199892+04:00 q4os-desktop kernel: [    2.616118] Loaded X.509 cert 'Debian Secure Boot CA: 6ccece7e4c6c0d1f6149f3dd27dfcc5cbb419ea1'
2024-10-30T14:28:29.199897+04:00 q4os-desktop kernel: [    2.616166] Loaded X.509 cert 'Debian Secure Boot Signer 2022 - linux: 14011249c2675ea8e5148542202005810584b25f'
2024-10-30T14:28:29.199901+04:00 q4os-desktop kernel: [    2.617651] zswap: loaded using pool lzo/zbud
2024-10-30T14:28:29.199938+04:00 q4os-desktop kernel: [    2.618331] Key type .fscrypt registered
2024-10-30T14:28:29.199943+04:00 q4os-desktop kernel: [    2.618335] Key type fscrypt-provisioning registered
2024-10-30T14:28:29.199946+04:00 q4os-desktop kernel: [    2.628882] Key type encrypted registered
2024-10-30T14:28:29.199978+04:00 q4os-desktop kernel: [    2.628897] AppArmor: AppArmor sha1 policy hashing enabled
2024-10-30T14:28:29.199982+04:00 q4os-desktop kernel: [    2.628946] ima: No TPM chip found, activating TPM-bypass!
2024-10-30T14:28:29.199986+04:00 q4os-desktop kernel: [    2.628952] ima: Allocated hash algorithm: sha256
2024-10-30T14:28:29.199989+04:00 q4os-desktop kernel: [    2.628988] ima: No architecture policies found
2024-10-30T14:28:29.199998+04:00 q4os-desktop kernel: [    2.629047] evm: Initialising EVM extended attributes:
2024-10-30T14:28:29.200038+04:00 q4os-desktop kernel: [    2.629049] evm: security.selinux
2024-10-30T14:28:29.200045+04:00 q4os-desktop kernel: [    2.629051] evm: security.SMACK64 (disabled)
2024-10-30T14:28:29.200049+04:00 q4os-desktop kernel: [    2.629054] evm: security.SMACK64EXEC (disabled)
2024-10-30T14:28:29.200052+04:00 q4os-desktop kernel: [    2.629056] evm: security.SMACK64TRANSMUTE (disabled)
2024-10-30T14:28:29.200055+04:00 q4os-desktop kernel: [    2.629073] evm: security.SMACK64MMAP (disabled)
2024-10-30T14:28:29.200059+04:00 q4os-desktop kernel: [    2.629076] evm: security.apparmor
2024-10-30T14:28:29.200062+04:00 q4os-desktop kernel: [    2.629078] evm: security.ima
2024-10-30T14:28:29.200066+04:00 q4os-desktop kernel: [    2.629081] evm: security.capability
2024-10-30T14:28:29.200100+04:00 q4os-desktop kernel: [    2.629084] evm: HMAC attrs: 0x1
2024-10-30T14:28:29.200104+04:00 q4os-desktop kernel: [    3.517409] clk: Disabling unused clocks
2024-10-30T14:28:29.200107+04:00 q4os-desktop kernel: [    3.523192] Freeing unused kernel image (initmem) memory: 920K
2024-10-30T14:28:29.200111+04:00 q4os-desktop kernel: [    3.523380] Write protecting kernel text and read-only data: 12540k
2024-10-30T14:28:29.200114+04:00 q4os-desktop kernel: [    3.523385] NX-protecting the kernel data: 7012k
2024-10-30T14:28:29.200118+04:00 q4os-desktop kernel: [    3.524343] x86/mm: Checked W+X mappings: passed, no W+X pages found.
2024-10-30T14:28:29.200121+04:00 q4os-desktop kernel: [    3.524368] Run /init as init process
2024-10-30T14:28:29.200124+04:00 q4os-desktop kernel: [    3.524372]   with arguments:
2024-10-30T14:28:29.200150+04:00 q4os-desktop kernel: [    3.524375]     /init
2024-10-30T14:28:29.200154+04:00 q4os-desktop kernel: [    3.524377]   with environment:
2024-10-30T14:28:29.200157+04:00 q4os-desktop kernel: [    3.524379]     HOME=/
2024-10-30T14:28:29.200161+04:00 q4os-desktop kernel: [    3.524381]     TERM=linux
2024-10-30T14:28:29.200164+04:00 q4os-desktop kernel: [    3.524384]     BOOT_IMAGE=/boot/vmlinuz-6.1.0-22-686-pae
2024-10-30T14:28:29.200167+04:00 q4os-desktop kernel: [    3.894654] piix4_smbus 0000:00:01.3: SMBus Host Controller at 0x700, revision 0
2024-10-30T14:28:29.200171+04:00 q4os-desktop kernel: [    3.911735] FDC 0 is a S82078B
2024-10-30T14:28:29.200174+04:00 q4os-desktop kernel: [    3.913522] 8139cp: 8139cp: 10/100 PCI Ethernet driver v1.3 (Mar 22, 2004)
2024-10-30T14:28:29.200199+04:00 q4os-desktop kernel: [    3.932220] input: VirtualPS/2 VMware VMMouse as /devices/platform/i8042/serio1/input/input3
2024-10-30T14:28:29.200203+04:00 q4os-desktop kernel: [    3.934901] input: VirtualPS/2 VMware VMMouse as /devices/platform/i8042/serio1/input/input2
2024-10-30T14:28:29.200207+04:00 q4os-desktop kernel: [    3.946250] ACPI: bus type USB registered
2024-10-30T14:28:29.200210+04:00 q4os-desktop kernel: [    3.946348] usbcore: registered new interface driver usbfs
2024-10-30T14:28:29.200213+04:00 q4os-desktop kernel: [    3.946376] usbcore: registered new interface driver hub
2024-10-30T14:28:29.200216+04:00 q4os-desktop kernel: [    3.946412] usbcore: registered new device driver usb
2024-10-30T14:28:29.200219+04:00 q4os-desktop kernel: [    3.952160] SCSI subsystem initialized
2024-10-30T14:28:29.200222+04:00 q4os-desktop kernel: [    3.958810] cryptd: max_cpu_qlen set to 1000
2024-10-30T14:28:29.200274+04:00 q4os-desktop kernel: [    3.981188] 8139cp 0000:00:03.0 eth0: RTL-8139C+ at 0x0da452bf, 52:54:00:69:99:2d, IRQ 11
2024-10-30T14:28:29.200279+04:00 q4os-desktop kernel: [    4.031507] 8139too: 8139too Fast Ethernet driver 0.9.28
2024-10-30T14:28:29.200284+04:00 q4os-desktop kernel: [    4.031988] libata version 3.00 loaded.
2024-10-30T14:28:29.200287+04:00 q4os-desktop kernel: [    4.039455] ata_piix 0000:00:01.1: version 2.13
2024-10-30T14:28:29.200290+04:00 q4os-desktop kernel: [    4.058883] scsi host0: ata_piix
2024-10-30T14:28:29.200294+04:00 q4os-desktop kernel: [    4.059661] scsi host1: ata_piix
2024-10-30T14:28:29.200297+04:00 q4os-desktop kernel: [    4.059803] ata1: PATA max MWDMA2 cmd 0x1f0 ctl 0x3f6 bmdma 0xc200 irq 14
2024-10-30T14:28:29.200301+04:00 q4os-desktop kernel: [    4.059811] ata2: PATA max MWDMA2 cmd 0x170 ctl 0x376 bmdma 0xc208 irq 15
2024-10-30T14:28:29.200340+04:00 q4os-desktop kernel: [    4.164520] uhci_hcd 0000:00:05.0: UHCI Host Controller
2024-10-30T14:28:29.200346+04:00 q4os-desktop kernel: [    4.164552] uhci_hcd 0000:00:05.0: new USB bus registered, assigned bus number 1
2024-10-30T14:28:29.200350+04:00 q4os-desktop kernel: [    4.164608] uhci_hcd 0000:00:05.0: detected 2 ports
2024-10-30T14:28:29.200353+04:00 q4os-desktop kernel: [    4.164906] uhci_hcd 0000:00:05.0: irq 10, io port 0x0000c1a0
2024-10-30T14:28:29.200357+04:00 q4os-desktop kernel: [    4.165177] usb usb1: New USB device found, idVendor=1d6b, idProduct=0001, bcdDevice= 6.01
2024-10-30T14:28:29.200361+04:00 q4os-desktop kernel: [    4.165186] usb usb1: New USB device strings: Mfr=3, Product=2, SerialNumber=1
2024-10-30T14:28:29.200365+04:00 q4os-desktop kernel: [    4.165190] usb usb1: Product: UHCI Host Controller
2024-10-30T14:28:29.200368+04:00 q4os-desktop kernel: [    4.165194] usb usb1: Manufacturer: Linux 6.1.0-22-686-pae uhci_hcd
2024-10-30T14:28:29.200413+04:00 q4os-desktop kernel: [    4.165197] usb usb1: SerialNumber: 0000:00:05.0
2024-10-30T14:28:29.200419+04:00 q4os-desktop kernel: [    4.165657] hub 1-0:1.0: USB hub found
2024-10-30T14:28:29.200422+04:00 q4os-desktop kernel: [    4.165674] hub 1-0:1.0: 2 ports detected
2024-10-30T14:28:29.200424+04:00 q4os-desktop kernel: [    4.166760] ehci-pci 0000:00:05.7: EHCI Host Controller
2024-10-30T14:28:29.200427+04:00 q4os-desktop kernel: [    4.166782] ehci-pci 0000:00:05.7: new USB bus registered, assigned bus number 2
2024-10-30T14:28:29.200429+04:00 q4os-desktop kernel: [    4.167394] ehci-pci 0000:00:05.7: irq 10, io mem 0xfc057000
2024-10-30T14:28:29.200432+04:00 q4os-desktop kernel: [    4.186854] ehci-pci 0000:00:05.7: USB 2.0 started, EHCI 1.00
2024-10-30T14:28:29.200434+04:00 q4os-desktop kernel: [    4.187020] usb usb2: New USB device found, idVendor=1d6b, idProduct=0002, bcdDevice= 6.01
2024-10-30T14:28:29.200460+04:00 q4os-desktop kernel: [    4.187031] usb usb2: New USB device strings: Mfr=3, Product=2, SerialNumber=1
2024-10-30T14:28:29.200464+04:00 q4os-desktop kernel: [    4.187038] usb usb2: Product: EHCI Host Controller
2024-10-30T14:28:29.200466+04:00 q4os-desktop kernel: [    4.187071] usb usb2: Manufacturer: Linux 6.1.0-22-686-pae ehci_hcd
2024-10-30T14:28:29.200469+04:00 q4os-desktop kernel: [    4.187095] usb usb2: SerialNumber: 0000:00:05.7
2024-10-30T14:28:29.200471+04:00 q4os-desktop kernel: [    4.187578] hub 2-0:1.0: USB hub found
2024-10-30T14:28:29.200474+04:00 q4os-desktop kernel: [    4.187599] hub 2-0:1.0: 6 ports detected
2024-10-30T14:28:29.200476+04:00 q4os-desktop kernel: [    4.219172] hub 1-0:1.0: USB hub found
2024-10-30T14:28:29.200478+04:00 q4os-desktop kernel: [    4.219214] hub 1-0:1.0: 2 ports detected
2024-10-30T14:28:29.200508+04:00 q4os-desktop kernel: [    4.219386] ata2: found unknown device (class 0)
2024-10-30T14:28:29.200512+04:00 q4os-desktop kernel: [    4.220705] ata2.00: ATAPI: QEMU DVD-ROM, 2.5+, max UDMA/100
2024-10-30T14:28:29.200514+04:00 q4os-desktop kernel: [    4.223109] ata1: found unknown device (class 0)
2024-10-30T14:28:29.200517+04:00 q4os-desktop kernel: [    4.224206] ata1.00: ATA-7: QEMU HARDDISK, 2.5+, max UDMA/100
2024-10-30T14:28:29.200519+04:00 q4os-desktop kernel: [    4.224216] ata1.00: 41943040 sectors, multi 16: LBA48 
2024-10-30T14:28:29.200522+04:00 q4os-desktop kernel: [    4.225656] scsi 0:0:0:0: Direct-Access     ATA      QEMU HARDDISK    2.5+ PQ: 0 ANSI: 5
2024-10-30T14:28:29.200524+04:00 q4os-desktop kernel: [    4.228265] scsi 1:0:0:0: CD-ROM            QEMU     QEMU DVD-ROM     2.5+ PQ: 0 ANSI: 5
2024-10-30T14:28:29.200527+04:00 q4os-desktop kernel: [    4.267394] uhci_hcd 0000:00:05.1: UHCI Host Controller
2024-10-30T14:28:29.200547+04:00 q4os-desktop kernel: [    4.267419] uhci_hcd 0000:00:05.1: new USB bus registered, assigned bus number 3
2024-10-30T14:28:29.200670+04:00 q4os-desktop kernel: [    4.267455] uhci_hcd 0000:00:05.1: detected 2 ports
2024-10-30T14:28:29.200675+04:00 q4os-desktop kernel: [    4.267834] uhci_hcd 0000:00:05.1: irq 11, io port 0x0000c1c0
2024-10-30T14:28:29.200678+04:00 q4os-desktop kernel: [    4.268073] usb usb3: New USB device found, idVendor=1d6b, idProduct=0001, bcdDevice= 6.01
2024-10-30T14:28:29.200681+04:00 q4os-desktop kernel: [    4.268081] usb usb3: New USB device strings: Mfr=3, Product=2, SerialNumber=1
2024-10-30T14:28:29.200684+04:00 q4os-desktop kernel: [    4.268085] usb usb3: Product: UHCI Host Controller
2024-10-30T14:28:29.200687+04:00 q4os-desktop kernel: [    4.268089] usb usb3: Manufacturer: Linux 6.1.0-22-686-pae uhci_hcd
2024-10-30T14:28:29.200691+04:00 q4os-desktop kernel: [    4.268092] usb usb3: SerialNumber: 0000:00:05.1
2024-10-30T14:28:29.200695+04:00 q4os-desktop kernel: [    4.268566] hub 3-0:1.0: USB hub found
2024-10-30T14:28:29.200699+04:00 q4os-desktop kernel: [    4.268593] hub 3-0:1.0: 2 ports detected
2024-10-30T14:28:29.200970+04:00 q4os-desktop kernel: [    4.324496] uhci_hcd 0000:00:05.2: UHCI Host Controller
2024-10-30T14:28:29.200981+04:00 q4os-desktop kernel: [    4.324526] uhci_hcd 0000:00:05.2: new USB bus registered, assigned bus number 4
2024-10-30T14:28:29.200986+04:00 q4os-desktop kernel: [    4.324573] uhci_hcd 0000:00:05.2: detected 2 ports
2024-10-30T14:28:29.200989+04:00 q4os-desktop kernel: [    4.324771] uhci_hcd 0000:00:05.2: irq 11, io port 0x0000c1e0
2024-10-30T14:28:29.200992+04:00 q4os-desktop kernel: [    4.324994] usb usb4: New USB device found, idVendor=1d6b, idProduct=0001, bcdDevice= 6.01
2024-10-30T14:28:29.200996+04:00 q4os-desktop kernel: [    4.325012] usb usb4: New USB device strings: Mfr=3, Product=2, SerialNumber=1
2024-10-30T14:28:29.201000+04:00 q4os-desktop kernel: [    4.325018] usb usb4: Product: UHCI Host Controller
2024-10-30T14:28:29.201004+04:00 q4os-desktop kernel: [    4.325022] usb usb4: Manufacturer: Linux 6.1.0-22-686-pae uhci_hcd
2024-10-30T14:28:29.201008+04:00 q4os-desktop kernel: [    4.325076] usb usb4: SerialNumber: 0000:00:05.2
2024-10-30T14:28:29.201012+04:00 q4os-desktop kernel: [    4.330989] hub 4-0:1.0: USB hub found
2024-10-30T14:28:29.201015+04:00 q4os-desktop kernel: [    4.331011] hub 4-0:1.0: 2 ports detected
2024-10-30T14:28:29.201019+04:00 q4os-desktop kernel: [    4.386946] 8139cp 0000:00:03.0 ens3: renamed from eth0
2024-10-30T14:28:29.201023+04:00 q4os-desktop kernel: [    4.408738] sd 0:0:0:0: [sda] 41943040 512-byte logical blocks: (21.5 GB/20.0 GiB)
2024-10-30T14:28:29.201028+04:00 q4os-desktop kernel: [    4.408814] sd 0:0:0:0: [sda] Write Protect is off
2024-10-30T14:28:29.201032+04:00 q4os-desktop kernel: [    4.408823] sd 0:0:0:0: [sda] Mode Sense: 00 3a 00 00
2024-10-30T14:28:29.201036+04:00 q4os-desktop kernel: [    4.408921] sd 0:0:0:0: [sda] Write cache: enabled, read cache: enabled, doesn't support DPO or FUA
2024-10-30T14:28:29.201042+04:00 q4os-desktop kernel: [    4.409067] sd 0:0:0:0: [sda] Preferred minimum I/O size 512 bytes
2024-10-30T14:28:29.201046+04:00 q4os-desktop kernel: [    4.412002]  sda: sda1 sda2 < sda5 >
2024-10-30T14:28:29.201050+04:00 q4os-desktop kernel: [    4.412698] sd 0:0:0:0: [sda] Attached SCSI disk
2024-10-30T14:28:29.201054+04:00 q4os-desktop kernel: [    4.464807] sr 1:0:0:0: [sr0] scsi3-mmc drive: 4x/4x cd/rw xa/form2 tray
2024-10-30T14:28:29.201059+04:00 q4os-desktop kernel: [    4.464821] cdrom: Uniform CD-ROM driver Revision: 3.20
2024-10-30T14:28:29.201063+04:00 q4os-desktop kernel: [    4.516463] sr 1:0:0:0: Attached scsi CD-ROM sr0
2024-10-30T14:28:29.201067+04:00 q4os-desktop kernel: [    4.654887] usb 1-1: new full-speed USB device number 2 using uhci_hcd
2024-10-30T14:28:29.201071+04:00 q4os-desktop kernel: [    4.825156] usb 1-1: New USB device found, idVendor=08e6, idProduct=4433, bcdDevice= 0.00
2024-10-30T14:28:29.201076+04:00 q4os-desktop kernel: [    4.825191] usb 1-1: New USB device strings: Mfr=1, Product=2, SerialNumber=3
2024-10-30T14:28:29.201080+04:00 q4os-desktop kernel: [    4.825198] usb 1-1: Product: QEMU USB CCID
2024-10-30T14:28:29.201084+04:00 q4os-desktop kernel: [    4.825204] usb 1-1: Manufacturer: QEMU
2024-10-30T14:28:29.201088+04:00 q4os-desktop kernel: [    4.825209] usb 1-1: SerialNumber: 1-0000:00:05.7-1
2024-10-30T14:28:29.201092+04:00 q4os-desktop kernel: [    5.420725] device-mapper: core: CONFIG_IMA_DISABLE_HTABLE is disabled. Duplicate IMA measurements will not be recorded in the IMA log.
2024-10-30T14:28:29.201097+04:00 q4os-desktop kernel: [    5.420825] device-mapper: uevent: version 1.0.3
2024-10-30T14:28:29.201102+04:00 q4os-desktop kernel: [    5.421173] device-mapper: ioctl: 4.47.0-ioctl (2022-07-28) initialised: dm-devel@redhat.com
2024-10-30T14:28:29.201106+04:00 q4os-desktop kernel: [    5.574767] raid6: avx2x2   gen() 11668 MB/s
2024-10-30T14:28:29.201110+04:00 q4os-desktop kernel: [    5.642765] raid6: avx2x1   gen() 10078 MB/s
2024-10-30T14:28:29.201114+04:00 q4os-desktop kernel: [    5.642776] raid6: using algorithm avx2x2 gen() 11668 MB/s
2024-10-30T14:28:29.201118+04:00 q4os-desktop kernel: [    5.710787] raid6: .... xor() 6606 MB/s, rmw enabled
2024-10-30T14:28:29.201122+04:00 q4os-desktop kernel: [    5.710797] raid6: using avx2x1 recovery algorithm
2024-10-30T14:28:29.201126+04:00 q4os-desktop kernel: [    5.714226] xor: automatically using best checksumming function   avx       
2024-10-30T14:28:29.201130+04:00 q4os-desktop kernel: [    5.717090] async_tx: api initialized (async)
2024-10-30T14:28:29.201135+04:00 q4os-desktop kernel: [    6.145058] Btrfs loaded, crc32c=crc32c-intel, zoned=yes, fsverity=yes
2024-10-30T14:28:29.201138+04:00 q4os-desktop kernel: [    6.419892] PM: Image not found (code -22)
2024-10-30T14:28:29.201142+04:00 q4os-desktop kernel: [    6.613869] EXT4-fs (sda1): mounted filesystem with ordered data mode. Quota mode: none.
2024-10-30T14:28:29.201146+04:00 q4os-desktop kernel: [    6.750081] Not activating Mandatory Access Control as /sbin/tomoyo-init does not exist.
2024-10-30T14:28:29.201159+04:00 q4os-desktop kernel: [    7.747625] loop: module loaded
2024-10-30T14:28:29.201347+04:00 q4os-desktop kernel: [    7.774110] fuse: init (API version 7.37)
2024-10-30T14:28:29.201354+04:00 q4os-desktop kernel: [    7.795030] EXT4-fs (sda1): re-mounted. Quota mode: none.
2024-10-30T14:28:29.201357+04:00 q4os-desktop kernel: [    7.809278] ACPI: bus type drm_connector registered
2024-10-30T14:28:29.201362+04:00 q4os-desktop kernel: [    8.653591] audit: type=1400 audit(1730284107.700:2): apparmor="STATUS" operation="profile_load" profile="unconfined" name="nvidia_modprobe" pid=388 comm="apparmor_parser"
2024-10-30T14:28:29.201365+04:00 q4os-desktop kernel: [    8.658380] audit: type=1400 audit(1730284107.704:3): apparmor="STATUS" operation="profile_load" profile="unconfined" name="nvidia_modprobe//kmod" pid=388 comm="apparmor_parser"
2024-10-30T14:28:29.201367+04:00 q4os-desktop kernel: [    8.735848] audit: type=1400 audit(1730284107.784:4): apparmor="STATUS" operation="profile_load" profile="unconfined" name="lsb_release" pid=387 comm="apparmor_parser"
2024-10-30T14:28:29.201371+04:00 q4os-desktop kernel: [    8.873650] audit: type=1400 audit(1730284107.920:5): apparmor="STATUS" operation="profile_load" profile="unconfined" name="/usr/bin/man" pid=390 comm="apparmor_parser"
2024-10-30T14:28:29.201374+04:00 q4os-desktop kernel: [    8.876333] audit: type=1400 audit(1730284107.928:6): apparmor="STATUS" operation="profile_load" profile="unconfined" name="man_filter" pid=390 comm="apparmor_parser"
2024-10-30T14:28:29.201376+04:00 q4os-desktop kernel: [    8.880485] audit: type=1400 audit(1730284107.928:7): apparmor="STATUS" operation="profile_load" profile="unconfined" name="man_groff" pid=390 comm="apparmor_parser"
2024-10-30T14:28:29.201379+04:00 q4os-desktop kernel: [    9.031672] sd 0:0:0:0: Attached scsi generic sg0 type 0
2024-10-30T14:28:29.201382+04:00 q4os-desktop kernel: [    9.032038] sr 1:0:0:0: Attached scsi generic sg1 type 5
2024-10-30T14:28:29.201385+04:00 q4os-desktop kernel: [    9.037811] input: Power Button as /devices/LNXSYSTM:00/LNXPWRBN:00/input/input4
2024-10-30T14:28:29.201388+04:00 q4os-desktop kernel: [    9.055606] ACPI: button: Power Button [PWRF]
2024-10-30T14:28:29.201391+04:00 q4os-desktop kernel: [    9.292453] Adding 526332k swap on /dev/sda5.  Priority:-2 extents:1 across:526332k FS
2024-10-30T14:28:29.201393+04:00 q4os-desktop kernel: [    9.360749] input: PC Speaker as /devices/platform/pcspkr/input/input5
2024-10-30T14:28:29.201396+04:00 q4os-desktop kernel: [    9.476936] audit: type=1400 audit(1730284108.524:8): apparmor="STATUS" operation="profile_load" profile="unconfined" name="/usr/lib/NetworkManager/nm-dhcp-client.action" pid=389 comm="apparmor_parser"
2024-10-30T14:28:29.201399+04:00 q4os-desktop kernel: [    9.477505] RAPL PMU: API unit is 2^-32 Joules, 0 fixed counters, 10737418240 ms ovfl timer
2024-10-30T14:28:29.201402+04:00 q4os-desktop kernel: [    9.482601] audit: type=1400 audit(1730284108.528:9): apparmor="STATUS" operation="profile_load" profile="unconfined" name="/usr/lib/NetworkManager/nm-dhcp-helper" pid=389 comm="apparmor_parser"
2024-10-30T14:28:29.201405+04:00 q4os-desktop kernel: [    9.486806] audit: type=1400 audit(1730284108.532:10): apparmor="STATUS" operation="profile_load" profile="unconfined" name="/usr/lib/connman/scripts/dhclient-script" pid=389 comm="apparmor_parser"
2024-10-30T14:28:29.201408+04:00 q4os-desktop kernel: [    9.498216] audit: type=1400 audit(1730284108.544:11): apparmor="STATUS" operation="profile_load" profile="unconfined" name="/{,usr/}sbin/dhclient" pid=389 comm="apparmor_parser"
2024-10-30T14:28:29.201411+04:00 q4os-desktop kernel: [    9.596244] qxl 0000:00:02.0: vgaarb: deactivate vga console
2024-10-30T14:28:29.201413+04:00 q4os-desktop kernel: [    9.603175] Console: switching to colour dummy device 80x25
2024-10-30T14:28:29.201416+04:00 q4os-desktop kernel: [    9.603434] [drm] Device Version 0.0
2024-10-30T14:28:29.201418+04:00 q4os-desktop kernel: [    9.603441] [drm] Compression level 0 log level 0
2024-10-30T14:28:29.201421+04:00 q4os-desktop kernel: [    9.603445] [drm] 12286 io pages at offset 0x1000000
2024-10-30T14:28:29.201423+04:00 q4os-desktop kernel: [    9.603450] [drm] 16777216 byte draw area at offset 0x0
2024-10-30T14:28:29.201426+04:00 q4os-desktop kernel: [    9.603455] [drm] RAM header offset: 0x3ffe000
2024-10-30T14:28:29.201428+04:00 q4os-desktop kernel: [    9.603516] [drm] qxl: 16M of VRAM memory size
2024-10-30T14:28:29.201430+04:00 q4os-desktop kernel: [    9.603520] [drm] qxl: 63M of IO pages memory ready (VRAM domain)
2024-10-30T14:28:29.201433+04:00 q4os-desktop kernel: [    9.603524] [drm] qxl: 64M of Surface memory size
2024-10-30T14:28:29.201435+04:00 q4os-desktop kernel: [    9.636445] [drm] slot 0 (main): base 0xf4000000, size 0x03ffe000
2024-10-30T14:28:29.201438+04:00 q4os-desktop kernel: [    9.636790] [drm] slot 1 (surfaces): base 0xf8000000, size 0x04000000
2024-10-30T14:28:29.201440+04:00 q4os-desktop kernel: [    9.637743] [drm] Initialized qxl 0.1.0 20120117 for 0000:00:02.0 on minor 0
2024-10-30T14:28:29.201443+04:00 q4os-desktop kernel: [    9.640859] fbcon: qxldrmfb (fb0) is primary device
2024-10-30T14:28:29.201445+04:00 q4os-desktop kernel: [    9.715364] Console: switching to colour frame buffer device 128x48
2024-10-30T14:28:29.201449+04:00 q4os-desktop kernel: [    9.738870] qxl 0000:00:02.0: [drm] fb0: qxldrmfb frame buffer device
2024-10-30T14:28:29.507040+04:00 q4os-desktop kernel: [   10.452629] snd_hda_codec_generic hdaudioC0D0: autoconfig for Generic: line_outs=1 (0x3/0x0/0x0/0x0/0x0) type:line
2024-10-30T14:28:29.507104+04:00 q4os-desktop kernel: [   10.452644] snd_hda_codec_generic hdaudioC0D0:    speaker_outs=0 (0x0/0x0/0x0/0x0/0x0)
2024-10-30T14:28:29.507207+04:00 q4os-desktop kernel: [   10.452652] snd_hda_codec_generic hdaudioC0D0:    hp_outs=0 (0x0/0x0/0x0/0x0/0x0)
2024-10-30T14:28:29.507253+04:00 q4os-desktop kernel: [   10.452659] snd_hda_codec_generic hdaudioC0D0:    mono: mono_out=0x0
2024-10-30T14:28:29.507260+04:00 q4os-desktop kernel: [   10.452664] snd_hda_codec_generic hdaudioC0D0:    inputs:
2024-10-30T14:28:29.507263+04:00 q4os-desktop kernel: [   10.452685] snd_hda_codec_generic hdaudioC0D0:      Line=0x5
2024-10-30T14:28:30.159660+04:00 q4os-desktop kernel: [   11.104281] NET: Registered PF_QIPCRTR protocol family
2024-10-30T14:28:30.499004+04:00 q4os-desktop kernel: [   11.445434] 8139cp 0000:00:03.0 ens3: link up, 100Mbps, full-duplex, lpa 0x05E1
2024-10-30T10:34:53.303529+04:00 q4os-desktop kernel: [  393.254508] clocksource: Long readout interval, skipping watchdog check: cs_nsec: 1147220359 wd_nsec: 1147220438
2024-10-30T10:41:14.748498+04:00 q4os-desktop kernel: [  774.678762] audit: type=1400 audit(1730270474.723:12): apparmor="STATUS" operation="profile_load" profile="unconfined" name="libreoffice-oosplash" pid=5505 comm="apparmor_parser"
2024-10-30T10:41:14.883324+04:00 q4os-desktop kernel: [  774.828211] audit: type=1400 audit(1730270474.875:13): apparmor="STATUS" operation="profile_load" profile="unconfined" name="libreoffice-senddoc" pid=5511 comm="apparmor_parser"
2024-10-30T10:41:30.415388+04:00 q4os-desktop kernel: [  790.360752] audit: type=1400 audit(1730270490.407:14): apparmor="STATUS" operation="profile_load" profile="unconfined" name="libreoffice-soffice" pid=5517 comm="apparmor_parser"
2024-10-30T10:41:30.423555+04:00 q4os-desktop kernel: [  790.367427] audit: type=1400 audit(1730270490.415:15): apparmor="STATUS" operation="profile_load" profile="unconfined" name="libreoffice-soffice//gpg" pid=5517 comm="apparmor_parser"
2024-10-30T10:41:30.575504+04:00 q4os-desktop kernel: [  790.521656] audit: type=1400 audit(1730270490.567:16): apparmor="STATUS" operation="profile_load" profile="unconfined" name="libreoffice-xpdfimport" pid=5523 comm="apparmor_parser"
2024-10-30T10:50:07.574546+04:00 q4os-desktop kernel: [ 1307.503195] audit: type=1400 audit(1730271007.558:17): apparmor="STATUS" operation="profile_load" profile="unconfined" name="/usr/lib/cups/backend/cups-pdf" pid=15453 comm="apparmor_parser"
2024-10-30T10:50:07.576213+04:00 q4os-desktop kernel: [ 1307.513835] audit: type=1400 audit(1730271007.570:18): apparmor="STATUS" operation="profile_load" profile="unconfined" name="/usr/sbin/cupsd" pid=15453 comm="apparmor_parser"
2024-10-30T10:50:07.576226+04:00 q4os-desktop kernel: [ 1307.514619] audit: type=1400 audit(1730271007.570:19): apparmor="STATUS" operation="profile_load" profile="unconfined" name="/usr/sbin/cupsd//third_party" pid=15453 comm="apparmor_parser"
2024-10-30T10:50:11.667317+04:00 q4os-desktop kernel: [ 1311.605748] audit: type=1400 audit(1730271011.662:20): apparmor="DENIED" operation="capable" profile="/usr/sbin/cupsd" pid=15514 comm="cupsd" capability=12  capname="net_admin"
2024-10-30T10:50:40.243414+04:00 q4os-desktop kernel: [ 1340.180152] input: ACPI Virtual Keyboard Device as /devices/virtual/input/input6
2024-10-30T10:50:46.275336+04:00 q4os-desktop kernel: [ 1346.211385] audit: type=1400 audit(1730271046.267:21): apparmor="STATUS" operation="profile_load" profile="unconfined" name="/usr/sbin/cups-browsed" pid=15794 comm="apparmor_parser"
2024-10-30T10:51:17.023785+04:00 q4os-desktop kernel: [ 1376.961991] RPC: Registered named UNIX socket transport module.
2024-10-30T10:51:17.023826+04:00 q4os-desktop kernel: [ 1376.961999] RPC: Registered udp transport module.
2024-10-30T10:51:17.023831+04:00 q4os-desktop kernel: [ 1376.962001] RPC: Registered tcp transport module.
2024-10-30T10:51:17.023836+04:00 q4os-desktop kernel: [ 1376.962003] RPC: Registered tcp NFSv4.1 backchannel transport module.
2024-10-30T11:08:12.878912+04:00 q4os-desktop kernel: [ 2392.757791] audit: type=1400 audit(1730272092.833:22): apparmor="ALLOWED" operation="mknod" profile="libreoffice-soffice" name="/home/user/.configtde/libreoffice/4/user/extensions/buildid" pid=18895 comm="soffice.bin" requested_mask="c" denied_mask="c" fsuid=1000 ouid=1000
2024-10-30T11:08:12.894466+04:00 q4os-desktop kernel: [ 2392.757810] audit: type=1400 audit(1730272092.833:23): apparmor="ALLOWED" operation="open" profile="libreoffice-soffice" name="/home/user/.configtde/libreoffice/4/user/extensions/buildid" pid=18895 comm="soffice.bin" requested_mask="wrc" denied_mask="wrc" fsuid=1000 ouid=1000
2024-10-30T11:08:12.894479+04:00 q4os-desktop kernel: [ 2392.757819] audit: type=1400 audit(1730272092.833:24): apparmor="ALLOWED" operation="file_lock" profile="libreoffice-soffice" name="/home/user/.configtde/libreoffice/4/user/extensions/buildid" pid=18895 comm="soffice.bin" requested_mask="wk" denied_mask="wk" fsuid=1000 ouid=1000
2024-10-30T11:08:13.307299+04:00 q4os-desktop kernel: [ 2393.229276] audit: type=1400 audit(1730272093.301:25): apparmor="ALLOWED" operation="open" profile="libreoffice-soffice" name="/home/user/.configtde/libreoffice/4/user/registrymodifications.xcu" pid=18895 comm="soffice.bin" requested_mask="r" denied_mask="r" fsuid=1000 ouid=1000
2024-10-30T11:08:14.319345+04:00 q4os-desktop kernel: [ 2394.238376] audit: type=1400 audit(1730272094.313:26): apparmor="ALLOWED" operation="mknod" profile="libreoffice-soffice" name="/home/user/.configtde/libreoffice/4/user/n3wTew" pid=18895 comm="configmgrWriter" requested_mask="c" denied_mask="c" fsuid=1000 ouid=1000
2024-10-30T11:08:14.319418+04:00 q4os-desktop kernel: [ 2394.238394] audit: type=1400 audit(1730272094.313:27): apparmor="ALLOWED" operation="open" profile="libreoffice-soffice" name="/home/user/.configtde/libreoffice/4/user/n3wTew" pid=18895 comm="configmgrWriter" requested_mask="wrc" denied_mask="wrc" fsuid=1000 ouid=1000
2024-10-30T11:08:14.319422+04:00 q4os-desktop kernel: [ 2394.238469] audit: type=1400 audit(1730272094.313:28): apparmor="ALLOWED" operation="file_lock" profile="libreoffice-soffice" name="/home/user/.configtde/libreoffice/4/user/n3wTew" pid=18895 comm="configmgrWriter" requested_mask="wk" denied_mask="wk" fsuid=1000 ouid=1000
2024-10-30T11:08:14.319425+04:00 q4os-desktop kernel: [ 2394.238765] audit: type=1400 audit(1730272094.313:29): apparmor="ALLOWED" operation="rename_src" profile="libreoffice-soffice" name="/home/user/.configtde/libreoffice/4/user/n3wTew" pid=18895 comm="configmgrWriter" requested_mask="wrd" denied_mask="wrd" fsuid=1000 ouid=1000
2024-10-30T11:08:14.319428+04:00 q4os-desktop kernel: [ 2394.238779] audit: type=1400 audit(1730272094.313:30): apparmor="ALLOWED" operation="rename_dest" profile="libreoffice-soffice" name="/home/user/.configtde/libreoffice/4/user/registrymodifications.xcu" pid=18895 comm="configmgrWriter" requested_mask="wc" denied_mask="wc" fsuid=1000 ouid=1000
2024-10-30T11:08:14.319430+04:00 q4os-desktop kernel: [ 2394.238974] audit: type=1400 audit(1730272094.313:31): apparmor="ALLOWED" operation="chown" profile="libreoffice-soffice" name="/home/user/.configtde/libreoffice/4/user/registrymodifications.xcu" pid=18895 comm="configmgrWriter" requested_mask="w" denied_mask="w" fsuid=1000 ouid=1000
2024-10-30T11:08:18.155311+04:00 q4os-desktop kernel: [ 2398.073398] kauditd_printk_skb: 34 callbacks suppressed
2024-10-30T11:08:18.155395+04:00 q4os-desktop kernel: [ 2398.073405] audit: type=1400 audit(1730272098.145:66): apparmor="ALLOWED" operation="open" profile="libreoffice-soffice" name="/home/user/.configtde/fontconfig/fonts.conf" pid=18895 comm=5B70616E676F5D204663496E6974 requested_mask="r" denied_mask="r" fsuid=1000 ouid=1000
2024-10-30T11:08:18.783339+04:00 q4os-desktop kernel: [ 2398.704996] audit: type=1400 audit(1730272098.777:67): apparmor="ALLOWED" operation="mknod" profile="libreoffice-soffice" name="/home/user/.configtde/libreoffice/4/user/extensions/bundled/extensions.pmap" pid=18895 comm="soffice.bin" requested_mask="c" denied_mask="c" fsuid=1000 ouid=1000
2024-10-30T11:08:18.783410+04:00 q4os-desktop kernel: [ 2398.705038] audit: type=1400 audit(1730272098.777:68): apparmor="ALLOWED" operation="open" profile="libreoffice-soffice" name="/home/user/.configtde/libreoffice/4/user/extensions/bundled/extensions.pmap" pid=18895 comm="soffice.bin" requested_mask="wrc" denied_mask="wrc" fsuid=1000 ouid=1000
2024-10-30T11:08:18.783418+04:00 q4os-desktop kernel: [ 2398.705048] audit: type=1400 audit(1730272098.777:69): apparmor="ALLOWED" operation="file_lock" profile="libreoffice-soffice" name="/home/user/.configtde/libreoffice/4/user/extensions/bundled/extensions.pmap" pid=18895 comm="soffice.bin" requested_mask="wk" denied_mask="wk" fsuid=1000 ouid=1000
2024-10-30T11:08:18.783440+04:00 q4os-desktop kernel: [ 2398.705143] audit: type=1400 audit(1730272098.777:70): apparmor="ALLOWED" operation="truncate" profile="libreoffice-soffice" name="/home/user/.configtde/libreoffice/4/user/extensions/bundled/extensions.pmap" pid=18895 comm="soffice.bin" requested_mask="w" denied_mask="w" fsuid=1000 ouid=1000
2024-10-30T11:08:18.907390+04:00 q4os-desktop kernel: [ 2398.828406] audit: type=1400 audit(1730272098.901:71): apparmor="ALLOWED" operation="truncate" profile="libreoffice-soffice" name="/home/user/.configtde/libreoffice/4/user/extensions/bundled/extensions.pmap" pid=18895 comm="soffice.bin" requested_mask="w" denied_mask="w" fsuid=1000 ouid=1000
2024-10-30T11:08:19.111420+04:00 q4os-desktop kernel: [ 2399.030686] audit: type=1400 audit(1730272099.105:72): apparmor="ALLOWED" operation="mknod" profile="libreoffice-soffice" name="/home/user/.configtde/libreoffice/4/user/extensions/bundled/registry/com.sun.star.comp.deployment.component.PackageRegistryBackend/unorc" pid=18895 comm="soffice.bin" requested_mask="c" denied_mask="c" fsuid=1000 ouid=1000
2024-10-30T11:08:19.111459+04:00 q4os-desktop kernel: [ 2399.030710] audit: type=1400 audit(1730272099.105:73): apparmor="ALLOWED" operation="open" profile="libreoffice-soffice" name="/home/user/.configtde/libreoffice/4/user/extensions/bundled/registry/com.sun.star.comp.deployment.component.PackageRegistryBackend/unorc" pid=18895 comm="soffice.bin" requested_mask="wrc" denied_mask="wrc" fsuid=1000 ouid=1000
2024-10-30T11:08:19.111463+04:00 q4os-desktop kernel: [ 2399.030721] audit: type=1400 audit(1730272099.105:74): apparmor="ALLOWED" operation="file_lock" profile="libreoffice-soffice" name="/home/user/.configtde/libreoffice/4/user/extensions/bundled/registry/com.sun.star.comp.deployment.component.PackageRegistryBackend/unorc" pid=18895 comm="soffice.bin" requested_mask="wk" denied_mask="wk" fsuid=1000 ouid=1000
2024-10-30T11:08:19.231403+04:00 q4os-desktop kernel: [ 2399.150841] audit: type=1400 audit(1730272099.225:75): apparmor="ALLOWED" operation="mknod" profile="libreoffice-soffice" name="/home/user/.configtde/libreoffice/4/user/extensions/bundled/registry/com.sun.star.comp.deployment.configuration.PackageRegistryBackend/configmgr.ini" pid=18895 comm="soffice.bin" requested_mask="c" denied_mask="c" fsuid=1000 ouid=1000
2024-10-30T11:08:26.319406+04:00 q4os-desktop kernel: [ 2406.238336] kauditd_printk_skb: 47 callbacks suppressed
2024-10-30T11:08:26.319456+04:00 q4os-desktop kernel: [ 2406.238346] audit: type=1400 audit(1730272106.313:123): apparmor="ALLOWED" operation="mknod" profile="libreoffice-soffice" name="/home/user/.configtde/libreoffice/4/user/g52dUA" pid=18895 comm="configmgrWriter" requested_mask="c" denied_mask="c" fsuid=1000 ouid=1000
2024-10-30T11:08:26.319466+04:00 q4os-desktop kernel: [ 2406.238394] audit: type=1400 audit(1730272106.313:124): apparmor="ALLOWED" operation="open" profile="libreoffice-soffice" name="/home/user/.configtde/libreoffice/4/user/g52dUA" pid=18895 comm="configmgrWriter" requested_mask="wrc" denied_mask="wrc" fsuid=1000 ouid=1000
2024-10-30T11:08:26.319470+04:00 q4os-desktop kernel: [ 2406.238407] audit: type=1400 audit(1730272106.313:125): apparmor="ALLOWED" operation="file_lock" profile="libreoffice-soffice" name="/home/user/.configtde/libreoffice/4/user/g52dUA" pid=18895 comm="configmgrWriter" requested_mask="wk" denied_mask="wk" fsuid=1000 ouid=1000
2024-10-30T11:08:26.319473+04:00 q4os-desktop kernel: [ 2406.238773] audit: type=1400 audit(1730272106.313:126): apparmor="ALLOWED" operation="rename_src" profile="libreoffice-soffice" name="/home/user/.configtde/libreoffice/4/user/g52dUA" pid=18895 comm="configmgrWriter" requested_mask="wrd" denied_mask="wrd" fsuid=1000 ouid=1000
2024-10-30T11:08:26.319494+04:00 q4os-desktop kernel: [ 2406.238786] audit: type=1400 audit(1730272106.313:127): apparmor="ALLOWED" operation="rename_dest" profile="libreoffice-soffice" name="/home/user/.configtde/libreoffice/4/user/registrymodifications.xcu" pid=18895 comm="configmgrWriter" requested_mask="wc" denied_mask="wc" fsuid=1000 ouid=1000
2024-10-30T11:08:26.319499+04:00 q4os-desktop kernel: [ 2406.239699] audit: type=1400 audit(1730272106.313:128): apparmor="ALLOWED" operation="chown" profile="libreoffice-soffice" name="/home/user/.configtde/libreoffice/4/user/registrymodifications.xcu" pid=18895 comm="configmgrWriter" requested_mask="w" denied_mask="w" fsuid=1000 ouid=1000
2024-10-30T11:08:26.747452+04:00 q4os-desktop kernel: [ 2406.668499] audit: type=1400 audit(1730272106.741:129): apparmor="ALLOWED" operation="unlink" profile="libreoffice-soffice" name="/home/user/.configtde/libreoffice/4/.lock" pid=18895 comm="soffice.bin" requested_mask="d" denied_mask="d" fsuid=1000 ouid=1000
2024-10-30T11:08:30.567371+04:00 q4os-desktop kernel: [ 2410.485369] audit: type=1400 audit(1730272110.561:130): apparmor="ALLOWED" operation="open" profile="libreoffice-soffice" name="/home/user/.configtde/libreoffice/4/user/extensions/buildid" pid=18945 comm="soffice.bin" requested_mask="r" denied_mask="r" fsuid=1000 ouid=1000
2024-10-30T11:08:30.575367+04:00 q4os-desktop kernel: [ 2410.495853] audit: type=1400 audit(1730272110.569:131): apparmor="ALLOWED" operation="open" profile="libreoffice-soffice" name="/home/user/.configtde/libreoffice/4/user/extensions/bundled/registry/com.sun.star.comp.deployment.component.PackageRegistryBackend/unorc" pid=18945 comm="soffice.bin" requested_mask="r" denied_mask="r" fsuid=1000 ouid=1000
2024-10-30T11:08:30.995583+04:00 q4os-desktop kernel: [ 2410.913093] audit: type=1400 audit(1730272110.985:132): apparmor="ALLOWED" operation="open" profile="libreoffice-soffice" name="/home/user/.configtde/libreoffice/4/user/extensions/bundled/registry/com.sun.star.comp.deployment.configuration.PackageRegistryBackend/configmgr.ini" pid=18945 comm="soffice.bin" requested_mask="r" denied_mask="r" fsuid=1000 ouid=1000
2024-10-30T11:08:31.791429+04:00 q4os-desktop kernel: [ 2411.710459] kauditd_printk_skb: 5 callbacks suppressed
2024-10-30T11:08:31.791479+04:00 q4os-desktop kernel: [ 2411.710466] audit: type=1400 audit(1730272111.785:138): apparmor="ALLOWED" operation="open" profile="libreoffice-soffice" name="/home/user/.configtde/fontconfig/fonts.conf" pid=18945 comm=5B70616E676F5D204663496E6974 requested_mask="r" denied_mask="r" fsuid=1000 ouid=1000
2024-10-30T11:08:32.051516+04:00 q4os-desktop kernel: [ 2411.971641] audit: type=1400 audit(1730272112.045:139): apparmor="ALLOWED" operation="mknod" profile="libreoffice-soffice" name="/home/user/.configtde/libreoffice/4/user/RJLXcd" pid=18945 comm="configmgrWriter" requested_mask="c" denied_mask="c" fsuid=1000 ouid=1000
2024-10-30T11:08:32.051568+04:00 q4os-desktop kernel: [ 2411.971665] audit: type=1400 audit(1730272112.045:140): apparmor="ALLOWED" operation="open" profile="libreoffice-soffice" name="/home/user/.configtde/libreoffice/4/user/RJLXcd" pid=18945 comm="configmgrWriter" requested_mask="wrc" denied_mask="wrc" fsuid=1000 ouid=1000
2024-10-30T11:08:32.051574+04:00 q4os-desktop kernel: [ 2411.971752] audit: type=1400 audit(1730272112.045:141): apparmor="ALLOWED" operation="file_lock" profile="libreoffice-soffice" name="/home/user/.configtde/libreoffice/4/user/RJLXcd" pid=18945 comm="configmgrWriter" requested_mask="wk" denied_mask="wk" fsuid=1000 ouid=1000
2024-10-30T11:08:32.051579+04:00 q4os-desktop kernel: [ 2411.972110] audit: type=1400 audit(1730272112.045:142): apparmor="ALLOWED" operation="rename_src" profile="libreoffice-soffice" name="/home/user/.configtde/libreoffice/4/user/RJLXcd" pid=18945 comm="configmgrWriter" requested_mask="wrd" denied_mask="wrd" fsuid=1000 ouid=1000
2024-10-30T11:08:32.051583+04:00 q4os-desktop kernel: [ 2411.972135] audit: type=1400 audit(1730272112.045:143): apparmor="ALLOWED" operation="rename_dest" profile="libreoffice-soffice" name="/home/user/.configtde/libreoffice/4/user/registrymodifications.xcu" pid=18945 comm="configmgrWriter" requested_mask="wc" denied_mask="wc" fsuid=1000 ouid=1000
2024-10-30T11:08:32.051596+04:00 q4os-desktop kernel: [ 2411.972884] audit: type=1400 audit(1730272112.045:144): apparmor="ALLOWED" operation="chown" profile="libreoffice-soffice" name="/home/user/.configtde/libreoffice/4/user/registrymodifications.xcu" pid=18945 comm="configmgrWriter" requested_mask="w" denied_mask="w" fsuid=1000 ouid=1000
2024-10-30T11:08:40.591326+04:00 q4os-desktop kernel: [ 2420.512462] audit: type=1400 audit(1730272120.585:145): apparmor="ALLOWED" operation="mknod" profile="libreoffice-soffice" name="/home/user/.configtde/libreoffice/4/.lock" pid=18945 comm="soffice.bin" requested_mask="c" denied_mask="c" fsuid=1000 ouid=1000
2024-10-30T11:08:40.591386+04:00 q4os-desktop kernel: [ 2420.512477] audit: type=1400 audit(1730272120.585:146): apparmor="ALLOWED" operation="open" profile="libreoffice-soffice" name="/home/user/.configtde/libreoffice/4/.lock" pid=18945 comm="soffice.bin" requested_mask="wrc" denied_mask="wrc" fsuid=1000 ouid=1000
2024-10-30T11:08:40.591390+04:00 q4os-desktop kernel: [ 2420.512486] audit: type=1400 audit(1730272120.585:147): apparmor="ALLOWED" operation="file_lock" profile="libreoffice-soffice" name="/home/user/.configtde/libreoffice/4/.lock" pid=18945 comm="soffice.bin" requested_mask="wk" denied_mask="wk" fsuid=1000 ouid=1000
2024-10-30T11:08:40.595308+04:00 q4os-desktop kernel: [ 2420.513466] audit: type=1400 audit(1730272120.589:148): apparmor="ALLOWED" operation="open" profile="libreoffice-soffice" name="/home/user/.configtde/libreoffice/4/.lock" pid=18945 comm="soffice.bin" requested_mask="r" denied_mask="r" fsuid=1000 ouid=1000
2024-10-30T11:08:40.595346+04:00 q4os-desktop kernel: [ 2420.513700] audit: type=1400 audit(1730272120.589:149): apparmor="ALLOWED" operation="open" profile="libreoffice-soffice" name="/home/user/.configtde/libreoffice/4/.lock" pid=18945 comm="soffice.bin" requested_mask="wr" denied_mask="wr" fsuid=1000 ouid=1000
2024-10-30T11:08:40.595351+04:00 q4os-desktop kernel: [ 2420.513731] audit: type=1400 audit(1730272120.589:150): apparmor="ALLOWED" operation="file_lock" profile="libreoffice-soffice" name="/home/user/.configtde/libreoffice/4/.lock" pid=18945 comm="soffice.bin" requested_mask="wk" denied_mask="wk" fsuid=1000 ouid=1000
2024-10-30T11:08:40.595356+04:00 q4os-desktop kernel: [ 2420.513739] audit: type=1400 audit(1730272120.589:151): apparmor="ALLOWED" operation="truncate" profile="libreoffice-soffice" name="/home/user/.configtde/libreoffice/4/.lock" pid=18945 comm="soffice.bin" requested_mask="w" denied_mask="w" fsuid=1000 ouid=1000
2024-10-30T11:08:41.063297+04:00 q4os-desktop kernel: [ 2420.982343] audit: type=1400 audit(1730272121.057:152): apparmor="ALLOWED" operation="open" profile="libreoffice-soffice" name="/home/user/.configtde/libreoffice/4/user/extensions/bundled/registry/com.sun.star.comp.deployment.component.PackageRegistryBackend/unorc" pid=18945 comm="soffice.bin" requested_mask="r" denied_mask="r" fsuid=1000 ouid=1000
2024-10-30T11:08:41.063343+04:00 q4os-desktop kernel: [ 2420.983695] audit: type=1400 audit(1730272121.057:153): apparmor="ALLOWED" operation="open" profile="libreoffice-soffice" name="/home/user/.configtde/libreoffice/4/user/extensions/bundled/registry/com.sun.star.comp.deployment.component.PackageRegistryBackend/unorc" pid=18945 comm="soffice.bin" requested_mask="r" denied_mask="r" fsuid=1000 ouid=1000
2024-10-30T11:08:41.063347+04:00 q4os-desktop kernel: [ 2420.983808] audit: type=1400 audit(1730272121.057:154): apparmor="ALLOWED" operation="open" profile="libreoffice-soffice" name="/home/user/.configtde/libreoffice/4/user/extensions/bundled/registry/com.sun.star.comp.deployment.component.PackageRegistryBackend/unorc" pid=18945 comm="soffice.bin" requested_mask="r" denied_mask="r" fsuid=1000 ouid=1000
2024-10-30T11:08:44.727320+04:00 q4os-desktop kernel: [ 2424.647887] __vm_enough_memory: pid: 18945, comm: soffice.bin, no enough memory for the allocation
2024-10-30T11:08:57.766535+04:00 q4os-desktop kernel: [ 2437.659985] __vm_enough_memory: pid: 18945, comm: soffice.bin, no enough memory for the allocation
2024-10-30T11:09:08.205807+04:00 q4os-desktop kernel: [ 2448.119323] __vm_enough_memory: pid: 18945, comm: soffice.bin, no enough memory for the allocation
2025-09-23T04:34:27.978639+04:00 q4os-desktop kernel: [145239.706365] kauditd_printk_skb: 20 callbacks suppressed
2025-09-23T04:34:27.982043+04:00 q4os-desktop kernel: [145239.706369] audit: type=1400 audit(1758587667.967:175): apparmor="DENIED" operation="capable" profile="/usr/sbin/cupsd" pid=23969 comm="cupsd" capability=12  capname="net_admin"
