2025-09-23T04:48:30.108135+04:00 q4os-desktop kernel: [146081.808674] [TTM] Buffer eviction failed
2025-09-23T04:48:30.117557+04:00 q4os-desktop kernel: [146081.808698] qxl 0000:00:02.0: object_init failed for (262144, 0x00000001)
2025-09-23T04:48:30.117561+04:00 q4os-desktop kernel: [146081.808702] [drm:qxl_gem_object_create [qxl]] *ERROR* Failed to allocate GEM object (260020, 1, 4096, -12)
2025-09-23T04:48:30.118569+04:00 q4os-desktop kernel: [146081.808791] [drm:qxl_alloc_ioctl [qxl]] *ERROR* qxl_alloc_ioctl: failed to create gem ret=-12
2025-09-23T04:56:54.163164+04:00 q4os-desktop kernel: [146585.870287] [TTM] Buffer eviction failed
2025-09-23T04:56:54.163190+04:00 q4os-desktop kernel: [146585.870301] qxl 0000:00:02.0: object_init failed for (262144, 0x00000001)
2025-09-23T04:56:54.163192+04:00 q4os-desktop kernel: [146585.870313] [drm:qxl_gem_object_create [qxl]] *ERROR* Failed to allocate GEM object (261140, 1, 4096, -12)
2025-09-23T04:56:54.163194+04:00 q4os-desktop kernel: [146585.870335] [drm:qxl_alloc_ioctl [qxl]] *ERROR* qxl_alloc_ioctl: failed to create gem ret=-12
2025-09-24T03:15:27.968466+04:00 q4os-desktop kernel: [    0.000000] Linux version 6.1.0-26-686-pae (debian-kernel@lists.debian.org) (gcc-12 (Debian 12.2.0-14) 12.2.0, GNU ld (GNU Binutils for Debian) 2.40) #1 SMP PREEMPT_DYNAMIC Debian 6.1.112-1 (2024-09-30)
2025-09-24T03:15:27.968470+04:00 q4os-desktop kernel: [    0.000000] BIOS-provided physical RAM map:
2025-09-24T03:15:27.968472+04:00 q4os-desktop kernel: [    0.000000] BIOS-e820: [mem 0x0000000000000000-0x000000000009fbff] usable
2025-09-24T03:15:27.968473+04:00 q4os-desktop kernel: [    0.000000] BIOS-e820: [mem 0x000000000009fc00-0x000000000009ffff] reserved
2025-09-24T03:15:27.968480+04:00 q4os-desktop kernel: [    0.000000] BIOS-e820: [mem 0x00000000000f0000-0x00000000000fffff] reserved
2025-09-24T03:15:27.968481+04:00 q4os-desktop kernel: [    0.000000] BIOS-e820: [mem 0x0000000000100000-0x0000000013fdffff] usable
2025-09-24T03:15:27.968482+04:00 q4os-desktop kernel: [    0.000000] BIOS-e820: [mem 0x0000000013fe0000-0x0000000013ffffff] reserved
2025-09-24T03:15:27.968483+04:00 q4os-desktop kernel: [    0.000000] BIOS-e820: [mem 0x00000000feffc000-0x00000000feffffff] reserved
2025-09-24T03:15:27.968485+04:00 q4os-desktop kernel: [    0.000000] BIOS-e820: [mem 0x00000000fffc0000-0x00000000ffffffff] reserved
2025-09-24T03:15:27.968486+04:00 q4os-desktop kernel: [    0.000000] NX (Execute Disable) protection: active
2025-09-24T03:15:27.968488+04:00 q4os-desktop kernel: [    0.000000] SMBIOS 3.0.0 present.
2025-09-24T03:15:27.968490+04:00 q4os-desktop kernel: [    0.000000] DMI: QEMU Standard PC (i440FX + PIIX, 1996), BIOS 1.17.0-4.fc41 04/01/2014
2025-09-24T03:15:27.968496+04:00 q4os-desktop kernel: [    0.000000] Hypervisor detected: KVM
2025-09-24T03:15:27.968498+04:00 q4os-desktop kernel: [    0.000000] kvm-clock: Using msrs 4b564d01 and 4b564d00
2025-09-24T03:15:27.968499+04:00 q4os-desktop kernel: [    0.000002] kvm-clock: using sched offset of 11389200819 cycles
2025-09-24T03:15:27.968500+04:00 q4os-desktop kernel: [    0.000004] clocksource: kvm-clock: mask: 0xffffffffffffffff max_cycles: 0x1cd42e4dffb, max_idle_ns: 881590591483 ns
2025-09-24T03:15:27.968501+04:00 q4os-desktop kernel: [    0.000007] tsc: Detected 2496.000 MHz processor
2025-09-24T03:15:27.968503+04:00 q4os-desktop kernel: [    0.000637] e820: update [mem 0x00000000-0x00000fff] usable ==> reserved
2025-09-24T03:15:27.968504+04:00 q4os-desktop kernel: [    0.000640] e820: remove [mem 0x000a0000-0x000fffff] usable
2025-09-24T03:15:27.968505+04:00 q4os-desktop kernel: [    0.000644] last_pfn = 0x13fe0 max_arch_pfn = 0x1000000
2025-09-24T03:15:27.968511+04:00 q4os-desktop kernel: [    0.000688] x86/PAT: Configuration [0-7]: WB  WC  UC- UC  WB  WP  UC- WT  
2025-09-24T03:15:27.968513+04:00 q4os-desktop kernel: [    0.003472] found SMP MP-table at [mem 0x000f53c0-0x000f53cf]
2025-09-24T03:15:27.968514+04:00 q4os-desktop kernel: [    0.003480] initial memory mapped: [mem 0x00000000-0x103fffff]
2025-09-24T03:15:27.968515+04:00 q4os-desktop kernel: [    0.003512] RAMDISK: [mem 0x10e28000-0x1386bfff]
2025-09-24T03:15:27.968528+04:00 q4os-desktop kernel: [    0.003516] ACPI: Early table checksum verification disabled
2025-09-24T03:15:27.968530+04:00 q4os-desktop kernel: [    0.003519] ACPI: RSDP 0x00000000000F51F0 000014 (v00 BOCHS )
2025-09-24T03:15:27.968531+04:00 q4os-desktop kernel: [    0.003526] ACPI: RSDT 0x0000000013FE1D6C 000030 (v01 BOCHS  BXPC     00000001 BXPC 00000001)
2025-09-24T03:15:27.968532+04:00 q4os-desktop kernel: [    0.003532] ACPI: FACP 0x0000000013FE1C20 000074 (v01 BOCHS  BXPC     00000001 BXPC 00000001)
2025-09-24T03:15:27.968544+04:00 q4os-desktop kernel: [    0.003538] ACPI: DSDT 0x0000000013FE0040 001BE0 (v01 BOCHS  BXPC     00000001 BXPC 00000001)
2025-09-24T03:15:27.968546+04:00 q4os-desktop kernel: [    0.003542] ACPI: FACS 0x0000000013FE0000 000040
2025-09-24T03:15:27.968547+04:00 q4os-desktop kernel: [    0.003545] ACPI: APIC 0x0000000013FE1C94 0000B0 (v03 BOCHS  BXPC     00000001 BXPC 00000001)
2025-09-24T03:15:27.968548+04:00 q4os-desktop kernel: [    0.003548] ACPI: WAET 0x0000000013FE1D44 000028 (v01 BOCHS  BXPC     00000001 BXPC 00000001)
2025-09-24T03:15:27.968550+04:00 q4os-desktop kernel: [    0.003551] ACPI: Reserving FACP table memory at [mem 0x13fe1c20-0x13fe1c93]
2025-09-24T03:15:27.968551+04:00 q4os-desktop kernel: [    0.003552] ACPI: Reserving DSDT table memory at [mem 0x13fe0040-0x13fe1c1f]
2025-09-24T03:15:27.968552+04:00 q4os-desktop kernel: [    0.003553] ACPI: Reserving FACS table memory at [mem 0x13fe0000-0x13fe003f]
2025-09-24T03:15:27.968553+04:00 q4os-desktop kernel: [    0.003553] ACPI: Reserving APIC table memory at [mem 0x13fe1c94-0x13fe1d43]
2025-09-24T03:15:27.968561+04:00 q4os-desktop kernel: [    0.003554] ACPI: Reserving WAET table memory at [mem 0x13fe1d44-0x13fe1d6b]
2025-09-24T03:15:27.968563+04:00 q4os-desktop kernel: [    0.003568] 0MB HIGHMEM available.
2025-09-24T03:15:27.968564+04:00 q4os-desktop kernel: [    0.003569] 319MB LOWMEM available.
2025-09-24T03:15:27.968565+04:00 q4os-desktop kernel: [    0.003570]   mapped low ram: 0 - 13fe0000
2025-09-24T03:15:27.968566+04:00 q4os-desktop kernel: [    0.003571]   low ram: 0 - 13fe0000
2025-09-24T03:15:27.968568+04:00 q4os-desktop kernel: [    0.003579] Zone ranges:
2025-09-24T03:15:27.968570+04:00 q4os-desktop kernel: [    0.003580]   DMA      [mem 0x0000000000001000-0x0000000000ffffff]
2025-09-24T03:15:27.968571+04:00 q4os-desktop kernel: [    0.003582]   Normal   [mem 0x0000000001000000-0x0000000013fdffff]
2025-09-24T03:15:27.968580+04:00 q4os-desktop kernel: [    0.003585]   HighMem  empty
2025-09-24T03:15:27.968582+04:00 q4os-desktop kernel: [    0.003586] Movable zone start for each node
2025-09-24T03:15:27.968583+04:00 q4os-desktop kernel: [    0.003587] Early memory node ranges
2025-09-24T03:15:27.968584+04:00 q4os-desktop kernel: [    0.003587]   node   0: [mem 0x0000000000001000-0x000000000009efff]
2025-09-24T03:15:27.968585+04:00 q4os-desktop kernel: [    0.003589]   node   0: [mem 0x0000000000100000-0x0000000013fdffff]
2025-09-24T03:15:27.968586+04:00 q4os-desktop kernel: [    0.003591] Initmem setup node 0 [mem 0x0000000000001000-0x0000000013fdffff]
2025-09-24T03:15:27.968587+04:00 q4os-desktop kernel: [    0.003599] On node 0, zone DMA: 1 pages in unavailable ranges
2025-09-24T03:15:27.968588+04:00 q4os-desktop kernel: [    0.003654] On node 0, zone DMA: 97 pages in unavailable ranges
2025-09-24T03:15:27.968598+04:00 q4os-desktop kernel: [    0.004548] Using APIC driver default
2025-09-24T03:15:27.968599+04:00 q4os-desktop kernel: [    0.004856] ACPI: PM-Timer IO Port: 0x608
2025-09-24T03:15:27.968601+04:00 q4os-desktop kernel: [    0.004863] ACPI: LAPIC_NMI (acpi_id[0xff] dfl dfl lint[0x1])
2025-09-24T03:15:27.968601+04:00 q4os-desktop kernel: [    0.004889] IOAPIC[0]: apic_id 0, version 17, address 0xfec00000, GSI 0-23
2025-09-24T03:15:27.968602+04:00 q4os-desktop kernel: [    0.004893] ACPI: INT_SRC_OVR (bus 0 bus_irq 0 global_irq 2 dfl dfl)
2025-09-24T03:15:27.968604+04:00 q4os-desktop kernel: [    0.004894] ACPI: INT_SRC_OVR (bus 0 bus_irq 5 global_irq 5 high level)
2025-09-24T03:15:27.968605+04:00 q4os-desktop kernel: [    0.004895] ACPI: INT_SRC_OVR (bus 0 bus_irq 9 global_irq 9 high level)
2025-09-24T03:15:27.968606+04:00 q4os-desktop kernel: [    0.004896] ACPI: INT_SRC_OVR (bus 0 bus_irq 10 global_irq 10 high level)
2025-09-24T03:15:27.968613+04:00 q4os-desktop kernel: [    0.004897] ACPI: INT_SRC_OVR (bus 0 bus_irq 11 global_irq 11 high level)
2025-09-24T03:15:27.968615+04:00 q4os-desktop kernel: [    0.004901] ACPI: Using ACPI (MADT) for SMP configuration information
2025-09-24T03:15:27.968616+04:00 q4os-desktop kernel: [    0.004902] TSC deadline timer available
2025-09-24T03:15:27.968617+04:00 q4os-desktop kernel: [    0.004903] smpboot: Allowing 8 CPUs, 0 hotplug CPUs
2025-09-24T03:15:27.968619+04:00 q4os-desktop kernel: [    0.004917] kvm-guest: KVM setup pv remote TLB flush
2025-09-24T03:15:27.968620+04:00 q4os-desktop kernel: [    0.004921] kvm-guest: setup PV sched yield
2025-09-24T03:15:27.968622+04:00 q4os-desktop kernel: [    0.004929] PM: hibernation: Registered nosave memory: [mem 0x00000000-0x00000fff]
2025-09-24T03:15:27.968623+04:00 q4os-desktop kernel: [    0.004931] PM: hibernation: Registered nosave memory: [mem 0x0009f000-0x0009ffff]
2025-09-24T03:15:27.968630+04:00 q4os-desktop kernel: [    0.004933] PM: hibernation: Registered nosave memory: [mem 0x000a0000-0x000effff]
2025-09-24T03:15:27.968632+04:00 q4os-desktop kernel: [    0.004934] PM: hibernation: Registered nosave memory: [mem 0x000f0000-0x000fffff]
2025-09-24T03:15:27.968633+04:00 q4os-desktop kernel: [    0.004937] [mem 0x14000000-0xfeffbfff] available for PCI devices
2025-09-24T03:15:27.968634+04:00 q4os-desktop kernel: [    0.004938] Booting paravirtualized kernel on KVM
2025-09-24T03:15:27.968635+04:00 q4os-desktop kernel: [    0.004940] clocksource: refined-jiffies: mask: 0xffffffff max_cycles: 0xffffffff, max_idle_ns: 7645519600211568 ns
2025-09-24T03:15:27.968636+04:00 q4os-desktop kernel: [    0.004945] setup_percpu: NR_CPUS:32 nr_cpumask_bits:8 nr_cpu_ids:8 nr_node_ids:1
2025-09-24T03:15:27.968637+04:00 q4os-desktop kernel: [    0.005015] percpu: Embedded 33 pages/cpu s103828 r0 d31340 u135168
2025-09-24T03:15:27.968638+04:00 q4os-desktop kernel: [    0.005022] pcpu-alloc: s103828 r0 d31340 u135168 alloc=33*4096
2025-09-24T03:15:27.968647+04:00 q4os-desktop kernel: [    0.005025] pcpu-alloc: [0] 0 [0] 1 [0] 2 [0] 3 [0] 4 [0] 5 [0] 6 [0] 7 
2025-09-24T03:15:27.968648+04:00 q4os-desktop kernel: [    0.005062] kvm-guest: PV spinlocks enabled
2025-09-24T03:15:27.968650+04:00 q4os-desktop kernel: [    0.005063] PV qspinlock hash table entries: 512 (order: 0, 4096 bytes, linear)
2025-09-24T03:15:27.968651+04:00 q4os-desktop kernel: [    0.005067] Built 1 zonelists, mobility grouping on.  Total pages: 80990
2025-09-24T03:15:27.968652+04:00 q4os-desktop kernel: [    0.005068] Kernel command line: BOOT_IMAGE=/boot/vmlinuz-6.1.0-26-686-pae root=UUID=04f82e4e-8c23-4584-b801-8717dced8964 ro quiet loglevel=3 systemd.log_color=0 systemd.show_status=1
2025-09-24T03:15:27.968653+04:00 q4os-desktop kernel: [    0.005173] Unknown kernel command line parameters "BOOT_IMAGE=/boot/vmlinuz-6.1.0-26-686-pae", will be passed to user space.
2025-09-24T03:15:27.968654+04:00 q4os-desktop kernel: [    0.005244] random: crng init done
2025-09-24T03:15:27.968665+04:00 q4os-desktop kernel: [    0.005255] Dentry cache hash table entries: 65536 (order: 6, 262144 bytes, linear)
2025-09-24T03:15:27.968667+04:00 q4os-desktop kernel: [    0.005262] Inode-cache hash table entries: 32768 (order: 5, 131072 bytes, linear)
2025-09-24T03:15:27.968668+04:00 q4os-desktop kernel: [    0.005342] mem auto-init: stack:all(zero), heap alloc:on, heap free:off
2025-09-24T03:15:27.968669+04:00 q4os-desktop kernel: [    0.005344] Initializing HighMem for node 0 (00000000:00000000)
2025-09-24T03:15:27.968670+04:00 q4os-desktop kernel: [    0.005689] Checking if this processor honours the WP bit even in supervisor mode...Ok.
2025-09-24T03:15:27.968671+04:00 q4os-desktop kernel: [    0.005694] Memory: 262700K/327160K available (9376K kernel code, 1265K rwdata, 3172K rodata, 920K init, 476K bss, 64460K reserved, 0K cma-reserved, 0K highmem)
2025-09-24T03:15:27.968672+04:00 q4os-desktop kernel: [    0.005789] SLUB: HWalign=64, Order=0-3, MinObjects=0, CPUs=8, Nodes=1
2025-09-24T03:15:27.968674+04:00 q4os-desktop kernel: [    0.005802] ftrace: allocating 36956 entries in 73 pages
2025-09-24T03:15:27.968683+04:00 q4os-desktop kernel: [    0.010461] ftrace: allocated 73 pages with 3 groups
2025-09-24T03:15:27.968685+04:00 q4os-desktop kernel: [    0.010498] trace event string verifier disabled
2025-09-24T03:15:27.968686+04:00 q4os-desktop kernel: [    0.010518] Dynamic Preempt: voluntary
2025-09-24T03:15:27.968689+04:00 q4os-desktop kernel: [    0.010542] rcu: Preemptible hierarchical RCU implementation.
2025-09-24T03:15:27.968690+04:00 q4os-desktop kernel: [    0.010543] rcu: 	RCU restricting CPUs from NR_CPUS=32 to nr_cpu_ids=8.
2025-09-24T03:15:27.968691+04:00 q4os-desktop kernel: [    0.010544] 	Trampoline variant of Tasks RCU enabled.
2025-09-24T03:15:27.968693+04:00 q4os-desktop kernel: [    0.010544] 	Rude variant of Tasks RCU enabled.
2025-09-24T03:15:27.968694+04:00 q4os-desktop kernel: [    0.010544] 	Tracing variant of Tasks RCU enabled.
2025-09-24T03:15:27.968702+04:00 q4os-desktop kernel: [    0.010545] rcu: RCU calculated value of scheduler-enlistment delay is 25 jiffies.
2025-09-24T03:15:27.968704+04:00 q4os-desktop kernel: [    0.010546] rcu: Adjusting geometry for rcu_fanout_leaf=16, nr_cpu_ids=8
2025-09-24T03:15:27.968705+04:00 q4os-desktop kernel: [    0.015892] NR_IRQS: 2304, nr_irqs: 488, preallocated irqs: 16
2025-09-24T03:15:27.968707+04:00 q4os-desktop kernel: [    0.016054] rcu: srcu_init: Setting srcu_struct sizes based on contention.
2025-09-24T03:15:27.968708+04:00 q4os-desktop kernel: [    0.026207] Console: colour VGA+ 80x25
2025-09-24T03:15:27.968709+04:00 q4os-desktop kernel: [    0.026230] printk: console [tty0] enabled
2025-09-24T03:15:27.968710+04:00 q4os-desktop kernel: [    0.026242] ACPI: Core revision 20220331
2025-09-24T03:15:27.968711+04:00 q4os-desktop kernel: [    0.026282] APIC: Switch to symmetric I/O mode setup
2025-09-24T03:15:27.968718+04:00 q4os-desktop kernel: [    0.026285] Enabling APIC mode:  Flat.  Using 1 I/O APICs
2025-09-24T03:15:27.968719+04:00 q4os-desktop kernel: [    0.026290] kvm-guest: setup PV IPIs
2025-09-24T03:15:27.968824+04:00 q4os-desktop kernel: [    0.027148] clocksource: tsc-early: mask: 0xffffffffffffffff max_cycles: 0x23fa772cf26, max_idle_ns: 440795269835 ns
2025-09-24T03:15:27.968826+04:00 q4os-desktop kernel: [    0.027156] Calibrating delay loop (skipped) preset value.. 4992.00 BogoMIPS (lpj=9984000)
2025-09-24T03:15:27.968828+04:00 q4os-desktop kernel: [    0.027246] x86/cpu: User Mode Instruction Prevention (UMIP) activated
2025-09-24T03:15:27.968829+04:00 q4os-desktop kernel: [    0.027346] Last level iTLB entries: 4KB 0, 2MB 0, 4MB 0
2025-09-24T03:15:27.968830+04:00 q4os-desktop kernel: [    0.027348] Last level dTLB entries: 4KB 0, 2MB 0, 4MB 0, 1GB 0
2025-09-24T03:15:27.968841+04:00 q4os-desktop kernel: [    0.027354] Spectre V1 : Mitigation: usercopy/swapgs barriers and __user pointer sanitization
2025-09-24T03:15:27.968843+04:00 q4os-desktop kernel: [    0.027358] Spectre V2 : Mitigation: Enhanced / Automatic IBRS
2025-09-24T03:15:27.968844+04:00 q4os-desktop kernel: [    0.027359] Spectre V2 : Spectre v2 / SpectreRSB mitigation: Filling RSB on context switch
2025-09-24T03:15:27.968845+04:00 q4os-desktop kernel: [    0.027359] Spectre V2 : Spectre v2 / PBRSB-eIBRS: Retire a single CALL on VMEXIT
2025-09-24T03:15:27.968846+04:00 q4os-desktop kernel: [    0.027360] RETBleed: Mitigation: Enhanced IBRS
2025-09-24T03:15:27.968847+04:00 q4os-desktop kernel: [    0.027361] Spectre V2 : mitigation: Enabling conditional Indirect Branch Prediction Barrier
2025-09-24T03:15:27.968848+04:00 q4os-desktop kernel: [    0.027362] Speculative Store Bypass: Mitigation: Speculative Store Bypass disabled via prctl
2025-09-24T03:15:27.968849+04:00 q4os-desktop kernel: [    0.027366] MMIO Stale Data: Mitigation: Clear CPU buffers
2025-09-24T03:15:27.968856+04:00 q4os-desktop kernel: [    0.027367] SRBDS: Unknown: Dependent on hypervisor status
2025-09-24T03:15:27.968858+04:00 q4os-desktop kernel: [    0.027385] x86/fpu: Supporting XSAVE feature 0x001: 'x87 floating point registers'
2025-09-24T03:15:27.968861+04:00 q4os-desktop kernel: [    0.027386] x86/fpu: Supporting XSAVE feature 0x002: 'SSE registers'
2025-09-24T03:15:27.968862+04:00 q4os-desktop kernel: [    0.027387] x86/fpu: Supporting XSAVE feature 0x004: 'AVX registers'
2025-09-24T03:15:27.968863+04:00 q4os-desktop kernel: [    0.027388] x86/fpu: Supporting XSAVE feature 0x008: 'MPX bounds registers'
2025-09-24T03:15:27.968864+04:00 q4os-desktop kernel: [    0.027389] x86/fpu: Supporting XSAVE feature 0x010: 'MPX CSR'
2025-09-24T03:15:27.968865+04:00 q4os-desktop kernel: [    0.027391] x86/fpu: Supporting XSAVE feature 0x200: 'Protection Keys User registers'
2025-09-24T03:15:27.968866+04:00 q4os-desktop kernel: [    0.027393] x86/fpu: xstate_offset[2]:  576, xstate_sizes[2]:  256
2025-09-24T03:15:27.968877+04:00 q4os-desktop kernel: [    0.027395] x86/fpu: xstate_offset[3]:  832, xstate_sizes[3]:   64
2025-09-24T03:15:27.968879+04:00 q4os-desktop kernel: [    0.027396] x86/fpu: xstate_offset[4]:  896, xstate_sizes[4]:   64
2025-09-24T03:15:27.968880+04:00 q4os-desktop kernel: [    0.027398] x86/fpu: xstate_offset[9]:  960, xstate_sizes[9]:    8
2025-09-24T03:15:27.968881+04:00 q4os-desktop kernel: [    0.027400] x86/fpu: Enabled xstate features 0x21f, context size is 968 bytes, using 'compacted' format.
2025-09-24T03:15:27.968882+04:00 q4os-desktop kernel: [    0.027794] Freeing SMP alternatives memory: 32K
2025-09-24T03:15:27.968883+04:00 q4os-desktop kernel: [    0.027797] pid_max: default: 32768 minimum: 301
2025-09-24T03:15:27.968884+04:00 q4os-desktop kernel: [    0.027828] LSM: Security Framework initializing
2025-09-24T03:15:27.968885+04:00 q4os-desktop kernel: [    0.027841] landlock: Up and running.
2025-09-24T03:15:27.968893+04:00 q4os-desktop kernel: [    0.027842] Yama: disabled by default; enable with sysctl kernel.yama.*
2025-09-24T03:15:27.968894+04:00 q4os-desktop kernel: [    0.027863] AppArmor: AppArmor initialized
2025-09-24T03:15:27.968895+04:00 q4os-desktop kernel: [    0.027866] TOMOYO Linux initialized
2025-09-24T03:15:27.968897+04:00 q4os-desktop kernel: [    0.027871] LSM support for eBPF active
2025-09-24T03:15:27.968898+04:00 q4os-desktop kernel: [    0.027888] Mount-cache hash table entries: 1024 (order: 0, 4096 bytes, linear)
2025-09-24T03:15:27.968899+04:00 q4os-desktop kernel: [    0.027891] Mountpoint-cache hash table entries: 1024 (order: 0, 4096 bytes, linear)
2025-09-24T03:15:27.968900+04:00 q4os-desktop kernel: [    0.028158] smpboot: CPU0: Intel(R) Core(TM) i5-10300H CPU @ 2.50GHz (family: 0x6, model: 0xa5, stepping: 0x2)
2025-09-24T03:15:27.968902+04:00 q4os-desktop kernel: [    0.028266] cblist_init_generic: Setting adjustable number of callback queues.
2025-09-24T03:15:27.968912+04:00 q4os-desktop kernel: [    0.028268] cblist_init_generic: Setting shift to 3 and lim to 1.
2025-09-24T03:15:27.968914+04:00 q4os-desktop kernel: [    0.028279] cblist_init_generic: Setting adjustable number of callback queues.
2025-09-24T03:15:27.968915+04:00 q4os-desktop kernel: [    0.028280] cblist_init_generic: Setting shift to 3 and lim to 1.
2025-09-24T03:15:27.968916+04:00 q4os-desktop kernel: [    0.028287] cblist_init_generic: Setting adjustable number of callback queues.
2025-09-24T03:15:27.968918+04:00 q4os-desktop kernel: [    0.028288] cblist_init_generic: Setting shift to 3 and lim to 1.
2025-09-24T03:15:27.968919+04:00 q4os-desktop kernel: [    0.028295] Performance Events: Skylake events, full-width counters, Intel PMU driver.
2025-09-24T03:15:27.968920+04:00 q4os-desktop kernel: [    0.028321] ... version:                2
2025-09-24T03:15:27.968921+04:00 q4os-desktop kernel: [    0.028322] ... bit width:              48
2025-09-24T03:15:27.968930+04:00 q4os-desktop kernel: [    0.028323] ... generic registers:      4
2025-09-24T03:15:27.968932+04:00 q4os-desktop kernel: [    0.028323] ... value mask:             0000ffffffffffff
2025-09-24T03:15:27.968933+04:00 q4os-desktop kernel: [    0.028324] ... max period:             00007fffffffffff
2025-09-24T03:15:27.968934+04:00 q4os-desktop kernel: [    0.028325] ... fixed-purpose events:   3
2025-09-24T03:15:27.968935+04:00 q4os-desktop kernel: [    0.028325] ... event mask:             000000070000000f
2025-09-24T03:15:27.968936+04:00 q4os-desktop kernel: [    0.028422] signal: max sigframe size: 3632
2025-09-24T03:15:27.968937+04:00 q4os-desktop kernel: [    0.028440] rcu: Hierarchical SRCU implementation.
2025-09-24T03:15:27.968938+04:00 q4os-desktop kernel: [    0.028440] rcu: 	Max phase no-delay instances is 1000.
2025-09-24T03:15:27.968949+04:00 q4os-desktop kernel: [    0.028633] smp: Bringing up secondary CPUs ...
2025-09-24T03:15:27.968951+04:00 q4os-desktop kernel: [    0.028698] x86: Booting SMP configuration:
2025-09-24T03:15:27.968952+04:00 q4os-desktop kernel: [    0.028699] .... node  #0, CPUs:      #1
2025-09-24T03:15:27.968953+04:00 q4os-desktop kernel: [    0.029111] MMIO Stale Data CPU bug present and SMT on, data leak possible. See https://www.kernel.org/doc/html/latest/admin-guide/hw-vuln/processor_mmio_stale_data.html for more details.
2025-09-24T03:15:27.968954+04:00 q4os-desktop kernel: [    0.029198]  #2 #3 #4 #5 #6 #7
2025-09-24T03:15:27.968956+04:00 q4os-desktop kernel: [    0.031153] smp: Brought up 1 node, 8 CPUs
2025-09-24T03:15:27.968957+04:00 q4os-desktop kernel: [    0.031153] smpboot: Max logical packages: 1
2025-09-24T03:15:27.968967+04:00 q4os-desktop kernel: [    0.031153] smpboot: Total of 8 processors activated (39936.00 BogoMIPS)
2025-09-24T03:15:27.968969+04:00 q4os-desktop kernel: [    0.031370] devtmpfs: initialized
2025-09-24T03:15:27.968970+04:00 q4os-desktop kernel: [    0.031712] clocksource: jiffies: mask: 0xffffffff max_cycles: 0xffffffff, max_idle_ns: 7645041785100000 ns
2025-09-24T03:15:27.968971+04:00 q4os-desktop kernel: [    0.031723] futex hash table entries: 2048 (order: 5, 131072 bytes, linear)
2025-09-24T03:15:27.968972+04:00 q4os-desktop kernel: [    0.031759] pinctrl core: initialized pinctrl subsystem
2025-09-24T03:15:27.968973+04:00 q4os-desktop kernel: [    0.032012] NET: Registered PF_NETLINK/PF_ROUTE protocol family
2025-09-24T03:15:27.968974+04:00 q4os-desktop kernel: [    0.032123] audit: initializing netlink subsys (disabled)
2025-09-24T03:15:27.968976+04:00 q4os-desktop kernel: [    0.032215] audit: type=2000 audit(1758654922.919:1): state=initialized audit_enabled=0 res=1
2025-09-24T03:15:27.968985+04:00 q4os-desktop kernel: [    0.032328] thermal_sys: Registered thermal governor 'fair_share'
2025-09-24T03:15:27.968987+04:00 q4os-desktop kernel: [    0.032329] thermal_sys: Registered thermal governor 'bang_bang'
2025-09-24T03:15:27.968988+04:00 q4os-desktop kernel: [    0.032330] thermal_sys: Registered thermal governor 'step_wise'
2025-09-24T03:15:27.968990+04:00 q4os-desktop kernel: [    0.032331] thermal_sys: Registered thermal governor 'user_space'
2025-09-24T03:15:27.968991+04:00 q4os-desktop kernel: [    0.032332] thermal_sys: Registered thermal governor 'power_allocator'
2025-09-24T03:15:27.968992+04:00 q4os-desktop kernel: [    0.032346] cpuidle: using governor ladder
2025-09-24T03:15:27.968995+04:00 q4os-desktop kernel: [    0.032522] acpiphp: ACPI Hot Plug PCI Controller Driver version: 0.5
2025-09-24T03:15:27.968997+04:00 q4os-desktop kernel: [    0.032622] PCI: Using configuration type 1 for base access
2025-09-24T03:15:27.969007+04:00 q4os-desktop kernel: [    0.033522] kprobes: kprobe jump-optimization is enabled. All kprobes are optimized if possible.
2025-09-24T03:15:27.969008+04:00 q4os-desktop kernel: [    0.033603] HugeTLB: registered 2.00 MiB page size, pre-allocated 0 pages
2025-09-24T03:15:27.969010+04:00 q4os-desktop kernel: [    0.033603] HugeTLB: 0 KiB vmemmap can be freed for a 2.00 MiB page
2025-09-24T03:15:27.969011+04:00 q4os-desktop kernel: [    0.033603] ACPI: Added _OSI(Module Device)
2025-09-24T03:15:27.969012+04:00 q4os-desktop kernel: [    0.033603] ACPI: Added _OSI(Processor Device)
2025-09-24T03:15:27.969014+04:00 q4os-desktop kernel: [    0.033603] ACPI: Added _OSI(3.0 _SCP Extensions)
2025-09-24T03:15:27.969016+04:00 q4os-desktop kernel: [    0.033603] ACPI: Added _OSI(Processor Aggregator Device)
2025-09-24T03:15:27.969017+04:00 q4os-desktop kernel: [    0.033603] ACPI: 1 ACPI AML tables successfully acquired and loaded
2025-09-24T03:15:27.969027+04:00 q4os-desktop kernel: [    0.050995] ACPI: Interpreter enabled
2025-09-24T03:15:27.969029+04:00 q4os-desktop kernel: [    0.050995] ACPI: PM: (supports S0 S5)
2025-09-24T03:15:27.969030+04:00 q4os-desktop kernel: [    0.050995] ACPI: Using IOAPIC for interrupt routing
2025-09-24T03:15:27.969031+04:00 q4os-desktop kernel: [    0.050995] PCI: Using host bridge windows from ACPI; if necessary, use "pci=nocrs" and report a bug
2025-09-24T03:15:27.969032+04:00 q4os-desktop kernel: [    0.050995] PCI: Using E820 reservations for host bridge windows
2025-09-24T03:15:27.969033+04:00 q4os-desktop kernel: [    0.050995] ACPI: Enabled 2 GPEs in block 00 to 0F
2025-09-24T03:15:27.969034+04:00 q4os-desktop kernel: [    0.051779] ACPI: PCI Root Bridge [PCI0] (domain 0000 [bus 00-ff])
2025-09-24T03:15:27.969035+04:00 q4os-desktop kernel: [    0.051784] acpi PNP0A03:00: _OSC: OS supports [ASPM ClockPM Segments MSI HPX-Type3]
2025-09-24T03:15:27.969044+04:00 q4os-desktop kernel: [    0.051787] acpi PNP0A03:00: _OSC: not requesting OS control; OS requires [ExtendedConfig ASPM ClockPM MSI]
2025-09-24T03:15:27.969047+04:00 q4os-desktop kernel: [    0.051791] acpi PNP0A03:00: fail to add MMCONFIG information, can't access extended PCI configuration space under this bridge.
2025-09-24T03:15:27.969048+04:00 q4os-desktop kernel: [    0.052036] acpiphp: Slot [3] registered
2025-09-24T03:15:27.969050+04:00 q4os-desktop kernel: [    0.052047] acpiphp: Slot [4] registered
2025-09-24T03:15:27.969051+04:00 q4os-desktop kernel: [    0.052085] acpiphp: Slot [6] registered
2025-09-24T03:15:27.969052+04:00 q4os-desktop kernel: [    0.052096] acpiphp: Slot [7] registered
2025-09-24T03:15:27.969053+04:00 q4os-desktop kernel: [    0.052107] acpiphp: Slot [8] registered
2025-09-24T03:15:27.969061+04:00 q4os-desktop kernel: [    0.052117] acpiphp: Slot [9] registered
2025-09-24T03:15:27.969062+04:00 q4os-desktop kernel: [    0.052128] acpiphp: Slot [10] registered
2025-09-24T03:15:27.969064+04:00 q4os-desktop kernel: [    0.052138] acpiphp: Slot [11] registered
2025-09-24T03:15:27.969065+04:00 q4os-desktop kernel: [    0.052149] acpiphp: Slot [12] registered
2025-09-24T03:15:27.969066+04:00 q4os-desktop kernel: [    0.052172] acpiphp: Slot [13] registered
2025-09-24T03:15:27.969068+04:00 q4os-desktop kernel: [    0.052185] acpiphp: Slot [14] registered
2025-09-24T03:15:27.969069+04:00 q4os-desktop kernel: [    0.052195] acpiphp: Slot [15] registered
2025-09-24T03:15:27.969071+04:00 q4os-desktop kernel: [    0.052206] acpiphp: Slot [16] registered
2025-09-24T03:15:27.969078+04:00 q4os-desktop kernel: [    0.052217] acpiphp: Slot [17] registered
2025-09-24T03:15:27.969080+04:00 q4os-desktop kernel: [    0.052227] acpiphp: Slot [18] registered
2025-09-24T03:15:27.969081+04:00 q4os-desktop kernel: [    0.052237] acpiphp: Slot [19] registered
2025-09-24T03:15:27.969082+04:00 q4os-desktop kernel: [    0.052249] acpiphp: Slot [20] registered
2025-09-24T03:15:27.969082+04:00 q4os-desktop kernel: [    0.052260] acpiphp: Slot [21] registered
2025-09-24T03:15:27.969083+04:00 q4os-desktop kernel: [    0.052270] acpiphp: Slot [22] registered
2025-09-24T03:15:27.969085+04:00 q4os-desktop kernel: [    0.052280] acpiphp: Slot [23] registered
2025-09-24T03:15:27.969086+04:00 q4os-desktop kernel: [    0.052290] acpiphp: Slot [24] registered
2025-09-24T03:15:27.969093+04:00 q4os-desktop kernel: [    0.052301] acpiphp: Slot [25] registered
2025-09-24T03:15:27.969095+04:00 q4os-desktop kernel: [    0.052312] acpiphp: Slot [26] registered
2025-09-24T03:15:27.969096+04:00 q4os-desktop kernel: [    0.052329] acpiphp: Slot [27] registered
2025-09-24T03:15:27.969098+04:00 q4os-desktop kernel: [    0.052347] acpiphp: Slot [28] registered
2025-09-24T03:15:27.969189+04:00 q4os-desktop kernel: [    0.052359] acpiphp: Slot [29] registered
2025-09-24T03:15:27.969191+04:00 q4os-desktop kernel: [    0.052369] acpiphp: Slot [30] registered
2025-09-24T03:15:27.969192+04:00 q4os-desktop kernel: [    0.052379] acpiphp: Slot [31] registered
2025-09-24T03:15:27.969193+04:00 q4os-desktop kernel: [    0.052387] PCI host bridge to bus 0000:00
2025-09-24T03:15:27.969203+04:00 q4os-desktop kernel: [    0.052388] pci_bus 0000:00: root bus resource [io  0x0000-0x0cf7 window]
2025-09-24T03:15:27.969205+04:00 q4os-desktop kernel: [    0.052390] pci_bus 0000:00: root bus resource [io  0x0d00-0xffff window]
2025-09-24T03:15:27.969206+04:00 q4os-desktop kernel: [    0.052392] pci_bus 0000:00: root bus resource [mem 0x000a0000-0x000bffff window]
2025-09-24T03:15:27.969207+04:00 q4os-desktop kernel: [    0.052393] pci_bus 0000:00: root bus resource [mem 0x14000000-0xfebfffff window]
2025-09-24T03:15:27.969208+04:00 q4os-desktop kernel: [    0.052394] pci_bus 0000:00: root bus resource [mem 0x100000000-0x17fffffff window]
2025-09-24T03:15:27.969209+04:00 q4os-desktop kernel: [    0.052396] pci_bus 0000:00: root bus resource [bus 00-ff]
2025-09-24T03:15:27.969210+04:00 q4os-desktop kernel: [    0.052430] pci 0000:00:00.0: [8086:1237] type 00 class 0x060000
2025-09-24T03:15:27.969211+04:00 q4os-desktop kernel: [    0.052697] pci 0000:00:01.0: [8086:7000] type 00 class 0x060100
2025-09-24T03:15:27.969218+04:00 q4os-desktop kernel: [    0.053060] pci 0000:00:01.1: [8086:7010] type 00 class 0x010180
2025-09-24T03:15:27.969220+04:00 q4os-desktop kernel: [    0.054876] pci 0000:00:01.1: reg 0x20: [io  0xc200-0xc20f]
2025-09-24T03:15:27.969221+04:00 q4os-desktop kernel: [    0.055542] pci 0000:00:01.1: legacy IDE quirk: reg 0x10: [io  0x01f0-0x01f7]
2025-09-24T03:15:27.969222+04:00 q4os-desktop kernel: [    0.055545] pci 0000:00:01.1: legacy IDE quirk: reg 0x14: [io  0x03f6]
2025-09-24T03:15:27.969223+04:00 q4os-desktop kernel: [    0.055546] pci 0000:00:01.1: legacy IDE quirk: reg 0x18: [io  0x0170-0x0177]
2025-09-24T03:15:27.969224+04:00 q4os-desktop kernel: [    0.055547] pci 0000:00:01.1: legacy IDE quirk: reg 0x1c: [io  0x0376]
2025-09-24T03:15:27.969225+04:00 q4os-desktop kernel: [    0.055671] pci 0000:00:01.3: [8086:7113] type 00 class 0x068000
2025-09-24T03:15:27.969226+04:00 q4os-desktop kernel: [    0.055941] pci 0000:00:01.3: quirk: [io  0x0600-0x063f] claimed by PIIX4 ACPI
2025-09-24T03:15:27.969232+04:00 q4os-desktop kernel: [    0.055949] pci 0000:00:01.3: quirk: [io  0x0700-0x070f] claimed by PIIX4 SMB
2025-09-24T03:15:27.969234+04:00 q4os-desktop kernel: [    0.056083] pci 0000:00:02.0: [1b36:0100] type 00 class 0x030000
2025-09-24T03:15:27.969235+04:00 q4os-desktop kernel: [    0.060707] pci 0000:00:02.0: reg 0x10: [mem 0xf4000000-0xf7ffffff]
2025-09-24T03:15:27.969236+04:00 q4os-desktop kernel: [    0.064570] pci 0000:00:02.0: reg 0x14: [mem 0xf8000000-0xfbffffff]
2025-09-24T03:15:27.969237+04:00 q4os-desktop kernel: [    0.068218] pci 0000:00:02.0: reg 0x18: [mem 0xfc054000-0xfc055fff]
2025-09-24T03:15:27.969238+04:00 q4os-desktop kernel: [    0.071191] pci 0000:00:02.0: reg 0x1c: [io  0xc180-0xc19f]
2025-09-24T03:15:27.969239+04:00 q4os-desktop kernel: [    0.079906] pci 0000:00:02.0: reg 0x30: [mem 0xfc040000-0xfc04ffff pref]
2025-09-24T03:15:27.969240+04:00 q4os-desktop kernel: [    0.080071] pci 0000:00:02.0: Video device with shadowed ROM at [mem 0x000c0000-0x000dffff]
2025-09-24T03:15:27.969255+04:00 q4os-desktop kernel: [    0.080485] pci 0000:00:03.0: [10ec:8139] type 00 class 0x020000
2025-09-24T03:15:27.969256+04:00 q4os-desktop kernel: [    0.080908] pci 0000:00:03.0: reg 0x10: [io  0xc000-0xc0ff]
2025-09-24T03:15:27.969257+04:00 q4os-desktop kernel: [    0.081292] pci 0000:00:03.0: reg 0x14: [mem 0xfc056000-0xfc0560ff]
2025-09-24T03:15:27.969258+04:00 q4os-desktop kernel: [    0.084100] pci 0000:00:03.0: reg 0x30: [mem 0xfc000000-0xfc03ffff pref]
2025-09-24T03:15:27.969259+04:00 q4os-desktop kernel: [    0.085303] pci 0000:00:04.0: [8086:2668] type 00 class 0x040300
2025-09-24T03:15:27.969260+04:00 q4os-desktop kernel: [    0.085545] pci 0000:00:04.0: reg 0x10: [mem 0xfc050000-0xfc053fff]
2025-09-24T03:15:27.969261+04:00 q4os-desktop kernel: [    0.087325] pci 0000:00:05.0: [8086:2934] type 00 class 0x0c0300
2025-09-24T03:15:27.969263+04:00 q4os-desktop kernel: [    0.088303] pci 0000:00:05.0: reg 0x20: [io  0xc1a0-0xc1bf]
2025-09-24T03:15:27.969272+04:00 q4os-desktop kernel: [    0.088806] pci 0000:00:05.1: [8086:2935] type 00 class 0x0c0300
2025-09-24T03:15:27.969273+04:00 q4os-desktop kernel: [    0.090035] pci 0000:00:05.1: reg 0x20: [io  0xc1c0-0xc1df]
2025-09-24T03:15:27.969275+04:00 q4os-desktop kernel: [    0.090640] pci 0000:00:05.2: [8086:2936] type 00 class 0x0c0300
2025-09-24T03:15:27.969276+04:00 q4os-desktop kernel: [    0.092199] pci 0000:00:05.2: reg 0x20: [io  0xc1e0-0xc1ff]
2025-09-24T03:15:27.969277+04:00 q4os-desktop kernel: [    0.093119] pci 0000:00:05.7: [8086:293a] type 00 class 0x0c0320
2025-09-24T03:15:27.969278+04:00 q4os-desktop kernel: [    0.093671] pci 0000:00:05.7: reg 0x10: [mem 0xfc057000-0xfc057fff]
2025-09-24T03:15:27.969279+04:00 q4os-desktop kernel: [    0.100381] pci 0000:00:06.0: [1af4:1003] type 00 class 0x078000
2025-09-24T03:15:27.969280+04:00 q4os-desktop kernel: [    0.101195] pci 0000:00:06.0: reg 0x10: [io  0xc100-0xc13f]
2025-09-24T03:15:27.969288+04:00 q4os-desktop kernel: [    0.101921] pci 0000:00:06.0: reg 0x14: [mem 0xfc058000-0xfc058fff]
2025-09-24T03:15:27.969289+04:00 q4os-desktop kernel: [    0.103841] pci 0000:00:06.0: reg 0x20: [mem 0xfebf8000-0xfebfbfff 64bit pref]
2025-09-24T03:15:27.969291+04:00 q4os-desktop kernel: [    0.105211] pci 0000:00:07.0: [1af4:1002] type 00 class 0x00ff00
2025-09-24T03:15:27.969292+04:00 q4os-desktop kernel: [    0.105682] pci 0000:00:07.0: reg 0x10: [io  0xc140-0xc17f]
2025-09-24T03:15:27.969293+04:00 q4os-desktop kernel: [    0.107117] pci 0000:00:07.0: reg 0x20: [mem 0xfebfc000-0xfebfffff 64bit pref]
2025-09-24T03:15:27.969294+04:00 q4os-desktop kernel: [    0.108623] pci_bus 0000:00: on NUMA node 0
2025-09-24T03:15:27.969295+04:00 q4os-desktop kernel: [    0.109839] ACPI: PCI: Interrupt link LNKA configured for IRQ 10
2025-09-24T03:15:27.969296+04:00 q4os-desktop kernel: [    0.109922] ACPI: PCI: Interrupt link LNKB configured for IRQ 10
2025-09-24T03:15:27.969304+04:00 q4os-desktop kernel: [    0.109979] ACPI: PCI: Interrupt link LNKC configured for IRQ 11
2025-09-24T03:15:27.969306+04:00 q4os-desktop kernel: [    0.110035] ACPI: PCI: Interrupt link LNKD configured for IRQ 11
2025-09-24T03:15:27.969307+04:00 q4os-desktop kernel: [    0.110068] ACPI: PCI: Interrupt link LNKS configured for IRQ 9
2025-09-24T03:15:27.969308+04:00 q4os-desktop kernel: [    0.111224] iommu: Default domain type: Translated 
2025-09-24T03:15:27.969309+04:00 q4os-desktop kernel: [    0.111224] iommu: DMA domain TLB invalidation policy: lazy mode 
2025-09-24T03:15:27.969310+04:00 q4os-desktop kernel: [    0.111397] pps_core: LinuxPPS API ver. 1 registered
2025-09-24T03:15:27.969311+04:00 q4os-desktop kernel: [    0.111401] pps_core: Software ver. 5.3.6 - Copyright 2005-2007 Rodolfo Giometti <giometti@linux.it>
2025-09-24T03:15:27.969312+04:00 q4os-desktop kernel: [    0.111404] PTP clock support registered
2025-09-24T03:15:27.969323+04:00 q4os-desktop kernel: [    0.111437] EDAC MC: Ver: 3.0.0
2025-09-24T03:15:27.969325+04:00 q4os-desktop kernel: [    0.112354] NetLabel: Initializing
2025-09-24T03:15:27.969326+04:00 q4os-desktop kernel: [    0.112357] NetLabel:  domain hash size = 128
2025-09-24T03:15:27.969327+04:00 q4os-desktop kernel: [    0.112357] NetLabel:  protocols = UNLABELED CIPSOv4 CALIPSO
2025-09-24T03:15:27.969328+04:00 q4os-desktop kernel: [    0.112377] NetLabel:  unlabeled traffic allowed by default
2025-09-24T03:15:27.969329+04:00 q4os-desktop kernel: [    0.112381] PCI: Using ACPI for IRQ routing
2025-09-24T03:15:27.969330+04:00 q4os-desktop kernel: [    0.112383] PCI: pci_cache_line_size set to 64 bytes
2025-09-24T03:15:27.969331+04:00 q4os-desktop kernel: [    0.112666] e820: reserve RAM buffer [mem 0x0009fc00-0x0009ffff]
2025-09-24T03:15:27.969343+04:00 q4os-desktop kernel: [    0.112673] e820: reserve RAM buffer [mem 0x13fe0000-0x13ffffff]
2025-09-24T03:15:27.969345+04:00 q4os-desktop kernel: [    0.112890] pci 0000:00:02.0: vgaarb: setting as boot VGA device
2025-09-24T03:15:27.969346+04:00 q4os-desktop kernel: [    0.112892] pci 0000:00:02.0: vgaarb: bridge control possible
2025-09-24T03:15:27.969347+04:00 q4os-desktop kernel: [    0.112893] pci 0000:00:02.0: vgaarb: VGA device added: decodes=io+mem,owns=io+mem,locks=none
2025-09-24T03:15:27.969348+04:00 q4os-desktop kernel: [    0.112896] vgaarb: loaded
2025-09-24T03:15:27.969349+04:00 q4os-desktop kernel: [    0.118814] clocksource: Switched to clocksource kvm-clock
2025-09-24T03:15:27.969350+04:00 q4os-desktop kernel: [    0.125874] VFS: Disk quotas dquot_6.6.0
2025-09-24T03:15:27.969352+04:00 q4os-desktop kernel: [    0.125895] VFS: Dquot-cache hash table entries: 1024 (order 0, 4096 bytes)
2025-09-24T03:15:27.969362+04:00 q4os-desktop kernel: [    0.126036] AppArmor: AppArmor Filesystem Enabled
2025-09-24T03:15:27.969364+04:00 q4os-desktop kernel: [    0.126058] pnp: PnP ACPI init
2025-09-24T03:15:27.969365+04:00 q4os-desktop kernel: [    0.126177] pnp 00:03: [dma 2]
2025-09-24T03:15:27.969366+04:00 q4os-desktop kernel: [    0.126315] pnp: PnP ACPI: found 5 devices
2025-09-24T03:15:27.969367+04:00 q4os-desktop kernel: [    0.126320] PnPBIOS: Disabled
2025-09-24T03:15:27.969368+04:00 q4os-desktop kernel: [    0.162672] clocksource: acpi_pm: mask: 0xffffff max_cycles: 0xffffff, max_idle_ns: 2085701024 ns
2025-09-24T03:15:27.969369+04:00 q4os-desktop kernel: [    0.162863] NET: Registered PF_INET protocol family
2025-09-24T03:15:27.969370+04:00 q4os-desktop kernel: [    0.163040] IP idents hash table entries: 8192 (order: 4, 65536 bytes, linear)
2025-09-24T03:15:27.969383+04:00 q4os-desktop kernel: [    0.163367] tcp_listen_portaddr_hash hash table entries: 512 (order: 0, 4096 bytes, linear)
2025-09-24T03:15:27.969385+04:00 q4os-desktop kernel: [    0.163472] Table-perturb hash table entries: 65536 (order: 6, 262144 bytes, linear)
2025-09-24T03:15:27.969386+04:00 q4os-desktop kernel: [    0.163496] TCP established hash table entries: 4096 (order: 2, 16384 bytes, linear)
2025-09-24T03:15:27.969387+04:00 q4os-desktop kernel: [    0.163528] TCP bind hash table entries: 4096 (order: 4, 65536 bytes, linear)
2025-09-24T03:15:27.969388+04:00 q4os-desktop kernel: [    0.163536] TCP: Hash tables configured (established 4096 bind 4096)
2025-09-24T03:15:27.969388+04:00 q4os-desktop kernel: [    0.163700] MPTCP token hash table entries: 512 (order: 1, 8192 bytes, linear)
2025-09-24T03:15:27.969389+04:00 q4os-desktop kernel: [    0.163733] UDP hash table entries: 256 (order: 1, 8192 bytes, linear)
2025-09-24T03:15:27.969390+04:00 q4os-desktop kernel: [    0.163750] UDP-Lite hash table entries: 256 (order: 1, 8192 bytes, linear)
2025-09-24T03:15:27.969401+04:00 q4os-desktop kernel: [    0.163823] NET: Registered PF_UNIX/PF_LOCAL protocol family
2025-09-24T03:15:27.969403+04:00 q4os-desktop kernel: [    0.163866] NET: Registered PF_XDP protocol family
2025-09-24T03:15:27.969404+04:00 q4os-desktop kernel: [    0.163897] pci_bus 0000:00: resource 4 [io  0x0000-0x0cf7 window]
2025-09-24T03:15:27.969405+04:00 q4os-desktop kernel: [    0.163900] pci_bus 0000:00: resource 5 [io  0x0d00-0xffff window]
2025-09-24T03:15:27.969406+04:00 q4os-desktop kernel: [    0.163902] pci_bus 0000:00: resource 6 [mem 0x000a0000-0x000bffff window]
2025-09-24T03:15:27.969407+04:00 q4os-desktop kernel: [    0.163904] pci_bus 0000:00: resource 7 [mem 0x14000000-0xfebfffff window]
2025-09-24T03:15:27.969408+04:00 q4os-desktop kernel: [    0.163905] pci_bus 0000:00: resource 8 [mem 0x100000000-0x17fffffff window]
2025-09-24T03:15:27.969409+04:00 q4os-desktop kernel: [    0.163980] pci 0000:00:01.0: PIIX3: Enabling Passive Release
2025-09-24T03:15:27.969419+04:00 q4os-desktop kernel: [    0.164020] pci 0000:00:00.0: Limiting direct PCI/PCI transfers
2025-09-24T03:15:27.969420+04:00 q4os-desktop kernel: [    0.164046] pci 0000:00:01.0: Activating ISA DMA hang workarounds
2025-09-24T03:15:27.969421+04:00 q4os-desktop kernel: [    0.180394] ACPI: \_SB_.LNKA: Enabled at IRQ 10
2025-09-24T03:15:27.969422+04:00 q4os-desktop kernel: [    0.196633] pci 0000:00:05.0: quirk_usb_early_handoff+0x0/0x6e0 took 31732 usecs
2025-09-24T03:15:27.969423+04:00 q4os-desktop kernel: [    0.212963] ACPI: \_SB_.LNKB: Enabled at IRQ 11
2025-09-24T03:15:27.969424+04:00 q4os-desktop kernel: [    0.229310] pci 0000:00:05.1: quirk_usb_early_handoff+0x0/0x6e0 took 31874 usecs
2025-09-24T03:15:27.969425+04:00 q4os-desktop kernel: [    0.245750] ACPI: \_SB_.LNKC: Enabled at IRQ 11
2025-09-24T03:15:27.969426+04:00 q4os-desktop kernel: [    0.262137] pci 0000:00:05.2: quirk_usb_early_handoff+0x0/0x6e0 took 32024 usecs
2025-09-24T03:15:27.969437+04:00 q4os-desktop kernel: [    0.278222] ACPI: \_SB_.LNKD: Enabled at IRQ 10
2025-09-24T03:15:27.969438+04:00 q4os-desktop kernel: [    0.294741] pci 0000:00:05.7: quirk_usb_early_handoff+0x0/0x6e0 took 31814 usecs
2025-09-24T03:15:27.969439+04:00 q4os-desktop kernel: [    0.294773] PCI: CLS 0 bytes, default 64
2025-09-24T03:15:27.969441+04:00 q4os-desktop kernel: [    0.294898] clocksource: tsc: mask: 0xffffffffffffffff max_cycles: 0x23fa772cf26, max_idle_ns: 440795269835 ns
2025-09-24T03:15:27.969442+04:00 q4os-desktop kernel: [    0.294966] Trying to unpack rootfs image as initramfs...
2025-09-24T03:15:27.969443+04:00 q4os-desktop kernel: [    0.295552] Initialise system trusted keyrings
2025-09-24T03:15:27.969443+04:00 q4os-desktop kernel: [    0.295641] Key type blacklist registered
2025-09-24T03:15:27.969545+04:00 q4os-desktop kernel: [    0.295840] workingset: timestamp_bits=14 max_order=17 bucket_order=3
2025-09-24T03:15:27.969558+04:00 q4os-desktop kernel: [    0.297122] zbud: loaded
2025-09-24T03:15:27.969560+04:00 q4os-desktop kernel: [    0.297640] integrity: Platform Keyring initialized
2025-09-24T03:15:27.969561+04:00 q4os-desktop kernel: [    0.297652] integrity: Machine keyring initialized
2025-09-24T03:15:27.969562+04:00 q4os-desktop kernel: [    0.297655] Key type asymmetric registered
2025-09-24T03:15:27.969563+04:00 q4os-desktop kernel: [    0.297660] Asymmetric key parser 'x509' registered
2025-09-24T03:15:27.969564+04:00 q4os-desktop kernel: [    0.703347] Freeing initrd memory: 43280K
2025-09-24T03:15:27.969565+04:00 q4os-desktop kernel: [    0.708781] alg: self-tests for CTR-KDF (hmac(sha256)) passed
2025-09-24T03:15:27.969566+04:00 q4os-desktop kernel: [    0.708828] Block layer SCSI generic (bsg) driver version 0.4 loaded (major 249)
2025-09-24T03:15:27.969575+04:00 q4os-desktop kernel: [    0.708985] io scheduler mq-deadline registered
2025-09-24T03:15:27.969576+04:00 q4os-desktop kernel: [    0.710579] shpchp: Standard Hot Plug PCI Controller Driver version: 0.4
2025-09-24T03:15:27.969577+04:00 q4os-desktop kernel: [    0.711206] isapnp: Scanning for PnP cards...
2025-09-24T03:15:27.969578+04:00 q4os-desktop kernel: [    1.069688] isapnp: No Plug & Play device found
2025-09-24T03:15:27.969580+04:00 q4os-desktop kernel: [    1.069859] Serial: 8250/16550 driver, 4 ports, IRQ sharing enabled
2025-09-24T03:15:27.969581+04:00 q4os-desktop kernel: [    1.070090] 00:00: ttyS0 at I/O 0x3f8 (irq = 4, base_baud = 115200) is a 16550A
2025-09-24T03:15:27.969582+04:00 q4os-desktop kernel: [    1.070630] Linux agpgart interface v0.103
2025-09-24T03:15:27.969583+04:00 q4os-desktop kernel: [    1.071601] i8042: PNP: PS/2 Controller [PNP0303:KBD,PNP0f13:MOU] at 0x60,0x64 irq 1,12
2025-09-24T03:15:27.969591+04:00 q4os-desktop kernel: [    1.072210] serio: i8042 KBD port at 0x60,0x64 irq 1
2025-09-24T03:15:27.969592+04:00 q4os-desktop kernel: [    1.072216] serio: i8042 AUX port at 0x60,0x64 irq 12
2025-09-24T03:15:27.969593+04:00 q4os-desktop kernel: [    1.072337] mousedev: PS/2 mouse device common for all mice
2025-09-24T03:15:27.969594+04:00 q4os-desktop kernel: [    1.072403] rtc_cmos 00:04: RTC can wake from S4
2025-09-24T03:15:27.969596+04:00 q4os-desktop kernel: [    1.073011] input: AT Translated Set 2 keyboard as /devices/platform/i8042/serio0/input/input0
2025-09-24T03:15:27.969597+04:00 q4os-desktop kernel: [    1.073333] rtc_cmos 00:04: registered as rtc0
2025-09-24T03:15:27.969598+04:00 q4os-desktop kernel: [    1.073398] rtc_cmos 00:04: setting system clock to 2025-09-23T23:15:23 UTC (1758669323)
2025-09-24T03:15:27.969599+04:00 q4os-desktop kernel: [    1.073486] rtc_cmos 00:04: alarms up to one day, y3k, 242 bytes nvram
2025-09-24T03:15:27.969607+04:00 q4os-desktop kernel: [    1.073501] intel_pstate: CPU model not supported
2025-09-24T03:15:27.969608+04:00 q4os-desktop kernel: [    1.073662] ledtrig-cpu: registered to indicate activity on CPUs
2025-09-24T03:15:27.969609+04:00 q4os-desktop kernel: [    1.073998] NET: Registered PF_INET6 protocol family
2025-09-24T03:15:27.969611+04:00 q4os-desktop kernel: [    1.077706] Segment Routing with IPv6
2025-09-24T03:15:27.969612+04:00 q4os-desktop kernel: [    1.077720] In-situ OAM (IOAM) with IPv6
2025-09-24T03:15:27.969613+04:00 q4os-desktop kernel: [    1.077747] mip6: Mobile IPv6
2025-09-24T03:15:27.969614+04:00 q4os-desktop kernel: [    1.077761] NET: Registered PF_PACKET protocol family
2025-09-24T03:15:27.969615+04:00 q4os-desktop kernel: [    1.077799] mpls_gso: MPLS GSO support
2025-09-24T03:15:27.969627+04:00 q4os-desktop kernel: [    1.078380] IPI shorthand broadcast: enabled
2025-09-24T03:15:27.969629+04:00 q4os-desktop kernel: [    1.078410] sched_clock: Marking stable (1064012570, 11093943)->(1081526404, -6419891)
2025-09-24T03:15:27.969630+04:00 q4os-desktop kernel: [    1.078734] registered taskstats version 1
2025-09-24T03:15:27.969631+04:00 q4os-desktop kernel: [    1.078741] Loading compiled-in X.509 certificates
2025-09-24T03:15:27.969632+04:00 q4os-desktop kernel: [    1.129887] Loaded X.509 cert 'Debian Secure Boot CA: 6ccece7e4c6c0d1f6149f3dd27dfcc5cbb419ea1'
2025-09-24T03:15:27.969633+04:00 q4os-desktop kernel: [    1.129905] Loaded X.509 cert 'Debian Secure Boot Signer 2022 - linux: 14011249c2675ea8e5148542202005810584b25f'
2025-09-24T03:15:27.969634+04:00 q4os-desktop kernel: [    1.131774] zswap: loaded using pool lzo/zbud
2025-09-24T03:15:27.969635+04:00 q4os-desktop kernel: [    1.132084] Key type .fscrypt registered
2025-09-24T03:15:27.969645+04:00 q4os-desktop kernel: [    1.132085] Key type fscrypt-provisioning registered
2025-09-24T03:15:27.969647+04:00 q4os-desktop kernel: [    1.135677] Key type encrypted registered
2025-09-24T03:15:27.969648+04:00 q4os-desktop kernel: [    1.135681] AppArmor: AppArmor sha1 policy hashing enabled
2025-09-24T03:15:27.969649+04:00 q4os-desktop kernel: [    1.135695] ima: No TPM chip found, activating TPM-bypass!
2025-09-24T03:15:27.969650+04:00 q4os-desktop kernel: [    1.135696] ima: Allocated hash algorithm: sha256
2025-09-24T03:15:27.969651+04:00 q4os-desktop kernel: [    1.135708] ima: No architecture policies found
2025-09-24T03:15:27.969653+04:00 q4os-desktop kernel: [    1.135725] evm: Initialising EVM extended attributes:
2025-09-24T03:15:27.969654+04:00 q4os-desktop kernel: [    1.135726] evm: security.selinux
2025-09-24T03:15:27.969665+04:00 q4os-desktop kernel: [    1.135726] evm: security.SMACK64 (disabled)
2025-09-24T03:15:27.969666+04:00 q4os-desktop kernel: [    1.135727] evm: security.SMACK64EXEC (disabled)
2025-09-24T03:15:27.969667+04:00 q4os-desktop kernel: [    1.135728] evm: security.SMACK64TRANSMUTE (disabled)
2025-09-24T03:15:27.969669+04:00 q4os-desktop kernel: [    1.135728] evm: security.SMACK64MMAP (disabled)
2025-09-24T03:15:27.969670+04:00 q4os-desktop kernel: [    1.135729] evm: security.apparmor
2025-09-24T03:15:27.969671+04:00 q4os-desktop kernel: [    1.135729] evm: security.ima
2025-09-24T03:15:27.969672+04:00 q4os-desktop kernel: [    1.135730] evm: security.capability
2025-09-24T03:15:27.969673+04:00 q4os-desktop kernel: [    1.135731] evm: HMAC attrs: 0x1
2025-09-24T03:15:27.969683+04:00 q4os-desktop kernel: [    1.402893] clk: Disabling unused clocks
2025-09-24T03:15:27.969685+04:00 q4os-desktop kernel: [    1.404547] Freeing unused kernel image (initmem) memory: 920K
2025-09-24T03:15:27.969686+04:00 q4os-desktop kernel: [    1.404606] Write protecting kernel text and read-only data: 12552k
2025-09-24T03:15:27.969687+04:00 q4os-desktop kernel: [    1.404608] NX-protecting the kernel data: 7004k
2025-09-24T03:15:27.969688+04:00 q4os-desktop kernel: [    1.404923] x86/mm: Checked W+X mappings: passed, no W+X pages found.
2025-09-24T03:15:27.969689+04:00 q4os-desktop kernel: [    1.404929] Run /init as init process
2025-09-24T03:15:27.969690+04:00 q4os-desktop kernel: [    1.404932]   with arguments:
2025-09-24T03:15:27.969691+04:00 q4os-desktop kernel: [    1.404933]     /init
2025-09-24T03:15:27.969715+04:00 q4os-desktop kernel: [    1.404934]   with environment:
2025-09-24T03:15:27.969717+04:00 q4os-desktop kernel: [    1.404934]     HOME=/
2025-09-24T03:15:27.969718+04:00 q4os-desktop kernel: [    1.404935]     TERM=linux
2025-09-24T03:15:27.969719+04:00 q4os-desktop kernel: [    1.404936]     BOOT_IMAGE=/boot/vmlinuz-6.1.0-26-686-pae
2025-09-24T03:15:27.969720+04:00 q4os-desktop kernel: [    1.470716] piix4_smbus 0000:00:01.3: SMBus Host Controller at 0x700, revision 0
2025-09-24T03:15:27.969721+04:00 q4os-desktop kernel: [    1.481245] SCSI subsystem initialized
2025-09-24T03:15:27.969723+04:00 q4os-desktop kernel: [    1.481371] 8139cp: 8139cp: 10/100 PCI Ethernet driver v1.3 (Mar 22, 2004)
2025-09-24T03:15:27.969724+04:00 q4os-desktop kernel: [    1.483925] ACPI: bus type USB registered
2025-09-24T03:15:27.969746+04:00 q4os-desktop kernel: [    1.483964] usbcore: registered new interface driver usbfs
2025-09-24T03:15:27.969749+04:00 q4os-desktop kernel: [    1.483974] usbcore: registered new interface driver hub
2025-09-24T03:15:27.969750+04:00 q4os-desktop kernel: [    1.483984] usbcore: registered new device driver usb
2025-09-24T03:15:27.969751+04:00 q4os-desktop kernel: [    1.494322] input: VirtualPS/2 VMware VMMouse as /devices/platform/i8042/serio1/input/input3
2025-09-24T03:15:27.969752+04:00 q4os-desktop kernel: [    1.494462] FDC 0 is a S82078B
2025-09-24T03:15:27.969753+04:00 q4os-desktop kernel: [    1.494708] input: VirtualPS/2 VMware VMMouse as /devices/platform/i8042/serio1/input/input2
2025-09-24T03:15:27.969754+04:00 q4os-desktop kernel: [    1.500245] libata version 3.00 loaded.
2025-09-24T03:15:27.969755+04:00 q4os-desktop kernel: [    1.502089] ata_piix 0000:00:01.1: version 2.13
2025-09-24T03:15:27.969767+04:00 q4os-desktop kernel: [    1.518095] scsi host0: ata_piix
2025-09-24T03:15:27.969768+04:00 q4os-desktop kernel: [    1.518261] scsi host1: ata_piix
2025-09-24T03:15:27.969769+04:00 q4os-desktop kernel: [    1.518286] ata1: PATA max MWDMA2 cmd 0x1f0 ctl 0x3f6 bmdma 0xc200 irq 14
2025-09-24T03:15:27.969770+04:00 q4os-desktop kernel: [    1.518288] ata2: PATA max MWDMA2 cmd 0x170 ctl 0x376 bmdma 0xc208 irq 15
2025-09-24T03:15:27.969771+04:00 q4os-desktop kernel: [    1.534601] 8139cp 0000:00:03.0 eth0: RTL-8139C+ at 0x25ba7f51, 52:54:00:69:99:2d, IRQ 11
2025-09-24T03:15:27.969772+04:00 q4os-desktop kernel: [    1.546287] ehci-pci 0000:00:05.7: EHCI Host Controller
2025-09-24T03:15:27.969773+04:00 q4os-desktop kernel: [    1.546298] ehci-pci 0000:00:05.7: new USB bus registered, assigned bus number 1
2025-09-24T03:15:27.969774+04:00 q4os-desktop kernel: [    1.546671] ehci-pci 0000:00:05.7: irq 10, io mem 0xfc057000
2025-09-24T03:15:27.969785+04:00 q4os-desktop kernel: [    1.563139] ehci-pci 0000:00:05.7: USB 2.0 started, EHCI 1.00
2025-09-24T03:15:27.969787+04:00 q4os-desktop kernel: [    1.563201] usb usb1: New USB device found, idVendor=1d6b, idProduct=0002, bcdDevice= 6.01
2025-09-24T03:15:27.969788+04:00 q4os-desktop kernel: [    1.563203] usb usb1: New USB device strings: Mfr=3, Product=2, SerialNumber=1
2025-09-24T03:15:27.969789+04:00 q4os-desktop kernel: [    1.563205] usb usb1: Product: EHCI Host Controller
2025-09-24T03:15:27.969790+04:00 q4os-desktop kernel: [    1.563206] usb usb1: Manufacturer: Linux 6.1.0-26-686-pae ehci_hcd
2025-09-24T03:15:27.969792+04:00 q4os-desktop kernel: [    1.563207] usb usb1: SerialNumber: 0000:00:05.7
2025-09-24T03:15:27.969793+04:00 q4os-desktop kernel: [    1.563338] hub 1-0:1.0: USB hub found
2025-09-24T03:15:27.969794+04:00 q4os-desktop kernel: [    1.563343] hub 1-0:1.0: 6 ports detected
2025-09-24T03:15:27.969804+04:00 q4os-desktop kernel: [    1.563557] uhci_hcd 0000:00:05.0: UHCI Host Controller
2025-09-24T03:15:27.969806+04:00 q4os-desktop kernel: [    1.563564] uhci_hcd 0000:00:05.0: new USB bus registered, assigned bus number 2
2025-09-24T03:15:27.969807+04:00 q4os-desktop kernel: [    1.563579] uhci_hcd 0000:00:05.0: detected 2 ports
2025-09-24T03:15:27.969808+04:00 q4os-desktop kernel: [    1.563631] uhci_hcd 0000:00:05.0: irq 10, io port 0x0000c1a0
2025-09-24T03:15:27.969809+04:00 q4os-desktop kernel: [    1.563710] usb usb2: New USB device found, idVendor=1d6b, idProduct=0001, bcdDevice= 6.01
2025-09-24T03:15:27.969810+04:00 q4os-desktop kernel: [    1.563714] usb usb2: New USB device strings: Mfr=3, Product=2, SerialNumber=1
2025-09-24T03:15:27.969811+04:00 q4os-desktop kernel: [    1.563716] usb usb2: Product: UHCI Host Controller
2025-09-24T03:15:27.969812+04:00 q4os-desktop kernel: [    1.563717] usb usb2: Manufacturer: Linux 6.1.0-26-686-pae uhci_hcd
2025-09-24T03:15:27.969823+04:00 q4os-desktop kernel: [    1.563719] usb usb2: SerialNumber: 0000:00:05.0
2025-09-24T03:15:27.969825+04:00 q4os-desktop kernel: [    1.563822] hub 2-0:1.0: USB hub found
2025-09-24T03:15:27.969826+04:00 q4os-desktop kernel: [    1.563831] hub 2-0:1.0: 2 ports detected
2025-09-24T03:15:27.969827+04:00 q4os-desktop kernel: [    1.580308] uhci_hcd 0000:00:05.1: UHCI Host Controller
2025-09-24T03:15:27.969828+04:00 q4os-desktop kernel: [    1.580320] uhci_hcd 0000:00:05.1: new USB bus registered, assigned bus number 3
2025-09-24T03:15:27.969829+04:00 q4os-desktop kernel: [    1.580336] uhci_hcd 0000:00:05.1: detected 2 ports
2025-09-24T03:15:27.969830+04:00 q4os-desktop kernel: [    1.580454] uhci_hcd 0000:00:05.1: irq 11, io port 0x0000c1c0
2025-09-24T03:15:27.969831+04:00 q4os-desktop kernel: [    1.580520] usb usb3: New USB device found, idVendor=1d6b, idProduct=0001, bcdDevice= 6.01
2025-09-24T03:15:27.969845+04:00 q4os-desktop kernel: [    1.580522] usb usb3: New USB device strings: Mfr=3, Product=2, SerialNumber=1
2025-09-24T03:15:27.969847+04:00 q4os-desktop kernel: [    1.580524] usb usb3: Product: UHCI Host Controller
2025-09-24T03:15:27.969848+04:00 q4os-desktop kernel: [    1.580525] usb usb3: Manufacturer: Linux 6.1.0-26-686-pae uhci_hcd
2025-09-24T03:15:27.969849+04:00 q4os-desktop kernel: [    1.580526] usb usb3: SerialNumber: 0000:00:05.1
2025-09-24T03:15:27.969850+04:00 q4os-desktop kernel: [    1.580659] hub 3-0:1.0: USB hub found
2025-09-24T03:15:27.969851+04:00 q4os-desktop kernel: [    1.580666] hub 3-0:1.0: 2 ports detected
2025-09-24T03:15:27.969853+04:00 q4os-desktop kernel: [    1.597629] uhci_hcd 0000:00:05.2: UHCI Host Controller
2025-09-24T03:15:27.969854+04:00 q4os-desktop kernel: [    1.597638] uhci_hcd 0000:00:05.2: new USB bus registered, assigned bus number 4
2025-09-24T03:15:27.969863+04:00 q4os-desktop kernel: [    1.597650] uhci_hcd 0000:00:05.2: detected 2 ports
2025-09-24T03:15:27.969864+04:00 q4os-desktop kernel: [    1.597706] uhci_hcd 0000:00:05.2: irq 11, io port 0x0000c1e0
2025-09-24T03:15:27.969866+04:00 q4os-desktop kernel: [    1.597766] usb usb4: New USB device found, idVendor=1d6b, idProduct=0001, bcdDevice= 6.01
2025-09-24T03:15:27.969867+04:00 q4os-desktop kernel: [    1.597768] usb usb4: New USB device strings: Mfr=3, Product=2, SerialNumber=1
2025-09-24T03:15:27.969868+04:00 q4os-desktop kernel: [    1.597770] usb usb4: Product: UHCI Host Controller
2025-09-24T03:15:27.969869+04:00 q4os-desktop kernel: [    1.597771] usb usb4: Manufacturer: Linux 6.1.0-26-686-pae uhci_hcd
2025-09-24T03:15:27.969870+04:00 q4os-desktop kernel: [    1.597772] usb usb4: SerialNumber: 0000:00:05.2
2025-09-24T03:15:27.969871+04:00 q4os-desktop kernel: [    1.597893] hub 4-0:1.0: USB hub found
2025-09-24T03:15:27.969958+04:00 q4os-desktop kernel: [    1.597898] hub 4-0:1.0: 2 ports detected
2025-09-24T03:15:27.969960+04:00 q4os-desktop kernel: [    1.675268] ata2: found unknown device (class 0)
2025-09-24T03:15:27.969961+04:00 q4os-desktop kernel: [    1.675521] ata1: found unknown device (class 0)
2025-09-24T03:15:27.969962+04:00 q4os-desktop kernel: [    1.676048] ata2.00: ATAPI: QEMU DVD-ROM, 2.5+, max UDMA/100
2025-09-24T03:15:27.969963+04:00 q4os-desktop kernel: [    1.676296] ata1.00: ATA-7: QEMU HARDDISK, 2.5+, max UDMA/100
2025-09-24T03:15:27.969964+04:00 q4os-desktop kernel: [    1.676298] ata1.00: 41943040 sectors, multi 16: LBA48 
2025-09-24T03:15:27.969965+04:00 q4os-desktop kernel: [    1.677383] scsi 0:0:0:0: Direct-Access     ATA      QEMU HARDDISK    2.5+ PQ: 0 ANSI: 5
2025-09-24T03:15:27.969966+04:00 q4os-desktop kernel: [    1.678023] scsi 1:0:0:0: CD-ROM            QEMU     QEMU DVD-ROM     2.5+ PQ: 0 ANSI: 5
2025-09-24T03:15:27.969976+04:00 q4os-desktop kernel: [    1.731207] 8139too: 8139too Fast Ethernet driver 0.9.28
2025-09-24T03:15:27.969978+04:00 q4os-desktop kernel: [    1.744580] sd 0:0:0:0: [sda] 41943040 512-byte logical blocks: (21.5 GB/20.0 GiB)
2025-09-24T03:15:27.969979+04:00 q4os-desktop kernel: [    1.744599] sd 0:0:0:0: [sda] Write Protect is off
2025-09-24T03:15:27.969980+04:00 q4os-desktop kernel: [    1.744602] sd 0:0:0:0: [sda] Mode Sense: 00 3a 00 00
2025-09-24T03:15:27.969981+04:00 q4os-desktop kernel: [    1.744623] sd 0:0:0:0: [sda] Write cache: enabled, read cache: enabled, doesn't support DPO or FUA
2025-09-24T03:15:27.969982+04:00 q4os-desktop kernel: [    1.744650] sd 0:0:0:0: [sda] Preferred minimum I/O size 512 bytes
2025-09-24T03:15:27.969983+04:00 q4os-desktop kernel: [    1.745594]  sda: sda1 sda2 < sda5 >
2025-09-24T03:15:27.969995+04:00 q4os-desktop kernel: [    1.745703] sd 0:0:0:0: [sda] Attached SCSI disk
2025-09-24T03:15:27.969997+04:00 q4os-desktop kernel: [    1.767776] 8139cp 0000:00:03.0 ens3: renamed from eth0
2025-09-24T03:15:27.969998+04:00 q4os-desktop kernel: [    1.807830] sr 1:0:0:0: [sr0] scsi3-mmc drive: 4x/4x cd/rw xa/form2 tray
2025-09-24T03:15:27.969999+04:00 q4os-desktop kernel: [    1.807836] cdrom: Uniform CD-ROM driver Revision: 3.20
2025-09-24T03:15:27.970000+04:00 q4os-desktop kernel: [    1.863696] sr 1:0:0:0: Attached scsi CD-ROM sr0
2025-09-24T03:15:27.970001+04:00 q4os-desktop kernel: [    2.047188] usb 2-1: new full-speed USB device number 2 using uhci_hcd
2025-09-24T03:15:27.970002+04:00 q4os-desktop kernel: [    2.228615] usb 2-1: New USB device found, idVendor=08e6, idProduct=4433, bcdDevice= 0.00
2025-09-24T03:15:27.970003+04:00 q4os-desktop kernel: [    2.228619] usb 2-1: New USB device strings: Mfr=1, Product=2, SerialNumber=3
2025-09-24T03:15:27.970014+04:00 q4os-desktop kernel: [    2.228621] usb 2-1: Product: QEMU USB CCID
2025-09-24T03:15:27.970016+04:00 q4os-desktop kernel: [    2.228622] usb 2-1: Manufacturer: QEMU
2025-09-24T03:15:27.970017+04:00 q4os-desktop kernel: [    2.228630] usb 2-1: SerialNumber: 1-0000:00:05.7-1
2025-09-24T03:15:27.970017+04:00 q4os-desktop kernel: [    2.782542] device-mapper: core: CONFIG_IMA_DISABLE_HTABLE is disabled. Duplicate IMA measurements will not be recorded in the IMA log.
2025-09-24T03:15:27.970018+04:00 q4os-desktop kernel: [    2.782562] device-mapper: uevent: version 1.0.3
2025-09-24T03:15:27.970019+04:00 q4os-desktop kernel: [    2.782636] device-mapper: ioctl: 4.47.0-ioctl (2022-07-28) initialised: dm-devel@redhat.com
2025-09-24T03:15:27.970020+04:00 q4os-desktop kernel: [    2.875105] raid6: avx2x2   gen() 32261 MB/s
2025-09-24T03:15:27.970020+04:00 q4os-desktop kernel: [    2.943100] raid6: avx2x1   gen() 25163 MB/s
2025-09-24T03:15:27.970036+04:00 q4os-desktop kernel: [    2.943104] raid6: using algorithm avx2x2 gen() 32261 MB/s
2025-09-24T03:15:27.970039+04:00 q4os-desktop kernel: [    3.011100] raid6: .... xor() 18191 MB/s, rmw enabled
2025-09-24T03:15:27.970040+04:00 q4os-desktop kernel: [    3.011105] raid6: using avx2x1 recovery algorithm
2025-09-24T03:15:27.970041+04:00 q4os-desktop kernel: [    3.012322] xor: automatically using best checksumming function   avx       
2025-09-24T03:15:27.970042+04:00 q4os-desktop kernel: [    3.013195] async_tx: api initialized (async)
2025-09-24T03:15:27.970043+04:00 q4os-desktop kernel: [    3.166293] Btrfs loaded, crc32c=crc32c-intel, zoned=yes, fsverity=yes
2025-09-24T03:15:27.970044+04:00 q4os-desktop kernel: [    3.349647] PM: Image not found (code -22)
2025-09-24T03:15:27.970045+04:00 q4os-desktop kernel: [    3.722053] EXT4-fs (sda1): mounted filesystem with ordered data mode. Quota mode: none.
2025-09-24T03:15:27.970058+04:00 q4os-desktop kernel: [    3.763089] Not activating Mandatory Access Control as /sbin/tomoyo-init does not exist.
2025-09-24T03:15:27.970062+04:00 q4os-desktop kernel: [    4.255030] loop: module loaded
2025-09-24T03:15:27.970063+04:00 q4os-desktop kernel: [    4.259582] fuse: init (API version 7.38)
2025-09-24T03:15:27.970128+04:00 q4os-desktop kernel: [    4.279433] ACPI: bus type drm_connector registered
2025-09-24T03:15:27.970129+04:00 q4os-desktop kernel: [    4.280123] EXT4-fs (sda1): re-mounted. Quota mode: none.
2025-09-24T03:15:27.970131+04:00 q4os-desktop kernel: [    4.314934] lp: driver loaded but no devices found
2025-09-24T03:15:27.970132+04:00 q4os-desktop kernel: [    4.325664] ppdev: user-space parallel port driver
2025-09-24T03:15:27.970133+04:00 q4os-desktop kernel: [    4.546197] audit: type=1400 audit(1758669326.968:2): apparmor="STATUS" operation="profile_load" profile="unconfined" name="libreoffice-senddoc" pid=372 comm="apparmor_parser"
2025-09-24T03:15:27.970145+04:00 q4os-desktop kernel: [    4.547464] audit: type=1400 audit(1758669326.972:3): apparmor="STATUS" operation="profile_load" profile="unconfined" name="libreoffice-xpdfimport" pid=374 comm="apparmor_parser"
2025-09-24T03:15:27.970148+04:00 q4os-desktop kernel: [    4.548017] audit: type=1400 audit(1758669326.972:4): apparmor="STATUS" operation="profile_load" profile="unconfined" name="nvidia_modprobe" pid=367 comm="apparmor_parser"
2025-09-24T03:15:27.970149+04:00 q4os-desktop kernel: [    4.548022] audit: type=1400 audit(1758669326.972:5): apparmor="STATUS" operation="profile_load" profile="unconfined" name="nvidia_modprobe//kmod" pid=367 comm="apparmor_parser"
2025-09-24T03:15:27.970150+04:00 q4os-desktop kernel: [    4.551991] audit: type=1400 audit(1758669326.976:6): apparmor="STATUS" operation="profile_load" profile="unconfined" name="lsb_release" pid=366 comm="apparmor_parser"
2025-09-24T03:15:27.970151+04:00 q4os-desktop kernel: [    4.552337] audit: type=1400 audit(1758669326.976:7): apparmor="STATUS" operation="profile_load" profile="unconfined" name="libreoffice-oosplash" pid=371 comm="apparmor_parser"
2025-09-24T03:15:27.970152+04:00 q4os-desktop kernel: [    4.552894] audit: type=1400 audit(1758669326.976:8): apparmor="STATUS" operation="profile_load" profile="unconfined" name="/usr/bin/man" pid=369 comm="apparmor_parser"
2025-09-24T03:15:27.970164+04:00 q4os-desktop kernel: [    4.552898] audit: type=1400 audit(1758669326.976:9): apparmor="STATUS" operation="profile_load" profile="unconfined" name="man_filter" pid=369 comm="apparmor_parser"
2025-09-24T03:15:27.970166+04:00 q4os-desktop kernel: [    4.552901] audit: type=1400 audit(1758669326.976:10): apparmor="STATUS" operation="profile_load" profile="unconfined" name="man_groff" pid=369 comm="apparmor_parser"
2025-09-24T03:15:27.970167+04:00 q4os-desktop kernel: [    4.732076] input: Power Button as /devices/LNXSYSTM:00/LNXPWRBN:00/input/input4
2025-09-24T03:15:27.970168+04:00 q4os-desktop kernel: [    4.738213] sd 0:0:0:0: Attached scsi generic sg0 type 0
2025-09-24T03:15:27.970169+04:00 q4os-desktop kernel: [    4.738332] sr 1:0:0:0: Attached scsi generic sg1 type 5
2025-09-24T03:15:27.970170+04:00 q4os-desktop kernel: [    4.751179] ACPI: button: Power Button [PWRF]
2025-09-24T03:15:27.970171+04:00 q4os-desktop kernel: [    4.801796] qxl 0000:00:02.0: vgaarb: deactivate vga console
2025-09-24T03:15:27.970182+04:00 q4os-desktop kernel: [    4.803999] Console: switching to colour dummy device 80x25
2025-09-24T03:15:27.970184+04:00 q4os-desktop kernel: [    4.804051] [drm] Device Version 0.0
2025-09-24T03:15:27.970185+04:00 q4os-desktop kernel: [    4.804053] [drm] Compression level 0 log level 0
2025-09-24T03:15:27.970186+04:00 q4os-desktop kernel: [    4.804054] [drm] 12286 io pages at offset 0x1000000
2025-09-24T03:15:27.970187+04:00 q4os-desktop kernel: [    4.804055] [drm] 16777216 byte draw area at offset 0x0
2025-09-24T03:15:27.970188+04:00 q4os-desktop kernel: [    4.804056] [drm] RAM header offset: 0x3ffe000
2025-09-24T03:15:27.970189+04:00 q4os-desktop kernel: [    4.804077] [drm] qxl: 16M of VRAM memory size
2025-09-24T03:15:27.970190+04:00 q4os-desktop kernel: [    4.804078] [drm] qxl: 63M of IO pages memory ready (VRAM domain)
2025-09-24T03:15:27.970199+04:00 q4os-desktop kernel: [    4.804079] [drm] qxl: 64M of Surface memory size
2025-09-24T03:15:27.970200+04:00 q4os-desktop kernel: [    4.809018] [drm] slot 0 (main): base 0xf4000000, size 0x03ffe000
2025-09-24T03:15:27.970202+04:00 q4os-desktop kernel: [    4.809105] [drm] slot 1 (surfaces): base 0xf8000000, size 0x04000000
2025-09-24T03:15:27.970203+04:00 q4os-desktop kernel: [    4.810153] [drm] Initialized qxl 0.1.0 20120117 for 0000:00:02.0 on minor 0
2025-09-24T03:15:27.970204+04:00 q4os-desktop kernel: [    4.810939] fbcon: qxldrmfb (fb0) is primary device
2025-09-24T03:15:27.970205+04:00 q4os-desktop kernel: [    4.816342] Console: switching to colour frame buffer device 128x48
2025-09-24T03:15:27.970206+04:00 q4os-desktop kernel: [    4.825082] qxl 0000:00:02.0: [drm] fb0: qxldrmfb frame buffer device
2025-09-24T03:15:27.970207+04:00 q4os-desktop kernel: [    4.849960] input: PC Speaker as /devices/platform/pcspkr/input/input5
2025-09-24T03:15:27.970217+04:00 q4os-desktop kernel: [    4.890925] RAPL PMU: API unit is 2^-32 Joules, 0 fixed counters, 10737418240 ms ovfl timer
2025-09-24T03:15:27.970219+04:00 q4os-desktop kernel: [    4.897896] Adding 526332k swap on /dev/sda5.  Priority:-2 extents:1 across:526332k FS
2025-09-24T03:15:27.970220+04:00 q4os-desktop kernel: [    4.917293] cryptd: max_cpu_qlen set to 1000
2025-09-24T03:15:27.970221+04:00 q4os-desktop kernel: [    4.973618] snd_hda_codec_generic hdaudioC0D0: autoconfig for Generic: line_outs=1 (0x3/0x0/0x0/0x0/0x0) type:line
2025-09-24T03:15:27.970222+04:00 q4os-desktop kernel: [    4.973628] snd_hda_codec_generic hdaudioC0D0:    speaker_outs=0 (0x0/0x0/0x0/0x0/0x0)
2025-09-24T03:15:27.970223+04:00 q4os-desktop kernel: [    4.973631] snd_hda_codec_generic hdaudioC0D0:    hp_outs=0 (0x0/0x0/0x0/0x0/0x0)
2025-09-24T03:15:27.970224+04:00 q4os-desktop kernel: [    4.973633] snd_hda_codec_generic hdaudioC0D0:    mono: mono_out=0x0
2025-09-24T03:15:27.970225+04:00 q4os-desktop kernel: [    4.973635] snd_hda_codec_generic hdaudioC0D0:    inputs:
2025-09-24T03:15:27.970235+04:00 q4os-desktop kernel: [    4.973637] snd_hda_codec_generic hdaudioC0D0:      Line=0x5
2025-09-24T03:15:27.970237+04:00 q4os-desktop kernel: [    5.322683] RPC: Registered named UNIX socket transport module.
2025-09-24T03:15:27.970239+04:00 q4os-desktop kernel: [    5.322686] RPC: Registered udp transport module.
2025-09-24T03:15:27.970240+04:00 q4os-desktop kernel: [    5.322692] RPC: Registered tcp transport module.
2025-09-24T03:15:27.970241+04:00 q4os-desktop kernel: [    5.322693] RPC: Registered tcp NFSv4.1 backchannel transport module.
2025-09-24T03:15:27.970242+04:00 q4os-desktop kernel: [    5.416230] input: ACPI Virtual Keyboard Device as /devices/virtual/input/input6
2025-09-24T03:15:28.205786+04:00 q4os-desktop kernel: [    5.776152] NET: Registered PF_QIPCRTR protocol family
2025-09-24T03:15:28.381753+04:00 q4os-desktop kernel: [    5.952527] kauditd_printk_skb: 10 callbacks suppressed
2025-09-24T03:15:28.381771+04:00 q4os-desktop kernel: [    5.952530] audit: type=1400 audit(1758669328.376:21): apparmor="DENIED" operation="capable" profile="/usr/sbin/cupsd" pid=610 comm="cupsd" capability=12  capname="net_admin"
2025-09-24T03:15:28.449751+04:00 q4os-desktop kernel: [    6.020777] 8139cp 0000:00:03.0 ens3: link up, 100Mbps, full-duplex, lpa 0x05E1
2025-09-24T03:16:25.562412+04:00 q4os-desktop kernel: [    0.000000] Linux version 6.1.0-26-686-pae (debian-kernel@lists.debian.org) (gcc-12 (Debian 12.2.0-14) 12.2.0, GNU ld (GNU Binutils for Debian) 2.40) #1 SMP PREEMPT_DYNAMIC Debian 6.1.112-1 (2024-09-30)
2025-09-24T03:16:25.562418+04:00 q4os-desktop kernel: [    0.000000] BIOS-provided physical RAM map:
2025-09-24T03:16:25.562419+04:00 q4os-desktop kernel: [    0.000000] BIOS-e820: [mem 0x0000000000000000-0x000000000009fbff] usable
2025-09-24T03:16:25.562420+04:00 q4os-desktop kernel: [    0.000000] BIOS-e820: [mem 0x000000000009fc00-0x000000000009ffff] reserved
2025-09-24T03:16:25.562423+04:00 q4os-desktop kernel: [    0.000000] BIOS-e820: [mem 0x00000000000f0000-0x00000000000fffff] reserved
2025-09-24T03:16:25.562424+04:00 q4os-desktop kernel: [    0.000000] BIOS-e820: [mem 0x0000000000100000-0x0000000013fdffff] usable
2025-09-24T03:16:25.562425+04:00 q4os-desktop kernel: [    0.000000] BIOS-e820: [mem 0x0000000013fe0000-0x0000000013ffffff] reserved
2025-09-24T03:16:25.562426+04:00 q4os-desktop kernel: [    0.000000] BIOS-e820: [mem 0x00000000feffc000-0x00000000feffffff] reserved
2025-09-24T03:16:25.562427+04:00 q4os-desktop kernel: [    0.000000] BIOS-e820: [mem 0x00000000fffc0000-0x00000000ffffffff] reserved
2025-09-24T03:16:25.562428+04:00 q4os-desktop kernel: [    0.000000] NX (Execute Disable) protection: active
2025-09-24T03:16:25.562429+04:00 q4os-desktop kernel: [    0.000000] SMBIOS 3.0.0 present.
2025-09-24T03:16:25.562430+04:00 q4os-desktop kernel: [    0.000000] DMI: QEMU Standard PC (i440FX + PIIX, 1996), BIOS 1.17.0-4.fc41 04/01/2014
2025-09-24T03:16:25.562433+04:00 q4os-desktop kernel: [    0.000000] Hypervisor detected: KVM
2025-09-24T03:16:25.562435+04:00 q4os-desktop kernel: [    0.000000] kvm-clock: Using msrs 4b564d01 and 4b564d00
2025-09-24T03:16:25.562436+04:00 q4os-desktop kernel: [    0.000002] kvm-clock: using sched offset of 11648587507 cycles
2025-09-24T03:16:25.562437+04:00 q4os-desktop kernel: [    0.000004] clocksource: kvm-clock: mask: 0xffffffffffffffff max_cycles: 0x1cd42e4dffb, max_idle_ns: 881590591483 ns
2025-09-24T03:16:25.562438+04:00 q4os-desktop kernel: [    0.000008] tsc: Detected 2496.000 MHz processor
2025-09-24T03:16:25.562439+04:00 q4os-desktop kernel: [    0.000603] e820: update [mem 0x00000000-0x00000fff] usable ==> reserved
2025-09-24T03:16:25.562440+04:00 q4os-desktop kernel: [    0.000605] e820: remove [mem 0x000a0000-0x000fffff] usable
2025-09-24T03:16:25.562441+04:00 q4os-desktop kernel: [    0.000610] last_pfn = 0x13fe0 max_arch_pfn = 0x1000000
2025-09-24T03:16:25.562457+04:00 q4os-desktop kernel: [    0.000646] x86/PAT: Configuration [0-7]: WB  WC  UC- UC  WB  WP  UC- WT  
2025-09-24T03:16:25.562459+04:00 q4os-desktop kernel: [    0.003415] found SMP MP-table at [mem 0x000f53c0-0x000f53cf]
2025-09-24T03:16:25.562460+04:00 q4os-desktop kernel: [    0.003422] initial memory mapped: [mem 0x00000000-0x083fffff]
2025-09-24T03:16:25.562461+04:00 q4os-desktop kernel: [    0.003454] RAMDISK: [mem 0x10e28000-0x1386bfff]
2025-09-24T03:16:25.562462+04:00 q4os-desktop kernel: [    0.003458] ACPI: Early table checksum verification disabled
2025-09-24T03:16:25.562463+04:00 q4os-desktop kernel: [    0.003461] ACPI: RSDP 0x00000000000F51F0 000014 (v00 BOCHS )
2025-09-24T03:16:25.562464+04:00 q4os-desktop kernel: [    0.003468] ACPI: RSDT 0x0000000013FE1D6C 000030 (v01 BOCHS  BXPC     00000001 BXPC 00000001)
2025-09-24T03:16:25.562466+04:00 q4os-desktop kernel: [    0.003473] ACPI: FACP 0x0000000013FE1C20 000074 (v01 BOCHS  BXPC     00000001 BXPC 00000001)
2025-09-24T03:16:25.562469+04:00 q4os-desktop kernel: [    0.003480] ACPI: DSDT 0x0000000013FE0040 001BE0 (v01 BOCHS  BXPC     00000001 BXPC 00000001)
2025-09-24T03:16:25.562470+04:00 q4os-desktop kernel: [    0.003483] ACPI: FACS 0x0000000013FE0000 000040
2025-09-24T03:16:25.562472+04:00 q4os-desktop kernel: [    0.003486] ACPI: APIC 0x0000000013FE1C94 0000B0 (v03 BOCHS  BXPC     00000001 BXPC 00000001)
2025-09-24T03:16:25.562483+04:00 q4os-desktop kernel: [    0.003489] ACPI: WAET 0x0000000013FE1D44 000028 (v01 BOCHS  BXPC     00000001 BXPC 00000001)
2025-09-24T03:16:25.562484+04:00 q4os-desktop kernel: [    0.003492] ACPI: Reserving FACP table memory at [mem 0x13fe1c20-0x13fe1c93]
2025-09-24T03:16:25.562486+04:00 q4os-desktop kernel: [    0.003493] ACPI: Reserving DSDT table memory at [mem 0x13fe0040-0x13fe1c1f]
2025-09-24T03:16:25.562487+04:00 q4os-desktop kernel: [    0.003494] ACPI: Reserving FACS table memory at [mem 0x13fe0000-0x13fe003f]
2025-09-24T03:16:25.562488+04:00 q4os-desktop kernel: [    0.003495] ACPI: Reserving APIC table memory at [mem 0x13fe1c94-0x13fe1d43]
2025-09-24T03:16:25.562492+04:00 q4os-desktop kernel: [    0.003496] ACPI: Reserving WAET table memory at [mem 0x13fe1d44-0x13fe1d6b]
2025-09-24T03:16:25.562493+04:00 q4os-desktop kernel: [    0.003510] 0MB HIGHMEM available.
2025-09-24T03:16:25.562494+04:00 q4os-desktop kernel: [    0.003511] 319MB LOWMEM available.
2025-09-24T03:16:25.562495+04:00 q4os-desktop kernel: [    0.003512]   mapped low ram: 0 - 13fe0000
2025-09-24T03:16:25.562496+04:00 q4os-desktop kernel: [    0.003513]   low ram: 0 - 13fe0000
2025-09-24T03:16:25.562498+04:00 q4os-desktop kernel: [    0.003520] Zone ranges:
2025-09-24T03:16:25.562499+04:00 q4os-desktop kernel: [    0.003521]   DMA      [mem 0x0000000000001000-0x0000000000ffffff]
2025-09-24T03:16:25.562500+04:00 q4os-desktop kernel: [    0.003523]   Normal   [mem 0x0000000001000000-0x0000000013fdffff]
2025-09-24T03:16:25.562502+04:00 q4os-desktop kernel: [    0.003526]   HighMem  empty
2025-09-24T03:16:25.562504+04:00 q4os-desktop kernel: [    0.003527] Movable zone start for each node
2025-09-24T03:16:25.562505+04:00 q4os-desktop kernel: [    0.003528] Early memory node ranges
2025-09-24T03:16:25.562506+04:00 q4os-desktop kernel: [    0.003528]   node   0: [mem 0x0000000000001000-0x000000000009efff]
2025-09-24T03:16:25.562507+04:00 q4os-desktop kernel: [    0.003530]   node   0: [mem 0x0000000000100000-0x0000000013fdffff]
2025-09-24T03:16:25.562509+04:00 q4os-desktop kernel: [    0.003532] Initmem setup node 0 [mem 0x0000000000001000-0x0000000013fdffff]
2025-09-24T03:16:25.562510+04:00 q4os-desktop kernel: [    0.003540] On node 0, zone DMA: 1 pages in unavailable ranges
2025-09-24T03:16:25.562511+04:00 q4os-desktop kernel: [    0.003616] On node 0, zone DMA: 97 pages in unavailable ranges
2025-09-24T03:16:25.562515+04:00 q4os-desktop kernel: [    0.004823] Using APIC driver default
2025-09-24T03:16:25.562517+04:00 q4os-desktop kernel: [    0.005128] ACPI: PM-Timer IO Port: 0x608
2025-09-24T03:16:25.562518+04:00 q4os-desktop kernel: [    0.005135] ACPI: LAPIC_NMI (acpi_id[0xff] dfl dfl lint[0x1])
2025-09-24T03:16:25.562519+04:00 q4os-desktop kernel: [    0.005161] IOAPIC[0]: apic_id 0, version 17, address 0xfec00000, GSI 0-23
2025-09-24T03:16:25.562520+04:00 q4os-desktop kernel: [    0.005164] ACPI: INT_SRC_OVR (bus 0 bus_irq 0 global_irq 2 dfl dfl)
2025-09-24T03:16:25.562521+04:00 q4os-desktop kernel: [    0.005166] ACPI: INT_SRC_OVR (bus 0 bus_irq 5 global_irq 5 high level)
2025-09-24T03:16:25.562523+04:00 q4os-desktop kernel: [    0.005167] ACPI: INT_SRC_OVR (bus 0 bus_irq 9 global_irq 9 high level)
2025-09-24T03:16:25.562524+04:00 q4os-desktop kernel: [    0.005168] ACPI: INT_SRC_OVR (bus 0 bus_irq 10 global_irq 10 high level)
2025-09-24T03:16:25.562527+04:00 q4os-desktop kernel: [    0.005169] ACPI: INT_SRC_OVR (bus 0 bus_irq 11 global_irq 11 high level)
2025-09-24T03:16:25.562528+04:00 q4os-desktop kernel: [    0.005172] ACPI: Using ACPI (MADT) for SMP configuration information
2025-09-24T03:16:25.562529+04:00 q4os-desktop kernel: [    0.005173] TSC deadline timer available
2025-09-24T03:16:25.562530+04:00 q4os-desktop kernel: [    0.005174] smpboot: Allowing 8 CPUs, 0 hotplug CPUs
2025-09-24T03:16:25.562532+04:00 q4os-desktop kernel: [    0.005188] kvm-guest: KVM setup pv remote TLB flush
2025-09-24T03:16:25.562533+04:00 q4os-desktop kernel: [    0.005192] kvm-guest: setup PV sched yield
2025-09-24T03:16:25.562534+04:00 q4os-desktop kernel: [    0.005200] PM: hibernation: Registered nosave memory: [mem 0x00000000-0x00000fff]
2025-09-24T03:16:25.562535+04:00 q4os-desktop kernel: [    0.005202] PM: hibernation: Registered nosave memory: [mem 0x0009f000-0x0009ffff]
2025-09-24T03:16:25.562538+04:00 q4os-desktop kernel: [    0.005204] PM: hibernation: Registered nosave memory: [mem 0x000a0000-0x000effff]
2025-09-24T03:16:25.562539+04:00 q4os-desktop kernel: [    0.005205] PM: hibernation: Registered nosave memory: [mem 0x000f0000-0x000fffff]
2025-09-24T03:16:25.562540+04:00 q4os-desktop kernel: [    0.005207] [mem 0x14000000-0xfeffbfff] available for PCI devices
2025-09-24T03:16:25.562541+04:00 q4os-desktop kernel: [    0.005209] Booting paravirtualized kernel on KVM
2025-09-24T03:16:25.562543+04:00 q4os-desktop kernel: [    0.005211] clocksource: refined-jiffies: mask: 0xffffffff max_cycles: 0xffffffff, max_idle_ns: 7645519600211568 ns
2025-09-24T03:16:25.562544+04:00 q4os-desktop kernel: [    0.005218] setup_percpu: NR_CPUS:32 nr_cpumask_bits:8 nr_cpu_ids:8 nr_node_ids:1
2025-09-24T03:16:25.562545+04:00 q4os-desktop kernel: [    0.005296] percpu: Embedded 33 pages/cpu s103828 r0 d31340 u135168
2025-09-24T03:16:25.562547+04:00 q4os-desktop kernel: [    0.005300] pcpu-alloc: s103828 r0 d31340 u135168 alloc=33*4096
2025-09-24T03:16:25.562551+04:00 q4os-desktop kernel: [    0.005302] pcpu-alloc: [0] 0 [0] 1 [0] 2 [0] 3 [0] 4 [0] 5 [0] 6 [0] 7 
2025-09-24T03:16:25.562553+04:00 q4os-desktop kernel: [    0.005326] kvm-guest: PV spinlocks enabled
2025-09-24T03:16:25.562554+04:00 q4os-desktop kernel: [    0.005327] PV qspinlock hash table entries: 512 (order: 0, 4096 bytes, linear)
2025-09-24T03:16:25.562555+04:00 q4os-desktop kernel: [    0.005331] Built 1 zonelists, mobility grouping on.  Total pages: 80990
2025-09-24T03:16:25.562556+04:00 q4os-desktop kernel: [    0.005332] Kernel command line: BOOT_IMAGE=/boot/vmlinuz-6.1.0-26-686-pae root=UUID=04f82e4e-8c23-4584-b801-8717dced8964 ro quiet loglevel=3 systemd.log_color=0 systemd.show_status=1
2025-09-24T03:16:25.562558+04:00 q4os-desktop kernel: [    0.005436] Unknown kernel command line parameters "BOOT_IMAGE=/boot/vmlinuz-6.1.0-26-686-pae", will be passed to user space.
2025-09-24T03:16:25.562559+04:00 q4os-desktop kernel: [    0.005466] random: crng init done
2025-09-24T03:16:25.562562+04:00 q4os-desktop kernel: [    0.005477] Dentry cache hash table entries: 65536 (order: 6, 262144 bytes, linear)
2025-09-24T03:16:25.562563+04:00 q4os-desktop kernel: [    0.005484] Inode-cache hash table entries: 32768 (order: 5, 131072 bytes, linear)
2025-09-24T03:16:25.562565+04:00 q4os-desktop kernel: [    0.005565] mem auto-init: stack:all(zero), heap alloc:on, heap free:off
2025-09-24T03:16:25.562567+04:00 q4os-desktop kernel: [    0.005567] Initializing HighMem for node 0 (00000000:00000000)
2025-09-24T03:16:25.562568+04:00 q4os-desktop kernel: [    0.005896] Checking if this processor honours the WP bit even in supervisor mode...Ok.
2025-09-24T03:16:25.562569+04:00 q4os-desktop kernel: [    0.005901] Memory: 262956K/327160K available (9376K kernel code, 1265K rwdata, 3172K rodata, 920K init, 476K bss, 64204K reserved, 0K cma-reserved, 0K highmem)
2025-09-24T03:16:25.562570+04:00 q4os-desktop kernel: [    0.005995] SLUB: HWalign=64, Order=0-3, MinObjects=0, CPUs=8, Nodes=1
2025-09-24T03:16:25.562572+04:00 q4os-desktop kernel: [    0.006010] ftrace: allocating 36956 entries in 73 pages
2025-09-24T03:16:25.562574+04:00 q4os-desktop kernel: [    0.010860] ftrace: allocated 73 pages with 3 groups
2025-09-24T03:16:25.562576+04:00 q4os-desktop kernel: [    0.010903] trace event string verifier disabled
2025-09-24T03:16:25.562577+04:00 q4os-desktop kernel: [    0.010923] Dynamic Preempt: voluntary
2025-09-24T03:16:25.562578+04:00 q4os-desktop kernel: [    0.010947] rcu: Preemptible hierarchical RCU implementation.
2025-09-24T03:16:25.562579+04:00 q4os-desktop kernel: [    0.010947] rcu: 	RCU restricting CPUs from NR_CPUS=32 to nr_cpu_ids=8.
2025-09-24T03:16:25.562580+04:00 q4os-desktop kernel: [    0.010948] 	Trampoline variant of Tasks RCU enabled.
2025-09-24T03:16:25.562581+04:00 q4os-desktop kernel: [    0.010949] 	Rude variant of Tasks RCU enabled.
2025-09-24T03:16:25.562582+04:00 q4os-desktop kernel: [    0.010949] 	Tracing variant of Tasks RCU enabled.
2025-09-24T03:16:25.562585+04:00 q4os-desktop kernel: [    0.010950] rcu: RCU calculated value of scheduler-enlistment delay is 25 jiffies.
2025-09-24T03:16:25.562587+04:00 q4os-desktop kernel: [    0.010951] rcu: Adjusting geometry for rcu_fanout_leaf=16, nr_cpu_ids=8
2025-09-24T03:16:25.562588+04:00 q4os-desktop kernel: [    0.016278] NR_IRQS: 2304, nr_irqs: 488, preallocated irqs: 16
2025-09-24T03:16:25.562589+04:00 q4os-desktop kernel: [    0.016439] rcu: srcu_init: Setting srcu_struct sizes based on contention.
2025-09-24T03:16:25.562590+04:00 q4os-desktop kernel: [    0.024903] Console: colour VGA+ 80x25
2025-09-24T03:16:25.562592+04:00 q4os-desktop kernel: [    0.024918] printk: console [tty0] enabled
2025-09-24T03:16:25.562593+04:00 q4os-desktop kernel: [    0.024929] ACPI: Core revision 20220331
2025-09-24T03:16:25.562594+04:00 q4os-desktop kernel: [    0.024964] APIC: Switch to symmetric I/O mode setup
2025-09-24T03:16:25.562597+04:00 q4os-desktop kernel: [    0.024966] Enabling APIC mode:  Flat.  Using 1 I/O APICs
2025-09-24T03:16:25.562598+04:00 q4os-desktop kernel: [    0.024970] kvm-guest: setup PV IPIs
2025-09-24T03:16:25.562701+04:00 q4os-desktop kernel: [    0.025907] clocksource: tsc-early: mask: 0xffffffffffffffff max_cycles: 0x23fa772cf26, max_idle_ns: 440795269835 ns
2025-09-24T03:16:25.562703+04:00 q4os-desktop kernel: [    0.025916] Calibrating delay loop (skipped) preset value.. 4992.00 BogoMIPS (lpj=9984000)
2025-09-24T03:16:25.562704+04:00 q4os-desktop kernel: [    0.026032] x86/cpu: User Mode Instruction Prevention (UMIP) activated
2025-09-24T03:16:25.562705+04:00 q4os-desktop kernel: [    0.026134] Last level iTLB entries: 4KB 0, 2MB 0, 4MB 0
2025-09-24T03:16:25.562706+04:00 q4os-desktop kernel: [    0.026137] Last level dTLB entries: 4KB 0, 2MB 0, 4MB 0, 1GB 0
2025-09-24T03:16:25.562710+04:00 q4os-desktop kernel: [    0.026146] Spectre V1 : Mitigation: usercopy/swapgs barriers and __user pointer sanitization
2025-09-24T03:16:25.562711+04:00 q4os-desktop kernel: [    0.026154] Spectre V2 : Mitigation: Enhanced / Automatic IBRS
2025-09-24T03:16:25.562712+04:00 q4os-desktop kernel: [    0.026156] Spectre V2 : Spectre v2 / SpectreRSB mitigation: Filling RSB on context switch
2025-09-24T03:16:25.562714+04:00 q4os-desktop kernel: [    0.026158] Spectre V2 : Spectre v2 / PBRSB-eIBRS: Retire a single CALL on VMEXIT
2025-09-24T03:16:25.562715+04:00 q4os-desktop kernel: [    0.026160] RETBleed: Mitigation: Enhanced IBRS
2025-09-24T03:16:25.562716+04:00 q4os-desktop kernel: [    0.026164] Spectre V2 : mitigation: Enabling conditional Indirect Branch Prediction Barrier
2025-09-24T03:16:25.562717+04:00 q4os-desktop kernel: [    0.026169] Speculative Store Bypass: Mitigation: Speculative Store Bypass disabled via prctl
2025-09-24T03:16:25.562718+04:00 q4os-desktop kernel: [    0.026178] MMIO Stale Data: Mitigation: Clear CPU buffers
2025-09-24T03:16:25.562722+04:00 q4os-desktop kernel: [    0.026180] SRBDS: Unknown: Dependent on hypervisor status
2025-09-24T03:16:25.562723+04:00 q4os-desktop kernel: [    0.026203] x86/fpu: Supporting XSAVE feature 0x001: 'x87 floating point registers'
2025-09-24T03:16:25.562725+04:00 q4os-desktop kernel: [    0.026205] x86/fpu: Supporting XSAVE feature 0x002: 'SSE registers'
2025-09-24T03:16:25.562726+04:00 q4os-desktop kernel: [    0.026206] x86/fpu: Supporting XSAVE feature 0x004: 'AVX registers'
2025-09-24T03:16:25.562727+04:00 q4os-desktop kernel: [    0.026207] x86/fpu: Supporting XSAVE feature 0x008: 'MPX bounds registers'
2025-09-24T03:16:25.562728+04:00 q4os-desktop kernel: [    0.026208] x86/fpu: Supporting XSAVE feature 0x010: 'MPX CSR'
2025-09-24T03:16:25.562730+04:00 q4os-desktop kernel: [    0.026209] x86/fpu: Supporting XSAVE feature 0x200: 'Protection Keys User registers'
2025-09-24T03:16:25.562731+04:00 q4os-desktop kernel: [    0.026211] x86/fpu: xstate_offset[2]:  576, xstate_sizes[2]:  256
2025-09-24T03:16:25.562734+04:00 q4os-desktop kernel: [    0.026213] x86/fpu: xstate_offset[3]:  832, xstate_sizes[3]:   64
2025-09-24T03:16:25.562735+04:00 q4os-desktop kernel: [    0.026214] x86/fpu: xstate_offset[4]:  896, xstate_sizes[4]:   64
2025-09-24T03:16:25.562736+04:00 q4os-desktop kernel: [    0.026216] x86/fpu: xstate_offset[9]:  960, xstate_sizes[9]:    8
2025-09-24T03:16:25.562737+04:00 q4os-desktop kernel: [    0.026217] x86/fpu: Enabled xstate features 0x21f, context size is 968 bytes, using 'compacted' format.
2025-09-24T03:16:25.562739+04:00 q4os-desktop kernel: [    0.026584] Freeing SMP alternatives memory: 32K
2025-09-24T03:16:25.562740+04:00 q4os-desktop kernel: [    0.026587] pid_max: default: 32768 minimum: 301
2025-09-24T03:16:25.562741+04:00 q4os-desktop kernel: [    0.026618] LSM: Security Framework initializing
2025-09-24T03:16:25.562742+04:00 q4os-desktop kernel: [    0.026631] landlock: Up and running.
2025-09-24T03:16:25.562745+04:00 q4os-desktop kernel: [    0.026632] Yama: disabled by default; enable with sysctl kernel.yama.*
2025-09-24T03:16:25.562746+04:00 q4os-desktop kernel: [    0.026653] AppArmor: AppArmor initialized
2025-09-24T03:16:25.562747+04:00 q4os-desktop kernel: [    0.026655] TOMOYO Linux initialized
2025-09-24T03:16:25.562748+04:00 q4os-desktop kernel: [    0.026660] LSM support for eBPF active
2025-09-24T03:16:25.562750+04:00 q4os-desktop kernel: [    0.026676] Mount-cache hash table entries: 1024 (order: 0, 4096 bytes, linear)
2025-09-24T03:16:25.562751+04:00 q4os-desktop kernel: [    0.026679] Mountpoint-cache hash table entries: 1024 (order: 0, 4096 bytes, linear)
2025-09-24T03:16:25.562753+04:00 q4os-desktop kernel: [    0.026944] smpboot: CPU0: Intel(R) Core(TM) i5-10300H CPU @ 2.50GHz (family: 0x6, model: 0xa5, stepping: 0x2)
2025-09-24T03:16:25.562754+04:00 q4os-desktop kernel: [    0.027058] cblist_init_generic: Setting adjustable number of callback queues.
2025-09-24T03:16:25.562757+04:00 q4os-desktop kernel: [    0.027059] cblist_init_generic: Setting shift to 3 and lim to 1.
2025-09-24T03:16:25.562759+04:00 q4os-desktop kernel: [    0.027072] cblist_init_generic: Setting adjustable number of callback queues.
2025-09-24T03:16:25.562760+04:00 q4os-desktop kernel: [    0.027073] cblist_init_generic: Setting shift to 3 and lim to 1.
2025-09-24T03:16:25.562761+04:00 q4os-desktop kernel: [    0.027085] cblist_init_generic: Setting adjustable number of callback queues.
2025-09-24T03:16:25.562762+04:00 q4os-desktop kernel: [    0.027085] cblist_init_generic: Setting shift to 3 and lim to 1.
2025-09-24T03:16:25.562764+04:00 q4os-desktop kernel: [    0.027096] Performance Events: Skylake events, full-width counters, Intel PMU driver.
2025-09-24T03:16:25.562765+04:00 q4os-desktop kernel: [    0.027131] ... version:                2
2025-09-24T03:16:25.562766+04:00 q4os-desktop kernel: [    0.027132] ... bit width:              48
2025-09-24T03:16:25.562769+04:00 q4os-desktop kernel: [    0.027133] ... generic registers:      4
2025-09-24T03:16:25.562770+04:00 q4os-desktop kernel: [    0.027133] ... value mask:             0000ffffffffffff
2025-09-24T03:16:25.562771+04:00 q4os-desktop kernel: [    0.027135] ... max period:             00007fffffffffff
2025-09-24T03:16:25.562773+04:00 q4os-desktop kernel: [    0.027136] ... fixed-purpose events:   3
2025-09-24T03:16:25.562774+04:00 q4os-desktop kernel: [    0.027137] ... event mask:             000000070000000f
2025-09-24T03:16:25.562775+04:00 q4os-desktop kernel: [    0.027256] signal: max sigframe size: 3632
2025-09-24T03:16:25.562776+04:00 q4os-desktop kernel: [    0.027288] rcu: Hierarchical SRCU implementation.
2025-09-24T03:16:25.562777+04:00 q4os-desktop kernel: [    0.027290] rcu: 	Max phase no-delay instances is 1000.
2025-09-24T03:16:25.562780+04:00 q4os-desktop kernel: [    0.027487] smp: Bringing up secondary CPUs ...
2025-09-24T03:16:25.562782+04:00 q4os-desktop kernel: [    0.027545] x86: Booting SMP configuration:
2025-09-24T03:16:25.562783+04:00 q4os-desktop kernel: [    0.027546] .... node  #0, CPUs:      #1
2025-09-24T03:16:25.562784+04:00 q4os-desktop kernel: [    0.028005] MMIO Stale Data CPU bug present and SMT on, data leak possible. See https://www.kernel.org/doc/html/latest/admin-guide/hw-vuln/processor_mmio_stale_data.html for more details.
2025-09-24T03:16:25.562785+04:00 q4os-desktop kernel: [    0.028072]  #2 #3 #4 #5 #6 #7
2025-09-24T03:16:25.562786+04:00 q4os-desktop kernel: [    0.029912] smp: Brought up 1 node, 8 CPUs
2025-09-24T03:16:25.562788+04:00 q4os-desktop kernel: [    0.029912] smpboot: Max logical packages: 1
2025-09-24T03:16:25.562791+04:00 q4os-desktop kernel: [    0.029912] smpboot: Total of 8 processors activated (39936.00 BogoMIPS)
2025-09-24T03:16:25.562792+04:00 q4os-desktop kernel: [    0.030162] devtmpfs: initialized
2025-09-24T03:16:25.562795+04:00 q4os-desktop kernel: [    0.030406] clocksource: jiffies: mask: 0xffffffff max_cycles: 0xffffffff, max_idle_ns: 7645041785100000 ns
2025-09-24T03:16:25.562796+04:00 q4os-desktop kernel: [    0.030415] futex hash table entries: 2048 (order: 5, 131072 bytes, linear)
2025-09-24T03:16:25.562797+04:00 q4os-desktop kernel: [    0.030447] pinctrl core: initialized pinctrl subsystem
2025-09-24T03:16:25.562798+04:00 q4os-desktop kernel: [    0.030670] NET: Registered PF_NETLINK/PF_ROUTE protocol family
2025-09-24T03:16:25.562800+04:00 q4os-desktop kernel: [    0.030794] audit: initializing netlink subsys (disabled)
2025-09-24T03:16:25.562801+04:00 q4os-desktop kernel: [    0.030843] audit: type=2000 audit(1758654979.961:1): state=initialized audit_enabled=0 res=1
2025-09-24T03:16:25.562804+04:00 q4os-desktop kernel: [    0.030954] thermal_sys: Registered thermal governor 'fair_share'
2025-09-24T03:16:25.562805+04:00 q4os-desktop kernel: [    0.030955] thermal_sys: Registered thermal governor 'bang_bang'
2025-09-24T03:16:25.562806+04:00 q4os-desktop kernel: [    0.030957] thermal_sys: Registered thermal governor 'step_wise'
2025-09-24T03:16:25.562808+04:00 q4os-desktop kernel: [    0.030958] thermal_sys: Registered thermal governor 'user_space'
2025-09-24T03:16:25.562809+04:00 q4os-desktop kernel: [    0.030959] thermal_sys: Registered thermal governor 'power_allocator'
2025-09-24T03:16:25.562811+04:00 q4os-desktop kernel: [    0.030970] cpuidle: using governor ladder
2025-09-24T03:16:25.562812+04:00 q4os-desktop kernel: [    0.031215] acpiphp: ACPI Hot Plug PCI Controller Driver version: 0.5
2025-09-24T03:16:25.562813+04:00 q4os-desktop kernel: [    0.031322] PCI: Using configuration type 1 for base access
2025-09-24T03:16:25.562816+04:00 q4os-desktop kernel: [    0.032356] kprobes: kprobe jump-optimization is enabled. All kprobes are optimized if possible.
2025-09-24T03:16:25.562817+04:00 q4os-desktop kernel: [    0.032425] HugeTLB: registered 2.00 MiB page size, pre-allocated 0 pages
2025-09-24T03:16:25.562818+04:00 q4os-desktop kernel: [    0.032425] HugeTLB: 0 KiB vmemmap can be freed for a 2.00 MiB page
2025-09-24T03:16:25.562820+04:00 q4os-desktop kernel: [    0.032425] ACPI: Added _OSI(Module Device)
2025-09-24T03:16:25.562821+04:00 q4os-desktop kernel: [    0.032425] ACPI: Added _OSI(Processor Device)
2025-09-24T03:16:25.562822+04:00 q4os-desktop kernel: [    0.032425] ACPI: Added _OSI(3.0 _SCP Extensions)
2025-09-24T03:16:25.562823+04:00 q4os-desktop kernel: [    0.032425] ACPI: Added _OSI(Processor Aggregator Device)
2025-09-24T03:16:25.562824+04:00 q4os-desktop kernel: [    0.032425] ACPI: 1 ACPI AML tables successfully acquired and loaded
2025-09-24T03:16:25.562829+04:00 q4os-desktop kernel: [    0.049543] ACPI: Interpreter enabled
2025-09-24T03:16:25.562831+04:00 q4os-desktop kernel: [    0.049543] ACPI: PM: (supports S0 S5)
2025-09-24T03:16:25.562832+04:00 q4os-desktop kernel: [    0.049543] ACPI: Using IOAPIC for interrupt routing
2025-09-24T03:16:25.562833+04:00 q4os-desktop kernel: [    0.049543] PCI: Using host bridge windows from ACPI; if necessary, use "pci=nocrs" and report a bug
2025-09-24T03:16:25.562834+04:00 q4os-desktop kernel: [    0.049543] PCI: Using E820 reservations for host bridge windows
2025-09-24T03:16:25.562835+04:00 q4os-desktop kernel: [    0.049543] ACPI: Enabled 2 GPEs in block 00 to 0F
2025-09-24T03:16:25.562837+04:00 q4os-desktop kernel: [    0.049543] ACPI: PCI Root Bridge [PCI0] (domain 0000 [bus 00-ff])
2025-09-24T03:16:25.562838+04:00 q4os-desktop kernel: [    0.049543] acpi PNP0A03:00: _OSC: OS supports [ASPM ClockPM Segments MSI HPX-Type3]
2025-09-24T03:16:25.562840+04:00 q4os-desktop kernel: [    0.049543] acpi PNP0A03:00: _OSC: not requesting OS control; OS requires [ExtendedConfig ASPM ClockPM MSI]
2025-09-24T03:16:25.562842+04:00 q4os-desktop kernel: [    0.049543] acpi PNP0A03:00: fail to add MMCONFIG information, can't access extended PCI configuration space under this bridge.
2025-09-24T03:16:25.562843+04:00 q4os-desktop kernel: [    0.049657] acpiphp: Slot [3] registered
2025-09-24T03:16:25.562844+04:00 q4os-desktop kernel: [    0.049669] acpiphp: Slot [4] registered
2025-09-24T03:16:25.562846+04:00 q4os-desktop kernel: [    0.049707] acpiphp: Slot [6] registered
2025-09-24T03:16:25.562847+04:00 q4os-desktop kernel: [    0.049718] acpiphp: Slot [7] registered
2025-09-24T03:16:25.562848+04:00 q4os-desktop kernel: [    0.049729] acpiphp: Slot [8] registered
2025-09-24T03:16:25.562851+04:00 q4os-desktop kernel: [    0.049740] acpiphp: Slot [9] registered
2025-09-24T03:16:25.562853+04:00 q4os-desktop kernel: [    0.049751] acpiphp: Slot [10] registered
2025-09-24T03:16:25.562854+04:00 q4os-desktop kernel: [    0.049762] acpiphp: Slot [11] registered
2025-09-24T03:16:25.562855+04:00 q4os-desktop kernel: [    0.049772] acpiphp: Slot [12] registered
2025-09-24T03:16:25.562856+04:00 q4os-desktop kernel: [    0.049784] acpiphp: Slot [13] registered
2025-09-24T03:16:25.562857+04:00 q4os-desktop kernel: [    0.049795] acpiphp: Slot [14] registered
2025-09-24T03:16:25.562859+04:00 q4os-desktop kernel: [    0.049805] acpiphp: Slot [15] registered
2025-09-24T03:16:25.562860+04:00 q4os-desktop kernel: [    0.049823] acpiphp: Slot [16] registered
2025-09-24T03:16:25.562863+04:00 q4os-desktop kernel: [    0.049836] acpiphp: Slot [17] registered
2025-09-24T03:16:25.562864+04:00 q4os-desktop kernel: [    0.049846] acpiphp: Slot [18] registered
2025-09-24T03:16:25.562866+04:00 q4os-desktop kernel: [    0.049857] acpiphp: Slot [19] registered
2025-09-24T03:16:25.562867+04:00 q4os-desktop kernel: [    0.049868] acpiphp: Slot [20] registered
2025-09-24T03:16:25.562868+04:00 q4os-desktop kernel: [    0.049879] acpiphp: Slot [21] registered
2025-09-24T03:16:25.562869+04:00 q4os-desktop kernel: [    0.049889] acpiphp: Slot [22] registered
2025-09-24T03:16:25.562870+04:00 q4os-desktop kernel: [    0.049899] acpiphp: Slot [23] registered
2025-09-24T03:16:25.562871+04:00 q4os-desktop kernel: [    0.049909] acpiphp: Slot [24] registered
2025-09-24T03:16:25.562874+04:00 q4os-desktop kernel: [    0.049921] acpiphp: Slot [25] registered
2025-09-24T03:16:25.562875+04:00 q4os-desktop kernel: [    0.049933] acpiphp: Slot [26] registered
2025-09-24T03:16:25.562876+04:00 q4os-desktop kernel: [    0.049945] acpiphp: Slot [27] registered
2025-09-24T03:16:25.562877+04:00 q4os-desktop kernel: [    0.049955] acpiphp: Slot [28] registered
2025-09-24T03:16:25.562966+04:00 q4os-desktop kernel: [    0.049966] acpiphp: Slot [29] registered
2025-09-24T03:16:25.562968+04:00 q4os-desktop kernel: [    0.049976] acpiphp: Slot [30] registered
2025-09-24T03:16:25.562970+04:00 q4os-desktop kernel: [    0.049986] acpiphp: Slot [31] registered
2025-09-24T03:16:25.562971+04:00 q4os-desktop kernel: [    0.049994] PCI host bridge to bus 0000:00
2025-09-24T03:16:25.562975+04:00 q4os-desktop kernel: [    0.049995] pci_bus 0000:00: root bus resource [io  0x0000-0x0cf7 window]
2025-09-24T03:16:25.562976+04:00 q4os-desktop kernel: [    0.049997] pci_bus 0000:00: root bus resource [io  0x0d00-0xffff window]
2025-09-24T03:16:25.562977+04:00 q4os-desktop kernel: [    0.049999] pci_bus 0000:00: root bus resource [mem 0x000a0000-0x000bffff window]
2025-09-24T03:16:25.562978+04:00 q4os-desktop kernel: [    0.050000] pci_bus 0000:00: root bus resource [mem 0x14000000-0xfebfffff window]
2025-09-24T03:16:25.562979+04:00 q4os-desktop kernel: [    0.050001] pci_bus 0000:00: root bus resource [mem 0x100000000-0x17fffffff window]
2025-09-24T03:16:25.562980+04:00 q4os-desktop kernel: [    0.050003] pci_bus 0000:00: root bus resource [bus 00-ff]
2025-09-24T03:16:25.562982+04:00 q4os-desktop kernel: [    0.050037] pci 0000:00:00.0: [8086:1237] type 00 class 0x060000
2025-09-24T03:16:25.562983+04:00 q4os-desktop kernel: [    0.050303] pci 0000:00:01.0: [8086:7000] type 00 class 0x060100
2025-09-24T03:16:25.562986+04:00 q4os-desktop kernel: [    0.050680] pci 0000:00:01.1: [8086:7010] type 00 class 0x010180
2025-09-24T03:16:25.562987+04:00 q4os-desktop kernel: [    0.052516] pci 0000:00:01.1: reg 0x20: [io  0xc200-0xc20f]
2025-09-24T03:16:25.562989+04:00 q4os-desktop kernel: [    0.053234] pci 0000:00:01.1: legacy IDE quirk: reg 0x10: [io  0x01f0-0x01f7]
2025-09-24T03:16:25.562990+04:00 q4os-desktop kernel: [    0.053237] pci 0000:00:01.1: legacy IDE quirk: reg 0x14: [io  0x03f6]
2025-09-24T03:16:25.562991+04:00 q4os-desktop kernel: [    0.053238] pci 0000:00:01.1: legacy IDE quirk: reg 0x18: [io  0x0170-0x0177]
2025-09-24T03:16:25.562992+04:00 q4os-desktop kernel: [    0.053239] pci 0000:00:01.1: legacy IDE quirk: reg 0x1c: [io  0x0376]
2025-09-24T03:16:25.562994+04:00 q4os-desktop kernel: [    0.053363] pci 0000:00:01.3: [8086:7113] type 00 class 0x068000
