2025-09-23T04:34:28.786014+04:00 q4os-desktop rsyslogd: [origin software="rsyslogd" swVersion="8.2302.0" x-pid="17824" x-info="https://www.rsyslog.com"] rsyslogd was HUPed
2025-09-23T04:34:31.266880+04:00 q4os-desktop systemd[1]: man-db.service: Deactivated successfully.
2025-09-23T04:34:31.358854+04:00 q4os-desktop systemd[1]: Finished man-db.service - Daily man-db regeneration.
2025-09-23T04:34:31.727870+04:00 q4os-desktop systemd[1]: logrotate.service: Deactivated successfully.
2025-09-23T04:34:31.728070+04:00 q4os-desktop systemd[1]: Finished logrotate.service - Rotate log files.
2025-09-23T04:34:33.927111+04:00 q4os-desktop fstrim[23939]: /: 12.2 GiB (13053095936 bytes) trimmed on /dev/sda1
2025-09-23T04:34:33.936380+04:00 q4os-desktop systemd[1]: fstrim.service: Deactivated successfully.
2025-09-23T04:34:33.939569+04:00 q4os-desktop systemd[1]: Finished fstrim.service - Discard unused blocks on filesystems from /etc/fstab.
2025-09-23T04:34:40.432647+04:00 q4os-desktop dbus-daemon[425]: [system] Activating via systemd: service name='org.freedesktop.PackageKit' unit='packagekit.service' requested by ':1.218' (uid=0 pid=24453 comm="/usr/bin/gdbus call --system --dest org.freedeskto")
2025-09-23T04:34:40.484232+04:00 q4os-desktop systemd[1]: Starting packagekit.service - PackageKit Daemon...
2025-09-23T04:34:40.520232+04:00 q4os-desktop PackageKit: daemon start
2025-09-23T04:34:40.645705+04:00 q4os-desktop dbus-daemon[425]: [system] Successfully activated service 'org.freedesktop.PackageKit'
2025-09-23T04:34:40.645936+04:00 q4os-desktop systemd[1]: Started packagekit.service - PackageKit Daemon.
2025-09-23T04:34:46.833907+04:00 q4os-desktop systemd[1]: apt-daily.service: Deactivated successfully.
2025-09-23T04:34:46.855887+04:00 q4os-desktop systemd[1]: Finished apt-daily.service - Daily apt download activities.
2025-09-23T04:34:46.858619+04:00 q4os-desktop systemd[1]: apt-daily.service: Consumed 7.987s CPU time.
2025-09-23T04:34:46.943790+04:00 q4os-desktop systemd[1]: Starting apt-daily-upgrade.service - Daily apt upgrade and clean activities...
2025-09-23T04:34:47.811044+04:00 q4os-desktop systemd[1]: apt-daily-upgrade.service: Deactivated successfully.
2025-09-23T04:34:47.813353+04:00 q4os-desktop systemd[1]: Finished apt-daily-upgrade.service - Daily apt upgrade and clean activities.
2025-09-23T04:39:07.930522+04:00 q4os-desktop NetworkManager[457]: <info>  [1758587947.8855] dhcp4 (ens3): state changed new lease, address=192.168.124.169
2025-09-23T04:39:26.086277+04:00 q4os-desktop anacron[23934]: Job `cron.daily' started
2025-09-23T04:39:26.119142+04:00 q4os-desktop anacron[24595]: Updated timestamp for job `cron.daily' to 2025-09-23
2025-09-23T04:39:26.157076+04:00 q4os-desktop anacron[23934]: Job `cron.daily' terminated
2025-09-23T04:39:45.500187+04:00 q4os-desktop PackageKit: daemon quit
2025-09-23T04:39:45.656913+04:00 q4os-desktop systemd[1]: packagekit.service: Deactivated successfully.
2025-09-23T04:41:35.557909+04:00 q4os-desktop dbus-daemon[425]: [system] Activating via systemd: service name='org.freedesktop.hostname1' unit='dbus-org.freedesktop.hostname1.service' requested by ':1.211' (uid=1000 pid=23617 comm="/usr/libexec/xdg-desktop-portal-gtk")
2025-09-23T04:41:35.848377+04:00 q4os-desktop dbus-daemon[18481]: [session uid=1000 pid=18481] Activating via systemd: service name='ca.desrt.dconf' unit='dconf.service' requested by ':1.33' (uid=1000 pid=23617 comm="/usr/libexec/xdg-desktop-portal-gtk")
2025-09-23T04:41:35.930515+04:00 q4os-desktop dbus-daemon[18481]: [session uid=1000 pid=18481] Successfully activated service 'ca.desrt.dconf'
2025-09-23T04:41:35.931445+04:00 q4os-desktop systemd[18446]: Starting dconf.service - User preferences database...
2025-09-23T04:41:35.934311+04:00 q4os-desktop systemd[18446]: Started dconf.service - User preferences database.
2025-09-23T04:41:36.377400+04:00 q4os-desktop systemd[1]: Starting systemd-hostnamed.service - Hostname Service...
2025-09-23T04:41:36.656915+04:00 q4os-desktop dbus-daemon[425]: [system] Successfully activated service 'org.freedesktop.hostname1'
2025-09-23T04:41:36.740241+04:00 q4os-desktop systemd[1]: Started systemd-hostnamed.service - Hostname Service.
2025-09-23T04:42:06.827562+04:00 q4os-desktop systemd[1]: systemd-hostnamed.service: Deactivated successfully.
2025-09-23T04:42:56.556822+04:00 q4os-desktop dbus-daemon[425]: [system] Activating via systemd: service name='org.freedesktop.hostname1' unit='dbus-org.freedesktop.hostname1.service' requested by ':1.211' (uid=1000 pid=23617 comm="/usr/libexec/xdg-desktop-portal-gtk")
2025-09-23T04:42:56.878192+04:00 q4os-desktop systemd[1]: Starting systemd-hostnamed.service - Hostname Service...
2025-09-23T04:42:57.112143+04:00 q4os-desktop dbus-daemon[425]: [system] Successfully activated service 'org.freedesktop.hostname1'
2025-09-23T04:42:57.118176+04:00 q4os-desktop systemd[1]: Started systemd-hostnamed.service - Hostname Service.
2025-09-23T04:43:28.040502+04:00 q4os-desktop systemd[1]: systemd-hostnamed.service: Deactivated successfully.
2025-09-23T04:44:26.113304+04:00 q4os-desktop anacron[23934]: Job `cron.weekly' started
2025-09-23T04:44:26.146549+04:00 q4os-desktop anacron[24722]: Updated timestamp for job `cron.weekly' to 2025-09-23
2025-09-23T04:44:34.919960+04:00 q4os-desktop anacron[23934]: Job `cron.weekly' terminated (mailing output)
2025-09-23T04:44:34.921176+04:00 q4os-desktop anacron[23934]: Can't find sendmail at /usr/sbin/sendmail, not mailing output
2025-09-23T04:44:34.922227+04:00 q4os-desktop anacron[23934]: anacron: Can't find sendmail at /usr/sbin/sendmail, not mailing output
2025-09-23T04:48:30.108135+04:00 q4os-desktop kernel: [146081.808674] [TTM] Buffer eviction failed
2025-09-23T04:48:30.117557+04:00 q4os-desktop kernel: [146081.808698] qxl 0000:00:02.0: object_init failed for (262144, 0x00000001)
2025-09-23T04:48:30.117561+04:00 q4os-desktop kernel: [146081.808702] [drm:qxl_gem_object_create [qxl]] *ERROR* Failed to allocate GEM object (260020, 1, 4096, -12)
2025-09-23T04:48:30.118569+04:00 q4os-desktop kernel: [146081.808791] [drm:qxl_alloc_ioctl [qxl]] *ERROR* qxl_alloc_ioctl: failed to create gem ret=-12
2025-09-23T04:48:31.512070+04:00 q4os-desktop pulseaudio[20830]: X11 I/O error handler called
2025-09-23T04:48:31.641080+04:00 q4os-desktop pulseaudio[20830]: X11 I/O error exit handler called, preparing to tear down X11 modules
2025-09-23T04:48:31.649666+04:00 q4os-desktop systemd[18446]: xdg-desktop-portal-gtk.service: Main process exited, code=exited, status=1/FAILURE
2025-09-23T04:48:31.666742+04:00 q4os-desktop systemd[18446]: xdg-desktop-portal-gtk.service: Failed with result 'exit-code'.
2025-09-23T04:48:31.760536+04:00 q4os-desktop systemd[18446]: xdg-desktop-portal-gtk.service: Consumed 2.106s CPU time.
2025-09-23T04:48:32.842238+04:00 q4os-desktop systemd[18446]: pulseaudio.service: Consumed 4.625s CPU time.
2025-09-23T04:48:41.897000+04:00 q4os-desktop systemd[1]: Started session-c6.scope - Session c6 of User user.
2025-09-23T04:48:46.211747+04:00 q4os-desktop systemd[18446]: Starting pulseaudio.service - Sound Service...
2025-09-23T04:48:46.815408+04:00 q4os-desktop pulseaudio[25076]: Disabling timer-based scheduling because running inside a VM.
2025-09-23T04:48:46.836630+04:00 q4os-desktop pulseaudio[25076]: Disabling timer-based scheduling because running inside a VM.
2025-09-23T04:48:46.901037+04:00 q4os-desktop dbus-daemon[425]: [system] Activating via systemd: service name='org.bluez' unit='dbus-org.bluez.service' requested by ':1.258' (uid=1000 pid=25076 comm="/usr/bin/pulseaudio --daemonize=no --log-target=jo")
2025-09-23T04:48:46.936212+04:00 q4os-desktop systemd[18446]: Started pulseaudio.service - Sound Service.
2025-09-23T04:48:47.008311+04:00 q4os-desktop systemd[1]: bluetooth.service - Bluetooth service was skipped because of an unmet condition check (ConditionPathIsDirectory=/sys/class/bluetooth).
2025-09-23T04:48:47.032285+04:00 q4os-desktop pulseaudio[25076]: ALSA woke us up to read new data from the device, but there was actually nothing to read.
2025-09-23T04:48:47.033367+04:00 q4os-desktop pulseaudio[25076]: Most likely this is a bug in the ALSA driver 'snd_hda_intel'. Please report this issue to the ALSA developers.
2025-09-23T04:48:47.036267+04:00 q4os-desktop pulseaudio[25076]: We were woken up with POLLIN set -- however a subsequent snd_pcm_avail() returned 0 or another value < min_avail.
2025-09-23T04:48:48.107913+04:00 q4os-desktop pulseaudio[25076]: ALSA woke us up to write new data to the device, but there was actually nothing to write.
2025-09-23T04:48:48.129784+04:00 q4os-desktop pulseaudio[25076]: Most likely this is a bug in the ALSA driver 'snd_hda_intel'. Please report this issue to the ALSA developers.
2025-09-23T04:48:48.131251+04:00 q4os-desktop pulseaudio[25076]: We were woken up with POLLOUT set -- however a subsequent snd_pcm_avail() returned 0 or another value < min_avail.
2025-09-23T04:49:11.897666+04:00 q4os-desktop pulseaudio[25076]: GetManagedObjects() failed: org.freedesktop.DBus.Error.NoReply: Did not receive a reply. Possible causes include: the remote application did not send a reply, the message bus security policy blocked the reply, the reply timeout expired, or the network connection was broken.
2025-09-23T04:49:26.110076+04:00 q4os-desktop anacron[23934]: Job `cron.monthly' started
2025-09-23T04:49:26.130939+04:00 q4os-desktop anacron[23934]: Job `cron.monthly' terminated
2025-09-23T04:49:26.131005+04:00 q4os-desktop anacron[23934]: Normal exit (3 jobs run)
2025-09-23T04:49:26.131428+04:00 q4os-desktop anacron[25119]: Updated timestamp for job `cron.monthly' to 2025-09-23
2025-09-23T04:49:26.131912+04:00 q4os-desktop systemd[1]: anacron.service: Deactivated successfully.
2025-09-23T04:53:46.533848+04:00 q4os-desktop dbus-daemon[425]: [system] Activating via systemd: service name='org.freedesktop.PackageKit' unit='packagekit.service' requested by ':1.245' (uid=1000 pid=25064 comm="q4os-pkui")
2025-09-23T04:53:46.571878+04:00 q4os-desktop systemd[1]: Starting packagekit.service - PackageKit Daemon...
2025-09-23T04:53:46.585767+04:00 q4os-desktop PackageKit: daemon start
2025-09-23T04:53:46.696608+04:00 q4os-desktop dbus-daemon[425]: [system] Successfully activated service 'org.freedesktop.PackageKit'
2025-09-23T04:53:46.696864+04:00 q4os-desktop systemd[1]: Started packagekit.service - PackageKit Daemon.
2025-09-23T04:53:47.302465+04:00 q4os-desktop packagekitd[25125]: pk_package_set_update_severity: assertion 'update_severity == PK_INFO_ENUM_UNKNOWN || update_severity == PK_INFO_ENUM_LOW || update_severity == PK_INFO_ENUM_NORMAL || update_severity == PK_INFO_ENUM_IMPORTANT || update_severity == PK_INFO_ENUM_CRITICAL' failed
2025-09-23T04:53:47.309532+04:00 q4os-desktop packagekitd[25125]: pk_package_set_update_severity: assertion 'update_severity == PK_INFO_ENUM_UNKNOWN || update_severity == PK_INFO_ENUM_LOW || update_severity == PK_INFO_ENUM_NORMAL || update_severity == PK_INFO_ENUM_IMPORTANT || update_severity == PK_INFO_ENUM_CRITICAL' failed
2025-09-23T04:53:47.309633+04:00 q4os-desktop packagekitd[25125]: pk_package_set_update_severity: assertion 'update_severity == PK_INFO_ENUM_UNKNOWN || update_severity == PK_INFO_ENUM_LOW || update_severity == PK_INFO_ENUM_NORMAL || update_severity == PK_INFO_ENUM_IMPORTANT || update_severity == PK_INFO_ENUM_CRITICAL' failed
2025-09-23T04:53:47.311741+04:00 q4os-desktop packagekitd[25125]: pk_package_set_update_severity: assertion 'update_severity == PK_INFO_ENUM_UNKNOWN || update_severity == PK_INFO_ENUM_LOW || update_severity == PK_INFO_ENUM_NORMAL || update_severity == PK_INFO_ENUM_IMPORTANT || update_severity == PK_INFO_ENUM_CRITICAL' failed
2025-09-23T04:53:47.312700+04:00 q4os-desktop packagekitd[25125]: pk_package_set_update_severity: assertion 'update_severity == PK_INFO_ENUM_UNKNOWN || update_severity == PK_INFO_ENUM_LOW || update_severity == PK_INFO_ENUM_NORMAL || update_severity == PK_INFO_ENUM_IMPORTANT || update_severity == PK_INFO_ENUM_CRITICAL' failed
2025-09-23T04:53:47.312763+04:00 q4os-desktop packagekitd[25125]: pk_package_set_update_severity: assertion 'update_severity == PK_INFO_ENUM_UNKNOWN || update_severity == PK_INFO_ENUM_LOW || update_severity == PK_INFO_ENUM_NORMAL || update_severity == PK_INFO_ENUM_IMPORTANT || update_severity == PK_INFO_ENUM_CRITICAL' failed
2025-09-23T04:53:47.312836+04:00 q4os-desktop packagekitd[25125]: pk_package_set_update_severity: assertion 'update_severity == PK_INFO_ENUM_UNKNOWN || update_severity == PK_INFO_ENUM_LOW || update_severity == PK_INFO_ENUM_NORMAL || update_severity == PK_INFO_ENUM_IMPORTANT || update_severity == PK_INFO_ENUM_CRITICAL' failed
2025-09-23T04:53:47.312947+04:00 q4os-desktop packagekitd[25125]: pk_package_set_update_severity: assertion 'update_severity == PK_INFO_ENUM_UNKNOWN || update_severity == PK_INFO_ENUM_LOW || update_severity == PK_INFO_ENUM_NORMAL || update_severity == PK_INFO_ENUM_IMPORTANT || update_severity == PK_INFO_ENUM_CRITICAL' failed
2025-09-23T04:53:47.313005+04:00 q4os-desktop packagekitd[25125]: pk_package_set_update_severity: assertion 'update_severity == PK_INFO_ENUM_UNKNOWN || update_severity == PK_INFO_ENUM_LOW || update_severity == PK_INFO_ENUM_NORMAL || update_severity == PK_INFO_ENUM_IMPORTANT || update_severity == PK_INFO_ENUM_CRITICAL' failed
2025-09-23T04:53:47.313073+04:00 q4os-desktop packagekitd[25125]: pk_package_set_update_severity: assertion 'update_severity == PK_INFO_ENUM_UNKNOWN || update_severity == PK_INFO_ENUM_LOW || update_severity == PK_INFO_ENUM_NORMAL || update_severity == PK_INFO_ENUM_IMPORTANT || update_severity == PK_INFO_ENUM_CRITICAL' failed
2025-09-23T04:53:47.315279+04:00 q4os-desktop packagekitd[25125]: pk_package_set_update_severity: assertion 'update_severity == PK_INFO_ENUM_UNKNOWN || update_severity == PK_INFO_ENUM_LOW || update_severity == PK_INFO_ENUM_NORMAL || update_severity == PK_INFO_ENUM_IMPORTANT || update_severity == PK_INFO_ENUM_CRITICAL' failed
2025-09-23T04:53:47.315390+04:00 q4os-desktop packagekitd[25125]: pk_package_set_update_severity: assertion 'update_severity == PK_INFO_ENUM_UNKNOWN || update_severity == PK_INFO_ENUM_LOW || update_severity == PK_INFO_ENUM_NORMAL || update_severity == PK_INFO_ENUM_IMPORTANT || update_severity == PK_INFO_ENUM_CRITICAL' failed
2025-09-23T04:53:47.317132+04:00 q4os-desktop packagekitd[25125]: pk_package_set_update_severity: assertion 'update_severity == PK_INFO_ENUM_UNKNOWN || update_severity == PK_INFO_ENUM_LOW || update_severity == PK_INFO_ENUM_NORMAL || update_severity == PK_INFO_ENUM_IMPORTANT || update_severity == PK_INFO_ENUM_CRITICAL' failed
2025-09-23T04:53:47.325046+04:00 q4os-desktop packagekitd[25125]: pk_package_set_update_severity: assertion 'update_severity == PK_INFO_ENUM_UNKNOWN || update_severity == PK_INFO_ENUM_LOW || update_severity == PK_INFO_ENUM_NORMAL || update_severity == PK_INFO_ENUM_IMPORTANT || update_severity == PK_INFO_ENUM_CRITICAL' failed
2025-09-23T04:53:47.340961+04:00 q4os-desktop packagekitd[25125]: pk_package_set_update_severity: assertion 'update_severity == PK_INFO_ENUM_UNKNOWN || update_severity == PK_INFO_ENUM_LOW || update_severity == PK_INFO_ENUM_NORMAL || update_severity == PK_INFO_ENUM_IMPORTANT || update_severity == PK_INFO_ENUM_CRITICAL' failed
2025-09-23T04:53:47.342366+04:00 q4os-desktop packagekitd[25125]: pk_package_set_update_severity: assertion 'update_severity == PK_INFO_ENUM_UNKNOWN || update_severity == PK_INFO_ENUM_LOW || update_severity == PK_INFO_ENUM_NORMAL || update_severity == PK_INFO_ENUM_IMPORTANT || update_severity == PK_INFO_ENUM_CRITICAL' failed
2025-09-23T04:53:47.342997+04:00 q4os-desktop packagekitd[25125]: pk_package_set_update_severity: assertion 'update_severity == PK_INFO_ENUM_UNKNOWN || update_severity == PK_INFO_ENUM_LOW || update_severity == PK_INFO_ENUM_NORMAL || update_severity == PK_INFO_ENUM_IMPORTANT || update_severity == PK_INFO_ENUM_CRITICAL' failed
2025-09-23T04:53:47.358977+04:00 q4os-desktop packagekitd[25125]: pk_package_set_update_severity: assertion 'update_severity == PK_INFO_ENUM_UNKNOWN || update_severity == PK_INFO_ENUM_LOW || update_severity == PK_INFO_ENUM_NORMAL || update_severity == PK_INFO_ENUM_IMPORTANT || update_severity == PK_INFO_ENUM_CRITICAL' failed
2025-09-23T04:53:47.359392+04:00 q4os-desktop packagekitd[25125]: pk_package_set_update_severity: assertion 'update_severity == PK_INFO_ENUM_UNKNOWN || update_severity == PK_INFO_ENUM_LOW || update_severity == PK_INFO_ENUM_NORMAL || update_severity == PK_INFO_ENUM_IMPORTANT || update_severity == PK_INFO_ENUM_CRITICAL' failed
2025-09-23T04:53:47.359483+04:00 q4os-desktop packagekitd[25125]: pk_package_set_update_severity: assertion 'update_severity == PK_INFO_ENUM_UNKNOWN || update_severity == PK_INFO_ENUM_LOW || update_severity == PK_INFO_ENUM_NORMAL || update_severity == PK_INFO_ENUM_IMPORTANT || update_severity == PK_INFO_ENUM_CRITICAL' failed
2025-09-23T04:53:47.382346+04:00 q4os-desktop packagekitd[25125]: pk_package_set_update_severity: assertion 'update_severity == PK_INFO_ENUM_UNKNOWN || update_severity == PK_INFO_ENUM_LOW || update_severity == PK_INFO_ENUM_NORMAL || update_severity == PK_INFO_ENUM_IMPORTANT || update_severity == PK_INFO_ENUM_CRITICAL' failed
2025-09-23T04:53:47.417027+04:00 q4os-desktop PackageKit: get-updates transaction /5_acdcbdbc from uid 1000 finished with success after 693ms
2025-09-23T04:56:54.163164+04:00 q4os-desktop kernel: [146585.870287] [TTM] Buffer eviction failed
2025-09-23T04:56:54.163190+04:00 q4os-desktop kernel: [146585.870301] qxl 0000:00:02.0: object_init failed for (262144, 0x00000001)
2025-09-23T04:56:54.163192+04:00 q4os-desktop kernel: [146585.870313] [drm:qxl_gem_object_create [qxl]] *ERROR* Failed to allocate GEM object (261140, 1, 4096, -12)
2025-09-23T04:56:54.163194+04:00 q4os-desktop kernel: [146585.870335] [drm:qxl_alloc_ioctl [qxl]] *ERROR* qxl_alloc_ioctl: failed to create gem ret=-12
2025-09-23T04:56:54.244128+04:00 q4os-desktop pulseaudio[25076]: X11 I/O error handler called
2025-09-23T04:56:54.338317+04:00 q4os-desktop pulseaudio[25076]: X11 I/O error exit handler called, preparing to tear down X11 modules
2025-09-23T04:57:14.666783+04:00 q4os-desktop systemd[1]: session-c6.scope: Deactivated successfully.
2025-09-23T04:57:14.670610+04:00 q4os-desktop systemd[1]: session-c6.scope: Consumed 17.774s CPU time.
2025-09-23T04:58:51.494161+04:00 q4os-desktop PackageKit: daemon quit
2025-09-23T04:58:51.519827+04:00 q4os-desktop systemd[1]: packagekit.service: Deactivated successfully.
2025-09-23T05:06:51.834209+04:00 q4os-desktop NetworkManager[457]: <info>  [1758589611.8303] dhcp4 (ens3): state changed new lease, address=192.168.124.169
2025-09-23T05:34:38.835515+04:00 q4os-desktop NetworkManager[457]: <info>  [1758591278.8351] dhcp4 (ens3): state changed new lease, address=192.168.124.169
2025-09-23T06:00:50.031976+04:00 q4os-desktop systemd[1]: Starting apt-daily-upgrade.service - Daily apt upgrade and clean activities...
2025-09-23T06:00:50.768246+04:00 q4os-desktop systemd[1]: apt-daily-upgrade.service: Deactivated successfully.
2025-09-23T06:00:50.768415+04:00 q4os-desktop systemd[1]: Finished apt-daily-upgrade.service - Daily apt upgrade and clean activities.
2025-09-23T06:02:41.832558+04:00 q4os-desktop NetworkManager[457]: <info>  [1758592961.8321] dhcp4 (ens3): state changed new lease, address=192.168.124.169
2025-09-23T06:30:23.837087+04:00 q4os-desktop NetworkManager[457]: <info>  [1758594623.8366] dhcp4 (ens3): state changed new lease, address=192.168.124.169
2025-09-23T06:58:20.834940+04:00 q4os-desktop NetworkManager[457]: <info>  [1758596300.8345] dhcp4 (ens3): state changed new lease, address=192.168.124.169
2025-09-23T07:24:48.827001+04:00 q4os-desktop NetworkManager[457]: <info>  [1758597888.8264] dhcp4 (ens3): state changed new lease, address=192.168.124.169
2025-09-23T07:30:50.024190+04:00 q4os-desktop systemd[1]: Started anacron.service - Run anacron jobs.
2025-09-23T07:30:50.028898+04:00 q4os-desktop anacron[25321]: Anacron 2.3 started on 2025-09-23
2025-09-23T07:30:50.031852+04:00 q4os-desktop anacron[25321]: Normal exit (0 jobs run)
2025-09-23T07:30:50.032264+04:00 q4os-desktop systemd[1]: anacron.service: Deactivated successfully.
2025-09-23T07:52:16.830397+04:00 q4os-desktop NetworkManager[457]: <info>  [1758599536.8301] dhcp4 (ens3): state changed new lease, address=192.168.124.169
2025-09-23T08:18:39.836715+04:00 q4os-desktop NetworkManager[457]: <info>  [1758601119.8357] dhcp4 (ens3): state changed new lease, address=192.168.124.169
2025-09-23T08:33:13.504343+04:00 q4os-desktop systemd[1]: Started anacron.service - Run anacron jobs.
2025-09-23T08:33:13.516621+04:00 q4os-desktop systemd[1]: anacron.service: Deactivated successfully.
2025-09-23T08:33:13.516798+04:00 q4os-desktop anacron[25356]: Anacron 2.3 started on 2025-09-23
2025-09-23T08:33:13.516913+04:00 q4os-desktop anacron[25356]: Normal exit (0 jobs run)
2025-09-23T08:46:39.834407+04:00 q4os-desktop NetworkManager[457]: <info>  [1758602799.8340] dhcp4 (ens3): state changed new lease, address=192.168.124.169
2025-09-23T09:14:31.836262+04:00 q4os-desktop NetworkManager[457]: <info>  [1758604471.8358] dhcp4 (ens3): state changed new lease, address=192.168.124.169
2025-09-23T09:34:13.524045+04:00 q4os-desktop systemd[1]: Started anacron.service - Run anacron jobs.
2025-09-23T09:34:13.541918+04:00 q4os-desktop systemd[1]: anacron.service: Deactivated successfully.
2025-09-23T09:34:13.542087+04:00 q4os-desktop anacron[25397]: Anacron 2.3 started on 2025-09-23
2025-09-23T09:34:13.542621+04:00 q4os-desktop anacron[25397]: Normal exit (0 jobs run)
2025-09-23T09:41:43.831876+04:00 q4os-desktop NetworkManager[457]: <info>  [1758606103.8312] dhcp4 (ens3): state changed new lease, address=192.168.124.169
2025-09-23T10:09:50.834795+04:00 q4os-desktop NetworkManager[457]: <info>  [1758607790.8345] dhcp4 (ens3): state changed new lease, address=192.168.124.169
2025-09-23T10:18:13.508126+04:00 q4os-desktop systemd[1]: Starting apt-daily.service - Daily apt download activities...
2025-09-23T10:18:14.257013+04:00 q4os-desktop systemd[1]: apt-daily.service: Deactivated successfully.
2025-09-23T10:18:14.257207+04:00 q4os-desktop systemd[1]: Finished apt-daily.service - Daily apt download activities.
2025-09-23T10:33:50.012033+04:00 q4os-desktop systemd[1]: Started anacron.service - Run anacron jobs.
2025-09-23T10:33:50.033063+04:00 q4os-desktop anacron[25523]: Anacron 2.3 started on 2025-09-23
2025-09-23T10:33:50.034146+04:00 q4os-desktop anacron[25523]: Normal exit (0 jobs run)
2025-09-23T10:33:50.034563+04:00 q4os-desktop systemd[1]: anacron.service: Deactivated successfully.
2025-09-23T10:37:51.832912+04:00 q4os-desktop NetworkManager[457]: <info>  [1758609471.8325] dhcp4 (ens3): state changed new lease, address=192.168.124.169
2025-09-23T11:04:11.837327+04:00 q4os-desktop NetworkManager[457]: <info>  [1758611051.8368] dhcp4 (ens3): state changed new lease, address=192.168.124.169
2025-09-23T11:31:32.835377+04:00 q4os-desktop NetworkManager[457]: <info>  [1758612692.8350] dhcp4 (ens3): state changed new lease, address=192.168.124.169
2025-09-23T11:34:59.999953+04:00 q4os-desktop systemd[1]: Started anacron.service - Run anacron jobs.
2025-09-23T11:35:00.001000+04:00 q4os-desktop anacron[25562]: Anacron 2.3 started on 2025-09-23
2025-09-23T11:35:00.001564+04:00 q4os-desktop anacron[25562]: Normal exit (0 jobs run)
2025-09-23T11:35:00.002422+04:00 q4os-desktop systemd[1]: anacron.service: Deactivated successfully.
2025-09-23T11:59:34.832477+04:00 q4os-desktop NetworkManager[457]: <info>  [1758614374.8322] dhcp4 (ens3): state changed new lease, address=192.168.124.169
2025-09-23T12:26:52.838652+04:00 q4os-desktop NetworkManager[457]: <info>  [1758616012.8383] dhcp4 (ens3): state changed new lease, address=192.168.124.169
2025-09-23T12:30:00.004178+04:00 q4os-desktop systemd[1]: Starting systemd-tmpfiles-clean.service - Cleanup of Temporary Directories...
2025-09-23T12:30:00.146172+04:00 q4os-desktop systemd[1]: systemd-tmpfiles-clean.service: Deactivated successfully.
2025-09-23T12:30:00.146342+04:00 q4os-desktop systemd[1]: Finished systemd-tmpfiles-clean.service - Cleanup of Temporary Directories.
2025-09-23T12:30:00.148255+04:00 q4os-desktop systemd[1]: run-credentials-systemd\x2dtmpfiles\x2dclean.service.mount: Deactivated successfully.
2025-09-23T12:33:13.516052+04:00 q4os-desktop systemd[1]: Started anacron.service - Run anacron jobs.
2025-09-23T12:33:13.535423+04:00 q4os-desktop systemd[1]: anacron.service: Deactivated successfully.
2025-09-23T12:33:13.535656+04:00 q4os-desktop anacron[25596]: Anacron 2.3 started on 2025-09-23
2025-09-23T12:33:13.535763+04:00 q4os-desktop anacron[25596]: Normal exit (0 jobs run)
2025-09-23T12:54:52.831500+04:00 q4os-desktop NetworkManager[457]: <info>  [1758617692.8312] dhcp4 (ens3): state changed new lease, address=192.168.124.169
2025-09-23T13:21:10.833452+04:00 q4os-desktop NetworkManager[457]: <info>  [1758619270.8331] dhcp4 (ens3): state changed new lease, address=192.168.124.169
2025-09-23T13:31:50.016149+04:00 q4os-desktop systemd[1]: Started anacron.service - Run anacron jobs.
2025-09-23T13:31:50.034956+04:00 q4os-desktop systemd[1]: anacron.service: Deactivated successfully.
2025-09-23T13:31:50.035163+04:00 q4os-desktop anacron[25631]: Anacron 2.3 started on 2025-09-23
2025-09-23T13:31:50.035672+04:00 q4os-desktop anacron[25631]: Normal exit (0 jobs run)
2025-09-23T13:48:51.832292+04:00 q4os-desktop NetworkManager[457]: <info>  [1758620931.8320] dhcp4 (ens3): state changed new lease, address=192.168.124.169
2025-09-23T14:16:46.833871+04:00 q4os-desktop NetworkManager[457]: <info>  [1758622606.8335] dhcp4 (ens3): state changed new lease, address=192.168.124.169
2025-09-23T14:33:29.987883+04:00 q4os-desktop systemd[1]: Started anacron.service - Run anacron jobs.
2025-09-23T14:33:30.007603+04:00 q4os-desktop systemd[1]: anacron.service: Deactivated successfully.
2025-09-23T14:33:30.007890+04:00 q4os-desktop anacron[25666]: Anacron 2.3 started on 2025-09-23
2025-09-23T14:33:30.008009+04:00 q4os-desktop anacron[25666]: Normal exit (0 jobs run)
2025-09-23T14:44:05.831279+04:00 q4os-desktop NetworkManager[457]: <info>  [1758624245.8309] dhcp4 (ens3): state changed new lease, address=192.168.124.169
2025-09-23T15:10:49.833604+04:00 q4os-desktop NetworkManager[457]: <info>  [1758625849.8332] dhcp4 (ens3): state changed new lease, address=192.168.124.169
2025-09-23T15:33:13.531928+04:00 q4os-desktop systemd[1]: Started anacron.service - Run anacron jobs.
2025-09-23T15:33:13.550491+04:00 q4os-desktop systemd[1]: anacron.service: Deactivated successfully.
2025-09-23T15:33:13.550685+04:00 q4os-desktop anacron[25701]: Anacron 2.3 started on 2025-09-23
2025-09-23T15:33:13.550748+04:00 q4os-desktop anacron[25701]: Normal exit (0 jobs run)
2025-09-23T15:38:46.831018+04:00 q4os-desktop NetworkManager[457]: <info>  [1758627526.8307] dhcp4 (ens3): state changed new lease, address=192.168.124.169
2025-09-23T16:06:51.837703+04:00 q4os-desktop NetworkManager[457]: <info>  [1758629211.8373] dhcp4 (ens3): state changed new lease, address=192.168.124.169
2025-09-23T16:33:13.536676+04:00 q4os-desktop systemd[1]: Started anacron.service - Run anacron jobs.
2025-09-23T16:33:13.555788+04:00 q4os-desktop systemd[1]: anacron.service: Deactivated successfully.
2025-09-23T16:33:13.556172+04:00 q4os-desktop anacron[25738]: Anacron 2.3 started on 2025-09-23
2025-09-23T16:33:13.556390+04:00 q4os-desktop anacron[25738]: Normal exit (0 jobs run)
2025-09-23T16:34:17.835115+04:00 q4os-desktop NetworkManager[457]: <info>  [1758630857.8348] dhcp4 (ens3): state changed new lease, address=192.168.124.169
2025-09-23T17:00:35.824092+04:00 q4os-desktop NetworkManager[457]: <info>  [1758632435.8237] dhcp4 (ens3): state changed new lease, address=192.168.124.169
2025-09-23T17:28:32.834593+04:00 q4os-desktop NetworkManager[457]: <info>  [1758634112.8341] dhcp4 (ens3): state changed new lease, address=192.168.124.169
2025-09-23T17:31:59.983975+04:00 q4os-desktop systemd[1]: Started anacron.service - Run anacron jobs.
2025-09-23T17:31:59.984990+04:00 q4os-desktop anacron[25770]: Anacron 2.3 started on 2025-09-23
2025-09-23T17:31:59.985467+04:00 q4os-desktop anacron[25770]: Normal exit (0 jobs run)
2025-09-23T17:31:59.985769+04:00 q4os-desktop systemd[1]: anacron.service: Deactivated successfully.
2025-09-23T17:55:24.838344+04:00 q4os-desktop NetworkManager[457]: <info>  [1758635724.8380] dhcp4 (ens3): state changed new lease, address=192.168.124.169
2025-09-23T18:21:45.833313+04:00 q4os-desktop NetworkManager[457]: <info>  [1758637305.8329] dhcp4 (ens3): state changed new lease, address=192.168.124.169
2025-09-23T18:33:13.516014+04:00 q4os-desktop systemd[1]: Started anacron.service - Run anacron jobs.
2025-09-23T18:33:13.534843+04:00 q4os-desktop systemd[1]: anacron.service: Deactivated successfully.
2025-09-23T18:33:13.536053+04:00 q4os-desktop anacron[25805]: Anacron 2.3 started on 2025-09-23
2025-09-23T18:33:13.536138+04:00 q4os-desktop anacron[25805]: Normal exit (0 jobs run)
2025-09-23T18:49:50.832413+04:00 q4os-desktop NetworkManager[457]: <info>  [1758638990.8321] dhcp4 (ens3): state changed new lease, address=192.168.124.169
2025-09-23T19:17:44.839590+04:00 q4os-desktop NetworkManager[457]: <info>  [1758640664.8390] dhcp4 (ens3): state changed new lease, address=192.168.124.169
2025-09-23T19:34:49.996205+04:00 q4os-desktop systemd[1]: Started anacron.service - Run anacron jobs.
2025-09-23T19:34:50.009813+04:00 q4os-desktop anacron[25844]: Anacron 2.3 started on 2025-09-23
2025-09-23T19:34:50.016204+04:00 q4os-desktop anacron[25844]: Normal exit (0 jobs run)
2025-09-23T19:34:50.016780+04:00 q4os-desktop systemd[1]: anacron.service: Deactivated successfully.
2025-09-23T19:45:29.835446+04:00 q4os-desktop NetworkManager[457]: <info>  [1758642329.8350] dhcp4 (ens3): state changed new lease, address=192.168.124.169
2025-09-23T19:51:13.520975+04:00 q4os-desktop systemd[1]: Starting apt-daily.service - Daily apt download activities...
2025-09-23T19:51:14.331579+04:00 q4os-desktop systemd[1]: apt-daily.service: Deactivated successfully.
2025-09-23T19:51:14.331733+04:00 q4os-desktop systemd[1]: Finished apt-daily.service - Daily apt download activities.
2025-09-23T20:12:36.837590+04:00 q4os-desktop NetworkManager[457]: <info>  [1758643956.8371] dhcp4 (ens3): state changed new lease, address=192.168.124.169
2025-09-23T20:34:59.991947+04:00 q4os-desktop systemd[1]: Started anacron.service - Run anacron jobs.
2025-09-23T20:35:00.012597+04:00 q4os-desktop anacron[25968]: Anacron 2.3 started on 2025-09-23
2025-09-23T20:35:00.015160+04:00 q4os-desktop anacron[25968]: Normal exit (0 jobs run)
2025-09-23T20:35:00.015611+04:00 q4os-desktop systemd[1]: anacron.service: Deactivated successfully.
2025-09-23T20:40:15.831233+04:00 q4os-desktop NetworkManager[457]: <info>  [1758645615.8309] dhcp4 (ens3): state changed new lease, address=192.168.124.169
2025-09-23T21:07:43.837738+04:00 q4os-desktop NetworkManager[457]: <info>  [1758647263.8373] dhcp4 (ens3): state changed new lease, address=192.168.124.169
2025-09-23T21:30:59.992122+04:00 q4os-desktop systemd[1]: Started anacron.service - Run anacron jobs.
2025-09-23T21:31:00.000766+04:00 q4os-desktop systemd[1]: anacron.service: Deactivated successfully.
2025-09-23T21:31:00.000940+04:00 q4os-desktop anacron[26000]: Anacron 2.3 started on 2025-09-23
2025-09-23T21:31:00.007466+04:00 q4os-desktop anacron[26000]: Normal exit (0 jobs run)
2025-09-23T21:34:29.835869+04:00 q4os-desktop NetworkManager[457]: <info>  [1758648869.8355] dhcp4 (ens3): state changed new lease, address=192.168.124.169
2025-09-23T22:02:11.836561+04:00 q4os-desktop NetworkManager[457]: <info>  [1758650531.8362] dhcp4 (ens3): state changed new lease, address=192.168.124.169
2025-09-23T22:29:55.834214+04:00 q4os-desktop NetworkManager[457]: <info>  [1758652195.8339] dhcp4 (ens3): state changed new lease, address=192.168.124.169
2025-09-23T22:31:59.984056+04:00 q4os-desktop systemd[1]: Started anacron.service - Run anacron jobs.
2025-09-23T22:31:59.984758+04:00 q4os-desktop anacron[26034]: Anacron 2.3 started on 2025-09-23
2025-09-23T22:31:59.985318+04:00 q4os-desktop anacron[26034]: Normal exit (0 jobs run)
2025-09-23T22:31:59.985694+04:00 q4os-desktop systemd[1]: anacron.service: Deactivated successfully.
2025-09-23T22:57:42.834730+04:00 q4os-desktop NetworkManager[457]: <info>  [1758653862.8343] dhcp4 (ens3): state changed new lease, address=192.168.124.169
2025-09-23T22:58:16.899695+04:00 q4os-desktop systemd[1]: Started session-c7.scope - Session c7 of User user.
2025-09-23T22:58:21.814872+04:00 q4os-desktop systemd[18446]: Starting pulseaudio.service - Sound Service...
2025-09-23T22:58:22.545247+04:00 q4os-desktop pulseaudio[26319]: Disabling timer-based scheduling because running inside a VM.
2025-09-23T22:58:22.624115+04:00 q4os-desktop pulseaudio[26319]: Disabling timer-based scheduling because running inside a VM.
2025-09-23T22:58:22.730832+04:00 q4os-desktop dbus-daemon[425]: [system] Activating via systemd: service name='org.bluez' unit='dbus-org.bluez.service' requested by ':1.297' (uid=1000 pid=26319 comm="/usr/bin/pulseaudio --daemonize=no --log-target=jo")
2025-09-23T22:58:22.776849+04:00 q4os-desktop systemd[1]: bluetooth.service - Bluetooth service was skipped because of an unmet condition check (ConditionPathIsDirectory=/sys/class/bluetooth).
2025-09-23T22:58:22.833972+04:00 q4os-desktop systemd[18446]: Started pulseaudio.service - Sound Service.
2025-09-23T22:58:23.012312+04:00 q4os-desktop pulseaudio[26319]: ALSA woke us up to write new data to the device, but there was actually nothing to write.
2025-09-23T22:58:23.014735+04:00 q4os-desktop pulseaudio[26319]: Most likely this is a bug in the ALSA driver 'snd_hda_intel'. Please report this issue to the ALSA developers.
2025-09-23T22:58:23.014823+04:00 q4os-desktop pulseaudio[26319]: We were woken up with POLLOUT set -- however a subsequent snd_pcm_avail() returned 0 or another value < min_avail.
2025-09-23T22:58:47.731357+04:00 q4os-desktop pulseaudio[26319]: GetManagedObjects() failed: org.freedesktop.DBus.Error.NoReply: Did not receive a reply. Possible causes include: the remote application did not send a reply, the message bus security policy blocked the reply, the reply timeout expired, or the network connection was broken.
2025-09-24T03:15:27.968371+04:00 q4os-desktop systemd-modules-load[307]: Inserted module 'lp'
2025-09-24T03:15:27.968455+04:00 q4os-desktop systemd[1]: Starting systemd-journal-flush.service - Flush Journal to Persistent Storage...
2025-09-24T03:15:27.968461+04:00 q4os-desktop systemd-modules-load[307]: Inserted module 'ppdev'
2025-09-24T03:15:27.968465+04:00 q4os-desktop systemd-modules-load[307]: Inserted module 'parport_pc'
2025-09-24T03:15:27.968466+04:00 q4os-desktop kernel: [    0.000000] Linux version 6.1.0-26-686-pae (debian-kernel@lists.debian.org) (gcc-12 (Debian 12.2.0-14) 12.2.0, GNU ld (GNU Binutils for Debian) 2.40) #1 SMP PREEMPT_DYNAMIC Debian 6.1.112-1 (2024-09-30)
2025-09-24T03:15:27.968470+04:00 q4os-desktop kernel: [    0.000000] BIOS-provided physical RAM map:
2025-09-24T03:15:27.968472+04:00 q4os-desktop kernel: [    0.000000] BIOS-e820: [mem 0x0000000000000000-0x000000000009fbff] usable
2025-09-24T03:15:27.968473+04:00 q4os-desktop kernel: [    0.000000] BIOS-e820: [mem 0x000000000009fc00-0x000000000009ffff] reserved
2025-09-24T03:15:27.968480+04:00 q4os-desktop kernel: [    0.000000] BIOS-e820: [mem 0x00000000000f0000-0x00000000000fffff] reserved
2025-09-24T03:15:27.968468+04:00 q4os-desktop systemd[1]: Finished systemd-modules-load.service - Load Kernel Modules.
2025-09-24T03:15:27.968481+04:00 q4os-desktop kernel: [    0.000000] BIOS-e820: [mem 0x0000000000100000-0x0000000013fdffff] usable
2025-09-24T03:15:27.968482+04:00 q4os-desktop kernel: [    0.000000] BIOS-e820: [mem 0x0000000013fe0000-0x0000000013ffffff] reserved
2025-09-24T03:15:27.968483+04:00 q4os-desktop kernel: [    0.000000] BIOS-e820: [mem 0x00000000feffc000-0x00000000feffffff] reserved
2025-09-24T03:15:27.968485+04:00 q4os-desktop kernel: [    0.000000] BIOS-e820: [mem 0x00000000fffc0000-0x00000000ffffffff] reserved
2025-09-24T03:15:27.968483+04:00 q4os-desktop systemd[1]: Starting systemd-sysctl.service - Apply Kernel Variables...
2025-09-24T03:15:27.968486+04:00 q4os-desktop kernel: [    0.000000] NX (Execute Disable) protection: active
2025-09-24T03:15:27.968488+04:00 q4os-desktop kernel: [    0.000000] SMBIOS 3.0.0 present.
2025-09-24T03:15:27.968490+04:00 q4os-desktop kernel: [    0.000000] DMI: QEMU Standard PC (i440FX + PIIX, 1996), BIOS 1.17.0-4.fc41 04/01/2014
2025-09-24T03:15:27.968489+04:00 q4os-desktop systemd[1]: Finished systemd-random-seed.service - Load/Save Random Seed.
2025-09-24T03:15:27.968494+04:00 q4os-desktop systemd[1]: first-boot-complete.target - First Boot Complete was skipped because of an unmet condition check (ConditionFirstBoot=yes).
2025-09-24T03:15:27.968496+04:00 q4os-desktop kernel: [    0.000000] Hypervisor detected: KVM
2025-09-24T03:15:27.968498+04:00 q4os-desktop kernel: [    0.000000] kvm-clock: Using msrs 4b564d01 and 4b564d00
2025-09-24T03:15:27.968499+04:00 q4os-desktop kernel: [    0.000002] kvm-clock: using sched offset of 11389200819 cycles
2025-09-24T03:15:27.968498+04:00 q4os-desktop systemd[1]: Finished systemd-sysusers.service - Create System Users.
2025-09-24T03:15:27.968500+04:00 q4os-desktop kernel: [    0.000004] clocksource: kvm-clock: mask: 0xffffffffffffffff max_cycles: 0x1cd42e4dffb, max_idle_ns: 881590591483 ns
2025-09-24T03:15:27.968501+04:00 q4os-desktop kernel: [    0.000007] tsc: Detected 2496.000 MHz processor
2025-09-24T03:15:27.968503+04:00 q4os-desktop kernel: [    0.000637] e820: update [mem 0x00000000-0x00000fff] usable ==> reserved
2025-09-24T03:15:27.968504+04:00 q4os-desktop kernel: [    0.000640] e820: remove [mem 0x000a0000-0x000fffff] usable
2025-09-24T03:15:27.968502+04:00 q4os-desktop systemd[1]: Finished keyboard-setup.service - Set the console keyboard layout.
2025-09-24T03:15:27.968505+04:00 q4os-desktop kernel: [    0.000644] last_pfn = 0x13fe0 max_arch_pfn = 0x1000000
2025-09-24T03:15:27.968507+04:00 q4os-desktop systemd[1]: Starting systemd-tmpfiles-setup-dev.service - Create Static Device Nodes in /dev...
2025-09-24T03:15:27.968511+04:00 q4os-desktop kernel: [    0.000688] x86/PAT: Configuration [0-7]: WB  WC  UC- UC  WB  WP  UC- WT  
2025-09-24T03:15:27.968513+04:00 q4os-desktop kernel: [    0.003472] found SMP MP-table at [mem 0x000f53c0-0x000f53cf]
2025-09-24T03:15:27.968514+04:00 q4os-desktop kernel: [    0.003480] initial memory mapped: [mem 0x00000000-0x103fffff]
2025-09-24T03:15:27.968511+04:00 q4os-desktop systemd[1]: Finished systemd-sysctl.service - Apply Kernel Variables.
2025-09-24T03:15:27.968515+04:00 q4os-desktop kernel: [    0.003512] RAMDISK: [mem 0x10e28000-0x1386bfff]
2025-09-24T03:15:27.968526+04:00 q4os-desktop systemd[1]: Finished systemd-udev-trigger.service - Coldplug All udev Devices.
2025-09-24T03:15:27.968528+04:00 q4os-desktop kernel: [    0.003516] ACPI: Early table checksum verification disabled
2025-09-24T03:15:27.968530+04:00 q4os-desktop kernel: [    0.003519] ACPI: RSDP 0x00000000000F51F0 000014 (v00 BOCHS )
2025-09-24T03:15:27.968531+04:00 q4os-desktop kernel: [    0.003526] ACPI: RSDT 0x0000000013FE1D6C 000030 (v01 BOCHS  BXPC     00000001 BXPC 00000001)
2025-09-24T03:15:27.968532+04:00 q4os-desktop kernel: [    0.003532] ACPI: FACP 0x0000000013FE1C20 000074 (v01 BOCHS  BXPC     00000001 BXPC 00000001)
2025-09-24T03:15:27.968531+04:00 q4os-desktop systemd[1]: Finished systemd-tmpfiles-setup-dev.service - Create Static Device Nodes in /dev.
2025-09-24T03:15:27.968535+04:00 q4os-desktop systemd[1]: Starting systemd-udevd.service - Rule-based Manager for Device Events and Files...
2025-09-24T03:15:27.968539+04:00 q4os-desktop systemd-udevd[332]: Using default interface naming scheme 'v252'.
2025-09-24T03:15:27.968544+04:00 q4os-desktop kernel: [    0.003538] ACPI: DSDT 0x0000000013FE0040 001BE0 (v01 BOCHS  BXPC     00000001 BXPC 00000001)
2025-09-24T03:15:27.968543+04:00 q4os-desktop systemd[1]: Finished systemd-journal-flush.service - Flush Journal to Persistent Storage.
2025-09-24T03:15:27.968546+04:00 q4os-desktop kernel: [    0.003542] ACPI: FACS 0x0000000013FE0000 000040
2025-09-24T03:15:27.968547+04:00 q4os-desktop kernel: [    0.003545] ACPI: APIC 0x0000000013FE1C94 0000B0 (v03 BOCHS  BXPC     00000001 BXPC 00000001)
2025-09-24T03:15:27.968547+04:00 q4os-desktop systemd[1]: Finished lvm2-monitor.service - Monitoring of LVM2 mirrors, snapshots etc. using dmeventd or progress polling.
2025-09-24T03:15:27.968548+04:00 q4os-desktop kernel: [    0.003548] ACPI: WAET 0x0000000013FE1D44 000028 (v01 BOCHS  BXPC     00000001 BXPC 00000001)
2025-09-24T03:15:27.968550+04:00 q4os-desktop kernel: [    0.003551] ACPI: Reserving FACP table memory at [mem 0x13fe1c20-0x13fe1c93]
2025-09-24T03:15:27.968551+04:00 q4os-desktop kernel: [    0.003552] ACPI: Reserving DSDT table memory at [mem 0x13fe0040-0x13fe1c1f]
2025-09-24T03:15:27.968552+04:00 q4os-desktop kernel: [    0.003553] ACPI: Reserving FACS table memory at [mem 0x13fe0000-0x13fe003f]
2025-09-24T03:15:27.968553+04:00 q4os-desktop kernel: [    0.003553] ACPI: Reserving APIC table memory at [mem 0x13fe1c94-0x13fe1d43]
2025-09-24T03:15:27.968550+04:00 q4os-desktop systemd[1]: Reached target local-fs-pre.target - Preparation for Local File Systems.
2025-09-24T03:15:27.968561+04:00 q4os-desktop kernel: [    0.003554] ACPI: Reserving WAET table memory at [mem 0x13fe1d44-0x13fe1d6b]
2025-09-24T03:15:27.968561+04:00 q4os-desktop systemd[1]: Reached target local-fs.target - Local File Systems.
2025-09-24T03:15:27.968563+04:00 q4os-desktop kernel: [    0.003568] 0MB HIGHMEM available.
2025-09-24T03:15:27.968564+04:00 q4os-desktop kernel: [    0.003569] 319MB LOWMEM available.
2025-09-24T03:15:27.968565+04:00 q4os-desktop kernel: [    0.003570]   mapped low ram: 0 - 13fe0000
2025-09-24T03:15:27.968565+04:00 q4os-desktop systemd[1]: Starting apparmor.service - Load AppArmor profiles...
2025-09-24T03:15:27.968566+04:00 q4os-desktop kernel: [    0.003571]   low ram: 0 - 13fe0000
2025-09-24T03:15:27.968568+04:00 q4os-desktop kernel: [    0.003579] Zone ranges:
2025-09-24T03:15:27.968570+04:00 q4os-desktop kernel: [    0.003580]   DMA      [mem 0x0000000000001000-0x0000000000ffffff]
2025-09-24T03:15:27.968571+04:00 q4os-desktop kernel: [    0.003582]   Normal   [mem 0x0000000001000000-0x0000000013fdffff]
2025-09-24T03:15:27.968570+04:00 q4os-desktop systemd[1]: Starting console-setup.service - Set console font and keymap...
2025-09-24T03:15:27.968574+04:00 q4os-desktop systemd[1]: mdadm-shutdown.service - Prepare mdadm shutdown initramfs was skipped because of an unmet condition check (ConditionFileIsExecutable=/usr/bin/dracut).
2025-09-24T03:15:27.968578+04:00 q4os-desktop systemd[1]: Starting systemd-binfmt.service - Set Up Additional Binary Formats...
2025-09-24T03:15:27.968580+04:00 q4os-desktop kernel: [    0.003585]   HighMem  empty
2025-09-24T03:15:27.968582+04:00 q4os-desktop kernel: [    0.003586] Movable zone start for each node
2025-09-24T03:15:27.968583+04:00 q4os-desktop kernel: [    0.003587] Early memory node ranges
2025-09-24T03:15:27.968584+04:00 q4os-desktop kernel: [    0.003587]   node   0: [mem 0x0000000000001000-0x000000000009efff]
2025-09-24T03:15:27.968582+04:00 q4os-desktop systemd[1]: systemd-machine-id-commit.service - Commit a transient machine-id on disk was skipped because of an unmet condition check (ConditionPathIsMountPoint=/etc/machine-id).
2025-09-24T03:15:27.968585+04:00 q4os-desktop kernel: [    0.003589]   node   0: [mem 0x0000000000100000-0x0000000013fdffff]
2025-09-24T03:15:27.968586+04:00 q4os-desktop kernel: [    0.003591] Initmem setup node 0 [mem 0x0000000000001000-0x0000000013fdffff]
2025-09-24T03:15:27.968587+04:00 q4os-desktop kernel: [    0.003599] On node 0, zone DMA: 1 pages in unavailable ranges
2025-09-24T03:15:27.968588+04:00 q4os-desktop kernel: [    0.003654] On node 0, zone DMA: 97 pages in unavailable ranges
2025-09-24T03:15:27.968587+04:00 q4os-desktop systemd[1]: Starting systemd-tmpfiles-setup.service - Create System Files and Directories...
2025-09-24T03:15:27.968598+04:00 q4os-desktop kernel: [    0.004548] Using APIC driver default
2025-09-24T03:15:27.968599+04:00 q4os-desktop kernel: [    0.004856] ACPI: PM-Timer IO Port: 0x608
2025-09-24T03:15:27.968601+04:00 q4os-desktop kernel: [    0.004863] ACPI: LAPIC_NMI (acpi_id[0xff] dfl dfl lint[0x1])
2025-09-24T03:15:27.968601+04:00 q4os-desktop kernel: [    0.004889] IOAPIC[0]: apic_id 0, version 17, address 0xfec00000, GSI 0-23
2025-09-24T03:15:27.968602+04:00 q4os-desktop kernel: [    0.004893] ACPI: INT_SRC_OVR (bus 0 bus_irq 0 global_irq 2 dfl dfl)
2025-09-24T03:15:27.968601+04:00 q4os-desktop systemd[1]: Starting ufw.service - Uncomplicated firewall...
2025-09-24T03:15:27.968604+04:00 q4os-desktop kernel: [    0.004894] ACPI: INT_SRC_OVR (bus 0 bus_irq 5 global_irq 5 high level)
2025-09-24T03:15:27.968605+04:00 q4os-desktop kernel: [    0.004895] ACPI: INT_SRC_OVR (bus 0 bus_irq 9 global_irq 9 high level)
2025-09-24T03:15:27.968606+04:00 q4os-desktop kernel: [    0.004896] ACPI: INT_SRC_OVR (bus 0 bus_irq 10 global_irq 10 high level)
2025-09-24T03:15:27.968606+04:00 q4os-desktop systemd[1]: proc-sys-fs-binfmt_misc.automount: Got automount request for /proc/sys/fs/binfmt_misc, triggered by 337 (systemd-binfmt)
2025-09-24T03:15:27.968610+04:00 q4os-desktop systemd[1]: Finished ufw.service - Uncomplicated firewall.
2025-09-24T03:15:27.968613+04:00 q4os-desktop kernel: [    0.004897] ACPI: INT_SRC_OVR (bus 0 bus_irq 11 global_irq 11 high level)
2025-09-24T03:15:27.968615+04:00 q4os-desktop kernel: [    0.004901] ACPI: Using ACPI (MADT) for SMP configuration information
2025-09-24T03:15:27.968613+04:00 q4os-desktop systemd[1]: Reached target network-pre.target - Preparation for Network.
2025-09-24T03:15:27.968616+04:00 q4os-desktop kernel: [    0.004902] TSC deadline timer available
2025-09-24T03:15:27.968617+04:00 q4os-desktop kernel: [    0.004903] smpboot: Allowing 8 CPUs, 0 hotplug CPUs
2025-09-24T03:15:27.968619+04:00 q4os-desktop kernel: [    0.004917] kvm-guest: KVM setup pv remote TLB flush
2025-09-24T03:15:27.968618+04:00 q4os-desktop apparmor.systemd[334]: Restarting AppArmor
2025-09-24T03:15:27.968620+04:00 q4os-desktop kernel: [    0.004921] kvm-guest: setup PV sched yield
2025-09-24T03:15:27.968622+04:00 q4os-desktop kernel: [    0.004929] PM: hibernation: Registered nosave memory: [mem 0x00000000-0x00000fff]
2025-09-24T03:15:27.968623+04:00 q4os-desktop kernel: [    0.004931] PM: hibernation: Registered nosave memory: [mem 0x0009f000-0x0009ffff]
2025-09-24T03:15:27.968623+04:00 q4os-desktop apparmor.systemd[334]: Reloading AppArmor profiles
2025-09-24T03:15:27.968630+04:00 q4os-desktop kernel: [    0.004933] PM: hibernation: Registered nosave memory: [mem 0x000a0000-0x000effff]
2025-09-24T03:15:27.968632+04:00 q4os-desktop kernel: [    0.004934] PM: hibernation: Registered nosave memory: [mem 0x000f0000-0x000fffff]
2025-09-24T03:15:27.968633+04:00 q4os-desktop kernel: [    0.004937] [mem 0x14000000-0xfeffbfff] available for PCI devices
2025-09-24T03:15:27.968634+04:00 q4os-desktop kernel: [    0.004938] Booting paravirtualized kernel on KVM
2025-09-24T03:15:27.968635+04:00 q4os-desktop kernel: [    0.004940] clocksource: refined-jiffies: mask: 0xffffffff max_cycles: 0xffffffff, max_idle_ns: 7645519600211568 ns
2025-09-24T03:15:27.968636+04:00 q4os-desktop kernel: [    0.004945] setup_percpu: NR_CPUS:32 nr_cpumask_bits:8 nr_cpu_ids:8 nr_node_ids:1
2025-09-24T03:15:27.968637+04:00 q4os-desktop kernel: [    0.005015] percpu: Embedded 33 pages/cpu s103828 r0 d31340 u135168
2025-09-24T03:15:27.968638+04:00 q4os-desktop kernel: [    0.005022] pcpu-alloc: s103828 r0 d31340 u135168 alloc=33*4096
2025-09-24T03:15:27.968628+04:00 q4os-desktop apparmor.systemd[370]: Skipping profile in /etc/apparmor.d/disable: usr.bin.thunderbird
2025-09-24T03:15:27.968644+04:00 q4os-desktop systemd[1]: Finished systemd-tmpfiles-setup.service - Create System Files and Directories.
2025-09-24T03:15:27.968647+04:00 q4os-desktop kernel: [    0.005025] pcpu-alloc: [0] 0 [0] 1 [0] 2 [0] 3 [0] 4 [0] 5 [0] 6 [0] 7 
2025-09-24T03:15:27.968648+04:00 q4os-desktop kernel: [    0.005062] kvm-guest: PV spinlocks enabled
2025-09-24T03:15:27.968650+04:00 q4os-desktop kernel: [    0.005063] PV qspinlock hash table entries: 512 (order: 0, 4096 bytes, linear)
2025-09-24T03:15:27.968651+04:00 q4os-desktop kernel: [    0.005067] Built 1 zonelists, mobility grouping on.  Total pages: 80990
2025-09-24T03:15:27.968649+04:00 q4os-desktop systemd[1]: Starting rpcbind.service - RPC bind portmap service...
2025-09-24T03:15:27.968652+04:00 q4os-desktop kernel: [    0.005068] Kernel command line: BOOT_IMAGE=/boot/vmlinuz-6.1.0-26-686-pae root=UUID=04f82e4e-8c23-4584-b801-8717dced8964 ro quiet loglevel=3 systemd.log_color=0 systemd.show_status=1
2025-09-24T03:15:27.968653+04:00 q4os-desktop kernel: [    0.005173] Unknown kernel command line parameters "BOOT_IMAGE=/boot/vmlinuz-6.1.0-26-686-pae", will be passed to user space.
2025-09-24T03:15:27.968654+04:00 q4os-desktop kernel: [    0.005244] random: crng init done
2025-09-24T03:15:27.968654+04:00 q4os-desktop systemd[1]: Starting systemd-timesyncd.service - Network Time Synchronization...
2025-09-24T03:15:27.968659+04:00 q4os-desktop systemd[1]: Starting systemd-update-utmp.service - Record System Boot/Shutdown in UTMP...
2025-09-24T03:15:27.968663+04:00 q4os-desktop systemd[1]: Started systemd-udevd.service - Rule-based Manager for Device Events and Files.
2025-09-24T03:15:27.968665+04:00 q4os-desktop kernel: [    0.005255] Dentry cache hash table entries: 65536 (order: 6, 262144 bytes, linear)
2025-09-24T03:15:27.968667+04:00 q4os-desktop kernel: [    0.005262] Inode-cache hash table entries: 32768 (order: 5, 131072 bytes, linear)
2025-09-24T03:15:27.968668+04:00 q4os-desktop kernel: [    0.005342] mem auto-init: stack:all(zero), heap alloc:on, heap free:off
2025-09-24T03:15:27.968667+04:00 q4os-desktop systemd[1]: Finished apparmor.service - Load AppArmor profiles.
2025-09-24T03:15:27.968669+04:00 q4os-desktop kernel: [    0.005344] Initializing HighMem for node 0 (00000000:00000000)
2025-09-24T03:15:27.968670+04:00 q4os-desktop kernel: [    0.005689] Checking if this processor honours the WP bit even in supervisor mode...Ok.
2025-09-24T03:15:27.968671+04:00 q4os-desktop kernel: [    0.005694] Memory: 262700K/327160K available (9376K kernel code, 1265K rwdata, 3172K rodata, 920K init, 476K bss, 64460K reserved, 0K cma-reserved, 0K highmem)
2025-09-24T03:15:27.968672+04:00 q4os-desktop kernel: [    0.005789] SLUB: HWalign=64, Order=0-3, MinObjects=0, CPUs=8, Nodes=1
2025-09-24T03:15:27.968674+04:00 q4os-desktop kernel: [    0.005802] ftrace: allocating 36956 entries in 73 pages
2025-09-24T03:15:27.968671+04:00 q4os-desktop systemd[1]: Finished systemd-update-utmp.service - Record System Boot/Shutdown in UTMP.
2025-09-24T03:15:27.968683+04:00 q4os-desktop kernel: [    0.010461] ftrace: allocated 73 pages with 3 groups
2025-09-24T03:15:27.968685+04:00 q4os-desktop kernel: [    0.010498] trace event string verifier disabled
2025-09-24T03:15:27.968685+04:00 q4os-desktop systemd[1]: Started rpcbind.service - RPC bind portmap service.
2025-09-24T03:15:27.968686+04:00 q4os-desktop kernel: [    0.010518] Dynamic Preempt: voluntary
2025-09-24T03:15:27.968689+04:00 q4os-desktop kernel: [    0.010542] rcu: Preemptible hierarchical RCU implementation.
2025-09-24T03:15:27.968690+04:00 q4os-desktop kernel: [    0.010543] rcu: 	RCU restricting CPUs from NR_CPUS=32 to nr_cpu_ids=8.
2025-09-24T03:15:27.968691+04:00 q4os-desktop kernel: [    0.010544] 	Trampoline variant of Tasks RCU enabled.
2025-09-24T03:15:27.968690+04:00 q4os-desktop systemd[1]: Reached target rpcbind.target - RPC Port Mapper.
2025-09-24T03:15:27.968693+04:00 q4os-desktop kernel: [    0.010544] 	Rude variant of Tasks RCU enabled.
2025-09-24T03:15:27.968694+04:00 q4os-desktop kernel: [    0.010544] 	Tracing variant of Tasks RCU enabled.
2025-09-24T03:15:27.968694+04:00 q4os-desktop systemd[1]: Found device dev-disk-by\x2duuid-eb67f70b\x2da355\x2d4fe6\x2dbbfc\x2df019896ff8ac.device - QEMU_HARDDISK 5.
2025-09-24T03:15:27.968698+04:00 q4os-desktop mtp-probe: checking bus 2, device 2: "/sys/devices/pci0000:00/0000:00:05.0/usb2/2-1"
2025-09-24T03:15:27.968702+04:00 q4os-desktop kernel: [    0.010545] rcu: RCU calculated value of scheduler-enlistment delay is 25 jiffies.
2025-09-24T03:15:27.968704+04:00 q4os-desktop kernel: [    0.010546] rcu: Adjusting geometry for rcu_fanout_leaf=16, nr_cpu_ids=8
2025-09-24T03:15:27.968703+04:00 q4os-desktop systemd[1]: Activating swap dev-disk-by\x2duuid-eb67f70b\x2da355\x2d4fe6\x2dbbfc\x2df019896ff8ac.swap - /dev/disk/by-uuid/eb67f70b-a355-4fe6-bbfc-f019896ff8ac...
2025-09-24T03:15:27.968705+04:00 q4os-desktop kernel: [    0.015892] NR_IRQS: 2304, nr_irqs: 488, preallocated irqs: 16
2025-09-24T03:15:27.968707+04:00 q4os-desktop kernel: [    0.016054] rcu: srcu_init: Setting srcu_struct sizes based on contention.
2025-09-24T03:15:27.968708+04:00 q4os-desktop kernel: [    0.026207] Console: colour VGA+ 80x25
2025-09-24T03:15:27.968709+04:00 q4os-desktop kernel: [    0.026230] printk: console [tty0] enabled
2025-09-24T03:15:27.968707+04:00 q4os-desktop mtp-probe: bus: 2, device: 2 was not an MTP device
2025-09-24T03:15:27.968710+04:00 q4os-desktop kernel: [    0.026242] ACPI: Core revision 20220331
2025-09-24T03:15:27.968711+04:00 q4os-desktop kernel: [    0.026282] APIC: Switch to symmetric I/O mode setup
2025-09-24T03:15:27.968712+04:00 q4os-desktop systemd[1]: Reached target smartcard.target - Smart Card.
2025-09-24T03:15:27.968718+04:00 q4os-desktop kernel: [    0.026285] Enabling APIC mode:  Flat.  Using 1 I/O APICs
2025-09-24T03:15:27.968719+04:00 q4os-desktop kernel: [    0.026290] kvm-guest: setup PV IPIs
2025-09-24T03:15:27.968716+04:00 q4os-desktop systemd[1]: Activated swap dev-disk-by\x2duuid-eb67f70b\x2da355\x2d4fe6\x2dbbfc\x2df019896ff8ac.swap - /dev/disk/by-uuid/eb67f70b-a355-4fe6-bbfc-f019896ff8ac.
2025-09-24T03:15:27.968731+04:00 q4os-desktop systemd[1]: Reached target swap.target - Swaps.
2025-09-24T03:15:27.968744+04:00 q4os-desktop console-setup.sh[344]: /usr/bin/setupcon: 999: cannot open /tmp/tmpkbd.NRbPfV: No such file
2025-09-24T03:15:27.968750+04:00 q4os-desktop systemd[1]: console-setup.service: Main process exited, code=exited, status=1/FAILURE
2025-09-24T03:15:27.968754+04:00 q4os-desktop systemd[1]: console-setup.service: Failed with result 'exit-code'.
2025-09-24T03:15:27.968758+04:00 q4os-desktop systemd[1]: Failed to start console-setup.service - Set console font and keymap.
2025-09-24T03:15:27.968763+04:00 q4os-desktop (udev-worker)[386]: controlC0: Process '/usr/sbin/alsactl -E HOME=/run/alsa -E XDG_RUNTIME_DIR=/run/alsa/runtime restore 0' failed with exit code 99.
2025-09-24T03:15:27.968777+04:00 q4os-desktop systemd[1]: mdadm-shutdown.service - Prepare mdadm shutdown initramfs was skipped because of an unmet condition check (ConditionFileIsExecutable=/usr/bin/dracut).
2025-09-24T03:15:27.968782+04:00 q4os-desktop systemd[1]: Starting modprobe@dm_mod.service - Load Kernel Module dm_mod...
2025-09-24T03:15:27.968786+04:00 q4os-desktop systemd[1]: Starting modprobe@efi_pstore.service - Load Kernel Module efi_pstore...
2025-09-24T03:15:27.968790+04:00 q4os-desktop systemd[1]: Starting modprobe@loop.service - Load Kernel Module loop...
2025-09-24T03:15:27.968794+04:00 q4os-desktop systemd[1]: systemd-firstboot.service - First Boot Wizard was skipped because of an unmet condition check (ConditionFirstBoot=yes).
2025-09-24T03:15:27.968799+04:00 q4os-desktop systemd[1]: first-boot-complete.target - First Boot Complete was skipped because of an unmet condition check (ConditionFirstBoot=yes).
2025-09-24T03:15:27.968803+04:00 q4os-desktop systemd[1]: systemd-machine-id-commit.service - Commit a transient machine-id on disk was skipped because of an unmet condition check (ConditionPathIsMountPoint=/etc/machine-id).
2025-09-24T03:15:27.968816+04:00 q4os-desktop systemd[1]: modprobe@dm_mod.service: Deactivated successfully.
2025-09-24T03:15:27.968821+04:00 q4os-desktop systemd[1]: Finished modprobe@dm_mod.service - Load Kernel Module dm_mod.
2025-09-24T03:15:27.968824+04:00 q4os-desktop kernel: [    0.027148] clocksource: tsc-early: mask: 0xffffffffffffffff max_cycles: 0x23fa772cf26, max_idle_ns: 440795269835 ns
2025-09-24T03:15:27.968826+04:00 q4os-desktop kernel: [    0.027156] Calibrating delay loop (skipped) preset value.. 4992.00 BogoMIPS (lpj=9984000)
2025-09-24T03:15:27.968825+04:00 q4os-desktop systemd[1]: modprobe@efi_pstore.service: Deactivated successfully.
2025-09-24T03:15:27.968828+04:00 q4os-desktop kernel: [    0.027246] x86/cpu: User Mode Instruction Prevention (UMIP) activated
2025-09-24T03:15:27.968829+04:00 q4os-desktop kernel: [    0.027346] Last level iTLB entries: 4KB 0, 2MB 0, 4MB 0
2025-09-24T03:15:27.968830+04:00 q4os-desktop kernel: [    0.027348] Last level dTLB entries: 4KB 0, 2MB 0, 4MB 0, 1GB 0
2025-09-24T03:15:27.968830+04:00 q4os-desktop systemd[1]: Finished modprobe@efi_pstore.service - Load Kernel Module efi_pstore.
2025-09-24T03:15:27.968835+04:00 q4os-desktop systemd[1]: modprobe@loop.service: Deactivated successfully.
2025-09-24T03:15:27.968839+04:00 q4os-desktop systemd[1]: Finished modprobe@loop.service - Load Kernel Module loop.
2025-09-24T03:15:27.968841+04:00 q4os-desktop kernel: [    0.027354] Spectre V1 : Mitigation: usercopy/swapgs barriers and __user pointer sanitization
2025-09-24T03:15:27.968843+04:00 q4os-desktop kernel: [    0.027358] Spectre V2 : Mitigation: Enhanced / Automatic IBRS
2025-09-24T03:15:27.968844+04:00 q4os-desktop kernel: [    0.027359] Spectre V2 : Spectre v2 / SpectreRSB mitigation: Filling RSB on context switch
2025-09-24T03:15:27.968845+04:00 q4os-desktop kernel: [    0.027359] Spectre V2 : Spectre v2 / PBRSB-eIBRS: Retire a single CALL on VMEXIT
2025-09-24T03:15:27.968846+04:00 q4os-desktop kernel: [    0.027360] RETBleed: Mitigation: Enhanced IBRS
2025-09-24T03:15:27.968847+04:00 q4os-desktop kernel: [    0.027361] Spectre V2 : mitigation: Enabling conditional Indirect Branch Prediction Barrier
2025-09-24T03:15:27.968848+04:00 q4os-desktop kernel: [    0.027362] Speculative Store Bypass: Mitigation: Speculative Store Bypass disabled via prctl
2025-09-24T03:15:27.968849+04:00 q4os-desktop kernel: [    0.027366] MMIO Stale Data: Mitigation: Clear CPU buffers
2025-09-24T03:15:27.968843+04:00 q4os-desktop systemd[1]: Mounting proc-sys-fs-binfmt_misc.mount - Arbitrary Executable File Formats File System...
2025-09-24T03:15:27.968856+04:00 q4os-desktop kernel: [    0.027367] SRBDS: Unknown: Dependent on hypervisor status
2025-09-24T03:15:27.968856+04:00 q4os-desktop systemd[1]: Mounting run-rpc_pipefs.mount - RPC Pipe File System...
2025-09-24T03:15:27.968858+04:00 q4os-desktop kernel: [    0.027385] x86/fpu: Supporting XSAVE feature 0x001: 'x87 floating point registers'
2025-09-24T03:15:27.968861+04:00 q4os-desktop kernel: [    0.027386] x86/fpu: Supporting XSAVE feature 0x002: 'SSE registers'
2025-09-24T03:15:27.968862+04:00 q4os-desktop kernel: [    0.027387] x86/fpu: Supporting XSAVE feature 0x004: 'AVX registers'
2025-09-24T03:15:27.968863+04:00 q4os-desktop kernel: [    0.027388] x86/fpu: Supporting XSAVE feature 0x008: 'MPX bounds registers'
2025-09-24T03:15:27.968862+04:00 q4os-desktop systemd[1]: systemd-pstore.service - Platform Persistent Storage Archival was skipped because of an unmet condition check (ConditionDirectoryNotEmpty=/sys/fs/pstore).
2025-09-24T03:15:27.968864+04:00 q4os-desktop kernel: [    0.027389] x86/fpu: Supporting XSAVE feature 0x010: 'MPX CSR'
2025-09-24T03:15:27.968865+04:00 q4os-desktop kernel: [    0.027391] x86/fpu: Supporting XSAVE feature 0x200: 'Protection Keys User registers'
2025-09-24T03:15:27.968866+04:00 q4os-desktop kernel: [    0.027393] x86/fpu: xstate_offset[2]:  576, xstate_sizes[2]:  256
2025-09-24T03:15:27.968866+04:00 q4os-desktop systemd[1]: systemd-repart.service - Repartition Root Disk was skipped because no trigger condition checks were met.
2025-09-24T03:15:27.968870+04:00 q4os-desktop systemd[1]: Mounted proc-sys-fs-binfmt_misc.mount - Arbitrary Executable File Formats File System.
2025-09-24T03:15:27.968874+04:00 q4os-desktop systemd[1]: Finished systemd-binfmt.service - Set Up Additional Binary Formats.
2025-09-24T03:15:27.968877+04:00 q4os-desktop kernel: [    0.027395] x86/fpu: xstate_offset[3]:  832, xstate_sizes[3]:   64
2025-09-24T03:15:27.968879+04:00 q4os-desktop kernel: [    0.027396] x86/fpu: xstate_offset[4]:  896, xstate_sizes[4]:   64
2025-09-24T03:15:27.968878+04:00 q4os-desktop systemd[1]: Mounted run-rpc_pipefs.mount - RPC Pipe File System.
2025-09-24T03:15:27.968880+04:00 q4os-desktop kernel: [    0.027398] x86/fpu: xstate_offset[9]:  960, xstate_sizes[9]:    8
2025-09-24T03:15:27.968881+04:00 q4os-desktop kernel: [    0.027400] x86/fpu: Enabled xstate features 0x21f, context size is 968 bytes, using 'compacted' format.
2025-09-24T03:15:27.968882+04:00 q4os-desktop kernel: [    0.027794] Freeing SMP alternatives memory: 32K
2025-09-24T03:15:27.968883+04:00 q4os-desktop kernel: [    0.027797] pid_max: default: 32768 minimum: 301
2025-09-24T03:15:27.968884+04:00 q4os-desktop kernel: [    0.027828] LSM: Security Framework initializing
2025-09-24T03:15:27.968885+04:00 q4os-desktop kernel: [    0.027841] landlock: Up and running.
2025-09-24T03:15:27.968882+04:00 q4os-desktop systemd[1]: Reached target rpc_pipefs.target.
2025-09-24T03:15:27.968893+04:00 q4os-desktop kernel: [    0.027842] Yama: disabled by default; enable with sysctl kernel.yama.*
2025-09-24T03:15:27.968894+04:00 q4os-desktop kernel: [    0.027863] AppArmor: AppArmor initialized
2025-09-24T03:15:27.968895+04:00 q4os-desktop kernel: [    0.027866] TOMOYO Linux initialized
2025-09-24T03:15:27.968897+04:00 q4os-desktop kernel: [    0.027871] LSM support for eBPF active
2025-09-24T03:15:27.968898+04:00 q4os-desktop kernel: [    0.027888] Mount-cache hash table entries: 1024 (order: 0, 4096 bytes, linear)
2025-09-24T03:15:27.968895+04:00 q4os-desktop systemd[1]: rpc-gssd.service - RPC security service for NFS client and server was skipped because of an unmet condition check (ConditionPathExists=/etc/krb5.keytab).
2025-09-24T03:15:27.968899+04:00 q4os-desktop kernel: [    0.027891] Mountpoint-cache hash table entries: 1024 (order: 0, 4096 bytes, linear)
2025-09-24T03:15:27.968900+04:00 q4os-desktop kernel: [    0.028158] smpboot: CPU0: Intel(R) Core(TM) i5-10300H CPU @ 2.50GHz (family: 0x6, model: 0xa5, stepping: 0x2)
2025-09-24T03:15:27.968902+04:00 q4os-desktop kernel: [    0.028266] cblist_init_generic: Setting adjustable number of callback queues.
2025-09-24T03:15:27.968901+04:00 q4os-desktop systemd[1]: Reached target nfs-client.target - NFS client services.
2025-09-24T03:15:27.968905+04:00 q4os-desktop systemd[1]: Reached target remote-fs-pre.target - Preparation for Remote File Systems.
2025-09-24T03:15:27.968909+04:00 q4os-desktop systemd[1]: Reached target remote-fs.target - Remote File Systems.
2025-09-24T03:15:27.968912+04:00 q4os-desktop kernel: [    0.028268] cblist_init_generic: Setting shift to 3 and lim to 1.
2025-09-24T03:15:27.968913+04:00 q4os-desktop systemd[1]: Started systemd-timesyncd.service - Network Time Synchronization.
2025-09-24T03:15:27.968914+04:00 q4os-desktop kernel: [    0.028279] cblist_init_generic: Setting adjustable number of callback queues.
2025-09-24T03:15:27.968915+04:00 q4os-desktop kernel: [    0.028280] cblist_init_generic: Setting shift to 3 and lim to 1.
2025-09-24T03:15:27.968916+04:00 q4os-desktop kernel: [    0.028287] cblist_init_generic: Setting adjustable number of callback queues.
2025-09-24T03:15:27.968918+04:00 q4os-desktop kernel: [    0.028288] cblist_init_generic: Setting shift to 3 and lim to 1.
2025-09-24T03:15:27.968916+04:00 q4os-desktop systemd[1]: Reached target sysinit.target - System Initialization.
2025-09-24T03:15:27.968919+04:00 q4os-desktop kernel: [    0.028295] Performance Events: Skylake events, full-width counters, Intel PMU driver.
2025-09-24T03:15:27.968920+04:00 q4os-desktop kernel: [    0.028321] ... version:                2
2025-09-24T03:15:27.968921+04:00 q4os-desktop kernel: [    0.028322] ... bit width:              48
2025-09-24T03:15:27.968920+04:00 q4os-desktop systemd[1]: Started acpid.path - ACPI Events Check.
2025-09-24T03:15:27.968930+04:00 q4os-desktop kernel: [    0.028323] ... generic registers:      4
2025-09-24T03:15:27.968932+04:00 q4os-desktop kernel: [    0.028323] ... value mask:             0000ffffffffffff
2025-09-24T03:15:27.968933+04:00 q4os-desktop kernel: [    0.028324] ... max period:             00007fffffffffff
2025-09-24T03:15:27.968934+04:00 q4os-desktop kernel: [    0.028325] ... fixed-purpose events:   3
2025-09-24T03:15:27.968935+04:00 q4os-desktop kernel: [    0.028325] ... event mask:             000000070000000f
2025-09-24T03:15:27.968925+04:00 q4os-desktop systemd[1]: Started cups.path - CUPS Scheduler.
2025-09-24T03:15:27.968936+04:00 q4os-desktop kernel: [    0.028422] signal: max sigframe size: 3632
2025-09-24T03:15:27.968937+04:00 q4os-desktop kernel: [    0.028440] rcu: Hierarchical SRCU implementation.
2025-09-24T03:15:27.968938+04:00 q4os-desktop kernel: [    0.028440] rcu: 	Max phase no-delay instances is 1000.
2025-09-24T03:15:27.968939+04:00 q4os-desktop systemd[1]: Started systemd-tmpfiles-clean.timer - Daily Cleanup of Temporary Directories.
2025-09-24T03:15:27.968944+04:00 q4os-desktop systemd[1]: Reached target paths.target - Path Units.
2025-09-24T03:15:27.968948+04:00 q4os-desktop systemd[1]: Reached target time-set.target - System Time Set.
2025-09-24T03:15:27.968949+04:00 q4os-desktop kernel: [    0.028633] smp: Bringing up secondary CPUs ...
2025-09-24T03:15:27.968951+04:00 q4os-desktop kernel: [    0.028698] x86: Booting SMP configuration:
2025-09-24T03:15:27.968952+04:00 q4os-desktop kernel: [    0.028699] .... node  #0, CPUs:      #1
2025-09-24T03:15:27.968951+04:00 q4os-desktop systemd[1]: Started anacron.timer - Trigger anacron every hour.
2025-09-24T03:15:27.968953+04:00 q4os-desktop kernel: [    0.029111] MMIO Stale Data CPU bug present and SMT on, data leak possible. See https://www.kernel.org/doc/html/latest/admin-guide/hw-vuln/processor_mmio_stale_data.html for more details.
2025-09-24T03:15:27.968954+04:00 q4os-desktop kernel: [    0.029198]  #2 #3 #4 #5 #6 #7
2025-09-24T03:15:27.968956+04:00 q4os-desktop kernel: [    0.031153] smp: Brought up 1 node, 8 CPUs
2025-09-24T03:15:27.968957+04:00 q4os-desktop kernel: [    0.031153] smpboot: Max logical packages: 1
2025-09-24T03:15:27.968955+04:00 q4os-desktop systemd[1]: Started apt-daily.timer - Daily apt download activities.
2025-09-24T03:15:27.968960+04:00 q4os-desktop systemd[1]: Started apt-daily-upgrade.timer - Daily apt upgrade and clean activities.
2025-09-24T03:15:27.968967+04:00 q4os-desktop kernel: [    0.031153] smpboot: Total of 8 processors activated (39936.00 BogoMIPS)
2025-09-24T03:15:27.968969+04:00 q4os-desktop kernel: [    0.031370] devtmpfs: initialized
2025-09-24T03:15:27.968970+04:00 q4os-desktop kernel: [    0.031712] clocksource: jiffies: mask: 0xffffffff max_cycles: 0xffffffff, max_idle_ns: 7645041785100000 ns
2025-09-24T03:15:27.968971+04:00 q4os-desktop kernel: [    0.031723] futex hash table entries: 2048 (order: 5, 131072 bytes, linear)
2025-09-24T03:15:27.968972+04:00 q4os-desktop kernel: [    0.031759] pinctrl core: initialized pinctrl subsystem
2025-09-24T03:15:27.968973+04:00 q4os-desktop kernel: [    0.032012] NET: Registered PF_NETLINK/PF_ROUTE protocol family
2025-09-24T03:15:27.968964+04:00 q4os-desktop systemd[1]: Started dpkg-db-backup.timer - Daily dpkg database backup timer.
2025-09-24T03:15:27.968974+04:00 q4os-desktop kernel: [    0.032123] audit: initializing netlink subsys (disabled)
2025-09-24T03:15:27.968976+04:00 q4os-desktop kernel: [    0.032215] audit: type=2000 audit(1758654922.919:1): state=initialized audit_enabled=0 res=1
2025-09-24T03:15:27.968977+04:00 q4os-desktop systemd[1]: Started e2scrub_all.timer - Periodic ext4 Online Metadata Check for All Filesystems.
2025-09-24T03:15:27.968980+04:00 q4os-desktop systemd[1]: Started fstrim.timer - Discard unused blocks once a week.
2025-09-24T03:15:27.968982+04:00 q4os-desktop systemd[1]: Started logrotate.timer - Daily rotation of log files.
2025-09-24T03:15:27.968984+04:00 q4os-desktop systemd[1]: Started man-db.timer - Daily man-db regeneration.
2025-09-24T03:15:27.968985+04:00 q4os-desktop kernel: [    0.032328] thermal_sys: Registered thermal governor 'fair_share'
2025-09-24T03:15:27.968987+04:00 q4os-desktop kernel: [    0.032329] thermal_sys: Registered thermal governor 'bang_bang'
2025-09-24T03:15:27.968987+04:00 q4os-desktop systemd[1]: Reached target timers.target - Timer Units.
2025-09-24T03:15:27.968988+04:00 q4os-desktop kernel: [    0.032330] thermal_sys: Registered thermal governor 'step_wise'
2025-09-24T03:15:27.968990+04:00 q4os-desktop kernel: [    0.032331] thermal_sys: Registered thermal governor 'user_space'
2025-09-24T03:15:27.968990+04:00 q4os-desktop systemd[1]: Listening on acpi-fakekey.socket - ACPI fakekey daemon FIFO.
2025-09-24T03:15:27.968991+04:00 q4os-desktop kernel: [    0.032332] thermal_sys: Registered thermal governor 'power_allocator'
2025-09-24T03:15:27.968992+04:00 q4os-desktop kernel: [    0.032346] cpuidle: using governor ladder
2025-09-24T03:15:27.968993+04:00 q4os-desktop systemd[1]: Listening on acpid.socket - ACPID Listen Socket.
2025-09-24T03:15:27.968995+04:00 q4os-desktop kernel: [    0.032522] acpiphp: ACPI Hot Plug PCI Controller Driver version: 0.5
2025-09-24T03:15:27.968997+04:00 q4os-desktop kernel: [    0.032622] PCI: Using configuration type 1 for base access
2025-09-24T03:15:27.968996+04:00 q4os-desktop systemd[1]: Listening on avahi-daemon.socket - Avahi mDNS/DNS-SD Stack Activation Socket.
2025-09-24T03:15:27.969005+04:00 q4os-desktop systemd[1]: Listening on cups.socket - CUPS Scheduler.
2025-09-24T03:15:27.969007+04:00 q4os-desktop kernel: [    0.033522] kprobes: kprobe jump-optimization is enabled. All kprobes are optimized if possible.
2025-09-24T03:15:27.969007+04:00 q4os-desktop systemd[1]: Listening on dbus.socket - D-Bus System Message Bus Socket.
2025-09-24T03:15:27.969008+04:00 q4os-desktop kernel: [    0.033603] HugeTLB: registered 2.00 MiB page size, pre-allocated 0 pages
2025-09-24T03:15:27.969010+04:00 q4os-desktop kernel: [    0.033603] HugeTLB: 0 KiB vmemmap can be freed for a 2.00 MiB page
2025-09-24T03:15:27.969010+04:00 q4os-desktop systemd[1]: Reached target sockets.target - Socket Units.
2025-09-24T03:15:27.969011+04:00 q4os-desktop kernel: [    0.033603] ACPI: Added _OSI(Module Device)
2025-09-24T03:15:27.969012+04:00 q4os-desktop kernel: [    0.033603] ACPI: Added _OSI(Processor Device)
2025-09-24T03:15:27.969013+04:00 q4os-desktop systemd[1]: systemd-pcrphase-sysinit.service - TPM2 PCR Barrier (Initialization) was skipped because of an unmet condition check (ConditionPathExists=/sys/firmware/efi/efivars/StubPcrKernelImage-4a67b082-0a4c-41cf-b6c7-440b29bb8c4f).
2025-09-24T03:15:27.969014+04:00 q4os-desktop kernel: [    0.033603] ACPI: Added _OSI(3.0 _SCP Extensions)
2025-09-24T03:15:27.969016+04:00 q4os-desktop kernel: [    0.033603] ACPI: Added _OSI(Processor Aggregator Device)
2025-09-24T03:15:27.969016+04:00 q4os-desktop systemd[1]: Reached target basic.target - Basic System.
2025-09-24T03:15:27.969017+04:00 q4os-desktop kernel: [    0.033603] ACPI: 1 ACPI AML tables successfully acquired and loaded
2025-09-24T03:15:27.969019+04:00 q4os-desktop systemd[1]: Started acpi-fakekey.service - ACPI fakekey daemon.
2025-09-24T03:15:27.969027+04:00 q4os-desktop kernel: [    0.050995] ACPI: Interpreter enabled
2025-09-24T03:15:27.969029+04:00 q4os-desktop kernel: [    0.050995] ACPI: PM: (supports S0 S5)
2025-09-24T03:15:27.969021+04:00 q4os-desktop systemd[1]: acpi-support.service - ACPI support daemon was skipped because of an unmet condition check (ConditionACPower=false).
2025-09-24T03:15:27.969030+04:00 q4os-desktop kernel: [    0.050995] ACPI: Using IOAPIC for interrupt routing
2025-09-24T03:15:27.969031+04:00 q4os-desktop kernel: [    0.050995] PCI: Using host bridge windows from ACPI; if necessary, use "pci=nocrs" and report a bug
2025-09-24T03:15:27.969032+04:00 q4os-desktop kernel: [    0.050995] PCI: Using E820 reservations for host bridge windows
2025-09-24T03:15:27.969032+04:00 q4os-desktop systemd[1]: Started acpid.service - ACPI event daemon.
2025-09-24T03:15:27.969033+04:00 q4os-desktop kernel: [    0.050995] ACPI: Enabled 2 GPEs in block 00 to 0F
2025-09-24T03:15:27.969034+04:00 q4os-desktop kernel: [    0.051779] ACPI: PCI Root Bridge [PCI0] (domain 0000 [bus 00-ff])
2025-09-24T03:15:27.969035+04:00 q4os-desktop kernel: [    0.051784] acpi PNP0A03:00: _OSC: OS supports [ASPM ClockPM Segments MSI HPX-Type3]
2025-09-24T03:15:27.969035+04:00 q4os-desktop systemd[1]: alsa-state.service - Manage Sound Card State (restore and store) was skipped because of an unmet condition check (ConditionPathExists=/etc/alsa/state-daemon.conf).
2025-09-24T03:15:27.969038+04:00 q4os-desktop systemd[1]: Starting alsa-restore.service - Save/Restore Sound Card State...
2025-09-24T03:15:27.969041+04:00 q4os-desktop alsactl[555]: /usr/sbin/alsactl: load_state:1689: Cannot open /var/lib/alsa/asound.state for reading: No such file or directory
2025-09-24T03:15:27.969043+04:00 q4os-desktop systemd[1]: Started anacron.service - Run anacron jobs.
2025-09-24T03:15:27.969044+04:00 q4os-desktop kernel: [    0.051787] acpi PNP0A03:00: _OSC: not requesting OS control; OS requires [ExtendedConfig ASPM ClockPM MSI]
2025-09-24T03:15:27.969047+04:00 q4os-desktop kernel: [    0.051791] acpi PNP0A03:00: fail to add MMCONFIG information, can't access extended PCI configuration space under this bridge.
2025-09-24T03:15:27.969047+04:00 q4os-desktop alsactl[555]: Found hardware: "HDA-Intel" "QEMU Generic" "HDA:1af40022,1af40022,00100101" "0x1af4" "0x1100"
2025-09-24T03:15:27.969048+04:00 q4os-desktop kernel: [    0.052036] acpiphp: Slot [3] registered
2025-09-24T03:15:27.969050+04:00 q4os-desktop kernel: [    0.052047] acpiphp: Slot [4] registered
2025-09-24T03:15:27.969051+04:00 q4os-desktop kernel: [    0.052085] acpiphp: Slot [6] registered
2025-09-24T03:15:27.969052+04:00 q4os-desktop kernel: [    0.052096] acpiphp: Slot [7] registered
2025-09-24T03:15:27.969053+04:00 q4os-desktop kernel: [    0.052107] acpiphp: Slot [8] registered
2025-09-24T03:15:27.969050+04:00 q4os-desktop alsactl[555]: Hardware is initialized using a generic method
2025-09-24T03:15:27.969059+04:00 q4os-desktop anacron[556]: Anacron 2.3 started on 2025-09-24
2025-09-24T03:15:27.969061+04:00 q4os-desktop kernel: [    0.052117] acpiphp: Slot [9] registered
2025-09-24T03:15:27.969062+04:00 q4os-desktop kernel: [    0.052128] acpiphp: Slot [10] registered
2025-09-24T03:15:27.969062+04:00 q4os-desktop anacron[556]: Will run job `cron.daily' in 5 min.
2025-09-24T03:15:27.969064+04:00 q4os-desktop kernel: [    0.052138] acpiphp: Slot [11] registered
2025-09-24T03:15:27.969065+04:00 q4os-desktop kernel: [    0.052149] acpiphp: Slot [12] registered
2025-09-24T03:15:27.969065+04:00 q4os-desktop anacron[556]: Jobs will be executed sequentially
2025-09-24T03:15:27.969066+04:00 q4os-desktop kernel: [    0.052172] acpiphp: Slot [13] registered
2025-09-24T03:15:27.969068+04:00 q4os-desktop kernel: [    0.052185] acpiphp: Slot [14] registered
2025-09-24T03:15:27.969068+04:00 q4os-desktop systemd[1]: Starting avahi-daemon.service - Avahi mDNS/DNS-SD Stack...
2025-09-24T03:15:27.969069+04:00 q4os-desktop kernel: [    0.052195] acpiphp: Slot [15] registered
2025-09-24T03:15:27.969071+04:00 q4os-desktop kernel: [    0.052206] acpiphp: Slot [16] registered
2025-09-24T03:15:27.969071+04:00 q4os-desktop systemd[1]: Starting dbus.service - D-Bus System Message Bus...
2025-09-24T03:15:27.969074+04:00 q4os-desktop systemd[1]: Starting e2scrub_reap.service - Remove Stale Online ext4 Metadata Check Snapshots...
2025-09-24T03:15:27.969078+04:00 q4os-desktop kernel: [    0.052217] acpiphp: Slot [17] registered
2025-09-24T03:15:27.969080+04:00 q4os-desktop kernel: [    0.052227] acpiphp: Slot [18] registered
2025-09-24T03:15:27.969081+04:00 q4os-desktop kernel: [    0.052237] acpiphp: Slot [19] registered
2025-09-24T03:15:27.969082+04:00 q4os-desktop kernel: [    0.052249] acpiphp: Slot [20] registered
2025-09-24T03:15:27.969082+04:00 q4os-desktop kernel: [    0.052260] acpiphp: Slot [21] registered
2025-09-24T03:15:27.969077+04:00 q4os-desktop systemd[1]: getty-static.service - getty on tty2-tty6 if dbus and logind are not available was skipped because of an unmet condition check (ConditionPathExists=!/usr/bin/dbus-daemon).
2025-09-24T03:15:27.969083+04:00 q4os-desktop kernel: [    0.052270] acpiphp: Slot [22] registered
2025-09-24T03:15:27.969085+04:00 q4os-desktop kernel: [    0.052280] acpiphp: Slot [23] registered
2025-09-24T03:15:27.969086+04:00 q4os-desktop kernel: [    0.052290] acpiphp: Slot [24] registered
2025-09-24T03:15:27.969085+04:00 q4os-desktop systemd[1]: Started irqbalance.service - irqbalance daemon.
2025-09-24T03:15:27.969088+04:00 q4os-desktop systemd[1]: Starting lm-sensors.service - Initialize hardware monitoring sensors...
2025-09-24T03:15:27.969091+04:00 q4os-desktop avahi-daemon[557]: Found user 'avahi' (UID 107) and group 'avahi' (GID 118).
2025-09-24T03:15:27.969093+04:00 q4os-desktop kernel: [    0.052301] acpiphp: Slot [25] registered
2025-09-24T03:15:27.969094+04:00 q4os-desktop systemd[1]: on_boot.service - Q4OS on boot service was skipped because of an unmet condition check (ConditionPathExists=/var/lib/q4os/service_onboot_enable.stp).
2025-09-24T03:15:27.969095+04:00 q4os-desktop kernel: [    0.052312] acpiphp: Slot [26] registered
2025-09-24T03:15:27.969096+04:00 q4os-desktop kernel: [    0.052329] acpiphp: Slot [27] registered
2025-09-24T03:15:27.969096+04:00 q4os-desktop systemd[1]: Starting polkit.service - Authorization Manager...
2025-09-24T03:15:27.969098+04:00 q4os-desktop kernel: [    0.052347] acpiphp: Slot [28] registered
2025-09-24T03:15:27.969099+04:00 q4os-desktop systemd[1]: Starting rsyslog.service - System Logging Service...
2025-09-24T03:15:27.969102+04:00 q4os-desktop systemd[1]: Starting systemd-logind.service - User Login Management...
2025-09-24T03:15:27.969104+04:00 q4os-desktop systemd[1]: systemd-pcrphase.service - TPM2 PCR Barrier (User) was skipped because of an unmet condition check (ConditionPathExists=/sys/firmware/efi/efivars/StubPcrKernelImage-4a67b082-0a4c-41cf-b6c7-440b29bb8c4f).
2025-09-24T03:15:27.969113+04:00 q4os-desktop systemd[1]: Starting udisks2.service - Disk Manager...
2025-09-24T03:15:27.969116+04:00 q4os-desktop systemd[1]: Finished alsa-restore.service - Save/Restore Sound Card State.
2025-09-24T03:15:27.969118+04:00 q4os-desktop systemd[1]: Reached target sound.target - Sound Card.
2025-09-24T03:15:27.969121+04:00 q4os-desktop avahi-daemon[557]: Successfully dropped root privileges.
2025-09-24T03:15:27.969123+04:00 q4os-desktop avahi-daemon[557]: avahi-daemon 0.8 starting up.
2025-09-24T03:15:27.969126+04:00 q4os-desktop systemd[1]: Starting logrotate.service - Rotate log files...
2025-09-24T03:15:27.969128+04:00 q4os-desktop sensors[561]: No sensors found!
2025-09-24T03:15:27.969136+04:00 q4os-desktop sensors[561]: Make sure you loaded all the kernel drivers you need.
2025-09-24T03:15:27.969139+04:00 q4os-desktop sensors[561]: Try sensors-detect to find out which these are.
2025-09-24T03:15:27.969143+04:00 q4os-desktop sensors[569]: No sensors found!
2025-09-24T03:15:27.969145+04:00 q4os-desktop sensors[569]: Make sure you loaded all the kernel drivers you need.
2025-09-24T03:15:27.969148+04:00 q4os-desktop sensors[569]: Try sensors-detect to find out which these are.
2025-09-24T03:15:27.969150+04:00 q4os-desktop systemd[1]: Finished lm-sensors.service - Initialize hardware monitoring sensors.
2025-09-24T03:15:27.969153+04:00 q4os-desktop systemd[1]: e2scrub_reap.service: Deactivated successfully.
2025-09-24T03:15:27.969156+04:00 q4os-desktop systemd[1]: Finished e2scrub_reap.service - Remove Stale Online ext4 Metadata Check Snapshots.
2025-09-24T03:15:27.969169+04:00 q4os-desktop polkitd[562]: Started polkitd version 122
2025-09-24T03:15:27.968652+04:00 q4os-desktop rsyslogd: imuxsock: Acquired UNIX socket '/run/systemd/journal/syslog' (fd 3) from systemd.  [v8.2302.0]
2025-09-24T03:15:27.969189+04:00 q4os-desktop kernel: [    0.052359] acpiphp: Slot [29] registered
2025-09-24T03:15:27.969191+04:00 q4os-desktop kernel: [    0.052369] acpiphp: Slot [30] registered
2025-09-24T03:15:27.969192+04:00 q4os-desktop kernel: [    0.052379] acpiphp: Slot [31] registered
2025-09-24T03:15:27.969193+04:00 q4os-desktop kernel: [    0.052387] PCI host bridge to bus 0000:00
2025-09-24T03:15:27.968769+04:00 q4os-desktop rsyslogd: [origin software="rsyslogd" swVersion="8.2302.0" x-pid="563" x-info="https://www.rsyslog.com"] start
2025-09-24T03:15:27.969203+04:00 q4os-desktop kernel: [    0.052388] pci_bus 0000:00: root bus resource [io  0x0000-0x0cf7 window]
2025-09-24T03:15:27.969205+04:00 q4os-desktop kernel: [    0.052390] pci_bus 0000:00: root bus resource [io  0x0d00-0xffff window]
2025-09-24T03:15:27.968847+04:00 q4os-desktop systemd[1]: Started rsyslog.service - System Logging Service.
2025-09-24T03:15:27.969206+04:00 q4os-desktop kernel: [    0.052392] pci_bus 0000:00: root bus resource [mem 0x000a0000-0x000bffff window]
2025-09-24T03:15:27.969207+04:00 q4os-desktop kernel: [    0.052393] pci_bus 0000:00: root bus resource [mem 0x14000000-0xfebfffff window]
2025-09-24T03:15:27.969208+04:00 q4os-desktop kernel: [    0.052394] pci_bus 0000:00: root bus resource [mem 0x100000000-0x17fffffff window]
2025-09-24T03:15:27.969209+04:00 q4os-desktop kernel: [    0.052396] pci_bus 0000:00: root bus resource [bus 00-ff]
2025-09-24T03:15:27.969210+04:00 q4os-desktop kernel: [    0.052430] pci 0000:00:00.0: [8086:1237] type 00 class 0x060000
2025-09-24T03:15:27.969211+04:00 q4os-desktop kernel: [    0.052697] pci 0000:00:01.0: [8086:7000] type 00 class 0x060100
2025-09-24T03:15:27.969218+04:00 q4os-desktop kernel: [    0.053060] pci 0000:00:01.1: [8086:7010] type 00 class 0x010180
2025-09-24T03:15:27.969220+04:00 q4os-desktop kernel: [    0.054876] pci 0000:00:01.1: reg 0x20: [io  0xc200-0xc20f]
2025-09-24T03:15:27.969221+04:00 q4os-desktop kernel: [    0.055542] pci 0000:00:01.1: legacy IDE quirk: reg 0x10: [io  0x01f0-0x01f7]
2025-09-24T03:15:27.969222+04:00 q4os-desktop kernel: [    0.055545] pci 0000:00:01.1: legacy IDE quirk: reg 0x14: [io  0x03f6]
2025-09-24T03:15:27.969223+04:00 q4os-desktop kernel: [    0.055546] pci 0000:00:01.1: legacy IDE quirk: reg 0x18: [io  0x0170-0x0177]
2025-09-24T03:15:27.969224+04:00 q4os-desktop kernel: [    0.055547] pci 0000:00:01.1: legacy IDE quirk: reg 0x1c: [io  0x0376]
2025-09-24T03:15:27.969225+04:00 q4os-desktop kernel: [    0.055671] pci 0000:00:01.3: [8086:7113] type 00 class 0x068000
2025-09-24T03:15:27.969226+04:00 q4os-desktop kernel: [    0.055941] pci 0000:00:01.3: quirk: [io  0x0600-0x063f] claimed by PIIX4 ACPI
2025-09-24T03:15:27.969232+04:00 q4os-desktop kernel: [    0.055949] pci 0000:00:01.3: quirk: [io  0x0700-0x070f] claimed by PIIX4 SMB
2025-09-24T03:15:27.969234+04:00 q4os-desktop kernel: [    0.056083] pci 0000:00:02.0: [1b36:0100] type 00 class 0x030000
2025-09-24T03:15:27.969235+04:00 q4os-desktop kernel: [    0.060707] pci 0000:00:02.0: reg 0x10: [mem 0xf4000000-0xf7ffffff]
2025-09-24T03:15:27.969236+04:00 q4os-desktop kernel: [    0.064570] pci 0000:00:02.0: reg 0x14: [mem 0xf8000000-0xfbffffff]
2025-09-24T03:15:27.969237+04:00 q4os-desktop kernel: [    0.068218] pci 0000:00:02.0: reg 0x18: [mem 0xfc054000-0xfc055fff]
2025-09-24T03:15:27.969238+04:00 q4os-desktop kernel: [    0.071191] pci 0000:00:02.0: reg 0x1c: [io  0xc180-0xc19f]
2025-09-24T03:15:27.969239+04:00 q4os-desktop kernel: [    0.079906] pci 0000:00:02.0: reg 0x30: [mem 0xfc040000-0xfc04ffff pref]
2025-09-24T03:15:27.969240+04:00 q4os-desktop kernel: [    0.080071] pci 0000:00:02.0: Video device with shadowed ROM at [mem 0x000c0000-0x000dffff]
2025-09-24T03:15:27.969255+04:00 q4os-desktop kernel: [    0.080485] pci 0000:00:03.0: [10ec:8139] type 00 class 0x020000
2025-09-24T03:15:27.969256+04:00 q4os-desktop kernel: [    0.080908] pci 0000:00:03.0: reg 0x10: [io  0xc000-0xc0ff]
2025-09-24T03:15:27.969257+04:00 q4os-desktop kernel: [    0.081292] pci 0000:00:03.0: reg 0x14: [mem 0xfc056000-0xfc0560ff]
2025-09-24T03:15:27.969258+04:00 q4os-desktop kernel: [    0.084100] pci 0000:00:03.0: reg 0x30: [mem 0xfc000000-0xfc03ffff pref]
2025-09-24T03:15:27.969259+04:00 q4os-desktop kernel: [    0.085303] pci 0000:00:04.0: [8086:2668] type 00 class 0x040300
2025-09-24T03:15:27.969260+04:00 q4os-desktop kernel: [    0.085545] pci 0000:00:04.0: reg 0x10: [mem 0xfc050000-0xfc053fff]
2025-09-24T03:15:27.969261+04:00 q4os-desktop kernel: [    0.087325] pci 0000:00:05.0: [8086:2934] type 00 class 0x0c0300
2025-09-24T03:15:27.969263+04:00 q4os-desktop kernel: [    0.088303] pci 0000:00:05.0: reg 0x20: [io  0xc1a0-0xc1bf]
2025-09-24T03:15:27.969272+04:00 q4os-desktop kernel: [    0.088806] pci 0000:00:05.1: [8086:2935] type 00 class 0x0c0300
2025-09-24T03:15:27.969273+04:00 q4os-desktop kernel: [    0.090035] pci 0000:00:05.1: reg 0x20: [io  0xc1c0-0xc1df]
2025-09-24T03:15:27.969275+04:00 q4os-desktop kernel: [    0.090640] pci 0000:00:05.2: [8086:2936] type 00 class 0x0c0300
2025-09-24T03:15:27.969276+04:00 q4os-desktop kernel: [    0.092199] pci 0000:00:05.2: reg 0x20: [io  0xc1e0-0xc1ff]
2025-09-24T03:15:27.969277+04:00 q4os-desktop kernel: [    0.093119] pci 0000:00:05.7: [8086:293a] type 00 class 0x0c0320
2025-09-24T03:15:27.969278+04:00 q4os-desktop kernel: [    0.093671] pci 0000:00:05.7: reg 0x10: [mem 0xfc057000-0xfc057fff]
2025-09-24T03:15:27.969279+04:00 q4os-desktop kernel: [    0.100381] pci 0000:00:06.0: [1af4:1003] type 00 class 0x078000
2025-09-24T03:15:27.969280+04:00 q4os-desktop kernel: [    0.101195] pci 0000:00:06.0: reg 0x10: [io  0xc100-0xc13f]
2025-09-24T03:15:27.969288+04:00 q4os-desktop kernel: [    0.101921] pci 0000:00:06.0: reg 0x14: [mem 0xfc058000-0xfc058fff]
2025-09-24T03:15:27.969289+04:00 q4os-desktop kernel: [    0.103841] pci 0000:00:06.0: reg 0x20: [mem 0xfebf8000-0xfebfbfff 64bit pref]
2025-09-24T03:15:27.969291+04:00 q4os-desktop kernel: [    0.105211] pci 0000:00:07.0: [1af4:1002] type 00 class 0x00ff00
2025-09-24T03:15:27.969292+04:00 q4os-desktop kernel: [    0.105682] pci 0000:00:07.0: reg 0x10: [io  0xc140-0xc17f]
2025-09-24T03:15:27.969293+04:00 q4os-desktop kernel: [    0.107117] pci 0000:00:07.0: reg 0x20: [mem 0xfebfc000-0xfebfffff 64bit pref]
2025-09-24T03:15:27.969294+04:00 q4os-desktop kernel: [    0.108623] pci_bus 0000:00: on NUMA node 0
2025-09-24T03:15:27.969295+04:00 q4os-desktop kernel: [    0.109839] ACPI: PCI: Interrupt link LNKA configured for IRQ 10
2025-09-24T03:15:27.969296+04:00 q4os-desktop kernel: [    0.109922] ACPI: PCI: Interrupt link LNKB configured for IRQ 10
2025-09-24T03:15:27.969304+04:00 q4os-desktop kernel: [    0.109979] ACPI: PCI: Interrupt link LNKC configured for IRQ 11
2025-09-24T03:15:27.969306+04:00 q4os-desktop kernel: [    0.110035] ACPI: PCI: Interrupt link LNKD configured for IRQ 11
2025-09-24T03:15:27.969307+04:00 q4os-desktop kernel: [    0.110068] ACPI: PCI: Interrupt link LNKS configured for IRQ 9
2025-09-24T03:15:27.969308+04:00 q4os-desktop kernel: [    0.111224] iommu: Default domain type: Translated 
2025-09-24T03:15:27.969309+04:00 q4os-desktop kernel: [    0.111224] iommu: DMA domain TLB invalidation policy: lazy mode 
2025-09-24T03:15:27.969310+04:00 q4os-desktop kernel: [    0.111397] pps_core: LinuxPPS API ver. 1 registered
2025-09-24T03:15:27.969311+04:00 q4os-desktop kernel: [    0.111401] pps_core: Software ver. 5.3.6 - Copyright 2005-2007 Rodolfo Giometti <giometti@linux.it>
2025-09-24T03:15:27.969312+04:00 q4os-desktop kernel: [    0.111404] PTP clock support registered
2025-09-24T03:15:27.969323+04:00 q4os-desktop kernel: [    0.111437] EDAC MC: Ver: 3.0.0
2025-09-24T03:15:27.969325+04:00 q4os-desktop kernel: [    0.112354] NetLabel: Initializing
2025-09-24T03:15:27.969326+04:00 q4os-desktop kernel: [    0.112357] NetLabel:  domain hash size = 128
2025-09-24T03:15:27.969327+04:00 q4os-desktop kernel: [    0.112357] NetLabel:  protocols = UNLABELED CIPSOv4 CALIPSO
2025-09-24T03:15:27.969328+04:00 q4os-desktop kernel: [    0.112377] NetLabel:  unlabeled traffic allowed by default
2025-09-24T03:15:27.969329+04:00 q4os-desktop kernel: [    0.112381] PCI: Using ACPI for IRQ routing
2025-09-24T03:15:27.969330+04:00 q4os-desktop kernel: [    0.112383] PCI: pci_cache_line_size set to 64 bytes
2025-09-24T03:15:27.969331+04:00 q4os-desktop kernel: [    0.112666] e820: reserve RAM buffer [mem 0x0009fc00-0x0009ffff]
2025-09-24T03:15:27.969343+04:00 q4os-desktop kernel: [    0.112673] e820: reserve RAM buffer [mem 0x13fe0000-0x13ffffff]
2025-09-24T03:15:27.969345+04:00 q4os-desktop kernel: [    0.112890] pci 0000:00:02.0: vgaarb: setting as boot VGA device
2025-09-24T03:15:27.969346+04:00 q4os-desktop kernel: [    0.112892] pci 0000:00:02.0: vgaarb: bridge control possible
2025-09-24T03:15:27.969347+04:00 q4os-desktop kernel: [    0.112893] pci 0000:00:02.0: vgaarb: VGA device added: decodes=io+mem,owns=io+mem,locks=none
2025-09-24T03:15:27.969348+04:00 q4os-desktop kernel: [    0.112896] vgaarb: loaded
2025-09-24T03:15:27.969349+04:00 q4os-desktop kernel: [    0.118814] clocksource: Switched to clocksource kvm-clock
2025-09-24T03:15:27.969350+04:00 q4os-desktop kernel: [    0.125874] VFS: Disk quotas dquot_6.6.0
2025-09-24T03:15:27.969352+04:00 q4os-desktop kernel: [    0.125895] VFS: Dquot-cache hash table entries: 1024 (order 0, 4096 bytes)
2025-09-24T03:15:27.969362+04:00 q4os-desktop kernel: [    0.126036] AppArmor: AppArmor Filesystem Enabled
2025-09-24T03:15:27.969364+04:00 q4os-desktop kernel: [    0.126058] pnp: PnP ACPI init
2025-09-24T03:15:27.969365+04:00 q4os-desktop kernel: [    0.126177] pnp 00:03: [dma 2]
2025-09-24T03:15:27.969366+04:00 q4os-desktop kernel: [    0.126315] pnp: PnP ACPI: found 5 devices
2025-09-24T03:15:27.969367+04:00 q4os-desktop kernel: [    0.126320] PnPBIOS: Disabled
2025-09-24T03:15:27.969368+04:00 q4os-desktop kernel: [    0.162672] clocksource: acpi_pm: mask: 0xffffff max_cycles: 0xffffff, max_idle_ns: 2085701024 ns
2025-09-24T03:15:27.969369+04:00 q4os-desktop kernel: [    0.162863] NET: Registered PF_INET protocol family
2025-09-24T03:15:27.969370+04:00 q4os-desktop kernel: [    0.163040] IP idents hash table entries: 8192 (order: 4, 65536 bytes, linear)
2025-09-24T03:15:27.969383+04:00 q4os-desktop kernel: [    0.163367] tcp_listen_portaddr_hash hash table entries: 512 (order: 0, 4096 bytes, linear)
2025-09-24T03:15:27.969385+04:00 q4os-desktop kernel: [    0.163472] Table-perturb hash table entries: 65536 (order: 6, 262144 bytes, linear)
2025-09-24T03:15:27.969386+04:00 q4os-desktop kernel: [    0.163496] TCP established hash table entries: 4096 (order: 2, 16384 bytes, linear)
2025-09-24T03:15:27.969387+04:00 q4os-desktop kernel: [    0.163528] TCP bind hash table entries: 4096 (order: 4, 65536 bytes, linear)
2025-09-24T03:15:27.969388+04:00 q4os-desktop kernel: [    0.163536] TCP: Hash tables configured (established 4096 bind 4096)
2025-09-24T03:15:27.969388+04:00 q4os-desktop kernel: [    0.163700] MPTCP token hash table entries: 512 (order: 1, 8192 bytes, linear)
2025-09-24T03:15:27.969389+04:00 q4os-desktop kernel: [    0.163733] UDP hash table entries: 256 (order: 1, 8192 bytes, linear)
2025-09-24T03:15:27.969390+04:00 q4os-desktop kernel: [    0.163750] UDP-Lite hash table entries: 256 (order: 1, 8192 bytes, linear)
2025-09-24T03:15:27.969401+04:00 q4os-desktop kernel: [    0.163823] NET: Registered PF_UNIX/PF_LOCAL protocol family
2025-09-24T03:15:27.969403+04:00 q4os-desktop kernel: [    0.163866] NET: Registered PF_XDP protocol family
2025-09-24T03:15:27.969404+04:00 q4os-desktop kernel: [    0.163897] pci_bus 0000:00: resource 4 [io  0x0000-0x0cf7 window]
2025-09-24T03:15:27.969405+04:00 q4os-desktop kernel: [    0.163900] pci_bus 0000:00: resource 5 [io  0x0d00-0xffff window]
2025-09-24T03:15:27.969406+04:00 q4os-desktop kernel: [    0.163902] pci_bus 0000:00: resource 6 [mem 0x000a0000-0x000bffff window]
2025-09-24T03:15:27.969407+04:00 q4os-desktop kernel: [    0.163904] pci_bus 0000:00: resource 7 [mem 0x14000000-0xfebfffff window]
2025-09-24T03:15:27.969408+04:00 q4os-desktop kernel: [    0.163905] pci_bus 0000:00: resource 8 [mem 0x100000000-0x17fffffff window]
2025-09-24T03:15:27.969409+04:00 q4os-desktop kernel: [    0.163980] pci 0000:00:01.0: PIIX3: Enabling Passive Release
2025-09-24T03:15:27.969419+04:00 q4os-desktop kernel: [    0.164020] pci 0000:00:00.0: Limiting direct PCI/PCI transfers
2025-09-24T03:15:27.969420+04:00 q4os-desktop kernel: [    0.164046] pci 0000:00:01.0: Activating ISA DMA hang workarounds
2025-09-24T03:15:27.969421+04:00 q4os-desktop kernel: [    0.180394] ACPI: \_SB_.LNKA: Enabled at IRQ 10
2025-09-24T03:15:27.969422+04:00 q4os-desktop kernel: [    0.196633] pci 0000:00:05.0: quirk_usb_early_handoff+0x0/0x6e0 took 31732 usecs
2025-09-24T03:15:27.969423+04:00 q4os-desktop kernel: [    0.212963] ACPI: \_SB_.LNKB: Enabled at IRQ 11
2025-09-24T03:15:27.969424+04:00 q4os-desktop kernel: [    0.229310] pci 0000:00:05.1: quirk_usb_early_handoff+0x0/0x6e0 took 31874 usecs
2025-09-24T03:15:27.969425+04:00 q4os-desktop kernel: [    0.245750] ACPI: \_SB_.LNKC: Enabled at IRQ 11
2025-09-24T03:15:27.969426+04:00 q4os-desktop kernel: [    0.262137] pci 0000:00:05.2: quirk_usb_early_handoff+0x0/0x6e0 took 32024 usecs
2025-09-24T03:15:27.969437+04:00 q4os-desktop kernel: [    0.278222] ACPI: \_SB_.LNKD: Enabled at IRQ 10
2025-09-24T03:15:27.969438+04:00 q4os-desktop kernel: [    0.294741] pci 0000:00:05.7: quirk_usb_early_handoff+0x0/0x6e0 took 31814 usecs
2025-09-24T03:15:27.969439+04:00 q4os-desktop kernel: [    0.294773] PCI: CLS 0 bytes, default 64
2025-09-24T03:15:27.969441+04:00 q4os-desktop kernel: [    0.294898] clocksource: tsc: mask: 0xffffffffffffffff max_cycles: 0x23fa772cf26, max_idle_ns: 440795269835 ns
2025-09-24T03:15:27.969442+04:00 q4os-desktop kernel: [    0.294966] Trying to unpack rootfs image as initramfs...
2025-09-24T03:15:27.969443+04:00 q4os-desktop kernel: [    0.295552] Initialise system trusted keyrings
2025-09-24T03:15:27.969443+04:00 q4os-desktop kernel: [    0.295641] Key type blacklist registered
2025-09-24T03:15:27.969545+04:00 q4os-desktop kernel: [    0.295840] workingset: timestamp_bits=14 max_order=17 bucket_order=3
2025-09-24T03:15:27.969558+04:00 q4os-desktop kernel: [    0.297122] zbud: loaded
2025-09-24T03:15:27.969560+04:00 q4os-desktop kernel: [    0.297640] integrity: Platform Keyring initialized
2025-09-24T03:15:27.969561+04:00 q4os-desktop kernel: [    0.297652] integrity: Machine keyring initialized
2025-09-24T03:15:27.969562+04:00 q4os-desktop kernel: [    0.297655] Key type asymmetric registered
2025-09-24T03:15:27.969563+04:00 q4os-desktop kernel: [    0.297660] Asymmetric key parser 'x509' registered
2025-09-24T03:15:27.969564+04:00 q4os-desktop kernel: [    0.703347] Freeing initrd memory: 43280K
2025-09-24T03:15:27.969565+04:00 q4os-desktop kernel: [    0.708781] alg: self-tests for CTR-KDF (hmac(sha256)) passed
2025-09-24T03:15:27.969566+04:00 q4os-desktop kernel: [    0.708828] Block layer SCSI generic (bsg) driver version 0.4 loaded (major 249)
2025-09-24T03:15:27.969575+04:00 q4os-desktop kernel: [    0.708985] io scheduler mq-deadline registered
2025-09-24T03:15:27.969576+04:00 q4os-desktop kernel: [    0.710579] shpchp: Standard Hot Plug PCI Controller Driver version: 0.4
2025-09-24T03:15:27.969577+04:00 q4os-desktop kernel: [    0.711206] isapnp: Scanning for PnP cards...
2025-09-24T03:15:27.969578+04:00 q4os-desktop kernel: [    1.069688] isapnp: No Plug & Play device found
2025-09-24T03:15:27.969580+04:00 q4os-desktop kernel: [    1.069859] Serial: 8250/16550 driver, 4 ports, IRQ sharing enabled
2025-09-24T03:15:27.969581+04:00 q4os-desktop kernel: [    1.070090] 00:00: ttyS0 at I/O 0x3f8 (irq = 4, base_baud = 115200) is a 16550A
2025-09-24T03:15:27.969582+04:00 q4os-desktop kernel: [    1.070630] Linux agpgart interface v0.103
2025-09-24T03:15:27.969583+04:00 q4os-desktop kernel: [    1.071601] i8042: PNP: PS/2 Controller [PNP0303:KBD,PNP0f13:MOU] at 0x60,0x64 irq 1,12
2025-09-24T03:15:27.969591+04:00 q4os-desktop kernel: [    1.072210] serio: i8042 KBD port at 0x60,0x64 irq 1
2025-09-24T03:15:27.969592+04:00 q4os-desktop kernel: [    1.072216] serio: i8042 AUX port at 0x60,0x64 irq 12
2025-09-24T03:15:27.969593+04:00 q4os-desktop kernel: [    1.072337] mousedev: PS/2 mouse device common for all mice
2025-09-24T03:15:27.969594+04:00 q4os-desktop kernel: [    1.072403] rtc_cmos 00:04: RTC can wake from S4
2025-09-24T03:15:27.969596+04:00 q4os-desktop kernel: [    1.073011] input: AT Translated Set 2 keyboard as /devices/platform/i8042/serio0/input/input0
2025-09-24T03:15:27.969597+04:00 q4os-desktop kernel: [    1.073333] rtc_cmos 00:04: registered as rtc0
2025-09-24T03:15:27.969598+04:00 q4os-desktop kernel: [    1.073398] rtc_cmos 00:04: setting system clock to 2025-09-23T23:15:23 UTC (1758669323)
2025-09-24T03:15:27.969599+04:00 q4os-desktop kernel: [    1.073486] rtc_cmos 00:04: alarms up to one day, y3k, 242 bytes nvram
2025-09-24T03:15:27.969607+04:00 q4os-desktop kernel: [    1.073501] intel_pstate: CPU model not supported
2025-09-24T03:15:27.969608+04:00 q4os-desktop kernel: [    1.073662] ledtrig-cpu: registered to indicate activity on CPUs
2025-09-24T03:15:27.969609+04:00 q4os-desktop kernel: [    1.073998] NET: Registered PF_INET6 protocol family
2025-09-24T03:15:27.969611+04:00 q4os-desktop kernel: [    1.077706] Segment Routing with IPv6
2025-09-24T03:15:27.969612+04:00 q4os-desktop kernel: [    1.077720] In-situ OAM (IOAM) with IPv6
2025-09-24T03:15:27.969613+04:00 q4os-desktop kernel: [    1.077747] mip6: Mobile IPv6
2025-09-24T03:15:27.969614+04:00 q4os-desktop kernel: [    1.077761] NET: Registered PF_PACKET protocol family
2025-09-24T03:15:27.969615+04:00 q4os-desktop kernel: [    1.077799] mpls_gso: MPLS GSO support
2025-09-24T03:15:27.969627+04:00 q4os-desktop kernel: [    1.078380] IPI shorthand broadcast: enabled
2025-09-24T03:15:27.969629+04:00 q4os-desktop kernel: [    1.078410] sched_clock: Marking stable (1064012570, 11093943)->(1081526404, -6419891)
2025-09-24T03:15:27.969630+04:00 q4os-desktop kernel: [    1.078734] registered taskstats version 1
2025-09-24T03:15:27.969631+04:00 q4os-desktop kernel: [    1.078741] Loading compiled-in X.509 certificates
2025-09-24T03:15:27.969632+04:00 q4os-desktop kernel: [    1.129887] Loaded X.509 cert 'Debian Secure Boot CA: 6ccece7e4c6c0d1f6149f3dd27dfcc5cbb419ea1'
2025-09-24T03:15:27.969633+04:00 q4os-desktop kernel: [    1.129905] Loaded X.509 cert 'Debian Secure Boot Signer 2022 - linux: 14011249c2675ea8e5148542202005810584b25f'
2025-09-24T03:15:27.969634+04:00 q4os-desktop kernel: [    1.131774] zswap: loaded using pool lzo/zbud
2025-09-24T03:15:27.969635+04:00 q4os-desktop kernel: [    1.132084] Key type .fscrypt registered
2025-09-24T03:15:27.969645+04:00 q4os-desktop kernel: [    1.132085] Key type fscrypt-provisioning registered
