2024-10-30T14:28:29.194030+04:00 q4os-desktop kernel: [    0.000000] Linux version 6.1.0-22-686-pae (debian-kernel@lists.debian.org) (gcc-12 (Debian 12.2.0-14) 12.2.0, GNU ld (GNU Binutils for Debian) 2.40) #1 SMP PREEMPT_DYNAMIC Debian 6.1.94-1 (2024-06-21)
2024-10-30T14:28:29.194899+04:00 q4os-desktop kernel: [    0.000000] BIOS-provided physical RAM map:
2024-10-30T14:28:29.194916+04:00 q4os-desktop kernel: [    0.000000] BIOS-e820: [mem 0x0000000000000000-0x000000000009fbff] usable
2024-10-30T14:28:29.194921+04:00 q4os-desktop kernel: [    0.000000] BIOS-e820: [mem 0x000000000009fc00-0x000000000009ffff] reserved
2024-10-30T14:28:29.195017+04:00 q4os-desktop kernel: [    0.000000] BIOS-e820: [mem 0x00000000000f0000-0x00000000000fffff] reserved
2024-10-30T14:28:29.195026+04:00 q4os-desktop kernel: [    0.000000] BIOS-e820: [mem 0x0000000000100000-0x0000000013fdffff] usable
2024-10-30T14:28:29.195030+04:00 q4os-desktop kernel: [    0.000000] BIOS-e820: [mem 0x0000000013fe0000-0x0000000013ffffff] reserved
2024-10-30T14:28:29.195034+04:00 q4os-desktop kernel: [    0.000000] BIOS-e820: [mem 0x00000000feffc000-0x00000000feffffff] reserved
2024-10-30T14:28:29.195038+04:00 q4os-desktop kernel: [    0.000000] BIOS-e820: [mem 0x00000000fffc0000-0x00000000ffffffff] reserved
2024-10-30T14:28:29.195042+04:00 q4os-desktop kernel: [    0.000000] NX (Execute Disable) protection: active
2024-10-30T14:28:29.195045+04:00 q4os-desktop kernel: [    0.000000] SMBIOS 3.0.0 present.
2024-10-30T14:28:29.195049+04:00 q4os-desktop kernel: [    0.000000] DMI: QEMU Standard PC (i440FX + PIIX, 1996), BIOS 1.16.3-2.fc40 04/01/2014
2024-10-30T14:28:29.195074+04:00 q4os-desktop kernel: [    0.000000] Hypervisor detected: KVM
2024-10-30T14:28:29.195080+04:00 q4os-desktop kernel: [    0.000000] kvm-clock: Using msrs 4b564d01 and 4b564d00
2024-10-30T14:28:29.195084+04:00 q4os-desktop kernel: [    0.000006] kvm-clock: using sched offset of 28334365066 cycles
2024-10-30T14:28:29.195088+04:00 q4os-desktop kernel: [    0.000011] clocksource: kvm-clock: mask: 0xffffffffffffffff max_cycles: 0x1cd42e4dffb, max_idle_ns: 881590591483 ns
2024-10-30T14:28:29.195093+04:00 q4os-desktop kernel: [    0.000022] tsc: Detected 2496.004 MHz processor
2024-10-30T14:28:29.195097+04:00 q4os-desktop kernel: [    0.001884] e820: update [mem 0x00000000-0x00000fff] usable ==> reserved
2024-10-30T14:28:29.195101+04:00 q4os-desktop kernel: [    0.001891] e820: remove [mem 0x000a0000-0x000fffff] usable
2024-10-30T14:28:29.195125+04:00 q4os-desktop kernel: [    0.001921] last_pfn = 0x13fe0 max_arch_pfn = 0x1000000
2024-10-30T14:28:29.195130+04:00 q4os-desktop kernel: [    0.002035] x86/PAT: Configuration [0-7]: WB  WC  UC- UC  WB  WP  UC- WT  
2024-10-30T14:28:29.195134+04:00 q4os-desktop kernel: [    0.010535] found SMP MP-table at [mem 0x000f53e0-0x000f53ef]
2024-10-30T14:28:29.195138+04:00 q4os-desktop kernel: [    0.010563] initial memory mapped: [mem 0x00000000-0x063fffff]
2024-10-30T14:28:29.195142+04:00 q4os-desktop kernel: [    0.010667] RAMDISK: [mem 0x10cf7000-0x13801fff]
2024-10-30T14:28:29.195146+04:00 q4os-desktop kernel: [    0.010679] ACPI: Early table checksum verification disabled
2024-10-30T14:28:29.195150+04:00 q4os-desktop kernel: [    0.010686] ACPI: RSDP 0x00000000000F5210 000014 (v00 BOCHS )
2024-10-30T14:28:29.195154+04:00 q4os-desktop kernel: [    0.010699] ACPI: RSDT 0x0000000013FE1D5A 000030 (v01 BOCHS  BXPC     00000001 BXPC 00000001)
2024-10-30T14:28:29.195176+04:00 q4os-desktop kernel: [    0.010714] ACPI: FACP 0x0000000013FE1C0E 000074 (v01 BOCHS  BXPC     00000001 BXPC 00000001)
2024-10-30T14:28:29.195181+04:00 q4os-desktop kernel: [    0.010729] ACPI: DSDT 0x0000000013FE0040 001BCE (v01 BOCHS  BXPC     00000001 BXPC 00000001)
2024-10-30T14:28:29.195185+04:00 q4os-desktop kernel: [    0.010739] ACPI: FACS 0x0000000013FE0000 000040
2024-10-30T14:28:29.195189+04:00 q4os-desktop kernel: [    0.010748] ACPI: APIC 0x0000000013FE1C82 0000B0 (v03 BOCHS  BXPC     00000001 BXPC 00000001)
2024-10-30T14:28:29.195193+04:00 q4os-desktop kernel: [    0.010758] ACPI: WAET 0x0000000013FE1D32 000028 (v01 BOCHS  BXPC     00000001 BXPC 00000001)
2024-10-30T14:28:29.195197+04:00 q4os-desktop kernel: [    0.010765] ACPI: Reserving FACP table memory at [mem 0x13fe1c0e-0x13fe1c81]
2024-10-30T14:28:29.195200+04:00 q4os-desktop kernel: [    0.010770] ACPI: Reserving DSDT table memory at [mem 0x13fe0040-0x13fe1c0d]
2024-10-30T14:28:29.195204+04:00 q4os-desktop kernel: [    0.010772] ACPI: Reserving FACS table memory at [mem 0x13fe0000-0x13fe003f]
2024-10-30T14:28:29.195228+04:00 q4os-desktop kernel: [    0.010775] ACPI: Reserving APIC table memory at [mem 0x13fe1c82-0x13fe1d31]
2024-10-30T14:28:29.195234+04:00 q4os-desktop kernel: [    0.010777] ACPI: Reserving WAET table memory at [mem 0x13fe1d32-0x13fe1d59]
2024-10-30T14:28:29.195237+04:00 q4os-desktop kernel: [    0.010826] 0MB HIGHMEM available.
2024-10-30T14:28:29.195241+04:00 q4os-desktop kernel: [    0.010829] 319MB LOWMEM available.
2024-10-30T14:28:29.195244+04:00 q4os-desktop kernel: [    0.010832]   mapped low ram: 0 - 13fe0000
2024-10-30T14:28:29.195248+04:00 q4os-desktop kernel: [    0.010835]   low ram: 0 - 13fe0000
2024-10-30T14:28:29.195252+04:00 q4os-desktop kernel: [    0.010857] Zone ranges:
2024-10-30T14:28:29.195256+04:00 q4os-desktop kernel: [    0.010859]   DMA      [mem 0x0000000000001000-0x0000000000ffffff]
2024-10-30T14:28:29.195279+04:00 q4os-desktop kernel: [    0.010867]   Normal   [mem 0x0000000001000000-0x0000000013fdffff]
2024-10-30T14:28:29.195285+04:00 q4os-desktop kernel: [    0.010874]   HighMem  empty
2024-10-30T14:28:29.195288+04:00 q4os-desktop kernel: [    0.010877] Movable zone start for each node
2024-10-30T14:28:29.195292+04:00 q4os-desktop kernel: [    0.010879] Early memory node ranges
2024-10-30T14:28:29.195296+04:00 q4os-desktop kernel: [    0.010881]   node   0: [mem 0x0000000000001000-0x000000000009efff]
2024-10-30T14:28:29.195300+04:00 q4os-desktop kernel: [    0.010887]   node   0: [mem 0x0000000000100000-0x0000000013fdffff]
2024-10-30T14:28:29.195304+04:00 q4os-desktop kernel: [    0.010911] Initmem setup node 0 [mem 0x0000000000001000-0x0000000013fdffff]
2024-10-30T14:28:29.195308+04:00 q4os-desktop kernel: [    0.010931] On node 0, zone DMA: 1 pages in unavailable ranges
2024-10-30T14:28:29.195331+04:00 q4os-desktop kernel: [    0.011067] On node 0, zone DMA: 97 pages in unavailable ranges
2024-10-30T14:28:29.195337+04:00 q4os-desktop kernel: [    0.013977] Using APIC driver default
2024-10-30T14:28:29.195341+04:00 q4os-desktop kernel: [    0.015003] ACPI: PM-Timer IO Port: 0x608
2024-10-30T14:28:29.195345+04:00 q4os-desktop kernel: [    0.015028] ACPI: LAPIC_NMI (acpi_id[0xff] dfl dfl lint[0x1])
2024-10-30T14:28:29.195348+04:00 q4os-desktop kernel: [    0.015114] IOAPIC[0]: apic_id 0, version 17, address 0xfec00000, GSI 0-23
2024-10-30T14:28:29.195352+04:00 q4os-desktop kernel: [    0.015125] ACPI: INT_SRC_OVR (bus 0 bus_irq 0 global_irq 2 dfl dfl)
2024-10-30T14:28:29.195356+04:00 q4os-desktop kernel: [    0.015130] ACPI: INT_SRC_OVR (bus 0 bus_irq 5 global_irq 5 high level)
2024-10-30T14:28:29.195360+04:00 q4os-desktop kernel: [    0.015133] ACPI: INT_SRC_OVR (bus 0 bus_irq 9 global_irq 9 high level)
2024-10-30T14:28:29.195382+04:00 q4os-desktop kernel: [    0.015137] ACPI: INT_SRC_OVR (bus 0 bus_irq 10 global_irq 10 high level)
2024-10-30T14:28:29.195387+04:00 q4os-desktop kernel: [    0.015140] ACPI: INT_SRC_OVR (bus 0 bus_irq 11 global_irq 11 high level)
2024-10-30T14:28:29.195391+04:00 q4os-desktop kernel: [    0.015151] ACPI: Using ACPI (MADT) for SMP configuration information
2024-10-30T14:28:29.195395+04:00 q4os-desktop kernel: [    0.015154] TSC deadline timer available
2024-10-30T14:28:29.195399+04:00 q4os-desktop kernel: [    0.015157] smpboot: Allowing 8 CPUs, 0 hotplug CPUs
2024-10-30T14:28:29.195402+04:00 q4os-desktop kernel: [    0.015203] kvm-guest: KVM setup pv remote TLB flush
2024-10-30T14:28:29.195406+04:00 q4os-desktop kernel: [    0.015215] kvm-guest: setup PV sched yield
2024-10-30T14:28:29.195410+04:00 q4os-desktop kernel: [    0.015242] PM: hibernation: Registered nosave memory: [mem 0x00000000-0x00000fff]
2024-10-30T14:28:29.195437+04:00 q4os-desktop kernel: [    0.015250] PM: hibernation: Registered nosave memory: [mem 0x0009f000-0x0009ffff]
2024-10-30T14:28:29.195443+04:00 q4os-desktop kernel: [    0.015255] PM: hibernation: Registered nosave memory: [mem 0x000a0000-0x000effff]
2024-10-30T14:28:29.195447+04:00 q4os-desktop kernel: [    0.015260] PM: hibernation: Registered nosave memory: [mem 0x000f0000-0x000fffff]
2024-10-30T14:28:29.195451+04:00 q4os-desktop kernel: [    0.015267] [mem 0x14000000-0xfeffbfff] available for PCI devices
2024-10-30T14:28:29.195455+04:00 q4os-desktop kernel: [    0.015272] Booting paravirtualized kernel on KVM
2024-10-30T14:28:29.195459+04:00 q4os-desktop kernel: [    0.015278] clocksource: refined-jiffies: mask: 0xffffffff max_cycles: 0xffffffff, max_idle_ns: 7645519600211568 ns
2024-10-30T14:28:29.195464+04:00 q4os-desktop kernel: [    0.015296] setup_percpu: NR_CPUS:32 nr_cpumask_bits:8 nr_cpu_ids:8 nr_node_ids:1
2024-10-30T14:28:29.195469+04:00 q4os-desktop kernel: [    0.015543] percpu: Embedded 33 pages/cpu s103764 r0 d31404 u135168
2024-10-30T14:28:29.195503+04:00 q4os-desktop kernel: [    0.015565] pcpu-alloc: s103764 r0 d31404 u135168 alloc=33*4096
2024-10-30T14:28:29.195511+04:00 q4os-desktop kernel: [    0.015575] pcpu-alloc: [0] 0 [0] 1 [0] 2 [0] 3 [0] 4 [0] 5 [0] 6 [0] 7 
2024-10-30T14:28:29.195515+04:00 q4os-desktop kernel: [    0.015689] kvm-guest: PV spinlocks enabled
2024-10-30T14:28:29.195534+04:00 q4os-desktop kernel: [    0.015693] PV qspinlock hash table entries: 512 (order: 0, 4096 bytes, linear)
2024-10-30T14:28:29.195539+04:00 q4os-desktop kernel: [    0.015704] Built 1 zonelists, mobility grouping on.  Total pages: 80990
2024-10-30T14:28:29.195544+04:00 q4os-desktop kernel: [    0.015708] Kernel command line: BOOT_IMAGE=/boot/vmlinuz-6.1.0-22-686-pae root=UUID=04f82e4e-8c23-4584-b801-8717dced8964 ro quiet loglevel=3 systemd.log_color=0 systemd.show_status=1
2024-10-30T14:28:29.195549+04:00 q4os-desktop kernel: [    0.016063] Unknown kernel command line parameters "BOOT_IMAGE=/boot/vmlinuz-6.1.0-22-686-pae", will be passed to user space.
2024-10-30T14:28:29.195553+04:00 q4os-desktop kernel: [    0.016217] random: crng init done
2024-10-30T14:28:29.195582+04:00 q4os-desktop kernel: [    0.016258] Dentry cache hash table entries: 65536 (order: 6, 262144 bytes, linear)
2024-10-30T14:28:29.195587+04:00 q4os-desktop kernel: [    0.016282] Inode-cache hash table entries: 32768 (order: 5, 131072 bytes, linear)
2024-10-30T14:28:29.195590+04:00 q4os-desktop kernel: [    0.016520] mem auto-init: stack:all(zero), heap alloc:on, heap free:off
2024-10-30T14:28:29.195594+04:00 q4os-desktop kernel: [    0.016525] Initializing HighMem for node 0 (00000000:00000000)
2024-10-30T14:28:29.195597+04:00 q4os-desktop kernel: [    0.017535] Checking if this processor honours the WP bit even in supervisor mode...Ok.
2024-10-30T14:28:29.195601+04:00 q4os-desktop kernel: [    0.017548] Memory: 262240K/327160K available (9368K kernel code, 1261K rwdata, 3168K rodata, 920K init, 476K bss, 64920K reserved, 0K cma-reserved, 0K highmem)
2024-10-30T14:28:29.195605+04:00 q4os-desktop kernel: [    0.017851] SLUB: HWalign=64, Order=0-3, MinObjects=0, CPUs=8, Nodes=1
2024-10-30T14:28:29.195630+04:00 q4os-desktop kernel: [    0.017891] ftrace: allocating 36938 entries in 73 pages
2024-10-30T14:28:29.195636+04:00 q4os-desktop kernel: [    0.031258] ftrace: allocated 73 pages with 3 groups
2024-10-30T14:28:29.195640+04:00 q4os-desktop kernel: [    0.031363] trace event string verifier disabled
2024-10-30T14:28:29.195644+04:00 q4os-desktop kernel: [    0.031416] Dynamic Preempt: voluntary
2024-10-30T14:28:29.195647+04:00 q4os-desktop kernel: [    0.031485] rcu: Preemptible hierarchical RCU implementation.
2024-10-30T14:28:29.195650+04:00 q4os-desktop kernel: [    0.031486] rcu: 	RCU restricting CPUs from NR_CPUS=32 to nr_cpu_ids=8.
2024-10-30T14:28:29.195653+04:00 q4os-desktop kernel: [    0.031489] 	Trampoline variant of Tasks RCU enabled.
2024-10-30T14:28:29.195657+04:00 q4os-desktop kernel: [    0.031490] 	Rude variant of Tasks RCU enabled.
2024-10-30T14:28:29.195682+04:00 q4os-desktop kernel: [    0.031491] 	Tracing variant of Tasks RCU enabled.
2024-10-30T14:28:29.195688+04:00 q4os-desktop kernel: [    0.031493] rcu: RCU calculated value of scheduler-enlistment delay is 25 jiffies.
2024-10-30T14:28:29.195692+04:00 q4os-desktop kernel: [    0.031495] rcu: Adjusting geometry for rcu_fanout_leaf=16, nr_cpu_ids=8
2024-10-30T14:28:29.195696+04:00 q4os-desktop kernel: [    0.048000] NR_IRQS: 2304, nr_irqs: 488, preallocated irqs: 16
2024-10-30T14:28:29.195700+04:00 q4os-desktop kernel: [    0.048250] rcu: srcu_init: Setting srcu_struct sizes based on contention.
2024-10-30T14:28:29.195704+04:00 q4os-desktop kernel: [    0.072720] Console: colour VGA+ 80x25
2024-10-30T14:28:29.195708+04:00 q4os-desktop kernel: [    0.072757] printk: console [tty0] enabled
2024-10-30T14:28:29.195711+04:00 q4os-desktop kernel: [    0.072780] ACPI: Core revision 20220331
2024-10-30T14:28:29.195739+04:00 q4os-desktop kernel: [    0.072855] APIC: Switch to symmetric I/O mode setup
2024-10-30T14:28:29.195744+04:00 q4os-desktop kernel: [    0.072860] Enabling APIC mode:  Flat.  Using 1 I/O APICs
2024-10-30T14:28:29.195748+04:00 q4os-desktop kernel: [    0.072870] kvm-guest: setup PV IPIs
2024-10-30T14:28:29.196107+04:00 q4os-desktop kernel: [    0.074975] clocksource: tsc-early: mask: 0xffffffffffffffff max_cycles: 0x23fa7af7c80, max_idle_ns: 440795241955 ns
2024-10-30T14:28:29.196120+04:00 q4os-desktop kernel: [    0.074993] Calibrating delay loop (skipped) preset value.. 4992.00 BogoMIPS (lpj=9984016)
2024-10-30T14:28:29.196123+04:00 q4os-desktop kernel: [    0.075251] x86/cpu: User Mode Instruction Prevention (UMIP) activated
2024-10-30T14:28:29.196126+04:00 q4os-desktop kernel: [    0.075464] Last level iTLB entries: 4KB 0, 2MB 0, 4MB 0
2024-10-30T14:28:29.196130+04:00 q4os-desktop kernel: [    0.075470] Last level dTLB entries: 4KB 0, 2MB 0, 4MB 0, 1GB 0
2024-10-30T14:28:29.196182+04:00 q4os-desktop kernel: [    0.075491] Spectre V1 : Mitigation: usercopy/swapgs barriers and __user pointer sanitization
2024-10-30T14:28:29.196188+04:00 q4os-desktop kernel: [    0.075505] Spectre V2 : Mitigation: Enhanced / Automatic IBRS
2024-10-30T14:28:29.196192+04:00 q4os-desktop kernel: [    0.075509] Spectre V2 : Spectre v2 / SpectreRSB mitigation: Filling RSB on context switch
2024-10-30T14:28:29.196196+04:00 q4os-desktop kernel: [    0.075513] Spectre V2 : Spectre v2 / PBRSB-eIBRS: Retire a single CALL on VMEXIT
2024-10-30T14:28:29.196201+04:00 q4os-desktop kernel: [    0.075516] RETBleed: Mitigation: Enhanced IBRS
2024-10-30T14:28:29.196205+04:00 q4os-desktop kernel: [    0.075523] Spectre V2 : mitigation: Enabling conditional Indirect Branch Prediction Barrier
2024-10-30T14:28:29.196209+04:00 q4os-desktop kernel: [    0.075532] Speculative Store Bypass: Mitigation: Speculative Store Bypass disabled via prctl
2024-10-30T14:28:29.196212+04:00 q4os-desktop kernel: [    0.075551] MMIO Stale Data: Mitigation: Clear CPU buffers
2024-10-30T14:28:29.196239+04:00 q4os-desktop kernel: [    0.075555] SRBDS: Unknown: Dependent on hypervisor status
2024-10-30T14:28:29.196244+04:00 q4os-desktop kernel: [    0.075609] x86/fpu: Supporting XSAVE feature 0x001: 'x87 floating point registers'
2024-10-30T14:28:29.194364+04:00 q4os-desktop systemd[1]: Starting systemd-journal-flush.service - Flush Journal to Persistent Storage...
2024-10-30T14:28:29.196411+04:00 q4os-desktop systemd[1]: Finished systemd-random-seed.service - Load/Save Random Seed.
2024-10-30T14:28:29.196448+04:00 q4os-desktop systemd[1]: Finished systemd-sysctl.service - Apply Kernel Variables.
2024-10-30T14:28:29.196463+04:00 q4os-desktop systemd[1]: first-boot-complete.target - First Boot Complete was skipped because of an unmet condition check (ConditionFirstBoot=yes).
2024-10-30T14:28:29.196476+04:00 q4os-desktop systemd[1]: Finished systemd-sysusers.service - Create System Users.
2024-10-30T14:28:29.196533+04:00 q4os-desktop systemd[1]: Starting systemd-tmpfiles-setup-dev.service - Create Static Device Nodes in /dev...
2024-10-30T14:28:29.196551+04:00 q4os-desktop systemd[1]: Finished systemd-udev-trigger.service - Coldplug All udev Devices.
2024-10-30T14:28:29.196569+04:00 q4os-desktop systemd[1]: Finished systemd-tmpfiles-setup-dev.service - Create Static Device Nodes in /dev.
2024-10-30T14:28:29.196580+04:00 q4os-desktop systemd[1]: Reached target local-fs-pre.target - Preparation for Local File Systems.
2024-10-30T14:28:29.196594+04:00 q4os-desktop systemd[1]: Reached target local-fs.target - Local File Systems.
2024-10-30T14:28:29.196607+04:00 q4os-desktop systemd[1]: Starting apparmor.service - Load AppArmor profiles...
2024-10-30T14:28:29.196623+04:00 q4os-desktop systemd[1]: Starting console-setup.service - Set console font and keymap...
2024-10-30T14:28:29.196671+04:00 q4os-desktop systemd[1]: mdadm-shutdown.service - Prepare mdadm shutdown initramfs was skipped because of an unmet condition check (ConditionFileIsExecutable=/usr/bin/dracut).
2024-10-30T14:28:29.196690+04:00 q4os-desktop systemd[1]: Starting systemd-binfmt.service - Set Up Additional Binary Formats...
2024-10-30T14:28:29.196704+04:00 q4os-desktop systemd[1]: systemd-machine-id-commit.service - Commit a transient machine-id on disk was skipped because of an unmet condition check (ConditionPathIsMountPoint=/etc/machine-id).
2024-10-30T14:28:29.196716+04:00 q4os-desktop systemd[1]: Starting systemd-udevd.service - Rule-based Manager for Device Events and Files...
2024-10-30T14:28:29.196727+04:00 q4os-desktop systemd[1]: Finished systemd-journal-flush.service - Flush Journal to Persistent Storage.
2024-10-30T14:28:29.196740+04:00 q4os-desktop systemd[1]: Starting systemd-tmpfiles-setup.service - Create Volatile Files and Directories...
2024-10-30T14:28:29.196755+04:00 q4os-desktop systemd[1]: proc-sys-fs-binfmt_misc.automount: Got automount request for /proc/sys/fs/binfmt_misc, triggered by 354 (systemd-binfmt)
2024-10-30T14:28:29.196803+04:00 q4os-desktop systemd[1]: Mounting proc-sys-fs-binfmt_misc.mount - Arbitrary Executable File Formats File System...
2024-10-30T14:28:29.196819+04:00 q4os-desktop apparmor.systemd[351]: Restarting AppArmor
2024-10-30T14:28:29.196834+04:00 q4os-desktop apparmor.systemd[351]: Reloading AppArmor profiles
2024-10-30T14:28:29.196851+04:00 q4os-desktop systemd[1]: Mounted proc-sys-fs-binfmt_misc.mount - Arbitrary Executable File Formats File System.
2024-10-30T14:28:29.196864+04:00 q4os-desktop systemd[1]: Finished systemd-binfmt.service - Set Up Additional Binary Formats.
2024-10-30T14:28:29.196876+04:00 q4os-desktop systemd-udevd[358]: Using default interface naming scheme 'v252'.
2024-10-30T14:28:29.196248+04:00 q4os-desktop kernel: [    0.075612] x86/fpu: Supporting XSAVE feature 0x002: 'SSE registers'
2024-10-30T14:28:29.196923+04:00 q4os-desktop kernel: [    0.075614] x86/fpu: Supporting XSAVE feature 0x004: 'AVX registers'
2024-10-30T14:28:29.196929+04:00 q4os-desktop kernel: [    0.075616] x86/fpu: Supporting XSAVE feature 0x008: 'MPX bounds registers'
2024-10-30T14:28:29.196933+04:00 q4os-desktop kernel: [    0.075618] x86/fpu: Supporting XSAVE feature 0x010: 'MPX CSR'
2024-10-30T14:28:29.196900+04:00 q4os-desktop systemd[1]: Finished systemd-tmpfiles-setup.service - Create Volatile Files and Directories.
2024-10-30T14:28:29.196937+04:00 q4os-desktop kernel: [    0.075621] x86/fpu: Supporting XSAVE feature 0x200: 'Protection Keys User registers'
2024-10-30T14:28:29.196940+04:00 q4os-desktop kernel: [    0.075623] x86/fpu: xstate_offset[2]:  576, xstate_sizes[2]:  256
2024-10-30T14:28:29.196973+04:00 q4os-desktop systemd[1]: Starting systemd-timesyncd.service - Network Time Synchronization...
2024-10-30T14:28:29.196992+04:00 q4os-desktop systemd[1]: Starting systemd-update-utmp.service - Record System Boot/Shutdown in UTMP...
2024-10-30T14:28:29.197006+04:00 q4os-desktop systemd[1]: Finished systemd-update-utmp.service - Record System Boot/Shutdown in UTMP.
2024-10-30T14:28:29.197018+04:00 q4os-desktop kernel: [    0.075627] x86/fpu: xstate_offset[3]:  832, xstate_sizes[3]:   64
2024-10-30T14:28:29.197019+04:00 q4os-desktop systemd[1]: Started systemd-timesyncd.service - Network Time Synchronization.
2024-10-30T14:28:29.197024+04:00 q4os-desktop kernel: [    0.075630] x86/fpu: xstate_offset[4]:  896, xstate_sizes[4]:   64
2024-10-30T14:28:29.197032+04:00 q4os-desktop kernel: [    0.075633] x86/fpu: xstate_offset[9]:  960, xstate_sizes[9]:    8
2024-10-30T14:28:29.197036+04:00 q4os-desktop kernel: [    0.075636] x86/fpu: Enabled xstate features 0x21f, context size is 968 bytes, using 'compacted' format.
2024-10-30T14:28:29.197033+04:00 q4os-desktop systemd[1]: Reached target time-set.target - System Time Set.
2024-10-30T14:28:29.197041+04:00 q4os-desktop kernel: [    0.076387] Freeing SMP alternatives memory: 32K
2024-10-30T14:28:29.197045+04:00 q4os-desktop kernel: [    0.076393] pid_max: default: 32768 minimum: 301
2024-10-30T14:28:29.197049+04:00 q4os-desktop kernel: [    0.076461] LSM: Security Framework initializing
2024-10-30T14:28:29.197046+04:00 q4os-desktop systemd[1]: Started systemd-udevd.service - Rule-based Manager for Device Events and Files.
2024-10-30T14:28:29.197053+04:00 q4os-desktop kernel: [    0.076486] landlock: Up and running.
2024-10-30T14:28:29.197083+04:00 q4os-desktop kernel: [    0.076488] Yama: disabled by default; enable with sysctl kernel.yama.*
2024-10-30T14:28:29.197090+04:00 q4os-desktop kernel: [    0.076532] AppArmor: AppArmor initialized
2024-10-30T14:28:29.197063+04:00 q4os-desktop systemd[1]: Found device dev-disk-by\x2duuid-eb67f70b\x2da355\x2d4fe6\x2dbbfc\x2df019896ff8ac.device - QEMU_HARDDISK 5.
2024-10-30T14:28:29.197094+04:00 q4os-desktop kernel: [    0.076537] TOMOYO Linux initialized
2024-10-30T14:28:29.197098+04:00 q4os-desktop kernel: [    0.076547] LSM support for eBPF active
2024-10-30T14:28:29.197102+04:00 q4os-desktop kernel: [    0.076582] Mount-cache hash table entries: 1024 (order: 0, 4096 bytes, linear)
2024-10-30T14:28:29.197106+04:00 q4os-desktop kernel: [    0.076588] Mountpoint-cache hash table entries: 1024 (order: 0, 4096 bytes, linear)
2024-10-30T14:28:29.197103+04:00 q4os-desktop systemd[1]: Activating swap dev-disk-by\x2duuid-eb67f70b\x2da355\x2d4fe6\x2dbbfc\x2df019896ff8ac.swap - /dev/disk/by-uuid/eb67f70b-a355-4fe6-bbfc-f019896ff8ac...
2024-10-30T14:28:29.197110+04:00 q4os-desktop kernel: [    0.077163] smpboot: CPU0: Intel(R) Core(TM) i5-10300H CPU @ 2.50GHz (family: 0x6, model: 0xa5, stepping: 0x2)
2024-10-30T14:28:29.197121+04:00 q4os-desktop systemd[1]: Activated swap dev-disk-by\x2duuid-eb67f70b\x2da355\x2d4fe6\x2dbbfc\x2df019896ff8ac.swap - /dev/disk/by-uuid/eb67f70b-a355-4fe6-bbfc-f019896ff8ac.
2024-10-30T14:28:29.197134+04:00 q4os-desktop systemd[1]: Reached target smartcard.target - Smart Card.
2024-10-30T14:28:29.197145+04:00 q4os-desktop kernel: [    0.077489] cblist_init_generic: Setting adjustable number of callback queues.
2024-10-30T14:28:29.197151+04:00 q4os-desktop kernel: [    0.077494] cblist_init_generic: Setting shift to 3 and lim to 1.
2024-10-30T14:28:29.197156+04:00 q4os-desktop kernel: [    0.077529] cblist_init_generic: Setting adjustable number of callback queues.
2024-10-30T14:28:29.197148+04:00 q4os-desktop systemd[1]: Reached target swap.target - Swaps.
2024-10-30T14:28:29.197160+04:00 q4os-desktop kernel: [    0.077531] cblist_init_generic: Setting shift to 3 and lim to 1.
2024-10-30T14:28:29.197163+04:00 q4os-desktop kernel: [    0.077554] cblist_init_generic: Setting adjustable number of callback queues.
2024-10-30T14:28:29.197167+04:00 q4os-desktop systemd[1]: Finished apparmor.service - Load AppArmor profiles.
2024-10-30T14:28:29.197172+04:00 q4os-desktop kernel: [    0.077556] cblist_init_generic: Setting shift to 3 and lim to 1.
2024-10-30T14:28:29.197176+04:00 q4os-desktop kernel: [    0.077577] Performance Events: Skylake events, full-width counters, Intel PMU driver.
2024-10-30T14:28:29.197180+04:00 q4os-desktop kernel: [    0.077656] ... version:                2
2024-10-30T14:28:29.197180+04:00 q4os-desktop systemd[1]: Reached target sysinit.target - System Initialization.
2024-10-30T14:28:29.197205+04:00 q4os-desktop kernel: [    0.077658] ... bit width:              48
2024-10-30T14:28:29.197211+04:00 q4os-desktop kernel: [    0.077660] ... generic registers:      4
2024-10-30T14:28:29.197215+04:00 q4os-desktop kernel: [    0.077662] ... value mask:             0000ffffffffffff
2024-10-30T14:28:29.197218+04:00 q4os-desktop kernel: [    0.077665] ... max period:             00007fffffffffff
2024-10-30T14:28:29.197222+04:00 q4os-desktop kernel: [    0.077667] ... fixed-purpose events:   3
2024-10-30T14:28:29.197193+04:00 q4os-desktop systemd[1]: Started acpid.path - ACPI Events Check.
2024-10-30T14:28:29.197226+04:00 q4os-desktop kernel: [    0.077669] ... event mask:             000000070000000f
2024-10-30T14:28:29.197230+04:00 q4os-desktop kernel: [    0.077827] signal: max sigframe size: 3632
2024-10-30T14:28:29.197234+04:00 q4os-desktop kernel: [    0.077876] rcu: Hierarchical SRCU implementation.
2024-10-30T14:28:29.197234+04:00 q4os-desktop systemd[1]: Started anacron.timer - Trigger anacron every hour.
2024-10-30T14:28:29.197249+04:00 q4os-desktop systemd[1]: Started apt-daily.timer - Daily apt download activities.
2024-10-30T14:28:29.197262+04:00 q4os-desktop kernel: [    0.077878] rcu: 	Max phase no-delay instances is 1000.
2024-10-30T14:28:29.197263+04:00 q4os-desktop systemd[1]: Started apt-daily-upgrade.timer - Daily apt upgrade and clean activities.
2024-10-30T14:28:29.197268+04:00 q4os-desktop kernel: [    0.078419] smp: Bringing up secondary CPUs ...
2024-10-30T14:28:29.197273+04:00 q4os-desktop kernel: [    0.078594] x86: Booting SMP configuration:
2024-10-30T14:28:29.197278+04:00 q4os-desktop kernel: [    0.078597] .... node  #0, CPUs:      #1
2024-10-30T14:28:29.197276+04:00 q4os-desktop systemd[1]: Started dpkg-db-backup.timer - Daily dpkg database backup timer.
2024-10-30T14:28:29.197282+04:00 q4os-desktop kernel: [    0.078985] MMIO Stale Data CPU bug present and SMT on, data leak possible. See https://www.kernel.org/doc/html/latest/admin-guide/hw-vuln/processor_mmio_stale_data.html for more details.
2024-10-30T14:28:29.197286+04:00 q4os-desktop kernel: [    0.078985]  #2 #3 #4 #5 #6 #7
2024-10-30T14:28:29.197290+04:00 q4os-desktop kernel: [    0.084945] smp: Brought up 1 node, 8 CPUs
2024-10-30T14:28:29.197294+04:00 q4os-desktop kernel: [    0.084955] smpboot: Max logical packages: 1
2024-10-30T14:28:29.197289+04:00 q4os-desktop systemd[1]: Started e2scrub_all.timer - Periodic ext4 Online Metadata Check for All Filesystems.
2024-10-30T14:28:29.197303+04:00 q4os-desktop systemd[1]: Started fstrim.timer - Discard unused blocks once a week.
2024-10-30T14:28:29.197317+04:00 q4os-desktop kernel: [    0.084958] smpboot: Total of 8 processors activated (39936.06 BogoMIPS)
2024-10-30T14:28:29.197323+04:00 q4os-desktop kernel: [    0.086439] devtmpfs: initialized
2024-10-30T14:28:29.197327+04:00 q4os-desktop kernel: [    0.087186] clocksource: jiffies: mask: 0xffffffff max_cycles: 0xffffffff, max_idle_ns: 7645041785100000 ns
2024-10-30T14:28:29.197330+04:00 q4os-desktop kernel: [    0.087212] futex hash table entries: 2048 (order: 5, 131072 bytes, linear)
2024-10-30T14:28:29.197334+04:00 q4os-desktop kernel: [    0.087293] pinctrl core: initialized pinctrl subsystem
2024-10-30T14:28:29.197338+04:00 q4os-desktop kernel: [    0.087690] NET: Registered PF_NETLINK/PF_ROUTE protocol family
2024-10-30T14:28:29.197341+04:00 q4os-desktop kernel: [    0.087936] audit: initializing netlink subsys (disabled)
2024-10-30T14:28:29.197345+04:00 q4os-desktop kernel: [    0.088078] audit: type=2000 audit(1730269700.071:1): state=initialized audit_enabled=0 res=1
2024-10-30T14:28:29.197316+04:00 q4os-desktop systemd[1]: Started logrotate.timer - Daily rotation of log files.
2024-10-30T14:28:29.197355+04:00 q4os-desktop systemd[1]: Started man-db.timer - Daily man-db regeneration.
2024-10-30T14:28:29.197375+04:00 q4os-desktop kernel: [    0.088271] thermal_sys: Registered thermal governor 'fair_share'
2024-10-30T14:28:29.197375+04:00 q4os-desktop systemd[1]: Started systemd-tmpfiles-clean.timer - Daily Cleanup of Temporary Directories.
2024-10-30T14:28:29.197381+04:00 q4os-desktop kernel: [    0.088274] thermal_sys: Registered thermal governor 'bang_bang'
2024-10-30T14:28:29.197385+04:00 q4os-desktop kernel: [    0.088277] thermal_sys: Registered thermal governor 'step_wise'
2024-10-30T14:28:29.197389+04:00 q4os-desktop kernel: [    0.088278] thermal_sys: Registered thermal governor 'user_space'
2024-10-30T14:28:29.197388+04:00 q4os-desktop systemd[1]: Reached target paths.target - Path Units.
2024-10-30T14:28:29.197393+04:00 q4os-desktop kernel: [    0.088280] thermal_sys: Registered thermal governor 'power_allocator'
2024-10-30T14:28:29.197404+04:00 q4os-desktop kernel: [    0.088300] cpuidle: using governor ladder
2024-10-30T14:28:29.197408+04:00 q4os-desktop kernel: [    0.088787] acpiphp: ACPI Hot Plug PCI Controller Driver version: 0.5
2024-10-30T14:28:29.197406+04:00 q4os-desktop systemd[1]: Reached target timers.target - Timer Units.
2024-10-30T14:28:29.197415+04:00 q4os-desktop kernel: [    0.089015] PCI: Using configuration type 1 for base access
2024-10-30T14:28:29.197424+04:00 q4os-desktop systemd[1]: Listening on acpid.socket - ACPID Listen Socket.
2024-10-30T14:28:29.197438+04:00 q4os-desktop systemd[1]: Listening on dbus.socket - D-Bus System Message Bus Socket.
2024-10-30T14:28:29.197446+04:00 q4os-desktop kernel: [    0.091691] kprobes: kprobe jump-optimization is enabled. All kprobes are optimized if possible.
2024-10-30T14:28:29.197452+04:00 q4os-desktop kernel: [    0.092444] HugeTLB: registered 2.00 MiB page size, pre-allocated 0 pages
2024-10-30T14:28:29.197451+04:00 q4os-desktop systemd[1]: Reached target sockets.target - Socket Units.
2024-10-30T14:28:29.197455+04:00 q4os-desktop kernel: [    0.092448] HugeTLB: 0 KiB vmemmap can be freed for a 2.00 MiB page
2024-10-30T14:28:29.197462+04:00 q4os-desktop kernel: [    0.093068] ACPI: Added _OSI(Module Device)
2024-10-30T14:28:29.197466+04:00 q4os-desktop kernel: [    0.093072] ACPI: Added _OSI(Processor Device)
2024-10-30T14:28:29.197470+04:00 q4os-desktop kernel: [    0.093074] ACPI: Added _OSI(3.0 _SCP Extensions)
2024-10-30T14:28:29.197474+04:00 q4os-desktop kernel: [    0.093077] ACPI: Added _OSI(Processor Aggregator Device)
2024-10-30T14:28:29.197477+04:00 q4os-desktop kernel: [    0.094265] ACPI: 1 ACPI AML tables successfully acquired and loaded
2024-10-30T14:28:29.197465+04:00 q4os-desktop systemd[1]: systemd-pcrphase-sysinit.service - TPM2 PCR Barrier (Initialization) was skipped because of an unmet condition check (ConditionPathExists=/sys/firmware/efi/efivars/StubPcrKernelImage-4a67b082-0a4c-41cf-b6c7-440b29bb8c4f).
2024-10-30T14:28:29.197507+04:00 q4os-desktop kernel: [    0.095332] ACPI: Interpreter enabled
2024-10-30T14:28:29.197507+04:00 q4os-desktop systemd[1]: Reached target basic.target - Basic System.
2024-10-30T14:28:29.197514+04:00 q4os-desktop kernel: [    0.095355] ACPI: PM: (supports S0 S5)
2024-10-30T14:28:29.197520+04:00 q4os-desktop kernel: [    0.095359] ACPI: Using IOAPIC for interrupt routing
2024-10-30T14:28:29.197525+04:00 q4os-desktop kernel: [    0.095383] PCI: Using host bridge windows from ACPI; if necessary, use "pci=nocrs" and report a bug
2024-10-30T14:28:29.197523+04:00 q4os-desktop systemd[1]: Started acpid.service - ACPI event daemon.
2024-10-30T14:28:29.197529+04:00 q4os-desktop kernel: [    0.095386] PCI: Using E820 reservations for host bridge windows
2024-10-30T14:28:29.197533+04:00 q4os-desktop kernel: [    0.095583] ACPI: Enabled 2 GPEs in block 00 to 0F
2024-10-30T14:28:29.197537+04:00 q4os-desktop kernel: [    0.101370] ACPI: PCI Root Bridge [PCI0] (domain 0000 [bus 00-ff])
2024-10-30T14:28:29.197540+04:00 q4os-desktop kernel: [    0.101387] acpi PNP0A03:00: _OSC: OS supports [ASPM ClockPM Segments MSI HPX-Type3]
2024-10-30T14:28:29.197537+04:00 q4os-desktop systemd[1]: Started anacron.service - Run anacron jobs.
2024-10-30T14:28:29.197549+04:00 q4os-desktop systemd[1]: Starting dbus.service - D-Bus System Message Bus...
2024-10-30T14:28:29.197563+04:00 q4os-desktop systemd[1]: Starting e2scrub_reap.service - Remove Stale Online ext4 Metadata Check Snapshots...
2024-10-30T14:28:29.197566+04:00 q4os-desktop kernel: [    0.101394] acpi PNP0A03:00: _OSC: not requesting OS control; OS requires [ExtendedConfig ASPM ClockPM MSI]
2024-10-30T14:28:29.197574+04:00 q4os-desktop kernel: [    0.101407] acpi PNP0A03:00: fail to add MMCONFIG information, can't access extended PCI configuration space under this bridge.
2024-10-30T14:28:29.197579+04:00 q4os-desktop kernel: [    0.102231] acpiphp: Slot [3] registered
2024-10-30T14:28:29.197577+04:00 q4os-desktop systemd[1]: getty-static.service - getty on tty2-tty6 if dbus and logind are not available was skipped because of an unmet condition check (ConditionPathExists=!/usr/bin/dbus-daemon).
2024-10-30T14:28:29.197583+04:00 q4os-desktop kernel: [    0.102268] acpiphp: Slot [4] registered
2024-10-30T14:28:29.197587+04:00 q4os-desktop kernel: [    0.102387] acpiphp: Slot [6] registered
2024-10-30T14:28:29.197590+04:00 q4os-desktop kernel: [    0.102422] acpiphp: Slot [7] registered
2024-10-30T14:28:29.197594+04:00 q4os-desktop kernel: [    0.102458] acpiphp: Slot [8] registered
2024-10-30T14:28:29.197591+04:00 q4os-desktop anacron[424]: Anacron 2.3 started on 2024-10-30
2024-10-30T14:28:29.197633+04:00 q4os-desktop kernel: [    0.102491] acpiphp: Slot [9] registered
2024-10-30T14:28:29.197639+04:00 q4os-desktop kernel: [    0.102528] acpiphp: Slot [10] registered
2024-10-30T14:28:29.197642+04:00 q4os-desktop kernel: [    0.102567] acpiphp: Slot [11] registered
2024-10-30T14:28:29.197646+04:00 q4os-desktop kernel: [    0.102601] acpiphp: Slot [12] registered
2024-10-30T14:28:29.197649+04:00 q4os-desktop kernel: [    0.102637] acpiphp: Slot [13] registered
2024-10-30T14:28:29.197643+04:00 q4os-desktop systemd[1]: Starting lm-sensors.service - Initialize hardware monitoring sensors...
2024-10-30T14:28:29.197653+04:00 q4os-desktop kernel: [    0.102671] acpiphp: Slot [14] registered
2024-10-30T14:28:29.197657+04:00 q4os-desktop kernel: [    0.102705] acpiphp: Slot [15] registered
2024-10-30T14:28:29.197661+04:00 q4os-desktop kernel: [    0.102772] acpiphp: Slot [16] registered
2024-10-30T14:28:29.197659+04:00 q4os-desktop systemd[1]: Starting polkit.service - Authorization Manager...
2024-10-30T14:28:29.197671+04:00 q4os-desktop anacron[424]: Will run job `cron.daily' in 5 min.
2024-10-30T14:28:29.197687+04:00 q4os-desktop kernel: [    0.102813] acpiphp: Slot [17] registered
2024-10-30T14:28:29.197685+04:00 q4os-desktop anacron[424]: Will run job `cron.weekly' in 10 min.
2024-10-30T14:28:29.197696+04:00 q4os-desktop kernel: [    0.102865] acpiphp: Slot [18] registered
2024-10-30T14:28:29.197700+04:00 q4os-desktop kernel: [    0.102901] acpiphp: Slot [19] registered
2024-10-30T14:28:29.197704+04:00 q4os-desktop kernel: [    0.102935] acpiphp: Slot [20] registered
2024-10-30T14:28:29.197703+04:00 q4os-desktop anacron[424]: Will run job `cron.monthly' in 15 min.
2024-10-30T14:28:29.197709+04:00 q4os-desktop kernel: [    0.102968] acpiphp: Slot [21] registered
2024-10-30T14:28:29.197712+04:00 q4os-desktop kernel: [    0.103027] acpiphp: Slot [22] registered
2024-10-30T14:28:29.197716+04:00 q4os-desktop kernel: [    0.103068] acpiphp: Slot [23] registered
2024-10-30T14:28:29.197716+04:00 q4os-desktop anacron[424]: Jobs will be executed sequentially
2024-10-30T14:28:29.197720+04:00 q4os-desktop kernel: [    0.103107] acpiphp: Slot [24] registered
2024-10-30T14:28:29.197730+04:00 q4os-desktop systemd[1]: Starting q4os_first_boot.service - Q4OS first boot service...
2024-10-30T14:28:29.197747+04:00 q4os-desktop kernel: [    0.103147] acpiphp: Slot [25] registered
2024-10-30T14:28:29.197752+04:00 q4os-desktop kernel: [    0.103182] acpiphp: Slot [26] registered
2024-10-30T14:28:29.197756+04:00 q4os-desktop kernel: [    0.103216] acpiphp: Slot [27] registered
2024-10-30T14:28:29.197759+04:00 q4os-desktop kernel: [    0.103249] acpiphp: Slot [28] registered
2024-10-30T14:28:29.197744+04:00 q4os-desktop systemd[1]: Starting rsyslog.service - System Logging Service...
2024-10-30T14:28:29.197786+04:00 q4os-desktop systemd[1]: systemd-pcrphase.service - TPM2 PCR Barrier (User) was skipped because of an unmet condition check (ConditionPathExists=/sys/firmware/efi/efivars/StubPcrKernelImage-4a67b082-0a4c-41cf-b6c7-440b29bb8c4f).
2024-10-30T14:28:29.197802+04:00 q4os-desktop systemd[1]: Starting udisks2.service - Disk Manager...
2024-10-30T14:28:29.197814+04:00 q4os-desktop sensors[427]: No sensors found!
2024-10-30T14:28:29.197832+04:00 q4os-desktop sensors[427]: Make sure you loaded all the kernel drivers you need.
2024-10-30T14:28:29.197845+04:00 q4os-desktop sensors[427]: Try sensors-detect to find out which these are.
2024-10-30T14:28:29.197861+04:00 q4os-desktop dash[429]: >> Q4OS first boot script started: 2024-10-30-14-28-29 <<
2024-10-30T14:28:29.197874+04:00 q4os-desktop sensors[434]: No sensors found!
2024-10-30T14:28:29.197913+04:00 q4os-desktop sensors[434]: Make sure you loaded all the kernel drivers you need.
2024-10-30T14:28:29.197926+04:00 q4os-desktop sensors[434]: Try sensors-detect to find out which these are.
2024-10-30T14:28:29.197940+04:00 q4os-desktop systemd[1]: Finished lm-sensors.service - Initialize hardware monitoring sensors.
2024-10-30T14:28:29.197977+04:00 q4os-desktop systemd[1]: e2scrub_reap.service: Deactivated successfully.
2024-10-30T14:28:29.198040+04:00 q4os-desktop systemd[1]: Finished e2scrub_reap.service - Remove Stale Online ext4 Metadata Check Snapshots.
2024-10-30T14:28:29.195366+04:00 q4os-desktop rsyslogd: imuxsock: Acquired UNIX socket '/run/systemd/journal/syslog' (fd 3) from systemd.  [v8.2302.0]
2024-10-30T14:28:29.195790+04:00 q4os-desktop rsyslogd: [origin software="rsyslogd" swVersion="8.2302.0" x-pid="430" x-info="https://www.rsyslog.com"] start
2024-10-30T14:28:29.198120+04:00 q4os-desktop kernel: [    0.103281] acpiphp: Slot [29] registered
2024-10-30T14:28:29.196067+04:00 q4os-desktop systemd[1]: Started rsyslog.service - System Logging Service.
2024-10-30T14:28:29.198128+04:00 q4os-desktop kernel: [    0.103315] acpiphp: Slot [30] registered
2024-10-30T14:28:29.198132+04:00 q4os-desktop kernel: [    0.103349] acpiphp: Slot [31] registered
2024-10-30T14:28:29.198135+04:00 q4os-desktop kernel: [    0.103377] PCI host bridge to bus 0000:00
2024-10-30T14:28:29.198176+04:00 q4os-desktop kernel: [    0.103382] pci_bus 0000:00: root bus resource [io  0x0000-0x0cf7 window]
2024-10-30T14:28:29.198182+04:00 q4os-desktop kernel: [    0.103389] pci_bus 0000:00: root bus resource [io  0x0d00-0xffff window]
2024-10-30T14:28:29.198185+04:00 q4os-desktop kernel: [    0.103393] pci_bus 0000:00: root bus resource [mem 0x000a0000-0x000bffff window]
2024-10-30T14:28:29.198188+04:00 q4os-desktop kernel: [    0.103398] pci_bus 0000:00: root bus resource [mem 0x14000000-0xfebfffff window]
2024-10-30T14:28:29.198191+04:00 q4os-desktop kernel: [    0.103402] pci_bus 0000:00: root bus resource [mem 0x100000000-0x17fffffff window]
2024-10-30T14:28:29.198195+04:00 q4os-desktop kernel: [    0.103406] pci_bus 0000:00: root bus resource [bus 00-ff]
2024-10-30T14:28:29.198198+04:00 q4os-desktop kernel: [    0.103507] pci 0000:00:00.0: [8086:1237] type 00 class 0x060000
2024-10-30T14:28:29.198202+04:00 q4os-desktop kernel: [    0.104428] pci 0000:00:01.0: [8086:7000] type 00 class 0x060100
2024-10-30T14:28:29.198225+04:00 q4os-desktop kernel: [    0.105676] pci 0000:00:01.1: [8086:7010] type 00 class 0x010180
2024-10-30T14:28:29.198229+04:00 q4os-desktop kernel: [    0.110563] pci 0000:00:01.1: reg 0x20: [io  0xc200-0xc20f]
2024-10-30T14:28:29.198233+04:00 q4os-desktop kernel: [    0.112825] pci 0000:00:01.1: legacy IDE quirk: reg 0x10: [io  0x01f0-0x01f7]
2024-10-30T14:28:29.198241+04:00 q4os-desktop kernel: [    0.112832] pci 0000:00:01.1: legacy IDE quirk: reg 0x14: [io  0x03f6]
2024-10-30T14:28:29.198245+04:00 q4os-desktop kernel: [    0.112836] pci 0000:00:01.1: legacy IDE quirk: reg 0x18: [io  0x0170-0x0177]
2024-10-30T14:28:29.198250+04:00 q4os-desktop kernel: [    0.112839] pci 0000:00:01.1: legacy IDE quirk: reg 0x1c: [io  0x0376]
2024-10-30T14:28:29.198253+04:00 q4os-desktop kernel: [    0.113268] pci 0000:00:01.3: [8086:7113] type 00 class 0x068000
2024-10-30T14:28:29.198257+04:00 q4os-desktop kernel: [    0.114166] pci 0000:00:01.3: quirk: [io  0x0600-0x063f] claimed by PIIX4 ACPI
2024-10-30T14:28:29.198281+04:00 q4os-desktop kernel: [    0.114187] pci 0000:00:01.3: quirk: [io  0x0700-0x070f] claimed by PIIX4 SMB
2024-10-30T14:28:29.198286+04:00 q4os-desktop kernel: [    0.115418] pci 0000:00:02.0: [1b36:0100] type 00 class 0x030000
2024-10-30T14:28:29.198290+04:00 q4os-desktop kernel: [    0.121339] pci 0000:00:02.0: reg 0x10: [mem 0xf4000000-0xf7ffffff]
2024-10-30T14:28:29.198293+04:00 q4os-desktop kernel: [    0.125220] pci 0000:00:02.0: reg 0x14: [mem 0xf8000000-0xfbffffff]
2024-10-30T14:28:29.198297+04:00 q4os-desktop kernel: [    0.128948] pci 0000:00:02.0: reg 0x18: [mem 0xfc054000-0xfc055fff]
2024-10-30T14:28:29.198300+04:00 q4os-desktop kernel: [    0.132965] pci 0000:00:02.0: reg 0x1c: [io  0xc180-0xc19f]
2024-10-30T14:28:29.198304+04:00 q4os-desktop kernel: [    0.144613] pci 0000:00:02.0: reg 0x30: [mem 0xfc040000-0xfc04ffff pref]
2024-10-30T14:28:29.198308+04:00 q4os-desktop kernel: [    0.145054] pci 0000:00:02.0: Video device with shadowed ROM at [mem 0x000c0000-0x000dffff]
2024-10-30T14:28:29.198358+04:00 q4os-desktop kernel: [    0.146046] pci 0000:00:03.0: [10ec:8139] type 00 class 0x020000
2024-10-30T14:28:29.198365+04:00 q4os-desktop kernel: [    0.146995] pci 0000:00:03.0: reg 0x10: [io  0xc000-0xc0ff]
2024-10-30T14:28:29.198369+04:00 q4os-desktop kernel: [    0.149208] pci 0000:00:03.0: reg 0x14: [mem 0xfc056000-0xfc0560ff]
2024-10-30T14:28:29.198373+04:00 q4os-desktop kernel: [    0.154998] pci 0000:00:03.0: reg 0x30: [mem 0xfc000000-0xfc03ffff pref]
2024-10-30T14:28:29.198376+04:00 q4os-desktop kernel: [    0.156535] pci 0000:00:04.0: [8086:2668] type 00 class 0x040300
2024-10-30T14:28:29.198380+04:00 q4os-desktop kernel: [    0.157403] pci 0000:00:04.0: reg 0x10: [mem 0xfc050000-0xfc053fff]
2024-10-30T14:28:29.198384+04:00 q4os-desktop kernel: [    0.165091] pci 0000:00:05.0: [8086:2934] type 00 class 0x0c0300
2024-10-30T14:28:29.198392+04:00 q4os-desktop kernel: [    0.168190] pci 0000:00:05.0: reg 0x20: [io  0xc1a0-0xc1bf]
2024-10-30T14:28:29.198427+04:00 q4os-desktop kernel: [    0.169966] pci 0000:00:05.1: [8086:2935] type 00 class 0x0c0300
2024-10-30T14:28:29.198432+04:00 q4os-desktop kernel: [    0.174355] pci 0000:00:05.1: reg 0x20: [io  0xc1c0-0xc1df]
2024-10-30T14:28:29.198436+04:00 q4os-desktop kernel: [    0.175752] pci 0000:00:05.2: [8086:2936] type 00 class 0x0c0300
2024-10-30T14:28:29.198440+04:00 q4os-desktop kernel: [    0.178620] pci 0000:00:05.2: reg 0x20: [io  0xc1e0-0xc1ff]
2024-10-30T14:28:29.198443+04:00 q4os-desktop kernel: [    0.181154] pci 0000:00:05.7: [8086:293a] type 00 class 0x0c0320
2024-10-30T14:28:29.198447+04:00 q4os-desktop kernel: [    0.182313] pci 0000:00:05.7: reg 0x10: [mem 0xfc057000-0xfc057fff]
2024-10-30T14:28:29.198451+04:00 q4os-desktop kernel: [    0.187764] pci 0000:00:06.0: [1af4:1003] type 00 class 0x078000
2024-10-30T14:28:29.198455+04:00 q4os-desktop kernel: [    0.189507] pci 0000:00:06.0: reg 0x10: [io  0xc100-0xc13f]
2024-10-30T14:28:29.198484+04:00 q4os-desktop kernel: [    0.191002] pci 0000:00:06.0: reg 0x14: [mem 0xfc058000-0xfc058fff]
2024-10-30T14:28:29.198490+04:00 q4os-desktop kernel: [    0.197468] pci 0000:00:06.0: reg 0x20: [mem 0xfebf8000-0xfebfbfff 64bit pref]
2024-10-30T14:28:29.198493+04:00 q4os-desktop kernel: [    0.201181] pci 0000:00:07.0: [1af4:1002] type 00 class 0x00ff00
2024-10-30T14:28:29.198496+04:00 q4os-desktop kernel: [    0.202402] pci 0000:00:07.0: reg 0x10: [io  0xc140-0xc17f]
2024-10-30T14:28:29.198500+04:00 q4os-desktop kernel: [    0.206739] pci 0000:00:07.0: reg 0x20: [mem 0xfebfc000-0xfebfffff 64bit pref]
2024-10-30T14:28:29.198504+04:00 q4os-desktop kernel: [    0.209980] pci_bus 0000:00: on NUMA node 0
2024-10-30T14:28:29.198507+04:00 q4os-desktop kernel: [    0.210873] ACPI: PCI: Interrupt link LNKA configured for IRQ 10
2024-10-30T14:28:29.198510+04:00 q4os-desktop kernel: [    0.211148] ACPI: PCI: Interrupt link LNKB configured for IRQ 10
2024-10-30T14:28:29.198534+04:00 q4os-desktop kernel: [    0.211412] ACPI: PCI: Interrupt link LNKC configured for IRQ 11
2024-10-30T14:28:29.198538+04:00 q4os-desktop kernel: [    0.211711] ACPI: PCI: Interrupt link LNKD configured for IRQ 11
2024-10-30T14:28:29.198540+04:00 q4os-desktop kernel: [    0.211874] ACPI: PCI: Interrupt link LNKS configured for IRQ 9
2024-10-30T14:28:29.198543+04:00 q4os-desktop kernel: [    0.214064] iommu: Default domain type: Translated 
2024-10-30T14:28:29.198545+04:00 q4os-desktop kernel: [    0.214079] iommu: DMA domain TLB invalidation policy: lazy mode 
2024-10-30T14:28:29.198548+04:00 q4os-desktop kernel: [    0.214454] pps_core: LinuxPPS API ver. 1 registered
2024-10-30T14:28:29.198550+04:00 q4os-desktop kernel: [    0.214458] pps_core: Software ver. 5.3.6 - Copyright 2005-2007 Rodolfo Giometti <giometti@linux.it>
2024-10-30T14:28:29.198554+04:00 q4os-desktop kernel: [    0.214475] PTP clock support registered
2024-10-30T14:28:29.198582+04:00 q4os-desktop kernel: [    0.214501] EDAC MC: Ver: 3.0.0
2024-10-30T14:28:29.198588+04:00 q4os-desktop kernel: [    0.216404] NetLabel: Initializing
2024-10-30T14:28:29.198592+04:00 q4os-desktop kernel: [    0.216412] NetLabel:  domain hash size = 128
2024-10-30T14:28:29.198595+04:00 q4os-desktop kernel: [    0.216414] NetLabel:  protocols = UNLABELED CIPSOv4 CALIPSO
2024-10-30T14:28:29.198598+04:00 q4os-desktop kernel: [    0.216473] NetLabel:  unlabeled traffic allowed by default
2024-10-30T14:28:29.198601+04:00 q4os-desktop kernel: [    0.216484] PCI: Using ACPI for IRQ routing
2024-10-30T14:28:29.198605+04:00 q4os-desktop kernel: [    0.216487] PCI: pci_cache_line_size set to 64 bytes
2024-10-30T14:28:29.198608+04:00 q4os-desktop kernel: [    0.216970] e820: reserve RAM buffer [mem 0x0009fc00-0x0009ffff]
2024-10-30T14:28:29.198642+04:00 q4os-desktop kernel: [    0.216980] e820: reserve RAM buffer [mem 0x13fe0000-0x13ffffff]
2024-10-30T14:28:29.198648+04:00 q4os-desktop kernel: [    0.217358] pci 0000:00:02.0: vgaarb: setting as boot VGA device
2024-10-30T14:28:29.198652+04:00 q4os-desktop kernel: [    0.217366] pci 0000:00:02.0: vgaarb: bridge control possible
2024-10-30T14:28:29.198660+04:00 q4os-desktop kernel: [    0.217369] pci 0000:00:02.0: vgaarb: VGA device added: decodes=io+mem,owns=io+mem,locks=none
2024-10-30T14:28:29.198664+04:00 q4os-desktop kernel: [    0.217376] vgaarb: loaded
2024-10-30T14:28:29.198668+04:00 q4os-desktop kernel: [    0.220529] clocksource: Switched to clocksource kvm-clock
2024-10-30T14:28:29.198672+04:00 q4os-desktop kernel: [    0.249263] VFS: Disk quotas dquot_6.6.0
2024-10-30T14:28:29.198675+04:00 q4os-desktop kernel: [    0.249321] VFS: Dquot-cache hash table entries: 1024 (order 0, 4096 bytes)
2024-10-30T14:28:29.198740+04:00 q4os-desktop kernel: [    0.249767] AppArmor: AppArmor Filesystem Enabled
2024-10-30T14:28:29.198747+04:00 q4os-desktop kernel: [    0.249821] pnp: PnP ACPI init
2024-10-30T14:28:29.198751+04:00 q4os-desktop kernel: [    0.250203] pnp 00:03: [dma 2]
2024-10-30T14:28:29.198754+04:00 q4os-desktop kernel: [    0.250581] pnp: PnP ACPI: found 5 devices
2024-10-30T14:28:29.198757+04:00 q4os-desktop kernel: [    0.250600] PnPBIOS: Disabled
2024-10-30T14:28:29.198760+04:00 q4os-desktop kernel: [    0.292461] clocksource: acpi_pm: mask: 0xffffff max_cycles: 0xffffff, max_idle_ns: 2085701024 ns
2024-10-30T14:28:29.198763+04:00 q4os-desktop kernel: [    0.292804] NET: Registered PF_INET protocol family
2024-10-30T14:28:29.198766+04:00 q4os-desktop kernel: [    0.293058] IP idents hash table entries: 8192 (order: 4, 65536 bytes, linear)
2024-10-30T14:28:29.198807+04:00 q4os-desktop kernel: [    0.293862] tcp_listen_portaddr_hash hash table entries: 512 (order: 0, 4096 bytes, linear)
2024-10-30T14:28:29.198812+04:00 q4os-desktop kernel: [    0.294178] Table-perturb hash table entries: 65536 (order: 6, 262144 bytes, linear)
2024-10-30T14:28:29.198816+04:00 q4os-desktop kernel: [    0.294256] TCP established hash table entries: 4096 (order: 2, 16384 bytes, linear)
2024-10-30T14:28:29.198819+04:00 q4os-desktop kernel: [    0.294343] TCP bind hash table entries: 4096 (order: 4, 65536 bytes, linear)
2024-10-30T14:28:29.198822+04:00 q4os-desktop kernel: [    0.294367] TCP: Hash tables configured (established 4096 bind 4096)
2024-10-30T14:28:29.198825+04:00 q4os-desktop kernel: [    0.294561] MPTCP token hash table entries: 512 (order: 1, 8192 bytes, linear)
2024-10-30T14:28:29.198828+04:00 q4os-desktop kernel: [    0.294590] UDP hash table entries: 256 (order: 1, 8192 bytes, linear)
2024-10-30T14:28:29.198831+04:00 q4os-desktop kernel: [    0.294598] UDP-Lite hash table entries: 256 (order: 1, 8192 bytes, linear)
2024-10-30T14:28:29.198860+04:00 q4os-desktop kernel: [    0.294698] NET: Registered PF_UNIX/PF_LOCAL protocol family
2024-10-30T14:28:29.198866+04:00 q4os-desktop kernel: [    0.294751] NET: Registered PF_XDP protocol family
2024-10-30T14:28:29.198869+04:00 q4os-desktop kernel: [    0.294809] pci_bus 0000:00: resource 4 [io  0x0000-0x0cf7 window]
2024-10-30T14:28:29.198873+04:00 q4os-desktop kernel: [    0.294818] pci_bus 0000:00: resource 5 [io  0x0d00-0xffff window]
2024-10-30T14:28:29.198876+04:00 q4os-desktop kernel: [    0.294822] pci_bus 0000:00: resource 6 [mem 0x000a0000-0x000bffff window]
2024-10-30T14:28:29.198880+04:00 q4os-desktop kernel: [    0.294827] pci_bus 0000:00: resource 7 [mem 0x14000000-0xfebfffff window]
2024-10-30T14:28:29.198883+04:00 q4os-desktop kernel: [    0.294830] pci_bus 0000:00: resource 8 [mem 0x100000000-0x17fffffff window]
2024-10-30T14:28:29.198887+04:00 q4os-desktop kernel: [    0.294942] pci 0000:00:01.0: PIIX3: Enabling Passive Release
2024-10-30T14:28:29.198923+04:00 q4os-desktop kernel: [    0.294977] pci 0000:00:00.0: Limiting direct PCI/PCI transfers
2024-10-30T14:28:29.198929+04:00 q4os-desktop kernel: [    0.295005] pci 0000:00:01.0: Activating ISA DMA hang workarounds
2024-10-30T14:28:29.198933+04:00 q4os-desktop kernel: [    0.342301] ACPI: \_SB_.LNKA: Enabled at IRQ 10
2024-10-30T14:28:29.198936+04:00 q4os-desktop kernel: [    0.385587] pci 0000:00:05.0: quirk_usb_early_handoff+0x0/0x6e0 took 88332 usecs
2024-10-30T14:28:29.198941+04:00 q4os-desktop kernel: [    0.429805] ACPI: \_SB_.LNKB: Enabled at IRQ 11
2024-10-30T14:28:29.198945+04:00 q4os-desktop kernel: [    0.476051] pci 0000:00:05.1: quirk_usb_early_handoff+0x0/0x6e0 took 88228 usecs
2024-10-30T14:28:29.198969+04:00 q4os-desktop kernel: [    0.519497] ACPI: \_SB_.LNKC: Enabled at IRQ 11
2024-10-30T14:28:29.198975+04:00 q4os-desktop kernel: [    0.562080] pci 0000:00:05.2: quirk_usb_early_handoff+0x0/0x6e0 took 83922 usecs
2024-10-30T14:28:29.199019+04:00 q4os-desktop kernel: [    0.605321] ACPI: \_SB_.LNKD: Enabled at IRQ 10
2024-10-30T14:28:29.199025+04:00 q4os-desktop kernel: [    0.649781] pci 0000:00:05.7: quirk_usb_early_handoff+0x0/0x6e0 took 85558 usecs
2024-10-30T14:28:29.199029+04:00 q4os-desktop kernel: [    0.649882] PCI: CLS 0 bytes, default 64
2024-10-30T14:28:29.199032+04:00 q4os-desktop kernel: [    0.650163] clocksource: tsc: mask: 0xffffffffffffffff max_cycles: 0x23fa7af7c80, max_idle_ns: 440795241955 ns
2024-10-30T14:28:29.199035+04:00 q4os-desktop kernel: [    0.650268] Trying to unpack rootfs image as initramfs...
2024-10-30T14:28:29.199039+04:00 q4os-desktop kernel: [    0.651201] Initialise system trusted keyrings
2024-10-30T14:28:29.199042+04:00 q4os-desktop kernel: [    0.651248] Key type blacklist registered
2024-10-30T14:28:29.199379+04:00 q4os-desktop kernel: [    0.651578] workingset: timestamp_bits=14 max_order=17 bucket_order=3
2024-10-30T14:28:29.199447+04:00 q4os-desktop kernel: [    0.654648] zbud: loaded
2024-10-30T14:28:29.199456+04:00 q4os-desktop kernel: [    0.655722] integrity: Platform Keyring initialized
2024-10-30T14:28:29.199461+04:00 q4os-desktop kernel: [    0.655735] integrity: Machine keyring initialized
2024-10-30T14:28:29.199464+04:00 q4os-desktop kernel: [    0.655744] Key type asymmetric registered
2024-10-30T14:28:29.199467+04:00 q4os-desktop kernel: [    0.655759] Asymmetric key parser 'x509' registered
2024-10-30T14:28:29.199471+04:00 q4os-desktop kernel: [    2.048444] Freeing initrd memory: 44076K
2024-10-30T14:28:29.199475+04:00 q4os-desktop kernel: [    2.062686] alg: self-tests for CTR-KDF (hmac(sha256)) passed
2024-10-30T14:28:29.199478+04:00 q4os-desktop kernel: [    2.063048] Block layer SCSI generic (bsg) driver version 0.4 loaded (major 249)
2024-10-30T14:28:29.199520+04:00 q4os-desktop kernel: [    2.063375] io scheduler mq-deadline registered
2024-10-30T14:28:29.199527+04:00 q4os-desktop kernel: [    2.067493] shpchp: Standard Hot Plug PCI Controller Driver version: 0.4
2024-10-30T14:28:29.199531+04:00 q4os-desktop kernel: [    2.069151] isapnp: Scanning for PnP cards...
2024-10-30T14:28:29.199534+04:00 q4os-desktop kernel: [    2.437975] isapnp: No Plug & Play device found
2024-10-30T14:28:29.199537+04:00 q4os-desktop kernel: [    2.438360] Serial: 8250/16550 driver, 4 ports, IRQ sharing enabled
2024-10-30T14:28:29.199541+04:00 q4os-desktop kernel: [    2.439265] 00:00: ttyS0 at I/O 0x3f8 (irq = 4, base_baud = 115200) is a 16550A
2024-10-30T14:28:29.199544+04:00 q4os-desktop kernel: [    2.440790] Linux agpgart interface v0.103
2024-10-30T14:28:29.199547+04:00 q4os-desktop kernel: [    2.443345] i8042: PNP: PS/2 Controller [PNP0303:KBD,PNP0f13:MOU] at 0x60,0x64 irq 1,12
2024-10-30T14:28:29.199590+04:00 q4os-desktop kernel: [    2.444905] serio: i8042 KBD port at 0x60,0x64 irq 1
2024-10-30T14:28:29.199597+04:00 q4os-desktop kernel: [    2.444928] serio: i8042 AUX port at 0x60,0x64 irq 12
2024-10-30T14:28:29.199601+04:00 q4os-desktop kernel: [    2.445512] mousedev: PS/2 mouse device common for all mice
2024-10-30T14:28:29.199610+04:00 q4os-desktop kernel: [    2.446503] input: AT Translated Set 2 keyboard as /devices/platform/i8042/serio0/input/input0
2024-10-30T14:28:29.199615+04:00 q4os-desktop kernel: [    2.446742] rtc_cmos 00:04: RTC can wake from S4
2024-10-30T14:28:29.199618+04:00 q4os-desktop kernel: [    2.447895] rtc_cmos 00:04: registered as rtc0
2024-10-30T14:28:29.199621+04:00 q4os-desktop kernel: [    2.448032] rtc_cmos 00:04: setting system clock to 2024-10-30T10:28:21 UTC (1730284101)
2024-10-30T14:28:29.199623+04:00 q4os-desktop kernel: [    2.448213] rtc_cmos 00:04: alarms up to one day, y3k, 242 bytes nvram
2024-10-30T14:28:29.199802+04:00 q4os-desktop kernel: [    2.448238] intel_pstate: CPU model not supported
2024-10-30T14:28:29.199812+04:00 q4os-desktop kernel: [    2.448838] ledtrig-cpu: registered to indicate activity on CPUs
2024-10-30T14:28:29.199816+04:00 q4os-desktop kernel: [    2.449611] NET: Registered PF_INET6 protocol family
2024-10-30T14:28:29.199819+04:00 q4os-desktop kernel: [    2.461617] Segment Routing with IPv6
2024-10-30T14:28:29.199823+04:00 q4os-desktop kernel: [    2.461648] In-situ OAM (IOAM) with IPv6
2024-10-30T14:28:29.199826+04:00 q4os-desktop kernel: [    2.461711] mip6: Mobile IPv6
2024-10-30T14:28:29.199830+04:00 q4os-desktop kernel: [    2.461732] NET: Registered PF_PACKET protocol family
2024-10-30T14:28:29.199834+04:00 q4os-desktop kernel: [    2.462034] mpls_gso: MPLS GSO support
2024-10-30T14:28:29.199874+04:00 q4os-desktop kernel: [    2.463867] IPI shorthand broadcast: enabled
2024-10-30T14:28:29.199881+04:00 q4os-desktop kernel: [    2.463950] sched_clock: Marking stable (2436021834, 26719929)->(2495545016, -32803253)
2024-10-30T14:28:29.199885+04:00 q4os-desktop kernel: [    2.464854] registered taskstats version 1
2024-10-30T14:28:29.199889+04:00 q4os-desktop kernel: [    2.464878] Loading compiled-in X.509 certificates
2024-10-30T14:28:29.199892+04:00 q4os-desktop kernel: [    2.616118] Loaded X.509 cert 'Debian Secure Boot CA: 6ccece7e4c6c0d1f6149f3dd27dfcc5cbb419ea1'
2024-10-30T14:28:29.199897+04:00 q4os-desktop kernel: [    2.616166] Loaded X.509 cert 'Debian Secure Boot Signer 2022 - linux: 14011249c2675ea8e5148542202005810584b25f'
2024-10-30T14:28:29.199901+04:00 q4os-desktop kernel: [    2.617651] zswap: loaded using pool lzo/zbud
2024-10-30T14:28:29.199938+04:00 q4os-desktop kernel: [    2.618331] Key type .fscrypt registered
2024-10-30T14:28:29.199943+04:00 q4os-desktop kernel: [    2.618335] Key type fscrypt-provisioning registered
2024-10-30T14:28:29.199946+04:00 q4os-desktop kernel: [    2.628882] Key type encrypted registered
2024-10-30T14:28:29.199978+04:00 q4os-desktop kernel: [    2.628897] AppArmor: AppArmor sha1 policy hashing enabled
2024-10-30T14:28:29.199982+04:00 q4os-desktop kernel: [    2.628946] ima: No TPM chip found, activating TPM-bypass!
2024-10-30T14:28:29.199986+04:00 q4os-desktop kernel: [    2.628952] ima: Allocated hash algorithm: sha256
2024-10-30T14:28:29.199989+04:00 q4os-desktop kernel: [    2.628988] ima: No architecture policies found
2024-10-30T14:28:29.199998+04:00 q4os-desktop kernel: [    2.629047] evm: Initialising EVM extended attributes:
2024-10-30T14:28:29.200038+04:00 q4os-desktop kernel: [    2.629049] evm: security.selinux
2024-10-30T14:28:29.200045+04:00 q4os-desktop kernel: [    2.629051] evm: security.SMACK64 (disabled)
2024-10-30T14:28:29.200049+04:00 q4os-desktop kernel: [    2.629054] evm: security.SMACK64EXEC (disabled)
2024-10-30T14:28:29.200052+04:00 q4os-desktop kernel: [    2.629056] evm: security.SMACK64TRANSMUTE (disabled)
2024-10-30T14:28:29.200055+04:00 q4os-desktop kernel: [    2.629073] evm: security.SMACK64MMAP (disabled)
2024-10-30T14:28:29.200059+04:00 q4os-desktop kernel: [    2.629076] evm: security.apparmor
2024-10-30T14:28:29.200062+04:00 q4os-desktop kernel: [    2.629078] evm: security.ima
2024-10-30T14:28:29.200066+04:00 q4os-desktop kernel: [    2.629081] evm: security.capability
2024-10-30T14:28:29.200100+04:00 q4os-desktop kernel: [    2.629084] evm: HMAC attrs: 0x1
2024-10-30T14:28:29.200104+04:00 q4os-desktop kernel: [    3.517409] clk: Disabling unused clocks
2024-10-30T14:28:29.200107+04:00 q4os-desktop kernel: [    3.523192] Freeing unused kernel image (initmem) memory: 920K
2024-10-30T14:28:29.200111+04:00 q4os-desktop kernel: [    3.523380] Write protecting kernel text and read-only data: 12540k
2024-10-30T14:28:29.200114+04:00 q4os-desktop kernel: [    3.523385] NX-protecting the kernel data: 7012k
2024-10-30T14:28:29.200118+04:00 q4os-desktop kernel: [    3.524343] x86/mm: Checked W+X mappings: passed, no W+X pages found.
2024-10-30T14:28:29.200121+04:00 q4os-desktop kernel: [    3.524368] Run /init as init process
2024-10-30T14:28:29.200124+04:00 q4os-desktop kernel: [    3.524372]   with arguments:
2024-10-30T14:28:29.200150+04:00 q4os-desktop kernel: [    3.524375]     /init
2024-10-30T14:28:29.200154+04:00 q4os-desktop kernel: [    3.524377]   with environment:
2024-10-30T14:28:29.200157+04:00 q4os-desktop kernel: [    3.524379]     HOME=/
2024-10-30T14:28:29.200161+04:00 q4os-desktop kernel: [    3.524381]     TERM=linux
2024-10-30T14:28:29.200164+04:00 q4os-desktop kernel: [    3.524384]     BOOT_IMAGE=/boot/vmlinuz-6.1.0-22-686-pae
2024-10-30T14:28:29.200167+04:00 q4os-desktop kernel: [    3.894654] piix4_smbus 0000:00:01.3: SMBus Host Controller at 0x700, revision 0
2024-10-30T14:28:29.200171+04:00 q4os-desktop kernel: [    3.911735] FDC 0 is a S82078B
2024-10-30T14:28:29.200174+04:00 q4os-desktop kernel: [    3.913522] 8139cp: 8139cp: 10/100 PCI Ethernet driver v1.3 (Mar 22, 2004)
2024-10-30T14:28:29.200199+04:00 q4os-desktop kernel: [    3.932220] input: VirtualPS/2 VMware VMMouse as /devices/platform/i8042/serio1/input/input3
2024-10-30T14:28:29.200203+04:00 q4os-desktop kernel: [    3.934901] input: VirtualPS/2 VMware VMMouse as /devices/platform/i8042/serio1/input/input2
2024-10-30T14:28:29.200207+04:00 q4os-desktop kernel: [    3.946250] ACPI: bus type USB registered
2024-10-30T14:28:29.200210+04:00 q4os-desktop kernel: [    3.946348] usbcore: registered new interface driver usbfs
2024-10-30T14:28:29.200213+04:00 q4os-desktop kernel: [    3.946376] usbcore: registered new interface driver hub
2024-10-30T14:28:29.200216+04:00 q4os-desktop kernel: [    3.946412] usbcore: registered new device driver usb
2024-10-30T14:28:29.200219+04:00 q4os-desktop kernel: [    3.952160] SCSI subsystem initialized
2024-10-30T14:28:29.200222+04:00 q4os-desktop kernel: [    3.958810] cryptd: max_cpu_qlen set to 1000
2024-10-30T14:28:29.200274+04:00 q4os-desktop kernel: [    3.981188] 8139cp 0000:00:03.0 eth0: RTL-8139C+ at 0x0da452bf, 52:54:00:69:99:2d, IRQ 11
2024-10-30T14:28:29.200279+04:00 q4os-desktop kernel: [    4.031507] 8139too: 8139too Fast Ethernet driver 0.9.28
2024-10-30T14:28:29.200284+04:00 q4os-desktop kernel: [    4.031988] libata version 3.00 loaded.
2024-10-30T14:28:29.200287+04:00 q4os-desktop kernel: [    4.039455] ata_piix 0000:00:01.1: version 2.13
2024-10-30T14:28:29.200290+04:00 q4os-desktop kernel: [    4.058883] scsi host0: ata_piix
2024-10-30T14:28:29.200294+04:00 q4os-desktop kernel: [    4.059661] scsi host1: ata_piix
2024-10-30T14:28:29.200297+04:00 q4os-desktop kernel: [    4.059803] ata1: PATA max MWDMA2 cmd 0x1f0 ctl 0x3f6 bmdma 0xc200 irq 14
2024-10-30T14:28:29.200301+04:00 q4os-desktop kernel: [    4.059811] ata2: PATA max MWDMA2 cmd 0x170 ctl 0x376 bmdma 0xc208 irq 15
2024-10-30T14:28:29.200340+04:00 q4os-desktop kernel: [    4.164520] uhci_hcd 0000:00:05.0: UHCI Host Controller
2024-10-30T14:28:29.200346+04:00 q4os-desktop kernel: [    4.164552] uhci_hcd 0000:00:05.0: new USB bus registered, assigned bus number 1
2024-10-30T14:28:29.200350+04:00 q4os-desktop kernel: [    4.164608] uhci_hcd 0000:00:05.0: detected 2 ports
2024-10-30T14:28:29.200353+04:00 q4os-desktop kernel: [    4.164906] uhci_hcd 0000:00:05.0: irq 10, io port 0x0000c1a0
2024-10-30T14:28:29.200357+04:00 q4os-desktop kernel: [    4.165177] usb usb1: New USB device found, idVendor=1d6b, idProduct=0001, bcdDevice= 6.01
2024-10-30T14:28:29.200361+04:00 q4os-desktop kernel: [    4.165186] usb usb1: New USB device strings: Mfr=3, Product=2, SerialNumber=1
2024-10-30T14:28:29.200365+04:00 q4os-desktop kernel: [    4.165190] usb usb1: Product: UHCI Host Controller
2024-10-30T14:28:29.200368+04:00 q4os-desktop kernel: [    4.165194] usb usb1: Manufacturer: Linux 6.1.0-22-686-pae uhci_hcd
2024-10-30T14:28:29.200413+04:00 q4os-desktop kernel: [    4.165197] usb usb1: SerialNumber: 0000:00:05.0
2024-10-30T14:28:29.200419+04:00 q4os-desktop kernel: [    4.165657] hub 1-0:1.0: USB hub found
2024-10-30T14:28:29.200422+04:00 q4os-desktop kernel: [    4.165674] hub 1-0:1.0: 2 ports detected
2024-10-30T14:28:29.200424+04:00 q4os-desktop kernel: [    4.166760] ehci-pci 0000:00:05.7: EHCI Host Controller
2024-10-30T14:28:29.200427+04:00 q4os-desktop kernel: [    4.166782] ehci-pci 0000:00:05.7: new USB bus registered, assigned bus number 2
2024-10-30T14:28:29.200429+04:00 q4os-desktop kernel: [    4.167394] ehci-pci 0000:00:05.7: irq 10, io mem 0xfc057000
2024-10-30T14:28:29.200432+04:00 q4os-desktop kernel: [    4.186854] ehci-pci 0000:00:05.7: USB 2.0 started, EHCI 1.00
2024-10-30T14:28:29.200434+04:00 q4os-desktop kernel: [    4.187020] usb usb2: New USB device found, idVendor=1d6b, idProduct=0002, bcdDevice= 6.01
2024-10-30T14:28:29.200460+04:00 q4os-desktop kernel: [    4.187031] usb usb2: New USB device strings: Mfr=3, Product=2, SerialNumber=1
2024-10-30T14:28:29.200464+04:00 q4os-desktop kernel: [    4.187038] usb usb2: Product: EHCI Host Controller
2024-10-30T14:28:29.200466+04:00 q4os-desktop kernel: [    4.187071] usb usb2: Manufacturer: Linux 6.1.0-22-686-pae ehci_hcd
2024-10-30T14:28:29.200469+04:00 q4os-desktop kernel: [    4.187095] usb usb2: SerialNumber: 0000:00:05.7
2024-10-30T14:28:29.200471+04:00 q4os-desktop kernel: [    4.187578] hub 2-0:1.0: USB hub found
2024-10-30T14:28:29.200474+04:00 q4os-desktop kernel: [    4.187599] hub 2-0:1.0: 6 ports detected
2024-10-30T14:28:29.200476+04:00 q4os-desktop kernel: [    4.219172] hub 1-0:1.0: USB hub found
2024-10-30T14:28:29.200478+04:00 q4os-desktop kernel: [    4.219214] hub 1-0:1.0: 2 ports detected
2024-10-30T14:28:29.200508+04:00 q4os-desktop kernel: [    4.219386] ata2: found unknown device (class 0)
2024-10-30T14:28:29.200512+04:00 q4os-desktop kernel: [    4.220705] ata2.00: ATAPI: QEMU DVD-ROM, 2.5+, max UDMA/100
2024-10-30T14:28:29.200514+04:00 q4os-desktop kernel: [    4.223109] ata1: found unknown device (class 0)
2024-10-30T14:28:29.200517+04:00 q4os-desktop kernel: [    4.224206] ata1.00: ATA-7: QEMU HARDDISK, 2.5+, max UDMA/100
2024-10-30T14:28:29.200519+04:00 q4os-desktop kernel: [    4.224216] ata1.00: 41943040 sectors, multi 16: LBA48 
2024-10-30T14:28:29.200522+04:00 q4os-desktop kernel: [    4.225656] scsi 0:0:0:0: Direct-Access     ATA      QEMU HARDDISK    2.5+ PQ: 0 ANSI: 5
2024-10-30T14:28:29.200524+04:00 q4os-desktop kernel: [    4.228265] scsi 1:0:0:0: CD-ROM            QEMU     QEMU DVD-ROM     2.5+ PQ: 0 ANSI: 5
2024-10-30T14:28:29.200527+04:00 q4os-desktop kernel: [    4.267394] uhci_hcd 0000:00:05.1: UHCI Host Controller
2024-10-30T14:28:29.200547+04:00 q4os-desktop kernel: [    4.267419] uhci_hcd 0000:00:05.1: new USB bus registered, assigned bus number 3
2024-10-30T14:28:29.200670+04:00 q4os-desktop kernel: [    4.267455] uhci_hcd 0000:00:05.1: detected 2 ports
2024-10-30T14:28:29.200675+04:00 q4os-desktop kernel: [    4.267834] uhci_hcd 0000:00:05.1: irq 11, io port 0x0000c1c0
2024-10-30T14:28:29.200678+04:00 q4os-desktop kernel: [    4.268073] usb usb3: New USB device found, idVendor=1d6b, idProduct=0001, bcdDevice= 6.01
2024-10-30T14:28:29.200681+04:00 q4os-desktop kernel: [    4.268081] usb usb3: New USB device strings: Mfr=3, Product=2, SerialNumber=1
2024-10-30T14:28:29.200684+04:00 q4os-desktop kernel: [    4.268085] usb usb3: Product: UHCI Host Controller
2024-10-30T14:28:29.200687+04:00 q4os-desktop kernel: [    4.268089] usb usb3: Manufacturer: Linux 6.1.0-22-686-pae uhci_hcd
2024-10-30T14:28:29.200691+04:00 q4os-desktop kernel: [    4.268092] usb usb3: SerialNumber: 0000:00:05.1
2024-10-30T14:28:29.200695+04:00 q4os-desktop kernel: [    4.268566] hub 3-0:1.0: USB hub found
2024-10-30T14:28:29.200699+04:00 q4os-desktop kernel: [    4.268593] hub 3-0:1.0: 2 ports detected
2024-10-30T14:28:29.200970+04:00 q4os-desktop kernel: [    4.324496] uhci_hcd 0000:00:05.2: UHCI Host Controller
2024-10-30T14:28:29.200981+04:00 q4os-desktop kernel: [    4.324526] uhci_hcd 0000:00:05.2: new USB bus registered, assigned bus number 4
2024-10-30T14:28:29.200986+04:00 q4os-desktop kernel: [    4.324573] uhci_hcd 0000:00:05.2: detected 2 ports
2024-10-30T14:28:29.200989+04:00 q4os-desktop kernel: [    4.324771] uhci_hcd 0000:00:05.2: irq 11, io port 0x0000c1e0
2024-10-30T14:28:29.200992+04:00 q4os-desktop kernel: [    4.324994] usb usb4: New USB device found, idVendor=1d6b, idProduct=0001, bcdDevice= 6.01
2024-10-30T14:28:29.200996+04:00 q4os-desktop kernel: [    4.325012] usb usb4: New USB device strings: Mfr=3, Product=2, SerialNumber=1
2024-10-30T14:28:29.201000+04:00 q4os-desktop kernel: [    4.325018] usb usb4: Product: UHCI Host Controller
2024-10-30T14:28:29.201004+04:00 q4os-desktop kernel: [    4.325022] usb usb4: Manufacturer: Linux 6.1.0-22-686-pae uhci_hcd
2024-10-30T14:28:29.201008+04:00 q4os-desktop kernel: [    4.325076] usb usb4: SerialNumber: 0000:00:05.2
2024-10-30T14:28:29.201012+04:00 q4os-desktop kernel: [    4.330989] hub 4-0:1.0: USB hub found
2024-10-30T14:28:29.201015+04:00 q4os-desktop kernel: [    4.331011] hub 4-0:1.0: 2 ports detected
2024-10-30T14:28:29.201019+04:00 q4os-desktop kernel: [    4.386946] 8139cp 0000:00:03.0 ens3: renamed from eth0
2024-10-30T14:28:29.201023+04:00 q4os-desktop kernel: [    4.408738] sd 0:0:0:0: [sda] 41943040 512-byte logical blocks: (21.5 GB/20.0 GiB)
2024-10-30T14:28:29.201028+04:00 q4os-desktop kernel: [    4.408814] sd 0:0:0:0: [sda] Write Protect is off
2024-10-30T14:28:29.201032+04:00 q4os-desktop kernel: [    4.408823] sd 0:0:0:0: [sda] Mode Sense: 00 3a 00 00
2024-10-30T14:28:29.201036+04:00 q4os-desktop kernel: [    4.408921] sd 0:0:0:0: [sda] Write cache: enabled, read cache: enabled, doesn't support DPO or FUA
2024-10-30T14:28:29.201042+04:00 q4os-desktop kernel: [    4.409067] sd 0:0:0:0: [sda] Preferred minimum I/O size 512 bytes
2024-10-30T14:28:29.201046+04:00 q4os-desktop kernel: [    4.412002]  sda: sda1 sda2 < sda5 >
2024-10-30T14:28:29.201050+04:00 q4os-desktop kernel: [    4.412698] sd 0:0:0:0: [sda] Attached SCSI disk
2024-10-30T14:28:29.201054+04:00 q4os-desktop kernel: [    4.464807] sr 1:0:0:0: [sr0] scsi3-mmc drive: 4x/4x cd/rw xa/form2 tray
2024-10-30T14:28:29.201059+04:00 q4os-desktop kernel: [    4.464821] cdrom: Uniform CD-ROM driver Revision: 3.20
2024-10-30T14:28:29.201063+04:00 q4os-desktop kernel: [    4.516463] sr 1:0:0:0: Attached scsi CD-ROM sr0
2024-10-30T14:28:29.201067+04:00 q4os-desktop kernel: [    4.654887] usb 1-1: new full-speed USB device number 2 using uhci_hcd
2024-10-30T14:28:29.201071+04:00 q4os-desktop kernel: [    4.825156] usb 1-1: New USB device found, idVendor=08e6, idProduct=4433, bcdDevice= 0.00
2024-10-30T14:28:29.201076+04:00 q4os-desktop kernel: [    4.825191] usb 1-1: New USB device strings: Mfr=1, Product=2, SerialNumber=3
2024-10-30T14:28:29.201080+04:00 q4os-desktop kernel: [    4.825198] usb 1-1: Product: QEMU USB CCID
2024-10-30T14:28:29.201084+04:00 q4os-desktop kernel: [    4.825204] usb 1-1: Manufacturer: QEMU
2024-10-30T14:28:29.201088+04:00 q4os-desktop kernel: [    4.825209] usb 1-1: SerialNumber: 1-0000:00:05.7-1
2024-10-30T14:28:29.201092+04:00 q4os-desktop kernel: [    5.420725] device-mapper: core: CONFIG_IMA_DISABLE_HTABLE is disabled. Duplicate IMA measurements will not be recorded in the IMA log.
2024-10-30T14:28:29.201097+04:00 q4os-desktop kernel: [    5.420825] device-mapper: uevent: version 1.0.3
2024-10-30T14:28:29.201102+04:00 q4os-desktop kernel: [    5.421173] device-mapper: ioctl: 4.47.0-ioctl (2022-07-28) initialised: dm-devel@redhat.com
2024-10-30T14:28:29.201106+04:00 q4os-desktop kernel: [    5.574767] raid6: avx2x2   gen() 11668 MB/s
2024-10-30T14:28:29.201110+04:00 q4os-desktop kernel: [    5.642765] raid6: avx2x1   gen() 10078 MB/s
2024-10-30T14:28:29.201114+04:00 q4os-desktop kernel: [    5.642776] raid6: using algorithm avx2x2 gen() 11668 MB/s
2024-10-30T14:28:29.201118+04:00 q4os-desktop kernel: [    5.710787] raid6: .... xor() 6606 MB/s, rmw enabled
2024-10-30T14:28:29.201122+04:00 q4os-desktop kernel: [    5.710797] raid6: using avx2x1 recovery algorithm
2024-10-30T14:28:29.201126+04:00 q4os-desktop kernel: [    5.714226] xor: automatically using best checksumming function   avx       
2024-10-30T14:28:29.201130+04:00 q4os-desktop kernel: [    5.717090] async_tx: api initialized (async)
2024-10-30T14:28:29.201135+04:00 q4os-desktop kernel: [    6.145058] Btrfs loaded, crc32c=crc32c-intel, zoned=yes, fsverity=yes
2024-10-30T14:28:29.201138+04:00 q4os-desktop kernel: [    6.419892] PM: Image not found (code -22)
2024-10-30T14:28:29.201142+04:00 q4os-desktop kernel: [    6.613869] EXT4-fs (sda1): mounted filesystem with ordered data mode. Quota mode: none.
2024-10-30T14:28:29.201146+04:00 q4os-desktop kernel: [    6.750081] Not activating Mandatory Access Control as /sbin/tomoyo-init does not exist.
2024-10-30T14:28:29.201159+04:00 q4os-desktop kernel: [    7.747625] loop: module loaded
2024-10-30T14:28:29.201347+04:00 q4os-desktop kernel: [    7.774110] fuse: init (API version 7.37)
2024-10-30T14:28:29.201354+04:00 q4os-desktop kernel: [    7.795030] EXT4-fs (sda1): re-mounted. Quota mode: none.
2024-10-30T14:28:29.201357+04:00 q4os-desktop kernel: [    7.809278] ACPI: bus type drm_connector registered
2024-10-30T14:28:29.201362+04:00 q4os-desktop kernel: [    8.653591] audit: type=1400 audit(1730284107.700:2): apparmor="STATUS" operation="profile_load" profile="unconfined" name="nvidia_modprobe" pid=388 comm="apparmor_parser"
2024-10-30T14:28:29.201365+04:00 q4os-desktop kernel: [    8.658380] audit: type=1400 audit(1730284107.704:3): apparmor="STATUS" operation="profile_load" profile="unconfined" name="nvidia_modprobe//kmod" pid=388 comm="apparmor_parser"
2024-10-30T14:28:29.201367+04:00 q4os-desktop kernel: [    8.735848] audit: type=1400 audit(1730284107.784:4): apparmor="STATUS" operation="profile_load" profile="unconfined" name="lsb_release" pid=387 comm="apparmor_parser"
2024-10-30T14:28:29.201371+04:00 q4os-desktop kernel: [    8.873650] audit: type=1400 audit(1730284107.920:5): apparmor="STATUS" operation="profile_load" profile="unconfined" name="/usr/bin/man" pid=390 comm="apparmor_parser"
2024-10-30T14:28:29.201374+04:00 q4os-desktop kernel: [    8.876333] audit: type=1400 audit(1730284107.928:6): apparmor="STATUS" operation="profile_load" profile="unconfined" name="man_filter" pid=390 comm="apparmor_parser"
2024-10-30T14:28:29.201376+04:00 q4os-desktop kernel: [    8.880485] audit: type=1400 audit(1730284107.928:7): apparmor="STATUS" operation="profile_load" profile="unconfined" name="man_groff" pid=390 comm="apparmor_parser"
2024-10-30T14:28:29.201379+04:00 q4os-desktop kernel: [    9.031672] sd 0:0:0:0: Attached scsi generic sg0 type 0
2024-10-30T14:28:29.201382+04:00 q4os-desktop kernel: [    9.032038] sr 1:0:0:0: Attached scsi generic sg1 type 5
2024-10-30T14:28:29.201385+04:00 q4os-desktop kernel: [    9.037811] input: Power Button as /devices/LNXSYSTM:00/LNXPWRBN:00/input/input4
2024-10-30T14:28:29.201388+04:00 q4os-desktop kernel: [    9.055606] ACPI: button: Power Button [PWRF]
2024-10-30T14:28:29.201391+04:00 q4os-desktop kernel: [    9.292453] Adding 526332k swap on /dev/sda5.  Priority:-2 extents:1 across:526332k FS
2024-10-30T14:28:29.201393+04:00 q4os-desktop kernel: [    9.360749] input: PC Speaker as /devices/platform/pcspkr/input/input5
2024-10-30T14:28:29.201396+04:00 q4os-desktop kernel: [    9.476936] audit: type=1400 audit(1730284108.524:8): apparmor="STATUS" operation="profile_load" profile="unconfined" name="/usr/lib/NetworkManager/nm-dhcp-client.action" pid=389 comm="apparmor_parser"
2024-10-30T14:28:29.201399+04:00 q4os-desktop kernel: [    9.477505] RAPL PMU: API unit is 2^-32 Joules, 0 fixed counters, 10737418240 ms ovfl timer
2024-10-30T14:28:29.201402+04:00 q4os-desktop kernel: [    9.482601] audit: type=1400 audit(1730284108.528:9): apparmor="STATUS" operation="profile_load" profile="unconfined" name="/usr/lib/NetworkManager/nm-dhcp-helper" pid=389 comm="apparmor_parser"
2024-10-30T14:28:29.201405+04:00 q4os-desktop kernel: [    9.486806] audit: type=1400 audit(1730284108.532:10): apparmor="STATUS" operation="profile_load" profile="unconfined" name="/usr/lib/connman/scripts/dhclient-script" pid=389 comm="apparmor_parser"
2024-10-30T14:28:29.201408+04:00 q4os-desktop kernel: [    9.498216] audit: type=1400 audit(1730284108.544:11): apparmor="STATUS" operation="profile_load" profile="unconfined" name="/{,usr/}sbin/dhclient" pid=389 comm="apparmor_parser"
2024-10-30T14:28:29.201411+04:00 q4os-desktop kernel: [    9.596244] qxl 0000:00:02.0: vgaarb: deactivate vga console
2024-10-30T14:28:29.201413+04:00 q4os-desktop kernel: [    9.603175] Console: switching to colour dummy device 80x25
2024-10-30T14:28:29.201416+04:00 q4os-desktop kernel: [    9.603434] [drm] Device Version 0.0
2024-10-30T14:28:29.201418+04:00 q4os-desktop kernel: [    9.603441] [drm] Compression level 0 log level 0
2024-10-30T14:28:29.201421+04:00 q4os-desktop kernel: [    9.603445] [drm] 12286 io pages at offset 0x1000000
2024-10-30T14:28:29.201423+04:00 q4os-desktop kernel: [    9.603450] [drm] 16777216 byte draw area at offset 0x0
2024-10-30T14:28:29.201426+04:00 q4os-desktop kernel: [    9.603455] [drm] RAM header offset: 0x3ffe000
2024-10-30T14:28:29.201428+04:00 q4os-desktop kernel: [    9.603516] [drm] qxl: 16M of VRAM memory size
2024-10-30T14:28:29.201430+04:00 q4os-desktop kernel: [    9.603520] [drm] qxl: 63M of IO pages memory ready (VRAM domain)
2024-10-30T14:28:29.201433+04:00 q4os-desktop kernel: [    9.603524] [drm] qxl: 64M of Surface memory size
2024-10-30T14:28:29.201435+04:00 q4os-desktop kernel: [    9.636445] [drm] slot 0 (main): base 0xf4000000, size 0x03ffe000
2024-10-30T14:28:29.201438+04:00 q4os-desktop kernel: [    9.636790] [drm] slot 1 (surfaces): base 0xf8000000, size 0x04000000
2024-10-30T14:28:29.201440+04:00 q4os-desktop kernel: [    9.637743] [drm] Initialized qxl 0.1.0 20120117 for 0000:00:02.0 on minor 0
2024-10-30T14:28:29.201443+04:00 q4os-desktop kernel: [    9.640859] fbcon: qxldrmfb (fb0) is primary device
2024-10-30T14:28:29.201445+04:00 q4os-desktop kernel: [    9.715364] Console: switching to colour frame buffer device 128x48
2024-10-30T14:28:29.201449+04:00 q4os-desktop kernel: [    9.738870] qxl 0000:00:02.0: [drm] fb0: qxldrmfb frame buffer device
2024-10-30T14:28:29.209832+04:00 q4os-desktop polkitd[428]: Started polkitd version 122
2024-10-30T14:28:29.230609+04:00 q4os-desktop udisksd[431]: udisks daemon version 2.9.4 starting
2024-10-30T14:28:29.269728+04:00 q4os-desktop acpid: starting up with netlink and the input layer
2024-10-30T14:28:29.279052+04:00 q4os-desktop acpid: 1 rule loaded
2024-10-30T14:28:29.279371+04:00 q4os-desktop acpid: waiting for events: event logging is off
2024-10-30T14:28:29.311379+04:00 q4os-desktop systemd[1]: Started dbus.service - D-Bus System Message Bus.
2024-10-30T14:28:29.366930+04:00 q4os-desktop systemd[1]: Starting NetworkManager.service - Network Manager...
2024-10-30T14:28:29.367990+04:00 q4os-desktop systemd[1]: Starting wpa_supplicant.service - WPA supplicant...
2024-10-30T14:28:29.406041+04:00 q4os-desktop console-setup.sh[357]: /usr/bin/setupcon: 999: cannot open /tmp/tmpkbd.ABsA7N: No such file
2024-10-30T14:28:29.406890+04:00 q4os-desktop systemd[1]: console-setup.service: Main process exited, code=exited, status=1/FAILURE
2024-10-30T14:28:29.407524+04:00 q4os-desktop systemd[1]: console-setup.service: Failed with result 'exit-code'.
2024-10-30T14:28:29.408637+04:00 q4os-desktop systemd[1]: Failed to start console-setup.service - Set console font and keymap.
2024-10-30T14:28:29.409058+04:00 q4os-desktop systemd[1]: console-setup.service: Consumed 1.838s CPU time.
2024-10-30T14:28:29.413889+04:00 q4os-desktop systemd[1]: Started polkit.service - Authorization Manager.
2024-10-30T14:28:29.418273+04:00 q4os-desktop systemd[1]: Starting ModemManager.service - Modem Manager...
2024-10-30T14:28:29.507040+04:00 q4os-desktop kernel: [   10.452629] snd_hda_codec_generic hdaudioC0D0: autoconfig for Generic: line_outs=1 (0x3/0x0/0x0/0x0/0x0) type:line
2024-10-30T14:28:29.507104+04:00 q4os-desktop kernel: [   10.452644] snd_hda_codec_generic hdaudioC0D0:    speaker_outs=0 (0x0/0x0/0x0/0x0/0x0)
2024-10-30T14:28:29.507207+04:00 q4os-desktop kernel: [   10.452652] snd_hda_codec_generic hdaudioC0D0:    hp_outs=0 (0x0/0x0/0x0/0x0/0x0)
2024-10-30T14:28:29.507253+04:00 q4os-desktop kernel: [   10.452659] snd_hda_codec_generic hdaudioC0D0:    mono: mono_out=0x0
2024-10-30T14:28:29.507260+04:00 q4os-desktop kernel: [   10.452664] snd_hda_codec_generic hdaudioC0D0:    inputs:
2024-10-30T14:28:29.507263+04:00 q4os-desktop kernel: [   10.452685] snd_hda_codec_generic hdaudioC0D0:      Line=0x5
2024-10-30T14:28:29.691331+04:00 q4os-desktop systemd[1]: Started wpa_supplicant.service - WPA supplicant.
2024-10-30T14:28:29.697694+04:00 q4os-desktop wpa_supplicant[462]: Successfully initialized wpa_supplicant
2024-10-30T14:28:29.703476+04:00 q4os-desktop udisksd[431]: failed to load module mdraid: libbd_mdraid.so.2: cannot open shared object file: No such file or directory
2024-10-30T14:28:29.728533+04:00 q4os-desktop ModemManager[469]: <info>  ModemManager (version 1.20.4) starting in system bus...
2024-10-30T14:28:29.786050+04:00 q4os-desktop udisksd[431]: Failed to load the 'mdraid' libblockdev plugin
2024-10-30T14:28:30.007792+04:00 q4os-desktop (udev-worker)[402]: controlC0: Process '/usr/sbin/alsactl -E HOME=/run/alsa -E XDG_RUNTIME_DIR=/run/alsa/runtime restore 0' failed with exit code 99.
2024-10-30T14:28:30.017844+04:00 q4os-desktop NetworkManager[457]: <info>  [1730284110.0168] NetworkManager (version 1.42.4) is starting... (boot:dc1b5079-d84a-4682-af26-841f7b8c789a)
2024-10-30T14:28:30.018336+04:00 q4os-desktop NetworkManager[457]: <info>  [1730284110.0170] Read config: /etc/NetworkManager/NetworkManager.conf (lib: no-mac-addr-change.conf)
2024-10-30T14:28:30.028291+04:00 q4os-desktop NetworkManager[457]: <info>  [1730284110.0279] bus-manager: acquired D-Bus service "org.freedesktop.NetworkManager"
2024-10-30T14:28:30.029546+04:00 q4os-desktop systemd[1]: Started NetworkManager.service - Network Manager.
2024-10-30T14:28:30.031023+04:00 q4os-desktop systemd[1]: Reached target network.target - Network.
2024-10-30T14:28:30.031430+04:00 q4os-desktop systemd[1]: alsa-state.service - Manage Sound Card State (restore and store) was skipped because of an unmet condition check (ConditionPathExists=/etc/alsa/state-daemon.conf).
2024-10-30T14:28:30.063174+04:00 q4os-desktop NetworkManager[457]: <info>  [1730284110.0628] manager[0xf700f0]: monitoring kernel firmware directory '/lib/firmware'.
2024-10-30T14:28:30.063577+04:00 q4os-desktop NetworkManager[457]: <info>  [1730284110.0630] monitoring ifupdown state file '/run/network/ifstate'.
2024-10-30T14:28:30.064381+04:00 q4os-desktop systemd[1]: Starting alsa-restore.service - Save/Restore Sound Card State...
2024-10-30T14:28:30.070390+04:00 q4os-desktop alsactl[502]: /usr/sbin/alsactl: load_state:1689: Cannot open /var/lib/alsa/asound.state for reading: No such file or directory
2024-10-30T14:28:30.071565+04:00 q4os-desktop dbus-daemon[425]: [system] Activating via systemd: service name='org.freedesktop.hostname1' unit='dbus-org.freedesktop.hostname1.service' requested by ':1.6' (uid=0 pid=457 comm="/usr/sbin/NetworkManager --no-daemon")
2024-10-30T14:28:30.072127+04:00 q4os-desktop systemd[1]: Starting systemd-user-sessions.service - Permit User Sessions...
2024-10-30T14:28:30.091225+04:00 q4os-desktop alsactl[502]: Found hardware: "HDA-Intel" "QEMU Generic" "HDA:1af40022,1af40022,00100101" "0x1af4" "0x1100"
2024-10-30T14:28:30.095547+04:00 q4os-desktop alsactl[502]: Hardware is initialized using a generic method
2024-10-30T14:28:30.109033+04:00 q4os-desktop dash[429]: System install: classic
2024-10-30T14:28:30.109380+04:00 q4os-desktop systemd[1]: Starting systemd-hostnamed.service - Hostname Service...
2024-10-30T14:28:30.114095+04:00 q4os-desktop systemd[1]: Finished alsa-restore.service - Save/Restore Sound Card State.
2024-10-30T14:28:30.120418+04:00 q4os-desktop systemd[1]: Finished systemd-user-sessions.service - Permit User Sessions.
2024-10-30T14:28:30.120846+04:00 q4os-desktop systemd[1]: Reached target sound.target - Sound Card.
2024-10-30T14:28:30.154687+04:00 q4os-desktop dash[429]: First user: user
2024-10-30T14:28:30.156314+04:00 q4os-desktop systemd[1]: Started udisks2.service - Disk Manager.
2024-10-30T14:28:30.159660+04:00 q4os-desktop kernel: [   11.104281] NET: Registered PF_QIPCRTR protocol family
2024-10-30T14:28:30.168103+04:00 q4os-desktop systemd[1]: Started ModemManager.service - Modem Manager.
2024-10-30T14:28:30.181347+04:00 q4os-desktop udisksd[431]: Acquired the name org.freedesktop.UDisks2 on the system message bus
2024-10-30T14:28:30.188707+04:00 q4os-desktop dash[429]: Total memory: 300
2024-10-30T14:28:30.258155+04:00 q4os-desktop dash[429]: Detecting Virtualbox guest ...
2024-10-30T14:28:30.302105+04:00 q4os-desktop dash[429]: Q4OS Info: Virtualbox not detected
2024-10-30T14:28:30.302399+04:00 q4os-desktop dash[429]: Detecting Synaptics touchpad ...
2024-10-30T14:28:30.315077+04:00 q4os-desktop dash[540]: Synaptics_No
2024-10-30T14:28:30.315385+04:00 q4os-desktop dash[429]: Detecting Thinkpad notebook ...
2024-10-30T14:28:30.334910+04:00 q4os-desktop dash[545]: ThinkPad-R51_No
2024-10-30T14:28:30.347217+04:00 q4os-desktop dbus-daemon[425]: [system] Successfully activated service 'org.freedesktop.hostname1'
2024-10-30T14:28:30.348433+04:00 q4os-desktop systemd[1]: Started systemd-hostnamed.service - Hostname Service.
2024-10-30T14:28:30.357523+04:00 q4os-desktop NetworkManager[457]: <info>  [1730284110.3570] hostname: hostname: using hostnamed
2024-10-30T14:28:30.358005+04:00 q4os-desktop NetworkManager[457]: <info>  [1730284110.3572] hostname: static hostname changed from (none) to "q4os-desktop"
2024-10-30T14:28:30.360040+04:00 q4os-desktop NetworkManager[457]: <info>  [1730284110.3596] dns-mgr: init: dns=default,systemd-resolved rc-manager=symlink (auto)
2024-10-30T14:28:30.380759+04:00 q4os-desktop NetworkManager[457]: <info>  [1730284110.3804] manager[0xf700f0]: rfkill: Wi-Fi hardware radio set enabled
2024-10-30T14:28:30.381235+04:00 q4os-desktop NetworkManager[457]: <info>  [1730284110.3805] manager[0xf700f0]: rfkill: WWAN hardware radio set enabled
2024-10-30T14:28:30.400881+04:00 q4os-desktop systemd[1]: Listening on systemd-rfkill.socket - Load/Save RF Kill Switch Status /dev/rfkill Watch.
2024-10-30T14:28:30.413347+04:00 q4os-desktop NetworkManager[457]: <info>  [1730284110.4130] Loaded device plugin: NMAtmManager (/usr/lib/i386-linux-gnu/NetworkManager/1.42.4/libnm-device-plugin-adsl.so)
2024-10-30T14:28:30.418121+04:00 q4os-desktop NetworkManager[457]: <info>  [1730284110.4177] Loaded device plugin: NMWifiFactory (/usr/lib/i386-linux-gnu/NetworkManager/1.42.4/libnm-device-plugin-wifi.so)
2024-10-30T14:28:30.430322+04:00 q4os-desktop NetworkManager[457]: <info>  [1730284110.4299] Loaded device plugin: NMWwanFactory (/usr/lib/i386-linux-gnu/NetworkManager/1.42.4/libnm-device-plugin-wwan.so)
2024-10-30T14:28:30.437015+04:00 q4os-desktop NetworkManager[457]: <info>  [1730284110.4366] Loaded device plugin: NMBluezManager (/usr/lib/i386-linux-gnu/NetworkManager/1.42.4/libnm-device-plugin-bluetooth.so)
2024-10-30T14:28:30.448174+04:00 q4os-desktop NetworkManager[457]: <info>  [1730284110.4478] Loaded device plugin: NMTeamFactory (/usr/lib/i386-linux-gnu/NetworkManager/1.42.4/libnm-device-plugin-team.so)
2024-10-30T14:28:30.449131+04:00 q4os-desktop NetworkManager[457]: <info>  [1730284110.4488] manager: rfkill: Wi-Fi enabled by radio killswitch; enabled by state file
2024-10-30T14:28:30.449428+04:00 q4os-desktop NetworkManager[457]: <info>  [1730284110.4492] manager: rfkill: WWAN enabled by radio killswitch; enabled by state file
2024-10-30T14:28:30.449788+04:00 q4os-desktop NetworkManager[457]: <info>  [1730284110.4495] manager: Networking is enabled by state file
2024-10-30T14:28:30.450695+04:00 q4os-desktop dbus-daemon[425]: [system] Activating via systemd: service name='org.freedesktop.nm_dispatcher' unit='dbus-org.freedesktop.nm-dispatcher.service' requested by ':1.6' (uid=0 pid=457 comm="/usr/sbin/NetworkManager --no-daemon")
2024-10-30T14:28:30.453629+04:00 q4os-desktop NetworkManager[457]: <info>  [1730284110.4533] settings: Loaded settings plugin: ifupdown ("/usr/lib/i386-linux-gnu/NetworkManager/1.42.4/libnm-settings-plugin-ifupdown.so")
2024-10-30T14:28:30.454030+04:00 q4os-desktop NetworkManager[457]: <info>  [1730284110.4535] settings: Loaded settings plugin: keyfile (internal)
2024-10-30T14:28:30.454305+04:00 q4os-desktop NetworkManager[457]: <info>  [1730284110.4535] ifupdown: management mode: unmanaged
2024-10-30T14:28:30.455230+04:00 q4os-desktop NetworkManager[457]: <info>  [1730284110.4549] ifupdown:       interface-parser: parsing file /etc/network/interfaces
2024-10-30T14:28:30.456309+04:00 q4os-desktop NetworkManager[457]: <info>  [1730284110.4560] ifupdown:       interface-parser: source line includes interfaces file(s) /etc/network/interfaces.d/*
2024-10-30T14:28:30.456679+04:00 q4os-desktop NetworkManager[457]: <info>  [1730284110.4562] ifupdown: interfaces file /etc/network/interfaces.d/* doesn't exist
2024-10-30T14:28:30.457176+04:00 q4os-desktop NetworkManager[457]: <info>  [1730284110.4562] ifupdown:       interface-parser: finished parsing file /etc/network/interfaces
2024-10-30T14:28:30.466973+04:00 q4os-desktop NetworkManager[457]: <info>  [1730284110.4665] dhcp: init: Using DHCP client 'internal'
2024-10-30T14:28:30.469196+04:00 q4os-desktop NetworkManager[457]: <info>  [1730284110.4688] manager: (lo): new Loopback device (/org/freedesktop/NetworkManager/Devices/1)
2024-10-30T14:28:30.478264+04:00 q4os-desktop NetworkManager[457]: <info>  [1730284110.4778] device (lo): state change: unmanaged -> unavailable (reason 'connection-assumed', sys-iface-state: 'external')
2024-10-30T14:28:30.480125+04:00 q4os-desktop NetworkManager[457]: <info>  [1730284110.4798] device (lo): state change: unavailable -> disconnected (reason 'connection-assumed', sys-iface-state: 'external')
2024-10-30T14:28:30.480835+04:00 q4os-desktop systemd[1]: Starting NetworkManager-dispatcher.service - Network Manager Script Dispatcher Service...
2024-10-30T14:28:30.483325+04:00 q4os-desktop NetworkManager[457]: <info>  [1730284110.4830] device (lo): Activation: starting connection 'lo' (f91e6fab-fcf8-44b1-873f-c6fdf3b2e50d)
2024-10-30T14:28:30.489771+04:00 q4os-desktop NetworkManager[457]: <info>  [1730284110.4893] manager: (ens3): new Ethernet device (/org/freedesktop/NetworkManager/Devices/2)
2024-10-30T14:28:30.495152+04:00 q4os-desktop NetworkManager[457]: <info>  [1730284110.4946] settings: (ens3): created default wired connection 'Wired connection 1'
2024-10-30T14:28:30.495544+04:00 q4os-desktop NetworkManager[457]: <info>  [1730284110.4949] device (ens3): state change: unmanaged -> unavailable (reason 'managed', sys-iface-state: 'external')
2024-10-30T14:28:30.499004+04:00 q4os-desktop kernel: [   11.445434] 8139cp 0000:00:03.0 ens3: link up, 100Mbps, full-duplex, lpa 0x05E1
2024-10-30T14:28:30.503674+04:00 q4os-desktop NetworkManager[457]: <info>  [1730284110.5034] failed to open /run/network/ifstate
2024-10-30T14:28:30.508486+04:00 q4os-desktop NetworkManager[457]: <info>  [1730284110.5080] device (lo): state change: disconnected -> prepare (reason 'none', sys-iface-state: 'external')
2024-10-30T14:28:30.509454+04:00 q4os-desktop NetworkManager[457]: <info>  [1730284110.5092] device (lo): state change: prepare -> config (reason 'none', sys-iface-state: 'external')
2024-10-30T14:28:30.510354+04:00 q4os-desktop NetworkManager[457]: <info>  [1730284110.5101] device (lo): state change: config -> ip-config (reason 'none', sys-iface-state: 'external')
2024-10-30T14:28:30.511222+04:00 q4os-desktop NetworkManager[457]: <info>  [1730284110.5109] device (ens3): carrier: link connected
2024-10-30T14:28:30.512543+04:00 q4os-desktop NetworkManager[457]: <info>  [1730284110.5122] device (lo): state change: ip-config -> ip-check (reason 'none', sys-iface-state: 'external')
2024-10-30T14:28:30.514357+04:00 q4os-desktop NetworkManager[457]: <info>  [1730284110.5141] device (ens3): state change: unavailable -> disconnected (reason 'carrier-changed', sys-iface-state: 'managed')
2024-10-30T14:28:30.516546+04:00 q4os-desktop NetworkManager[457]: <info>  [1730284110.5163] policy: auto-activating connection 'Wired connection 1' (becb3b97-1fbf-317d-adc3-2c9fcc34e2ad)
2024-10-30T14:28:30.518061+04:00 q4os-desktop NetworkManager[457]: <info>  [1730284110.5177] device (ens3): Activation: starting connection 'Wired connection 1' (becb3b97-1fbf-317d-adc3-2c9fcc34e2ad)
2024-10-30T14:28:30.518395+04:00 q4os-desktop NetworkManager[457]: <info>  [1730284110.5180] modem-manager: ModemManager available
2024-10-30T14:28:30.518674+04:00 q4os-desktop NetworkManager[457]: <info>  [1730284110.5183] device (ens3): state change: disconnected -> prepare (reason 'none', sys-iface-state: 'managed')
2024-10-30T14:28:30.520170+04:00 q4os-desktop NetworkManager[457]: <info>  [1730284110.5195] manager: NetworkManager state is now CONNECTING
2024-10-30T14:28:30.520542+04:00 q4os-desktop NetworkManager[457]: <info>  [1730284110.5203] device (ens3): state change: prepare -> config (reason 'none', sys-iface-state: 'managed')
2024-10-30T14:28:30.521190+04:00 q4os-desktop dbus-daemon[425]: [system] Successfully activated service 'org.freedesktop.nm_dispatcher'
2024-10-30T14:28:30.522627+04:00 q4os-desktop systemd[1]: Started NetworkManager-dispatcher.service - Network Manager Script Dispatcher Service.
2024-10-30T14:28:30.523166+04:00 q4os-desktop NetworkManager[457]: <info>  [1730284110.5228] device (ens3): state change: config -> ip-config (reason 'none', sys-iface-state: 'managed')
2024-10-30T14:28:30.527700+04:00 q4os-desktop NetworkManager[457]: <info>  [1730284110.5266] dhcp4 (ens3): activation: beginning transaction (timeout in 45 seconds)
2024-10-30T14:28:30.538014+04:00 q4os-desktop NetworkManager[457]: <info>  [1730284110.5376] device (lo): state change: ip-check -> secondaries (reason 'none', sys-iface-state: 'external')
2024-10-30T14:28:30.538892+04:00 q4os-desktop NetworkManager[457]: <info>  [1730284110.5385] device (lo): state change: secondaries -> activated (reason 'none', sys-iface-state: 'external')
2024-10-30T14:28:30.541980+04:00 q4os-desktop NetworkManager[457]: <info>  [1730284110.5405] device (lo): Activation: successful, device activated.
2024-10-30T14:28:31.517147+04:00 q4os-desktop dash[429]: Distro: bookworm
2024-10-30T14:28:31.517361+04:00 q4os-desktop dash[429]: Running hooks ...
2024-10-30T14:28:31.517538+04:00 q4os-desktop dash[429]: Finished hooks ...
2024-10-30T14:28:31.517702+04:00 q4os-desktop dash[429]: decide whether to enable unattended-upgrades ...
2024-10-30T14:28:31.517853+04:00 q4os-desktop dash[429]: do not enable unattended-upgrades for low memory machines
2024-10-30T14:28:31.575287+04:00 q4os-desktop systemctl[666]: Removed "/etc/systemd/system/multi-user.target.wants/q4os_first_boot.service".
2024-10-30T14:28:31.575899+04:00 q4os-desktop systemd[1]: Reloading.
2024-10-30T14:28:32.289747+04:00 q4os-desktop dash[429]: >> Q4OS first boot script finished: 2024-10-30-14-28-32 <<
2024-10-30T14:28:32.303877+04:00 q4os-desktop systemd[1]: Finished q4os_first_boot.service - Q4OS first boot service.
2024-10-30T14:28:32.309226+04:00 q4os-desktop systemd[1]: on_boot.service - Q4OS on boot service was skipped because of an unmet condition check (ConditionPathExists=/var/lib/q4os/service_onboot_enable.stp).
2024-10-30T14:28:32.344107+04:00 q4os-desktop systemd[1]: Started getty@tty1.service - Getty on tty1.
2024-10-30T14:28:32.348409+04:00 q4os-desktop systemd[1]: Reached target getty.target - Login Prompts.
2024-10-30T14:28:32.358316+04:00 q4os-desktop systemd[1]: Starting systemd-logind.service - User Login Management...
2024-10-30T14:28:32.476469+04:00 q4os-desktop systemd[1]: Started systemd-logind.service - User Login Management.
2024-10-30T14:28:32.511908+04:00 q4os-desktop systemd[1]: Starting tdm.service - Trinity Display Manager...
2024-10-30T14:28:32.517744+04:00 q4os-desktop systemd[1]: Started unattended-upgrades.service - Unattended Upgrades Shutdown.
2024-10-30T14:28:32.520625+04:00 q4os-desktop systemd[1]: Reached target multi-user.target - Multi-User System.
2024-10-30T14:28:32.531362+04:00 q4os-desktop systemd[1]: Started tdm.service - Trinity Display Manager.
2024-10-30T14:28:32.536856+04:00 q4os-desktop systemd[1]: Reached target graphical.target - Graphical Interface.
2024-10-30T14:28:32.545626+04:00 q4os-desktop systemd[1]: Starting systemd-update-utmp-runlevel.service - Record Runlevel Change in UTMP...
2024-10-30T14:28:32.587802+04:00 q4os-desktop systemd[1]: systemd-update-utmp-runlevel.service: Deactivated successfully.
2024-10-30T14:28:32.588181+04:00 q4os-desktop systemd[1]: Finished systemd-update-utmp-runlevel.service - Record Runlevel Change in UTMP.
2024-10-30T14:28:32.594655+04:00 q4os-desktop systemd[1]: Startup finished in 6.847s (kernel) + 6.667s (userspace) = 13.515s.
2024-10-30T14:28:32.766439+04:00 q4os-desktop ModemManager[469]: <info>  [base-manager] couldn't check support for device '/sys/devices/pci0000:00/0000:00:03.0': not supported by any plugin
2024-10-30T14:28:33.540068+04:00 q4os-desktop NetworkManager[457]: <info>  [1730284113.5390] dhcp4 (ens3): state changed new lease, address=192.168.124.169
2024-10-30T14:28:33.541248+04:00 q4os-desktop NetworkManager[457]: <info>  [1730284113.5406] policy: set 'Wired connection 1' (ens3) as default for IPv4 routing and DNS
2024-10-30T14:28:33.549315+04:00 q4os-desktop NetworkManager[457]: <info>  [1730284113.5490] device (ens3): state change: ip-config -> ip-check (reason 'none', sys-iface-state: 'managed')
2024-10-30T14:28:33.554667+04:00 q4os-desktop NetworkManager[457]: <info>  [1730284113.5544] device (ens3): state change: ip-check -> secondaries (reason 'none', sys-iface-state: 'managed')
2024-10-30T14:28:33.555473+04:00 q4os-desktop NetworkManager[457]: <info>  [1730284113.5551] device (ens3): state change: secondaries -> activated (reason 'none', sys-iface-state: 'managed')
2024-10-30T14:28:33.556785+04:00 q4os-desktop NetworkManager[457]: <info>  [1730284113.5565] manager: NetworkManager state is now CONNECTED_SITE
2024-10-30T14:28:33.557889+04:00 q4os-desktop NetworkManager[457]: <info>  [1730284113.5576] device (ens3): Activation: successful, device activated.
2024-10-30T14:28:33.560007+04:00 q4os-desktop NetworkManager[457]: <info>  [1730284113.5594] manager: NetworkManager state is now CONNECTED_GLOBAL
2024-10-30T14:28:33.561835+04:00 q4os-desktop NetworkManager[457]: <info>  [1730284113.5615] manager: startup complete
2024-10-30T14:28:34.595859+04:00 q4os-desktop dbus-daemon[425]: [system] Activating service name='org.trinitydesktop.hardwarecontrol' requested by ':1.12' (uid=0 pid=719 comm="/opt/trinity/bin/tdm_greet") (using servicehelper)
2024-10-30T14:28:34.614027+04:00 q4os-desktop org.trinitydesktop.hardwarecontrol[742]: [tde_dbus_hardwarecontrol] Listening...
2024-10-30T14:28:34.616625+04:00 q4os-desktop dbus-daemon[425]: [system] Successfully activated service 'org.trinitydesktop.hardwarecontrol'
2024-10-30T14:28:35.619189+04:00 q4os-desktop org.trinitydesktop.hardwarecontrol[742]: [tde_dbus_hardwarecontrol] Name acquired: :1.13
2024-10-30T14:28:36.619578+04:00 q4os-desktop org.trinitydesktop.hardwarecontrol[742]: [tde_dbus_hardwarecontrol] Name acquired: org.trinitydesktop.hardwarecontrol
2024-10-30T14:28:43.686842+04:00 q4os-desktop systemd[1]: NetworkManager-dispatcher.service: Deactivated successfully.
2024-10-30T14:29:00.388329+04:00 q4os-desktop systemd[1]: systemd-hostnamed.service: Deactivated successfully.
2024-10-30T14:29:04.734114+04:00 q4os-desktop systemd[1]: Created slice user-1000.slice - User Slice of UID 1000.
2024-10-30T14:29:04.737932+04:00 q4os-desktop systemd[1]: Starting user-runtime-dir@1000.service - User Runtime Directory /run/user/1000...
2024-10-30T14:29:04.784965+04:00 q4os-desktop systemd[1]: Finished user-runtime-dir@1000.service - User Runtime Directory /run/user/1000.
